[radiance] padding vocab 50,257 -> 50,304 (multiple of 128) for tensor-core-aligned lm_head matmuls
[radiance] doc_attention_mask on, so compiling without CUDA graphs (mode=None instead of 'reduce-overhead').
[radiance] optimizer=muon (muon_lr=0.02 over 276 tensors, adamw lr=0.003 over the rest)
[radiance] step    100/1500 loss 3.1890 lm 3.1761 lr 1.997e-02 mem 8.70GB
[radiance] step    150 val/loss 2.7474
[radiance] step    200/1500 loss 2.6014 lm 2.5871 lr 1.958e-02 mem 8.70GB
[radiance] step    300/1500 loss 2.2479 lm 2.2323 lr 1.879e-02 mem 8.70GB
[radiance] step    300 val/loss 2.2829
[radiance] step    400/1500 loss 2.0701 lm 2.0540 lr 1.764e-02 mem 8.70GB
[radiance] step    450 val/loss 2.1010
[radiance] step    500/1500 loss 2.0089 lm 1.9926 lr 1.616e-02 mem 8.70GB
[radiance] step    600/1500 loss 1.9886 lm 1.9723 lr 1.444e-02 mem 8.70GB
[radiance] step    600 val/loss 1.9948
[radiance] step    700/1500 loss 1.9750 lm 1.9588 lr 1.256e-02 mem 8.70GB
[radiance] step    750 val/loss 1.9145
[radiance] step    800/1500 loss 1.9025 lm 1.8863 lr 1.061e-02 mem 8.70GB
[radiance] step    900/1500 loss 1.8252 lm 1.8090 lr 8.671e-03 mem 8.70GB
[radiance] step    900 val/loss 1.8461
[radiance] step   1000/1500 loss 1.8363 lm 1.8199 lr 6.844e-03 mem 8.70GB
[radiance] step   1050 val/loss 1.7886
[radiance] step   1100/1500 loss 1.7284 lm 1.7120 lr 5.215e-03 mem 8.70GB
[radiance] step   1200/1500 loss 1.7385 lm 1.7223 lr 3.860e-03 mem 8.70GB
[radiance] step   1200 val/loss 1.7468
[radiance] step   1300/1500 loss 1.6549 lm 1.6386 lr 2.843e-03 mem 8.70GB
[radiance] step   1350 val/loss 1.7137
[radiance] step   1400/1500 loss 1.6247 lm 1.6081 lr 2.213e-03 mem 8.70GB
[radiance] step   1500/1500 loss 1.7457 lm 1.7297 lr 2.000e-03 mem 8.70GB
[radiance] step   1500 val/loss 1.6943
