[radiance] padding vocab 50,257 -> 50,304 (multiple of 128) for tensor-core-aligned lm_head matmuls
[radiance] doc_attention_mask on, so compiling without CUDA graphs (mode=None instead of 'reduce-overhead').
[radiance] optimizer=muon (muon_lr=0.02 over 276 tensors, adamw lr=0.01 over the rest)
[radiance] step    100/1500 loss 3.1751 lm 3.1606 lr 1.997e-02 mem 8.64GB
[radiance] step    150 val/loss 2.6827
[radiance] step    200/1500 loss 2.5448 lm 2.5297 lr 1.958e-02 mem 8.64GB
[radiance] step    300/1500 loss 2.2348 lm 2.2194 lr 1.879e-02 mem 8.64GB
[radiance] step    300 val/loss 2.2605
[radiance] step    400/1500 loss 2.0527 lm 2.0372 lr 1.764e-02 mem 8.64GB
[radiance] step    450 val/loss 2.0910
[radiance] step    500/1500 loss 1.9992 lm 1.9839 lr 1.616e-02 mem 8.64GB
[radiance] step    600/1500 loss 1.9796 lm 1.9647 lr 1.444e-02 mem 8.64GB
[radiance] step    600 val/loss 1.9858
[radiance] step    700/1500 loss 1.9495 lm 1.9347 lr 1.256e-02 mem 8.64GB
[radiance] step    750 val/loss 1.9059
[radiance] step    800/1500 loss 1.8890 lm 1.8744 lr 1.061e-02 mem 8.64GB
[radiance] step    900/1500 loss 1.8180 lm 1.8035 lr 8.671e-03 mem 8.64GB
[radiance] step    900 val/loss 1.8389
[radiance] step   1000/1500 loss 1.8293 lm 1.8148 lr 6.844e-03 mem 8.64GB
[radiance] step   1050 val/loss 1.7808
[radiance] step   1100/1500 loss 1.7157 lm 1.7013 lr 5.215e-03 mem 8.64GB
[radiance] step   1200/1500 loss 1.7352 lm 1.7211 lr 3.860e-03 mem 8.64GB
[radiance] step   1200 val/loss 1.7390
[radiance] step   1300/1500 loss 1.6424 lm 1.6284 lr 2.843e-03 mem 8.64GB
[radiance] step   1350 val/loss 1.7045
[radiance] step   1400/1500 loss 1.6108 lm 1.5966 lr 2.213e-03 mem 8.64GB
[radiance] step   1500/1500 loss 1.7300 lm 1.7165 lr 2.000e-03 mem 8.64GB
[radiance] step   1500 val/loss 1.6851
