[radiance] padding vocab 50,257 -> 50,304 (multiple of 128) for tensor-core-aligned lm_head matmuls
[radiance] doc_attention_mask on, so compiling without CUDA graphs (mode=None instead of 'reduce-overhead').
[radiance] optimizer=muon (muon_lr=0.02 over 222 tensors, adamw lr=0.03 over the rest)
[radiance] step    100/1500 loss 3.0309 lm 3.0167 lr 1.997e-02 mem 7.78GB
[radiance] step    150 val/loss 2.6457
[radiance] step    200/1500 loss 2.4517 lm 2.4372 lr 1.958e-02 mem 7.78GB
[radiance] step    300/1500 loss 2.1928 lm 2.1782 lr 1.879e-02 mem 7.78GB
[radiance] step    300 val/loss 2.2389
[radiance] step    400/1500 loss 2.0879 lm 2.0734 lr 1.764e-02 mem 7.78GB
[radiance] step    450 val/loss 2.0773
[radiance] step    500/1500 loss 2.0584 lm 2.0439 lr 1.616e-02 mem 7.78GB
[radiance] step    600/1500 loss 1.9713 lm 1.9573 lr 1.444e-02 mem 7.78GB
[radiance] step    600 val/loss 1.9738
[radiance] step    700/1500 loss 1.8944 lm 1.8799 lr 1.256e-02 mem 7.78GB
[radiance] step    750 val/loss 1.8993
[radiance] step    800/1500 loss 1.8401 lm 1.8262 lr 1.061e-02 mem 7.78GB
[radiance] step    900/1500 loss 1.7490 lm 1.7350 lr 8.671e-03 mem 7.78GB
[radiance] step    900 val/loss 1.8309
[radiance] step   1000/1500 loss 1.7420 lm 1.7281 lr 6.844e-03 mem 7.78GB
[radiance] step   1050 val/loss 1.7702
[radiance] step   1100/1500 loss 1.6526 lm 1.6388 lr 5.215e-03 mem 7.78GB
[radiance] step   1200/1500 loss 1.6271 lm 1.6134 lr 3.860e-03 mem 7.78GB
[radiance] step   1200 val/loss 1.7235
[radiance] step   1300/1500 loss 1.5996 lm 1.5863 lr 2.843e-03 mem 7.78GB
[radiance] step   1350 val/loss 1.6915
[radiance] step   1400/1500 loss 1.6983 lm 1.6852 lr 2.213e-03 mem 7.78GB
[radiance] step   1500/1500 loss 1.7106 lm 1.6978 lr 2.000e-03 mem 7.78GB
[radiance] step   1500 val/loss 1.6702
