[radiance] padding vocab 50,257 -> 50,304 (multiple of 128) for tensor-core-aligned lm_head matmuls
[radiance] doc_attention_mask on, so compiling without CUDA graphs (mode=None instead of 'reduce-overhead').
[radiance] optimizer=muon (muon_lr=0.02 over 102 tensors, adamw lr=0.003 over the rest)
[radiance] step    100/1500 loss 2.7797 lm 2.7655 lr 1.997e-02 mem 6.40GB
[radiance] step    150 val/loss 2.6052
[radiance] step    200/1500 loss 2.4220 lm 2.4071 lr 1.958e-02 mem 6.40GB
[radiance] step    300/1500 loss 2.2133 lm 2.1976 lr 1.879e-02 mem 6.40GB
[radiance] step    300 val/loss 2.2406
[radiance] step    400/1500 loss 2.0399 lm 2.0243 lr 1.764e-02 mem 6.40GB
[radiance] step    450 val/loss 2.0792
[radiance] step    500/1500 loss 2.0317 lm 2.0161 lr 1.616e-02 mem 6.40GB
[radiance] step    600/1500 loss 2.0229 lm 2.0078 lr 1.444e-02 mem 6.40GB
[radiance] step    600 val/loss 1.9712
[radiance] step    700/1500 loss 1.9056 lm 1.8903 lr 1.256e-02 mem 6.40GB
[radiance] step    750 val/loss 1.8911
[radiance] step    800/1500 loss 1.8726 lm 1.8575 lr 1.061e-02 mem 6.40GB
[radiance] step    900/1500 loss 1.7562 lm 1.7412 lr 8.671e-03 mem 6.40GB
[radiance] step    900 val/loss 1.8266
[radiance] step   1000/1500 loss 1.7736 lm 1.7587 lr 6.844e-03 mem 6.40GB
[radiance] step   1050 val/loss 1.7676
[radiance] step   1100/1500 loss 1.7918 lm 1.7774 lr 5.215e-03 mem 6.40GB
[radiance] step   1200/1500 loss 1.6955 lm 1.6811 lr 3.860e-03 mem 6.40GB
[radiance] step   1200 val/loss 1.7239
[radiance] step   1300/1500 loss 1.6441 lm 1.6298 lr 2.843e-03 mem 6.40GB
[radiance] step   1350 val/loss 1.6925
[radiance] step   1400/1500 loss 1.6312 lm 1.6168 lr 2.213e-03 mem 6.40GB
[radiance] step   1500/1500 loss 1.6189 lm 1.6047 lr 2.000e-03 mem 6.40GB
[radiance] step   1500 val/loss 1.6728
