[radiance] padding vocab 50,257 -> 50,304 (multiple of 128) for tensor-core-aligned lm_head matmuls
[radiance] doc_attention_mask on, so compiling without CUDA graphs (mode=None instead of 'reduce-overhead').
[radiance] optimizer=muon (muon_lr=0.02 over 102 tensors, adamw lr=0.03 over the rest)
[radiance] step    100/1500 loss 2.8173 lm 2.8027 lr 1.997e-02 mem 6.41GB
[radiance] step    150 val/loss 2.5961
[radiance] step    200/1500 loss 2.3988 lm 2.3847 lr 1.958e-02 mem 6.41GB
[radiance] step    300/1500 loss 2.2039 lm 2.1894 lr 1.879e-02 mem 6.41GB
[radiance] step    300 val/loss 2.2336
[radiance] step    400/1500 loss 2.0316 lm 2.0174 lr 1.764e-02 mem 6.41GB
[radiance] step    450 val/loss 2.0797
[radiance] step    500/1500 loss 2.0305 lm 2.0163 lr 1.616e-02 mem 6.41GB
[radiance] step    600/1500 loss 2.0218 lm 2.0082 lr 1.444e-02 mem 6.41GB
[radiance] step    600 val/loss 1.9771
[radiance] step    700/1500 loss 1.9087 lm 1.8949 lr 1.256e-02 mem 6.41GB
[radiance] step    750 val/loss 1.8988
[radiance] step    800/1500 loss 1.8693 lm 1.8559 lr 1.061e-02 mem 6.41GB
[radiance] step    900/1500 loss 1.7562 lm 1.7427 lr 8.671e-03 mem 6.41GB
[radiance] step    900 val/loss 1.8331
[radiance] step   1000/1500 loss 1.7713 lm 1.7578 lr 6.844e-03 mem 6.41GB
[radiance] step   1050 val/loss 1.7735
[radiance] step   1100/1500 loss 1.8034 lm 1.7904 lr 5.215e-03 mem 6.41GB
[radiance] step   1200/1500 loss 1.6986 lm 1.6858 lr 3.860e-03 mem 6.41GB
[radiance] step   1200 val/loss 1.7267
[radiance] step   1300/1500 loss 1.6424 lm 1.6298 lr 2.843e-03 mem 6.41GB
[radiance] step   1350 val/loss 1.6929
[radiance] step   1400/1500 loss 1.6373 lm 1.6248 lr 2.213e-03 mem 6.41GB
[radiance] step   1500/1500 loss 1.6098 lm 1.5975 lr 2.000e-03 mem 6.41GB
[radiance] step   1500 val/loss 1.6720
