[radiance] padding vocab 50,257 -> 50,304 (multiple of 128) for tensor-core-aligned lm_head matmuls
[radiance] doc_attention_mask on, so compiling without CUDA graphs (mode=None instead of 'reduce-overhead').
[radiance] optimizer=muon (muon_lr=0.02 over 132 tensors, adamw lr=0.01 over the rest)
[radiance] step    100/25000 loss 4.1151 lm 4.1054 lr 2.020e-03 mem 6.72GB
[radiance] step    200/25000 loss 2.7087 lm 2.6953 lr 4.020e-03 mem 6.72GB
[radiance] step    300/25000 loss 2.4042 lm 2.3890 lr 6.020e-03 mem 6.72GB
[radiance] step    400/25000 loss 2.2487 lm 2.2336 lr 8.020e-03 mem 6.72GB
[radiance] step    500/25000 loss 2.2351 lm 2.2208 lr 1.002e-02 mem 6.72GB
[radiance] step    600/25000 loss 2.1158 lm 2.1020 lr 1.202e-02 mem 6.72GB
[radiance] step    700/25000 loss 2.0788 lm 2.0654 lr 1.402e-02 mem 6.72GB
[radiance] step    800/25000 loss 2.0549 lm 2.0420 lr 1.602e-02 mem 6.72GB
[radiance] step    900/25000 loss 2.0106 lm 1.9981 lr 1.802e-02 mem 6.72GB
[radiance] step   1000/25000 loss 1.9435 lm 1.9314 lr 2.000e-02 mem 6.72GB
[radiance] step   1100/25000 loss 2.0073 lm 1.9959 lr 2.000e-02 mem 6.72GB
[radiance] step   1200/25000 loss 1.8543 lm 1.8431 lr 2.000e-02 mem 6.72GB
[radiance] step   1300/25000 loss 1.8339 lm 1.8231 lr 1.999e-02 mem 6.72GB
[radiance] step   1400/25000 loss 1.9222 lm 1.9119 lr 1.999e-02 mem 6.72GB
[radiance] step   1500/25000 loss 1.6897 lm 1.6795 lr 1.998e-02 mem 6.72GB
[radiance] step   1600/25000 loss 1.8583 lm 1.8486 lr 1.997e-02 mem 6.72GB
[radiance] step   1700/25000 loss 1.6581 lm 1.6486 lr 1.996e-02 mem 6.72GB
[radiance] step   1800/25000 loss 1.8155 lm 1.8066 lr 1.995e-02 mem 6.72GB
[radiance] step   1900/25000 loss 1.7090 lm 1.7004 lr 1.994e-02 mem 6.72GB
[radiance] step   2000/25000 loss 1.7396 lm 1.7315 lr 1.992e-02 mem 6.72GB
[radiance] step   2100/25000 loss 1.7403 lm 1.7327 lr 1.991e-02 mem 6.72GB
[radiance] step   2200/25000 loss 1.6776 lm 1.6703 lr 1.989e-02 mem 6.72GB
[radiance] step   2300/25000 loss 1.6781 lm 1.6714 lr 1.987e-02 mem 6.72GB
[radiance] step   2400/25000 loss 1.6706 lm 1.6645 lr 1.985e-02 mem 6.72GB
[radiance] step   2500/25000 loss 1.6791 lm 1.6734 lr 1.983e-02 mem 6.72GB
[radiance] step   2500 val/loss 1.7189
[radiance] step   2600/25000 loss 1.6601 lm 1.6548 lr 1.980e-02 mem 6.72GB
[radiance] step   2700/25000 loss 1.7617 lm 1.7568 lr 1.978e-02 mem 6.72GB
[radiance] step   2800/25000 loss 1.6221 lm 1.6175 lr 1.975e-02 mem 6.72GB
[radiance] step   2900/25000 loss 1.5865 lm 1.5822 lr 1.972e-02 mem 6.72GB
[radiance] step   3000/25000 loss 1.6695 lm 1.6655 lr 1.969e-02 mem 6.72GB
[radiance] step   3100/25000 loss 1.6208 lm 1.6172 lr 1.966e-02 mem 6.72GB
[radiance] step   3200/25000 loss 1.6008 lm 1.5973 lr 1.963e-02 mem 6.72GB
[radiance] step   3300/25000 loss 1.6714 lm 1.6683 lr 1.960e-02 mem 6.72GB
[radiance] step   3400/25000 loss 1.6802 lm 1.6771 lr 1.956e-02 mem 6.72GB
[radiance] step   3500/25000 loss 1.6297 lm 1.6268 lr 1.952e-02 mem 6.72GB
[radiance] step   3600/25000 loss 1.6302 lm 1.6271 lr 1.948e-02 mem 6.72GB
[radiance] step   3700/25000 loss 1.6209 lm 1.6181 lr 1.944e-02 mem 6.72GB
[radiance] step   3800/25000 loss 1.6504 lm 1.6475 lr 1.940e-02 mem 6.72GB
[radiance] step   3900/25000 loss 1.6557 lm 1.6530 lr 1.936e-02 mem 6.72GB
[radiance] step   4000/25000 loss 1.5567 lm 1.5541 lr 1.931e-02 mem 6.72GB
[radiance] step   4100/25000 loss 1.6705 lm 1.6679 lr 1.927e-02 mem 6.72GB
[radiance] step   4200/25000 loss 1.6890 lm 1.6864 lr 1.922e-02 mem 6.72GB
[radiance] step   4300/25000 loss 1.5481 lm 1.5456 lr 1.917e-02 mem 6.72GB
[radiance] step   4400/25000 loss 1.4214 lm 1.4187 lr 1.912e-02 mem 6.72GB
[radiance] step   4500/25000 loss 1.6019 lm 1.5993 lr 1.907e-02 mem 6.72GB
[radiance] step   4600/25000 loss 1.6550 lm 1.6526 lr 1.902e-02 mem 6.72GB
[radiance] step   4700/25000 loss 1.5038 lm 1.5013 lr 1.896e-02 mem 6.72GB
[radiance] step   4800/25000 loss 1.5530 lm 1.5505 lr 1.891e-02 mem 6.72GB
[radiance] step   4900/25000 loss 1.5964 lm 1.5937 lr 1.885e-02 mem 6.72GB
[radiance] step   5000/25000 loss 1.5226 lm 1.5200 lr 1.879e-02 mem 6.72GB
[radiance] step   5000 val/loss 1.6120
[radiance] step   5100/25000 loss 1.5060 lm 1.5034 lr 1.873e-02 mem 6.72GB
[radiance] step   5200/25000 loss 1.5522 lm 1.5497 lr 1.867e-02 mem 6.72GB
[radiance] step   5300/25000 loss 1.5623 lm 1.5596 lr 1.861e-02 mem 6.72GB
[radiance] step   5400/25000 loss 1.5050 lm 1.5023 lr 1.855e-02 mem 6.72GB
[radiance] step   5500/25000 loss 1.5751 lm 1.5726 lr 1.848e-02 mem 6.72GB
[radiance] step   5600/25000 loss 1.4435 lm 1.4409 lr 1.842e-02 mem 6.72GB
[radiance] step   5700/25000 loss 1.5766 lm 1.5741 lr 1.835e-02 mem 6.72GB
[radiance] step   5800/25000 loss 1.4778 lm 1.4752 lr 1.828e-02 mem 6.72GB
[radiance] step   5900/25000 loss 1.4462 lm 1.4433 lr 1.821e-02 mem 6.72GB
[radiance] step   6000/25000 loss 1.5533 lm 1.5507 lr 1.814e-02 mem 6.72GB
[radiance] step   6100/25000 loss 1.5591 lm 1.5567 lr 1.807e-02 mem 6.72GB
[radiance] step   6200/25000 loss 1.4882 lm 1.4855 lr 1.799e-02 mem 6.72GB
[radiance] step   6300/25000 loss 1.4869 lm 1.4844 lr 1.792e-02 mem 6.72GB
[radiance] step   6400/25000 loss 1.5051 lm 1.5025 lr 1.784e-02 mem 6.72GB
[radiance] step   6500/25000 loss 1.5621 lm 1.5592 lr 1.777e-02 mem 6.72GB
[radiance] step   6600/25000 loss 1.5108 lm 1.5081 lr 1.769e-02 mem 6.72GB
[radiance] step   6700/25000 loss 1.5004 lm 1.4977 lr 1.761e-02 mem 6.72GB
[radiance] step   6800/25000 loss 1.6095 lm 1.6070 lr 1.753e-02 mem 6.72GB
[radiance] step   6900/25000 loss 1.5515 lm 1.5488 lr 1.745e-02 mem 6.72GB
[radiance] step   7000/25000 loss 1.5619 lm 1.5593 lr 1.736e-02 mem 6.72GB
[radiance] step   7100/25000 loss 1.5400 lm 1.5373 lr 1.728e-02 mem 6.72GB
[radiance] step   7200/25000 loss 1.5428 lm 1.5401 lr 1.720e-02 mem 6.72GB
[radiance] step   7300/25000 loss 1.5168 lm 1.5142 lr 1.711e-02 mem 6.72GB
[radiance] step   7400/25000 loss 1.4779 lm 1.4752 lr 1.702e-02 mem 6.72GB
[radiance] step   7500/25000 loss 1.4607 lm 1.4580 lr 1.693e-02 mem 6.72GB
[radiance] step   7500 val/loss 1.5571
[radiance] step   7600/25000 loss 1.4728 lm 1.4702 lr 1.685e-02 mem 6.72GB
[radiance] step   7700/25000 loss 1.4479 lm 1.4450 lr 1.675e-02 mem 6.72GB
[radiance] step   7800/25000 loss 1.4588 lm 1.4558 lr 1.666e-02 mem 6.72GB
[radiance] step   7900/25000 loss 1.4899 lm 1.4870 lr 1.657e-02 mem 6.72GB
[radiance] step   8000/25000 loss 1.5082 lm 1.5053 lr 1.648e-02 mem 6.72GB
[radiance] step   8100/25000 loss 1.5367 lm 1.5338 lr 1.638e-02 mem 6.72GB
[radiance] step   8200/25000 loss 1.4792 lm 1.4766 lr 1.629e-02 mem 6.72GB
[radiance] step   8300/25000 loss 1.5242 lm 1.5213 lr 1.619e-02 mem 6.72GB
[radiance] step   8400/25000 loss 1.4850 lm 1.4821 lr 1.610e-02 mem 6.72GB
[radiance] step   8500/25000 loss 1.4733 lm 1.4705 lr 1.600e-02 mem 6.72GB
[radiance] step   8600/25000 loss 1.4681 lm 1.4651 lr 1.590e-02 mem 6.72GB
[radiance] step   8700/25000 loss 1.4782 lm 1.4752 lr 1.580e-02 mem 6.72GB
[radiance] step   8800/25000 loss 1.5495 lm 1.5468 lr 1.570e-02 mem 6.72GB
[radiance] step   8900/25000 loss 1.4597 lm 1.4567 lr 1.560e-02 mem 6.72GB
[radiance] step   9000/25000 loss 1.5122 lm 1.5095 lr 1.550e-02 mem 6.72GB
[radiance] step   9100/25000 loss 1.4241 lm 1.4213 lr 1.540e-02 mem 6.72GB
[radiance] step   9200/25000 loss 1.5616 lm 1.5587 lr 1.529e-02 mem 6.72GB
[radiance] step   9300/25000 loss 1.4760 lm 1.4729 lr 1.519e-02 mem 6.72GB
[radiance] step   9400/25000 loss 1.5524 lm 1.5495 lr 1.509e-02 mem 6.72GB
[radiance] step   9500/25000 loss 1.4338 lm 1.4307 lr 1.498e-02 mem 6.72GB
[radiance] step   9600/25000 loss 1.4321 lm 1.4291 lr 1.487e-02 mem 6.72GB
[radiance] step   9700/25000 loss 1.4710 lm 1.4682 lr 1.477e-02 mem 6.72GB
[radiance] step   9800/25000 loss 1.4679 lm 1.4650 lr 1.466e-02 mem 6.72GB
[radiance] step   9900/25000 loss 1.5325 lm 1.5297 lr 1.455e-02 mem 6.72GB
[radiance] step  10000/25000 loss 1.4812 lm 1.4782 lr 1.444e-02 mem 6.72GB
[radiance] step  10000 val/loss 1.5155
[radiance] step  10100/25000 loss 1.4945 lm 1.4916 lr 1.434e-02 mem 6.72GB
[radiance] step  10200/25000 loss 1.4918 lm 1.4889 lr 1.423e-02 mem 6.72GB
[radiance] step  10300/25000 loss 1.4839 lm 1.4809 lr 1.412e-02 mem 6.72GB
[radiance] step  10400/25000 loss 1.5210 lm 1.5180 lr 1.400e-02 mem 6.72GB
[radiance] step  10500/25000 loss 1.4806 lm 1.4777 lr 1.389e-02 mem 6.72GB
[radiance] step  10600/25000 loss 1.4460 lm 1.4428 lr 1.378e-02 mem 6.72GB
[radiance] step  10700/25000 loss 1.4695 lm 1.4665 lr 1.367e-02 mem 6.72GB
[radiance] step  10800/25000 loss 1.3361 lm 1.3328 lr 1.356e-02 mem 6.72GB
[radiance] step  10900/25000 loss 1.5010 lm 1.4981 lr 1.344e-02 mem 6.72GB
[radiance] step  11000/25000 loss 1.6052 lm 1.6024 lr 1.333e-02 mem 6.72GB
[radiance] step  11100/25000 loss 1.4463 lm 1.4433 lr 1.322e-02 mem 6.72GB
[radiance] step  11200/25000 loss 1.5489 lm 1.5460 lr 1.310e-02 mem 6.72GB
[radiance] step  11300/25000 loss 1.4726 lm 1.4696 lr 1.299e-02 mem 6.72GB
[radiance] step  11400/25000 loss 1.4001 lm 1.3968 lr 1.287e-02 mem 6.72GB
[radiance] step  11500/25000 loss 1.3834 lm 1.3801 lr 1.276e-02 mem 6.72GB
[radiance] step  11600/25000 loss 1.3957 lm 1.3925 lr 1.264e-02 mem 6.72GB
[radiance] step  11700/25000 loss 1.4688 lm 1.4657 lr 1.252e-02 mem 6.72GB
[radiance] step  11800/25000 loss 1.3732 lm 1.3700 lr 1.241e-02 mem 6.72GB
[radiance] step  11900/25000 loss 1.4150 lm 1.4116 lr 1.229e-02 mem 6.72GB
[radiance] step  12000/25000 loss 1.4927 lm 1.4895 lr 1.217e-02 mem 6.72GB
[radiance] step  12100/25000 loss 1.3830 lm 1.3797 lr 1.206e-02 mem 6.72GB
[radiance] step  12200/25000 loss 1.3549 lm 1.3515 lr 1.194e-02 mem 6.72GB
[radiance] step  12300/25000 loss 1.4212 lm 1.4180 lr 1.182e-02 mem 6.72GB
[radiance] step  12400/25000 loss 1.4083 lm 1.4051 lr 1.171e-02 mem 6.72GB
[radiance] step  12500/25000 loss 1.4218 lm 1.4186 lr 1.159e-02 mem 6.72GB
[radiance] step  12500 val/loss 1.4787
[radiance] step  12600/25000 loss 1.3849 lm 1.3813 lr 1.147e-02 mem 6.72GB
[radiance] step  12700/25000 loss 1.3393 lm 1.3359 lr 1.135e-02 mem 6.72GB
[radiance] step  12800/25000 loss 1.4394 lm 1.4360 lr 1.124e-02 mem 6.72GB
[radiance] step  12900/25000 loss 1.4461 lm 1.4427 lr 1.112e-02 mem 6.72GB
[radiance] step  13000/25000 loss 1.3862 lm 1.3828 lr 1.100e-02 mem 6.72GB
[radiance] step  13100/25000 loss 1.3719 lm 1.3684 lr 1.088e-02 mem 6.72GB
[radiance] step  13200/25000 loss 1.4208 lm 1.4172 lr 1.076e-02 mem 6.72GB
[radiance] step  13300/25000 loss 1.4132 lm 1.4098 lr 1.065e-02 mem 6.72GB
[radiance] step  13400/25000 loss 1.4875 lm 1.4842 lr 1.053e-02 mem 6.72GB
[radiance] step  13500/25000 loss 1.4345 lm 1.4311 lr 1.041e-02 mem 6.72GB
[radiance] step  13600/25000 loss 1.3813 lm 1.3779 lr 1.029e-02 mem 6.72GB
[radiance] step  13700/25000 loss 1.4426 lm 1.4393 lr 1.018e-02 mem 6.72GB
[radiance] step  13800/25000 loss 1.5372 lm 1.5337 lr 1.006e-02 mem 6.72GB
[radiance] step  13900/25000 loss 1.2871 lm 1.2833 lr 9.942e-03 mem 6.72GB
[radiance] step  14000/25000 loss 1.3029 lm 1.2991 lr 9.825e-03 mem 6.72GB
[radiance] step  14100/25000 loss 1.3422 lm 1.3384 lr 9.709e-03 mem 6.72GB
[radiance] step  14200/25000 loss 1.4115 lm 1.4076 lr 9.592e-03 mem 6.72GB
[radiance] step  14300/25000 loss 1.3270 lm 1.3231 lr 9.476e-03 mem 6.72GB
[radiance] step  14400/25000 loss 1.4231 lm 1.4195 lr 9.360e-03 mem 6.72GB
[radiance] step  14500/25000 loss 1.3544 lm 1.3507 lr 9.244e-03 mem 6.72GB
[radiance] step  14600/25000 loss 1.2807 lm 1.2765 lr 9.129e-03 mem 6.72GB
[radiance] step  14700/25000 loss 1.4984 lm 1.4948 lr 9.014e-03 mem 6.72GB
[radiance] step  14800/25000 loss 1.3201 lm 1.3163 lr 8.899e-03 mem 6.72GB
[radiance] step  14900/25000 loss 1.3916 lm 1.3877 lr 8.785e-03 mem 6.72GB
[radiance] step  15000/25000 loss 1.3298 lm 1.3259 lr 8.671e-03 mem 6.72GB
[radiance] step  15000 val/loss 1.4348
[radiance] step  15100/25000 loss 1.3111 lm 1.3070 lr 8.557e-03 mem 6.72GB
[radiance] step  15200/25000 loss 1.4747 lm 1.4709 lr 8.444e-03 mem 6.72GB
[radiance] step  15300/25000 loss 1.3229 lm 1.3186 lr 8.331e-03 mem 6.72GB
[radiance] step  15400/25000 loss 1.4876 lm 1.4838 lr 8.219e-03 mem 6.72GB
[radiance] step  15500/25000 loss 1.3114 lm 1.3073 lr 8.107e-03 mem 6.72GB
[radiance] step  15600/25000 loss 1.3650 lm 1.3610 lr 7.996e-03 mem 6.72GB
[radiance] step  15700/25000 loss 1.3776 lm 1.3736 lr 7.885e-03 mem 6.72GB
[radiance] step  15800/25000 loss 1.4937 lm 1.4899 lr 7.775e-03 mem 6.72GB
[radiance] step  15900/25000 loss 1.2624 lm 1.2582 lr 7.665e-03 mem 6.72GB
[radiance] step  16000/25000 loss 1.4236 lm 1.4196 lr 7.556e-03 mem 6.72GB
[radiance] step  16100/25000 loss 1.2929 lm 1.2885 lr 7.447e-03 mem 6.72GB
[radiance] step  16200/25000 loss 1.3954 lm 1.3914 lr 7.339e-03 mem 6.72GB
[radiance] step  16300/25000 loss 1.3701 lm 1.3658 lr 7.232e-03 mem 6.72GB
[radiance] step  16400/25000 loss 1.3548 lm 1.3506 lr 7.125e-03 mem 6.72GB
[radiance] step  16500/25000 loss 1.4001 lm 1.3961 lr 7.019e-03 mem 6.72GB
[radiance] step  16600/25000 loss 1.4292 lm 1.4250 lr 6.914e-03 mem 6.72GB
[radiance] step  16700/25000 loss 1.3095 lm 1.3053 lr 6.809e-03 mem 6.72GB
[radiance] step  16800/25000 loss 1.3203 lm 1.3158 lr 6.706e-03 mem 6.72GB
[radiance] step  16900/25000 loss 1.4268 lm 1.4225 lr 6.602e-03 mem 6.72GB
[radiance] step  17000/25000 loss 1.3298 lm 1.3251 lr 6.500e-03 mem 6.72GB
[radiance] step  17100/25000 loss 1.3394 lm 1.3350 lr 6.398e-03 mem 6.72GB
[radiance] step  17200/25000 loss 1.3591 lm 1.3546 lr 6.298e-03 mem 6.72GB
[radiance] step  17300/25000 loss 1.2528 lm 1.2480 lr 6.197e-03 mem 6.72GB
[radiance] step  17400/25000 loss 1.2678 lm 1.2631 lr 6.098e-03 mem 6.72GB
[radiance] step  17500/25000 loss 1.2952 lm 1.2905 lr 6.000e-03 mem 6.72GB
[radiance] step  17500 val/loss 1.3953
[radiance] step  17600/25000 loss 1.3371 lm 1.3322 lr 5.902e-03 mem 6.72GB
[radiance] step  17700/25000 loss 1.3127 lm 1.3079 lr 5.806e-03 mem 6.72GB
[radiance] step  17800/25000 loss 1.3929 lm 1.3883 lr 5.710e-03 mem 6.72GB
[radiance] step  17900/25000 loss 1.3741 lm 1.3695 lr 5.615e-03 mem 6.72GB
[radiance] step  18000/25000 loss 1.4188 lm 1.4142 lr 5.521e-03 mem 6.72GB
[radiance] step  18100/25000 loss 1.4089 lm 1.4043 lr 5.428e-03 mem 6.72GB
[radiance] step  18200/25000 loss 1.2454 lm 1.2404 lr 5.336e-03 mem 6.72GB
[radiance] step  18300/25000 loss 1.3809 lm 1.3760 lr 5.245e-03 mem 6.72GB
[radiance] step  18400/25000 loss 1.2775 lm 1.2726 lr 5.155e-03 mem 6.72GB
[radiance] step  18500/25000 loss 1.3206 lm 1.3157 lr 5.066e-03 mem 6.72GB
[radiance] step  18600/25000 loss 1.3172 lm 1.3123 lr 4.978e-03 mem 6.72GB
[radiance] step  18700/25000 loss 1.3261 lm 1.3209 lr 4.891e-03 mem 6.72GB
[radiance] step  18800/25000 loss 1.2768 lm 1.2718 lr 4.805e-03 mem 6.72GB
[radiance] step  18900/25000 loss 1.2547 lm 1.2493 lr 4.720e-03 mem 6.72GB
[radiance] step  19000/25000 loss 1.2568 lm 1.2516 lr 4.636e-03 mem 6.72GB
[radiance] step  19100/25000 loss 1.3532 lm 1.3481 lr 4.553e-03 mem 6.72GB
[radiance] step  19200/25000 loss 1.2868 lm 1.2814 lr 4.472e-03 mem 6.72GB
[radiance] step  19300/25000 loss 1.4090 lm 1.4038 lr 4.391e-03 mem 6.72GB
[radiance] step  19400/25000 loss 1.2450 lm 1.2398 lr 4.312e-03 mem 6.72GB
[radiance] step  19500/25000 loss 1.3046 lm 1.2992 lr 4.233e-03 mem 6.72GB
[radiance] step  19600/25000 loss 1.2134 lm 1.2078 lr 4.156e-03 mem 6.72GB
[radiance] step  19700/25000 loss 1.3478 lm 1.3425 lr 4.080e-03 mem 6.72GB
[radiance] step  19800/25000 loss 1.2388 lm 1.2333 lr 4.006e-03 mem 6.72GB
[radiance] step  19900/25000 loss 1.3124 lm 1.3069 lr 3.932e-03 mem 6.72GB
[radiance] step  20000/25000 loss 1.2089 lm 1.2033 lr 3.860e-03 mem 6.72GB
[radiance] step  20000 val/loss 1.3586
[radiance] step  20100/25000 loss 1.3456 lm 1.3401 lr 3.789e-03 mem 6.72GB
[radiance] step  20200/25000 loss 1.2382 lm 1.2325 lr 3.719e-03 mem 6.72GB
[radiance] step  20300/25000 loss 1.2869 lm 1.2811 lr 3.650e-03 mem 6.72GB
[radiance] step  20400/25000 loss 1.2409 lm 1.2350 lr 3.583e-03 mem 6.72GB
[radiance] step  20500/25000 loss 1.2673 lm 1.2613 lr 3.517e-03 mem 6.72GB
[radiance] step  20600/25000 loss 1.2555 lm 1.2497 lr 3.452e-03 mem 6.72GB
[radiance] step  20700/25000 loss 1.2874 lm 1.2816 lr 3.388e-03 mem 6.72GB
[radiance] step  20800/25000 loss 1.3376 lm 1.3318 lr 3.326e-03 mem 6.72GB
[radiance] step  20900/25000 loss 1.2469 lm 1.2409 lr 3.265e-03 mem 6.72GB
[radiance] step  21000/25000 loss 1.3104 lm 1.3045 lr 3.206e-03 mem 6.72GB
[radiance] step  21100/25000 loss 1.2535 lm 1.2474 lr 3.148e-03 mem 6.72GB
[radiance] step  21200/25000 loss 1.2150 lm 1.2090 lr 3.091e-03 mem 6.72GB
[radiance] step  21300/25000 loss 1.2278 lm 1.2215 lr 3.035e-03 mem 6.72GB
[radiance] step  21400/25000 loss 1.3670 lm 1.3611 lr 2.981e-03 mem 6.72GB
[radiance] step  21500/25000 loss 1.3044 lm 1.2984 lr 2.928e-03 mem 6.72GB
[radiance] step  21600/25000 loss 1.2367 lm 1.2306 lr 2.877e-03 mem 6.72GB
[radiance] step  21700/25000 loss 1.2416 lm 1.2355 lr 2.827e-03 mem 6.72GB
[radiance] step  21800/25000 loss 1.3069 lm 1.3005 lr 2.778e-03 mem 6.72GB
[radiance] step  21900/25000 loss 1.3047 lm 1.2987 lr 2.731e-03 mem 6.72GB
[radiance] step  22000/25000 loss 1.1840 lm 1.1778 lr 2.685e-03 mem 6.72GB
[radiance] step  22100/25000 loss 1.2344 lm 1.2280 lr 2.641e-03 mem 6.72GB
[radiance] step  22200/25000 loss 1.3092 lm 1.3031 lr 2.598e-03 mem 6.72GB
[radiance] step  22300/25000 loss 1.2645 lm 1.2582 lr 2.556e-03 mem 6.72GB
[radiance] step  22400/25000 loss 1.2164 lm 1.2098 lr 2.516e-03 mem 6.72GB
[radiance] step  22500/25000 loss 1.2494 lm 1.2432 lr 2.478e-03 mem 6.72GB
[radiance] step  22500 val/loss 1.3310
[radiance] step  22600/25000 loss 1.3323 lm 1.3261 lr 2.440e-03 mem 6.72GB
[radiance] step  22700/25000 loss 1.2847 lm 1.2784 lr 2.405e-03 mem 6.72GB
[radiance] step  22800/25000 loss 1.2991 lm 1.2926 lr 2.371e-03 mem 6.72GB
[radiance] step  22900/25000 loss 1.2029 lm 1.1964 lr 2.338e-03 mem 6.72GB
[radiance] step  23000/25000 loss 1.2520 lm 1.2456 lr 2.307e-03 mem 6.72GB
[radiance] step  23100/25000 loss 1.2938 lm 1.2873 lr 2.277e-03 mem 6.72GB
[radiance] step  23200/25000 loss 1.2375 lm 1.2309 lr 2.249e-03 mem 6.72GB
[radiance] step  23300/25000 loss 1.2498 lm 1.2430 lr 2.222e-03 mem 6.72GB
[radiance] step  23400/25000 loss 1.2080 lm 1.2013 lr 2.197e-03 mem 6.72GB
[radiance] step  23500/25000 loss 1.2791 lm 1.2723 lr 2.173e-03 mem 6.72GB
[radiance] step  23600/25000 loss 1.2511 lm 1.2443 lr 2.151e-03 mem 6.72GB
[radiance] step  23700/25000 loss 1.1967 lm 1.1899 lr 2.130e-03 mem 6.72GB
[radiance] step  23800/25000 loss 1.1948 lm 1.1880 lr 2.111e-03 mem 6.72GB
[radiance] step  23900/25000 loss 1.2457 lm 1.2389 lr 2.093e-03 mem 6.72GB
[radiance] step  24000/25000 loss 1.2960 lm 1.2893 lr 2.077e-03 mem 6.72GB
[radiance] step  24100/25000 loss 1.3120 lm 1.3053 lr 2.062e-03 mem 6.72GB
[radiance] step  24200/25000 loss 1.2622 lm 1.2554 lr 2.049e-03 mem 6.72GB
[radiance] step  24300/25000 loss 1.2432 lm 1.2363 lr 2.038e-03 mem 6.72GB
[radiance] step  24400/25000 loss 1.3795 lm 1.3726 lr 2.028e-03 mem 6.72GB
[radiance] step  24500/25000 loss 1.3209 lm 1.3141 lr 2.019e-03 mem 6.72GB
[radiance] step  24600/25000 loss 1.2602 lm 1.2533 lr 2.012e-03 mem 6.72GB
[radiance] step  24700/25000 loss 1.2077 lm 1.2007 lr 2.007e-03 mem 6.72GB
[radiance] step  24800/25000 loss 1.2494 lm 1.2425 lr 2.003e-03 mem 6.72GB
[radiance] step  24900/25000 loss 1.2094 lm 1.2025 lr 2.001e-03 mem 6.72GB
[radiance] step  25000/25000 loss 1.2717 lm 1.2647 lr 2.000e-03 mem 6.72GB
[radiance] step  25000 val/loss 1.3151
