[radiance] doc_attention_mask on, so compiling without CUDA graphs (mode=None instead of 'reduce-overhead').
[radiance] optimizer=muon (muon_lr=0.02 over 181 tensors, adamw lr=0.01 over the rest)
[radiance] step    100/25000 loss 4.0370 lm 4.0282 lr 2.020e-03 mem 9.99GB
[radiance] step    200/25000 loss 2.7984 lm 2.7860 lr 4.020e-03 mem 9.99GB
[radiance] step    300/25000 loss 2.6051 lm 2.5909 lr 6.020e-03 mem 9.99GB
[radiance] step    400/25000 loss 2.2361 lm 2.2216 lr 8.020e-03 mem 9.99GB
[radiance] step    500/25000 loss 2.2499 lm 2.2360 lr 1.002e-02 mem 9.99GB
[radiance] step    600/25000 loss 2.2370 lm 2.2236 lr 1.202e-02 mem 9.99GB
[radiance] step    700/25000 loss 2.2025 lm 2.1896 lr 1.402e-02 mem 9.99GB
[radiance] step    800/25000 loss 1.9757 lm 1.9627 lr 1.602e-02 mem 9.99GB
[radiance] step    900/25000 loss 2.0386 lm 2.0260 lr 1.802e-02 mem 9.99GB
[radiance] step   1000/25000 loss 1.9315 lm 1.9189 lr 2.000e-02 mem 9.99GB
[radiance] step   1100/25000 loss 1.9494 lm 1.9373 lr 2.000e-02 mem 9.99GB
[radiance] step   1200/25000 loss 1.8819 lm 1.8699 lr 2.000e-02 mem 9.99GB
[radiance] step   1300/25000 loss 1.9207 lm 1.9091 lr 1.999e-02 mem 9.99GB
[radiance] step   1400/25000 loss 1.8346 lm 1.8234 lr 1.999e-02 mem 9.99GB
[radiance] step   1500/25000 loss 1.8228 lm 1.8120 lr 1.998e-02 mem 9.99GB
[radiance] step   1600/25000 loss 1.7659 lm 1.7556 lr 1.997e-02 mem 9.99GB
[radiance] step   1700/25000 loss 1.8031 lm 1.7934 lr 1.996e-02 mem 9.99GB
[radiance] step   1800/25000 loss 1.7496 lm 1.7406 lr 1.995e-02 mem 9.99GB
[radiance] step   1900/25000 loss 1.6735 lm 1.6650 lr 1.994e-02 mem 9.99GB
[radiance] step   2000/25000 loss 1.6904 lm 1.6822 lr 1.992e-02 mem 9.99GB
[radiance] step   2100/25000 loss 1.7623 lm 1.7549 lr 1.991e-02 mem 9.99GB
[radiance] step   2200/25000 loss 1.7356 lm 1.7287 lr 1.989e-02 mem 9.99GB
[radiance] step   2300/25000 loss 1.7453 lm 1.7390 lr 1.987e-02 mem 9.99GB
[radiance] step   2400/25000 loss 1.7860 lm 1.7800 lr 1.985e-02 mem 9.99GB
[radiance] step   2500/25000 loss 1.6568 lm 1.6516 lr 1.983e-02 mem 9.99GB
[radiance] step   2500 val/loss 1.7198
[radiance] step   2600/25000 loss 1.5644 lm 1.5593 lr 1.980e-02 mem 9.99GB
[radiance] step   2700/25000 loss 1.6501 lm 1.6453 lr 1.978e-02 mem 9.99GB
[radiance] step   2800/25000 loss 1.6343 lm 1.6296 lr 1.975e-02 mem 9.99GB
[radiance] step   2900/25000 loss 1.6429 lm 1.6384 lr 1.972e-02 mem 9.99GB
[radiance] step   3000/25000 loss 1.6129 lm 1.6085 lr 1.969e-02 mem 9.99GB
[radiance] step   3100/25000 loss 1.7157 lm 1.7115 lr 1.966e-02 mem 9.99GB
[radiance] step   3200/25000 loss 1.5678 lm 1.5638 lr 1.963e-02 mem 9.99GB
[radiance] step   3300/25000 loss 1.4941 lm 1.4902 lr 1.960e-02 mem 9.99GB
[radiance] step   3400/25000 loss 1.6245 lm 1.6206 lr 1.956e-02 mem 9.99GB
[radiance] step   3500/25000 loss 1.5711 lm 1.5670 lr 1.952e-02 mem 9.99GB
[radiance] step   3600/25000 loss 1.6298 lm 1.6259 lr 1.948e-02 mem 9.99GB
[radiance] step   3700/25000 loss 1.5552 lm 1.5514 lr 1.944e-02 mem 9.99GB
[radiance] step   3800/25000 loss 1.5779 lm 1.5742 lr 1.940e-02 mem 9.99GB
[radiance] step   3900/25000 loss 1.6003 lm 1.5964 lr 1.936e-02 mem 9.99GB
[radiance] step   4000/25000 loss 1.5601 lm 1.5564 lr 1.931e-02 mem 9.99GB
[radiance] step   4100/25000 loss 1.5901 lm 1.5865 lr 1.927e-02 mem 9.99GB
[radiance] step   4200/25000 loss 1.5506 lm 1.5472 lr 1.922e-02 mem 9.99GB
[radiance] step   4300/25000 loss 1.6421 lm 1.6386 lr 1.917e-02 mem 9.99GB
[radiance] step   4400/25000 loss 1.5700 lm 1.5664 lr 1.912e-02 mem 9.99GB
[radiance] step   4500/25000 loss 1.5193 lm 1.5158 lr 1.907e-02 mem 9.99GB
[radiance] step   4600/25000 loss 1.6352 lm 1.6318 lr 1.902e-02 mem 9.99GB
[radiance] step   4700/25000 loss 1.5775 lm 1.5739 lr 1.896e-02 mem 9.99GB
[radiance] step   4800/25000 loss 1.5990 lm 1.5955 lr 1.891e-02 mem 9.99GB
[radiance] step   4900/25000 loss 1.5732 lm 1.5697 lr 1.885e-02 mem 9.99GB
[radiance] step   5000/25000 loss 1.6049 lm 1.6017 lr 1.879e-02 mem 9.99GB
[radiance] step   5000 val/loss 1.6088
[radiance] step   5100/25000 loss 1.6247 lm 1.6210 lr 1.873e-02 mem 9.99GB
[radiance] step   5200/25000 loss 1.5709 lm 1.5678 lr 1.867e-02 mem 9.99GB
[radiance] step   5300/25000 loss 1.5814 lm 1.5782 lr 1.861e-02 mem 9.99GB
[radiance] step   5400/25000 loss 1.5809 lm 1.5773 lr 1.855e-02 mem 9.99GB
[radiance] step   5500/25000 loss 1.5113 lm 1.5078 lr 1.848e-02 mem 9.99GB
[radiance] step   5600/25000 loss 1.4883 lm 1.4851 lr 1.842e-02 mem 9.99GB
[radiance] step   5700/25000 loss 1.5647 lm 1.5614 lr 1.835e-02 mem 9.99GB
[radiance] step   5800/25000 loss 1.4160 lm 1.4126 lr 1.828e-02 mem 9.99GB
[radiance] step   5900/25000 loss 1.5816 lm 1.5784 lr 1.821e-02 mem 9.99GB
[radiance] step   6000/25000 loss 1.5474 lm 1.5442 lr 1.814e-02 mem 9.99GB
[radiance] step   6100/25000 loss 1.5964 lm 1.5932 lr 1.807e-02 mem 9.99GB
[radiance] step   6200/25000 loss 1.4929 lm 1.4896 lr 1.799e-02 mem 9.99GB
[radiance] step   6300/25000 loss 1.5719 lm 1.5684 lr 1.792e-02 mem 9.99GB
[radiance] step   6400/25000 loss 1.4193 lm 1.4162 lr 1.784e-02 mem 9.99GB
[radiance] step   6500/25000 loss 1.5359 lm 1.5327 lr 1.777e-02 mem 9.99GB
[radiance] step   6600/25000 loss 1.4268 lm 1.4235 lr 1.769e-02 mem 9.99GB
[radiance] step   6700/25000 loss 1.6090 lm 1.6059 lr 1.761e-02 mem 9.99GB
[radiance] step   6800/25000 loss 1.5273 lm 1.5241 lr 1.753e-02 mem 9.99GB
[radiance] step   6900/25000 loss 1.4627 lm 1.4596 lr 1.745e-02 mem 9.99GB
[radiance] step   7000/25000 loss 1.4030 lm 1.3997 lr 1.736e-02 mem 9.99GB
[radiance] step   7100/25000 loss 1.5237 lm 1.5207 lr 1.728e-02 mem 9.99GB
[radiance] step   7200/25000 loss 1.3929 lm 1.3896 lr 1.720e-02 mem 9.99GB
[radiance] step   7300/25000 loss 1.4953 lm 1.4921 lr 1.711e-02 mem 9.99GB
[radiance] step   7400/25000 loss 1.4232 lm 1.4203 lr 1.702e-02 mem 9.99GB
[radiance] step   7500/25000 loss 1.4584 lm 1.4550 lr 1.693e-02 mem 9.99GB
[radiance] step   7500 val/loss 1.5531
[radiance] step   7600/25000 loss 1.5213 lm 1.5179 lr 1.685e-02 mem 9.99GB
[radiance] step   7700/25000 loss 1.5261 lm 1.5228 lr 1.675e-02 mem 9.99GB
[radiance] step   7800/25000 loss 1.4551 lm 1.4521 lr 1.666e-02 mem 9.99GB
[radiance] step   7900/25000 loss 1.4700 lm 1.4670 lr 1.657e-02 mem 9.99GB
[radiance] step   8000/25000 loss 1.5557 lm 1.5526 lr 1.648e-02 mem 9.99GB
[radiance] step   8100/25000 loss 1.4057 lm 1.4025 lr 1.638e-02 mem 9.99GB
[radiance] step   8200/25000 loss 1.4476 lm 1.4446 lr 1.629e-02 mem 9.99GB
[radiance] step   8300/25000 loss 1.5613 lm 1.5583 lr 1.619e-02 mem 9.99GB
[radiance] step   8400/25000 loss 1.4356 lm 1.4326 lr 1.610e-02 mem 9.99GB
[radiance] step   8500/25000 loss 1.5372 lm 1.5340 lr 1.600e-02 mem 9.99GB
[radiance] step   8600/25000 loss 1.4755 lm 1.4727 lr 1.590e-02 mem 9.99GB
[radiance] step   8700/25000 loss 1.3384 lm 1.3356 lr 1.580e-02 mem 9.99GB
[radiance] step   8800/25000 loss 1.3769 lm 1.3736 lr 1.570e-02 mem 9.99GB
[radiance] step   8900/25000 loss 1.4333 lm 1.4300 lr 1.560e-02 mem 9.99GB
[radiance] step   9000/25000 loss 1.4613 lm 1.4580 lr 1.550e-02 mem 9.99GB
[radiance] step   9100/25000 loss 1.4960 lm 1.4930 lr 1.540e-02 mem 9.99GB
[radiance] step   9200/25000 loss 1.4340 lm 1.4310 lr 1.529e-02 mem 9.99GB
[radiance] step   9300/25000 loss 1.5313 lm 1.5282 lr 1.519e-02 mem 9.99GB
[radiance] step   9400/25000 loss 1.4965 lm 1.4935 lr 1.509e-02 mem 9.99GB
[radiance] step   9500/25000 loss 1.5184 lm 1.5152 lr 1.498e-02 mem 9.99GB
[radiance] step   9600/25000 loss 1.4616 lm 1.4585 lr 1.487e-02 mem 9.99GB
[radiance] step   9700/25000 loss 1.5198 lm 1.5167 lr 1.477e-02 mem 9.99GB
[radiance] step   9800/25000 loss 1.4532 lm 1.4498 lr 1.466e-02 mem 9.99GB
[radiance] step   9900/25000 loss 1.3742 lm 1.3711 lr 1.455e-02 mem 9.99GB
[radiance] step  10000/25000 loss 1.4012 lm 1.3981 lr 1.444e-02 mem 9.99GB
[radiance] step  10000 val/loss 1.5098
[radiance] step  10100/25000 loss 1.4406 lm 1.4376 lr 1.434e-02 mem 9.99GB
[radiance] step  10200/25000 loss 1.4008 lm 1.3973 lr 1.423e-02 mem 9.99GB
[radiance] step  10300/25000 loss 1.4503 lm 1.4473 lr 1.412e-02 mem 9.99GB
[radiance] step  10400/25000 loss 1.4249 lm 1.4221 lr 1.400e-02 mem 9.99GB
[radiance] step  10500/25000 loss 1.5020 lm 1.4985 lr 1.389e-02 mem 9.99GB
[radiance] step  10600/25000 loss 1.4026 lm 1.3994 lr 1.378e-02 mem 9.99GB
[radiance] step  10700/25000 loss 1.3695 lm 1.3663 lr 1.367e-02 mem 9.99GB
[radiance] step  10800/25000 loss 1.4177 lm 1.4144 lr 1.356e-02 mem 9.99GB
[radiance] step  10900/25000 loss 1.4712 lm 1.4680 lr 1.344e-02 mem 9.99GB
[radiance] step  11000/25000 loss 1.4809 lm 1.4780 lr 1.333e-02 mem 9.99GB
[radiance] step  11100/25000 loss 1.4595 lm 1.4567 lr 1.322e-02 mem 9.99GB
[radiance] step  11200/25000 loss 1.5306 lm 1.5275 lr 1.310e-02 mem 9.99GB
[radiance] step  11300/25000 loss 1.4325 lm 1.4292 lr 1.299e-02 mem 9.99GB
[radiance] step  11400/25000 loss 1.3330 lm 1.3294 lr 1.287e-02 mem 9.99GB
[radiance] step  11500/25000 loss 1.4920 lm 1.4889 lr 1.276e-02 mem 9.99GB
[radiance] step  11600/25000 loss 1.5332 lm 1.5302 lr 1.264e-02 mem 9.99GB
[radiance] step  11700/25000 loss 1.4425 lm 1.4391 lr 1.252e-02 mem 9.99GB
[radiance] step  11800/25000 loss 1.4241 lm 1.4209 lr 1.241e-02 mem 9.99GB
[radiance] step  11900/25000 loss 1.3454 lm 1.3421 lr 1.229e-02 mem 9.99GB
[radiance] step  12000/25000 loss 1.4417 lm 1.4383 lr 1.217e-02 mem 9.99GB
[radiance] step  12100/25000 loss 1.3846 lm 1.3809 lr 1.206e-02 mem 9.99GB
[radiance] step  12200/25000 loss 1.4242 lm 1.4207 lr 1.194e-02 mem 9.99GB
[radiance] step  12300/25000 loss 1.3512 lm 1.3479 lr 1.182e-02 mem 9.99GB
[radiance] step  12400/25000 loss 1.4161 lm 1.4127 lr 1.171e-02 mem 9.99GB
[radiance] step  12500/25000 loss 1.3152 lm 1.3121 lr 1.159e-02 mem 9.99GB
[radiance] step  12500 val/loss 1.4726
[radiance] step  12600/25000 loss 1.3837 lm 1.3804 lr 1.147e-02 mem 9.99GB
[radiance] step  12700/25000 loss 1.3574 lm 1.3539 lr 1.135e-02 mem 9.99GB
[radiance] step  12800/25000 loss 1.4344 lm 1.4311 lr 1.124e-02 mem 9.99GB
[radiance] step  12900/25000 loss 1.4115 lm 1.4080 lr 1.112e-02 mem 9.99GB
[radiance] step  13000/25000 loss 1.3112 lm 1.3074 lr 1.100e-02 mem 9.99GB
[radiance] step  13100/25000 loss 1.3105 lm 1.3070 lr 1.088e-02 mem 9.99GB
[radiance] step  13200/25000 loss 1.4251 lm 1.4217 lr 1.076e-02 mem 9.99GB
[radiance] step  13300/25000 loss 1.4174 lm 1.4140 lr 1.065e-02 mem 9.99GB
[radiance] step  13400/25000 loss 1.4024 lm 1.3989 lr 1.053e-02 mem 9.99GB
[radiance] step  13500/25000 loss 1.4059 lm 1.4023 lr 1.041e-02 mem 9.99GB
[radiance] step  13600/25000 loss 1.3536 lm 1.3500 lr 1.029e-02 mem 9.99GB
[radiance] step  13700/25000 loss 1.3801 lm 1.3761 lr 1.018e-02 mem 9.99GB
[radiance] step  13800/25000 loss 1.4571 lm 1.4538 lr 1.006e-02 mem 9.99GB
[radiance] step  13900/25000 loss 1.3826 lm 1.3789 lr 9.942e-03 mem 9.99GB
[radiance] step  14000/25000 loss 1.4083 lm 1.4045 lr 9.825e-03 mem 9.99GB
[radiance] step  14100/25000 loss 1.5220 lm 1.5188 lr 9.709e-03 mem 9.99GB
[radiance] step  14200/25000 loss 1.5174 lm 1.5140 lr 9.592e-03 mem 9.99GB
[radiance] step  14300/25000 loss 1.3306 lm 1.3269 lr 9.476e-03 mem 9.99GB
[radiance] step  14400/25000 loss 1.5307 lm 1.5271 lr 9.360e-03 mem 9.99GB
[radiance] step  14500/25000 loss 1.4403 lm 1.4366 lr 9.244e-03 mem 9.99GB
[radiance] step  14600/25000 loss 1.4142 lm 1.4105 lr 9.129e-03 mem 9.99GB
[radiance] step  14700/25000 loss 1.3486 lm 1.3448 lr 9.014e-03 mem 9.99GB
[radiance] step  14800/25000 loss 1.4761 lm 1.4726 lr 8.899e-03 mem 9.99GB
[radiance] step  14900/25000 loss 1.3065 lm 1.3024 lr 8.785e-03 mem 9.99GB
[radiance] step  15000/25000 loss 1.3838 lm 1.3799 lr 8.671e-03 mem 9.99GB
[radiance] step  15000 val/loss 1.4276
[radiance] step  15100/25000 loss 1.4233 lm 1.4197 lr 8.557e-03 mem 9.99GB
[radiance] step  15200/25000 loss 1.3533 lm 1.3493 lr 8.444e-03 mem 9.99GB
[radiance] step  15300/25000 loss 1.3956 lm 1.3919 lr 8.331e-03 mem 9.99GB
[radiance] step  15400/25000 loss 1.2929 lm 1.2886 lr 8.219e-03 mem 9.99GB
[radiance] step  15500/25000 loss 1.4076 lm 1.4036 lr 8.107e-03 mem 9.99GB
[radiance] step  15600/25000 loss 1.3660 lm 1.3620 lr 7.996e-03 mem 9.99GB
[radiance] step  15700/25000 loss 1.4451 lm 1.4413 lr 7.885e-03 mem 9.99GB
[radiance] step  15800/25000 loss 1.3633 lm 1.3591 lr 7.775e-03 mem 9.99GB
[radiance] step  15900/25000 loss 1.3607 lm 1.3566 lr 7.665e-03 mem 9.99GB
[radiance] step  16000/25000 loss 1.2972 lm 1.2932 lr 7.556e-03 mem 9.99GB
[radiance] step  16100/25000 loss 1.3667 lm 1.3625 lr 7.447e-03 mem 9.99GB
[radiance] step  16200/25000 loss 1.2872 lm 1.2827 lr 7.339e-03 mem 9.99GB
[radiance] step  16300/25000 loss 1.3226 lm 1.3187 lr 7.232e-03 mem 9.99GB
[radiance] step  16400/25000 loss 1.3794 lm 1.3753 lr 7.125e-03 mem 9.99GB
[radiance] step  16500/25000 loss 1.4181 lm 1.4140 lr 7.019e-03 mem 9.99GB
[radiance] step  16600/25000 loss 1.2739 lm 1.2695 lr 6.914e-03 mem 9.99GB
[radiance] step  16700/25000 loss 1.3654 lm 1.3613 lr 6.809e-03 mem 9.99GB
[radiance] step  16800/25000 loss 1.4291 lm 1.4252 lr 6.706e-03 mem 9.99GB
[radiance] step  16900/25000 loss 1.3724 lm 1.3684 lr 6.602e-03 mem 9.99GB
[radiance] step  17000/25000 loss 1.2298 lm 1.2249 lr 6.500e-03 mem 9.99GB
[radiance] step  17100/25000 loss 1.2589 lm 1.2544 lr 6.398e-03 mem 9.99GB
[radiance] step  17200/25000 loss 1.3577 lm 1.3535 lr 6.298e-03 mem 9.99GB
[radiance] step  17300/25000 loss 1.3009 lm 1.2965 lr 6.197e-03 mem 9.99GB
[radiance] step  17400/25000 loss 1.3556 lm 1.3513 lr 6.098e-03 mem 9.99GB
[radiance] step  17500/25000 loss 1.3997 lm 1.3951 lr 6.000e-03 mem 9.99GB
[radiance] step  17500 val/loss 1.3854
[radiance] step  17600/25000 loss 1.2986 lm 1.2940 lr 5.902e-03 mem 9.99GB
[radiance] step  17700/25000 loss 1.2769 lm 1.2721 lr 5.806e-03 mem 9.99GB
[radiance] step  17800/25000 loss 1.3023 lm 1.2978 lr 5.710e-03 mem 9.99GB
[radiance] step  17900/25000 loss 1.3431 lm 1.3384 lr 5.615e-03 mem 9.99GB
[radiance] step  18000/25000 loss 1.3795 lm 1.3750 lr 5.521e-03 mem 9.99GB
[radiance] step  18100/25000 loss 1.2183 lm 1.2131 lr 5.428e-03 mem 9.99GB
[radiance] step  18200/25000 loss 1.3018 lm 1.2970 lr 5.336e-03 mem 9.99GB
[radiance] step  18300/25000 loss 1.4371 lm 1.4324 lr 5.245e-03 mem 9.99GB
[radiance] step  18400/25000 loss 1.2713 lm 1.2663 lr 5.155e-03 mem 9.99GB
[radiance] step  18500/25000 loss 1.2543 lm 1.2494 lr 5.066e-03 mem 9.99GB
[radiance] step  18600/25000 loss 1.2454 lm 1.2401 lr 4.978e-03 mem 9.99GB
[radiance] step  18700/25000 loss 1.2487 lm 1.2436 lr 4.891e-03 mem 9.99GB
[radiance] step  18800/25000 loss 1.2870 lm 1.2819 lr 4.805e-03 mem 9.99GB
[radiance] step  18900/25000 loss 1.3350 lm 1.3298 lr 4.720e-03 mem 9.99GB
[radiance] step  19000/25000 loss 1.3884 lm 1.3832 lr 4.636e-03 mem 9.99GB
[radiance] step  19100/25000 loss 1.2695 lm 1.2643 lr 4.553e-03 mem 9.99GB
[radiance] step  19200/25000 loss 1.2829 lm 1.2776 lr 4.472e-03 mem 9.99GB
[radiance] step  19300/25000 loss 1.2719 lm 1.2666 lr 4.391e-03 mem 9.99GB
[radiance] step  19400/25000 loss 1.3009 lm 1.2958 lr 4.312e-03 mem 9.99GB
[radiance] step  19500/25000 loss 1.2813 lm 1.2761 lr 4.233e-03 mem 9.99GB
[radiance] step  19600/25000 loss 1.2567 lm 1.2513 lr 4.156e-03 mem 9.99GB
[radiance] step  19700/25000 loss 1.3156 lm 1.3100 lr 4.080e-03 mem 9.99GB
[radiance] step  19800/25000 loss 1.3087 lm 1.3030 lr 4.006e-03 mem 9.99GB
[radiance] step  19900/25000 loss 1.3975 lm 1.3923 lr 3.932e-03 mem 9.99GB
[radiance] step  20000/25000 loss 1.2586 lm 1.2528 lr 3.860e-03 mem 9.99GB
[radiance] step  20000 val/loss 1.3499
[radiance] step  20100/25000 loss 1.3153 lm 1.3098 lr 3.789e-03 mem 9.99GB
[radiance] step  20200/25000 loss 1.1645 lm 1.1589 lr 3.719e-03 mem 9.99GB
[radiance] step  20300/25000 loss 1.3055 lm 1.3000 lr 3.650e-03 mem 9.99GB
[radiance] step  20400/25000 loss 1.2390 lm 1.2335 lr 3.583e-03 mem 9.99GB
[radiance] step  20500/25000 loss 1.2699 lm 1.2638 lr 3.517e-03 mem 9.99GB
[radiance] step  20600/25000 loss 1.3372 lm 1.3317 lr 3.452e-03 mem 9.99GB
[radiance] step  20700/25000 loss 1.4136 lm 1.4080 lr 3.388e-03 mem 9.99GB
[radiance] step  20800/25000 loss 1.3356 lm 1.3294 lr 3.326e-03 mem 9.99GB
[radiance] step  20900/25000 loss 1.2795 lm 1.2738 lr 3.265e-03 mem 9.99GB
[radiance] step  21000/25000 loss 1.2137 lm 1.2079 lr 3.206e-03 mem 9.99GB
[radiance] step  21100/25000 loss 1.3083 lm 1.3022 lr 3.148e-03 mem 9.99GB
[radiance] step  21200/25000 loss 1.2359 lm 1.2297 lr 3.091e-03 mem 9.99GB
[radiance] step  21300/25000 loss 1.3090 lm 1.3032 lr 3.035e-03 mem 9.99GB
[radiance] step  21400/25000 loss 1.2428 lm 1.2368 lr 2.981e-03 mem 9.99GB
[radiance] step  21500/25000 loss 1.2884 lm 1.2823 lr 2.928e-03 mem 9.99GB
[radiance] step  21600/25000 loss 1.3198 lm 1.3139 lr 2.877e-03 mem 9.99GB
[radiance] step  21700/25000 loss 1.2915 lm 1.2854 lr 2.827e-03 mem 9.99GB
[radiance] step  21800/25000 loss 1.2733 lm 1.2672 lr 2.778e-03 mem 9.99GB
[radiance] step  21900/25000 loss 1.3373 lm 1.3312 lr 2.731e-03 mem 9.99GB
[radiance] step  22000/25000 loss 1.2695 lm 1.2633 lr 2.685e-03 mem 9.99GB
[radiance] step  22100/25000 loss 1.2312 lm 1.2249 lr 2.641e-03 mem 9.99GB
[radiance] step  22200/25000 loss 1.1728 lm 1.1659 lr 2.598e-03 mem 9.99GB
[radiance] step  22300/25000 loss 1.2607 lm 1.2542 lr 2.556e-03 mem 9.99GB
[radiance] step  22400/25000 loss 1.2944 lm 1.2882 lr 2.516e-03 mem 9.99GB
[radiance] step  22500/25000 loss 1.2667 lm 1.2605 lr 2.478e-03 mem 9.99GB
[radiance] step  22500 val/loss 1.3199
[radiance] step  22600/25000 loss 1.2357 lm 1.2293 lr 2.440e-03 mem 9.99GB
[radiance] step  22700/25000 loss 1.2670 lm 1.2603 lr 2.405e-03 mem 9.99GB
[radiance] step  22800/25000 loss 1.1827 lm 1.1762 lr 2.371e-03 mem 9.99GB
[radiance] step  22900/25000 loss 1.3218 lm 1.3153 lr 2.338e-03 mem 9.99GB
[radiance] step  23000/25000 loss 1.3255 lm 1.3190 lr 2.307e-03 mem 9.99GB
[radiance] step  23100/25000 loss 1.2588 lm 1.2520 lr 2.277e-03 mem 9.99GB
[radiance] step  23200/25000 loss 1.1781 lm 1.1716 lr 2.249e-03 mem 9.99GB
[radiance] step  23300/25000 loss 1.3313 lm 1.3247 lr 2.222e-03 mem 9.99GB
[radiance] step  23400/25000 loss 1.2226 lm 1.2157 lr 2.197e-03 mem 9.99GB
[radiance] step  23500/25000 loss 1.2846 lm 1.2779 lr 2.173e-03 mem 9.99GB
[radiance] step  23600/25000 loss 1.4122 lm 1.4056 lr 2.151e-03 mem 9.99GB
[radiance] step  23700/25000 loss 1.2468 lm 1.2399 lr 2.130e-03 mem 9.99GB
[radiance] step  23800/25000 loss 1.1464 lm 1.1393 lr 2.111e-03 mem 9.99GB
[radiance] step  23900/25000 loss 1.2081 lm 1.2013 lr 2.093e-03 mem 9.99GB
[radiance] step  24000/25000 loss 1.2914 lm 1.2846 lr 2.077e-03 mem 9.99GB
[radiance] step  24100/25000 loss 1.3282 lm 1.3216 lr 2.062e-03 mem 9.99GB
[radiance] step  24200/25000 loss 1.2287 lm 1.2218 lr 2.049e-03 mem 9.99GB
[radiance] step  24300/25000 loss 1.1502 lm 1.1429 lr 2.038e-03 mem 9.99GB
[radiance] step  24400/25000 loss 1.2353 lm 1.2284 lr 2.028e-03 mem 9.99GB
[radiance] step  24500/25000 loss 1.3005 lm 1.2937 lr 2.019e-03 mem 9.99GB
[radiance] step  24600/25000 loss 1.1505 lm 1.1436 lr 2.012e-03 mem 9.99GB
[radiance] step  24700/25000 loss 1.3845 lm 1.3781 lr 2.007e-03 mem 9.99GB
[radiance] step  24800/25000 loss 1.2945 lm 1.2877 lr 2.003e-03 mem 9.99GB
[radiance] step  24900/25000 loss 1.2677 lm 1.2610 lr 2.001e-03 mem 9.99GB
[radiance] step  25000/25000 loss 1.3000 lm 1.2932 lr 2.000e-03 mem 9.99GB
[radiance] step  25000 val/loss 1.3033
