[radiance] padding vocab 50,257 -> 50,304 (multiple of 128) for tensor-core-aligned lm_head matmuls
[radiance] doc_attention_mask on, so compiling without CUDA graphs (mode=None instead of 'reduce-overhead').
[radiance] optimizer=muon (muon_lr=0.02 over 132 tensors, adamw lr=0.01 over the rest)
[radiance] step    100/8000 loss 3.1947 lm 3.1821 lr 6.312e-03 mem 6.72GB
[radiance] step    200/8000 loss 2.5166 lm 2.5021 lr 1.256e-02 mem 6.72GB
[radiance] step    300/8000 loss 2.3195 lm 2.3052 lr 1.881e-02 mem 6.72GB
[radiance] step    400/8000 loss 2.1552 lm 2.1412 lr 2.000e-02 mem 6.72GB
[radiance] step    500/8000 loss 2.1293 lm 2.1154 lr 1.998e-02 mem 6.72GB
[radiance] step    600/8000 loss 2.0115 lm 1.9977 lr 1.994e-02 mem 6.72GB
[radiance] step    700/8000 loss 1.9637 lm 1.9504 lr 1.989e-02 mem 6.72GB
[radiance] step    800/8000 loss 1.9372 lm 1.9243 lr 1.983e-02 mem 6.72GB
[radiance] step    800 val/loss 1.9403
[radiance] step    900/8000 loss 1.8983 lm 1.8858 lr 1.975e-02 mem 6.72GB
[radiance] step   1000/8000 loss 1.8329 lm 1.8206 lr 1.965e-02 mem 6.72GB
[radiance] step   1100/8000 loss 1.9053 lm 1.8936 lr 1.955e-02 mem 6.72GB
[radiance] step   1200/8000 loss 1.7794 lm 1.7680 lr 1.942e-02 mem 6.72GB
[radiance] step   1300/8000 loss 1.7778 lm 1.7667 lr 1.929e-02 mem 6.72GB
[radiance] step   1400/8000 loss 1.8599 lm 1.8495 lr 1.914e-02 mem 6.72GB
[radiance] step   1500/8000 loss 1.6384 lm 1.6283 lr 1.897e-02 mem 6.72GB
[radiance] step   1600/8000 loss 1.8144 lm 1.8048 lr 1.879e-02 mem 6.72GB
[radiance] step   1600 val/loss 1.7718
[radiance] step   1700/8000 loss 1.6258 lm 1.6167 lr 1.860e-02 mem 6.72GB
[radiance] step   1800/8000 loss 1.7995 lm 1.7910 lr 1.840e-02 mem 6.72GB
[radiance] step   1900/8000 loss 1.6669 lm 1.6589 lr 1.818e-02 mem 6.72GB
[radiance] step   2000/8000 loss 1.7060 lm 1.6987 lr 1.796e-02 mem 6.72GB
[radiance] step   2100/8000 loss 1.7119 lm 1.7052 lr 1.772e-02 mem 6.72GB
[radiance] step   2200/8000 loss 1.6438 lm 1.6376 lr 1.747e-02 mem 6.72GB
[radiance] step   2300/8000 loss 1.6401 lm 1.6344 lr 1.721e-02 mem 6.72GB
[radiance] step   2400/8000 loss 1.6283 lm 1.6232 lr 1.693e-02 mem 6.72GB
[radiance] step   2400 val/loss 1.6950
[radiance] step   2500/8000 loss 1.6427 lm 1.6380 lr 1.665e-02 mem 6.72GB
[radiance] step   2600/8000 loss 1.6319 lm 1.6274 lr 1.636e-02 mem 6.72GB
[radiance] step   2700/8000 loss 1.7257 lm 1.7215 lr 1.606e-02 mem 6.72GB
[radiance] step   2800/8000 loss 1.5871 lm 1.5834 lr 1.575e-02 mem 6.72GB
[radiance] step   2900/8000 loss 1.5440 lm 1.5405 lr 1.544e-02 mem 6.72GB
[radiance] step   3000/8000 loss 1.6259 lm 1.6226 lr 1.511e-02 mem 6.72GB
[radiance] step   3100/8000 loss 1.5954 lm 1.5922 lr 1.478e-02 mem 6.72GB
[radiance] step   3200/8000 loss 1.5592 lm 1.5561 lr 1.444e-02 mem 6.72GB
[radiance] step   3200 val/loss 1.6333
[radiance] step   3300/8000 loss 1.6239 lm 1.6210 lr 1.410e-02 mem 6.72GB
[radiance] step   3400/8000 loss 1.6243 lm 1.6213 lr 1.375e-02 mem 6.72GB
[radiance] step   3500/8000 loss 1.5796 lm 1.5767 lr 1.340e-02 mem 6.72GB
[radiance] step   3600/8000 loss 1.5934 lm 1.5904 lr 1.304e-02 mem 6.72GB
[radiance] step   3700/8000 loss 1.5657 lm 1.5629 lr 1.268e-02 mem 6.72GB
[radiance] step   3800/8000 loss 1.5805 lm 1.5777 lr 1.232e-02 mem 6.72GB
[radiance] step   3900/8000 loss 1.6068 lm 1.6039 lr 1.196e-02 mem 6.72GB
[radiance] step   4000/8000 loss 1.4892 lm 1.4865 lr 1.159e-02 mem 6.72GB
[radiance] step   4000 val/loss 1.5818
[radiance] step   4100/8000 loss 1.6055 lm 1.6028 lr 1.122e-02 mem 6.72GB
[radiance] step   4200/8000 loss 1.6185 lm 1.6157 lr 1.085e-02 mem 6.72GB
[radiance] step   4300/8000 loss 1.4714 lm 1.4686 lr 1.048e-02 mem 6.72GB
[radiance] step   4400/8000 loss 1.3436 lm 1.3407 lr 1.012e-02 mem 6.72GB
[radiance] step   4500/8000 loss 1.5328 lm 1.5298 lr 9.752e-03 mem 6.72GB
[radiance] step   4600/8000 loss 1.5837 lm 1.5809 lr 9.389e-03 mem 6.72GB
[radiance] step   4700/8000 loss 1.4324 lm 1.4295 lr 9.028e-03 mem 6.72GB
[radiance] step   4800/8000 loss 1.4666 lm 1.4635 lr 8.671e-03 mem 6.72GB
[radiance] step   4800 val/loss 1.5350
[radiance] step   4900/8000 loss 1.5001 lm 1.4969 lr 8.317e-03 mem 6.72GB
[radiance] step   5000/8000 loss 1.4412 lm 1.4381 lr 7.968e-03 mem 6.72GB
[radiance] step   5100/8000 loss 1.4109 lm 1.4077 lr 7.624e-03 mem 6.72GB
[radiance] step   5200/8000 loss 1.4579 lm 1.4547 lr 7.286e-03 mem 6.72GB
[radiance] step   5300/8000 loss 1.4687 lm 1.4655 lr 6.953e-03 mem 6.72GB
[radiance] step   5400/8000 loss 1.4034 lm 1.4001 lr 6.628e-03 mem 6.72GB
[radiance] step   5500/8000 loss 1.4781 lm 1.4748 lr 6.310e-03 mem 6.72GB
[radiance] step   5600/8000 loss 1.3348 lm 1.3312 lr 6.000e-03 mem 6.72GB
[radiance] step   5600 val/loss 1.4922
[radiance] step   5700/8000 loss 1.4682 lm 1.4650 lr 5.698e-03 mem 6.72GB
[radiance] step   5800/8000 loss 1.3679 lm 1.3645 lr 5.405e-03 mem 6.72GB
[radiance] step   5900/8000 loss 1.3365 lm 1.3326 lr 5.121e-03 mem 6.72GB
[radiance] step   6000/8000 loss 1.4389 lm 1.4353 lr 4.848e-03 mem 6.72GB
[radiance] step   6100/8000 loss 1.4403 lm 1.4366 lr 4.584e-03 mem 6.72GB
[radiance] step   6200/8000 loss 1.3597 lm 1.3556 lr 4.331e-03 mem 6.72GB
[radiance] step   6300/8000 loss 1.3683 lm 1.3644 lr 4.090e-03 mem 6.72GB
[radiance] step   6400/8000 loss 1.3796 lm 1.3754 lr 3.860e-03 mem 6.72GB
[radiance] step   6400 val/loss 1.4543
[radiance] step   6500/8000 loss 1.4289 lm 1.4247 lr 3.642e-03 mem 6.72GB
[radiance] step   6600/8000 loss 1.3790 lm 1.3746 lr 3.436e-03 mem 6.72GB
[radiance] step   6700/8000 loss 1.3566 lm 1.3523 lr 3.243e-03 mem 6.72GB
[radiance] step   6800/8000 loss 1.4748 lm 1.4704 lr 3.063e-03 mem 6.72GB
[radiance] step   6900/8000 loss 1.4126 lm 1.4080 lr 2.896e-03 mem 6.72GB
[radiance] step   7000/8000 loss 1.4281 lm 1.4234 lr 2.743e-03 mem 6.72GB
[radiance] step   7100/8000 loss 1.3963 lm 1.3913 lr 2.603e-03 mem 6.72GB
[radiance] step   7200/8000 loss 1.4065 lm 1.4016 lr 2.478e-03 mem 6.72GB
[radiance] step   7200 val/loss 1.4270
[radiance] step   7300/8000 loss 1.3697 lm 1.3647 lr 2.366e-03 mem 6.72GB
[radiance] step   7400/8000 loss 1.3457 lm 1.3406 lr 2.270e-03 mem 6.72GB
[radiance] step   7500/8000 loss 1.3158 lm 1.3107 lr 2.188e-03 mem 6.72GB
[radiance] step   7600/8000 loss 1.3220 lm 1.3168 lr 2.120e-03 mem 6.72GB
[radiance] step   7700/8000 loss 1.3021 lm 1.2965 lr 2.068e-03 mem 6.72GB
[radiance] step   7800/8000 loss 1.3245 lm 1.3190 lr 2.030e-03 mem 6.72GB
[radiance] step   7900/8000 loss 1.3487 lm 1.3432 lr 2.008e-03 mem 6.72GB
[radiance] step   8000/8000 loss 1.3570 lm 1.3517 lr 2.000e-03 mem 6.72GB
[radiance] step   8000 val/loss 1.4121
