[radiance] padding vocab 50,257 -> 50,304 (multiple of 128) for tensor-core-aligned lm_head matmuls
[radiance] doc_attention_mask on, so compiling without CUDA graphs (mode=None instead of 'reduce-overhead').
[radiance] optimizer=muon (muon_lr=0.02 over 132 tensors, adamw lr=0.01 over the rest)
[radiance] step    100/8000 loss 3.1773 lm 3.1647 lr 6.312e-03 mem 6.72GB
[radiance] step    200/8000 loss 2.5059 lm 2.4911 lr 1.256e-02 mem 6.72GB
[radiance] step    300/8000 loss 2.3167 lm 2.3025 lr 1.881e-02 mem 6.72GB
[radiance] step    400/8000 loss 2.1550 lm 2.1411 lr 2.000e-02 mem 6.72GB
[radiance] step    500/8000 loss 2.1370 lm 2.1232 lr 1.998e-02 mem 6.72GB
[radiance] step    600/8000 loss 2.0022 lm 1.9886 lr 1.994e-02 mem 6.72GB
[radiance] step    700/8000 loss 1.9712 lm 1.9581 lr 1.989e-02 mem 6.72GB
[radiance] step    800/8000 loss 1.9390 lm 1.9261 lr 1.983e-02 mem 6.72GB
[radiance] step    800 val/loss 1.9397
[radiance] step    900/8000 loss 1.8983 lm 1.8858 lr 1.975e-02 mem 6.72GB
[radiance] step   1000/8000 loss 1.8348 lm 1.8223 lr 1.965e-02 mem 6.72GB
[radiance] step   1100/8000 loss 1.9148 lm 1.9029 lr 1.955e-02 mem 6.72GB
[radiance] step   1200/8000 loss 1.7759 lm 1.7643 lr 1.942e-02 mem 6.72GB
[radiance] step   1300/8000 loss 1.7734 lm 1.7623 lr 1.929e-02 mem 6.72GB
[radiance] step   1400/8000 loss 1.8689 lm 1.8585 lr 1.914e-02 mem 6.72GB
[radiance] step   1500/8000 loss 1.6369 lm 1.6266 lr 1.897e-02 mem 6.72GB
[radiance] step   1600/8000 loss 1.8130 lm 1.8033 lr 1.879e-02 mem 6.72GB
[radiance] step   1600 val/loss 1.7701
[radiance] step   1700/8000 loss 1.6298 lm 1.6205 lr 1.860e-02 mem 6.72GB
[radiance] step   1800/8000 loss 1.7895 lm 1.7809 lr 1.840e-02 mem 6.72GB
[radiance] step   1900/8000 loss 1.6628 lm 1.6546 lr 1.818e-02 mem 6.72GB
[radiance] step   2000/8000 loss 1.7087 lm 1.7010 lr 1.796e-02 mem 6.72GB
[radiance] step   2100/8000 loss 1.7082 lm 1.7011 lr 1.772e-02 mem 6.72GB
[radiance] step   2200/8000 loss 1.6382 lm 1.6316 lr 1.747e-02 mem 6.72GB
[radiance] step   2300/8000 loss 1.6391 lm 1.6331 lr 1.721e-02 mem 6.72GB
[radiance] step   2400/8000 loss 1.6313 lm 1.6260 lr 1.693e-02 mem 6.72GB
[radiance] step   2400 val/loss 1.6918
[radiance] step   2500/8000 loss 1.6456 lm 1.6406 lr 1.665e-02 mem 6.72GB
[radiance] step   2600/8000 loss 1.6340 lm 1.6294 lr 1.636e-02 mem 6.72GB
[radiance] step   2700/8000 loss 1.7181 lm 1.7137 lr 1.606e-02 mem 6.72GB
[radiance] step   2800/8000 loss 1.5780 lm 1.5744 lr 1.575e-02 mem 6.72GB
[radiance] step   2900/8000 loss 1.5351 lm 1.5316 lr 1.544e-02 mem 6.72GB
[radiance] step   3000/8000 loss 1.6242 lm 1.6208 lr 1.511e-02 mem 6.72GB
[radiance] step   3100/8000 loss 1.5909 lm 1.5878 lr 1.478e-02 mem 6.72GB
[radiance] step   3200/8000 loss 1.5617 lm 1.5588 lr 1.444e-02 mem 6.72GB
[radiance] step   3200 val/loss 1.6323
[radiance] step   3300/8000 loss 1.6254 lm 1.6226 lr 1.410e-02 mem 6.72GB
[radiance] step   3400/8000 loss 1.6265 lm 1.6236 lr 1.375e-02 mem 6.72GB
[radiance] step   3500/8000 loss 1.5772 lm 1.5745 lr 1.340e-02 mem 6.72GB
[radiance] step   3600/8000 loss 1.5879 lm 1.5851 lr 1.304e-02 mem 6.72GB
[radiance] step   3700/8000 loss 1.5710 lm 1.5683 lr 1.268e-02 mem 6.72GB
[radiance] step   3800/8000 loss 1.5825 lm 1.5798 lr 1.232e-02 mem 6.72GB
[radiance] step   3900/8000 loss 1.5938 lm 1.5911 lr 1.196e-02 mem 6.72GB
[radiance] step   4000/8000 loss 1.4909 lm 1.4882 lr 1.159e-02 mem 6.72GB
[radiance] step   4000 val/loss 1.5794
[radiance] step   4100/8000 loss 1.6067 lm 1.6042 lr 1.122e-02 mem 6.72GB
[radiance] step   4200/8000 loss 1.6173 lm 1.6147 lr 1.085e-02 mem 6.72GB
[radiance] step   4300/8000 loss 1.4712 lm 1.4686 lr 1.048e-02 mem 6.72GB
[radiance] step   4400/8000 loss 1.3515 lm 1.3486 lr 1.012e-02 mem 6.72GB
[radiance] step   4500/8000 loss 1.5287 lm 1.5259 lr 9.752e-03 mem 6.72GB
[radiance] step   4600/8000 loss 1.5733 lm 1.5707 lr 9.389e-03 mem 6.72GB
[radiance] step   4700/8000 loss 1.4309 lm 1.4281 lr 9.028e-03 mem 6.72GB
[radiance] step   4800/8000 loss 1.4600 lm 1.4570 lr 8.671e-03 mem 6.72GB
[radiance] step   4800 val/loss 1.5350
[radiance] step   4900/8000 loss 1.4988 lm 1.4957 lr 8.317e-03 mem 6.72GB
[radiance] step   5000/8000 loss 1.4359 lm 1.4330 lr 7.968e-03 mem 6.72GB
[radiance] step   5100/8000 loss 1.4025 lm 1.3994 lr 7.624e-03 mem 6.72GB
[radiance] step   5200/8000 loss 1.4545 lm 1.4515 lr 7.286e-03 mem 6.72GB
[radiance] step   5300/8000 loss 1.4645 lm 1.4614 lr 6.953e-03 mem 6.72GB
[radiance] step   5400/8000 loss 1.4008 lm 1.3976 lr 6.628e-03 mem 6.72GB
[radiance] step   5500/8000 loss 1.4707 lm 1.4675 lr 6.310e-03 mem 6.72GB
[radiance] step   5600/8000 loss 1.3348 lm 1.3313 lr 6.000e-03 mem 6.72GB
[radiance] step   5600 val/loss 1.4916
[radiance] step   5700/8000 loss 1.4633 lm 1.4602 lr 5.698e-03 mem 6.72GB
[radiance] step   5800/8000 loss 1.3631 lm 1.3597 lr 5.405e-03 mem 6.72GB
[radiance] step   5900/8000 loss 1.3307 lm 1.3270 lr 5.121e-03 mem 6.72GB
[radiance] step   6000/8000 loss 1.4281 lm 1.4246 lr 4.848e-03 mem 6.72GB
[radiance] step   6100/8000 loss 1.4398 lm 1.4361 lr 4.584e-03 mem 6.72GB
[radiance] step   6200/8000 loss 1.3607 lm 1.3567 lr 4.331e-03 mem 6.72GB
[radiance] step   6300/8000 loss 1.3693 lm 1.3654 lr 4.090e-03 mem 6.72GB
[radiance] step   6400/8000 loss 1.3870 lm 1.3830 lr 3.860e-03 mem 6.72GB
[radiance] step   6400 val/loss 1.4539
[radiance] step   6500/8000 loss 1.4316 lm 1.4276 lr 3.642e-03 mem 6.72GB
[radiance] step   6600/8000 loss 1.3734 lm 1.3691 lr 3.436e-03 mem 6.72GB
[radiance] step   6700/8000 loss 1.3541 lm 1.3497 lr 3.243e-03 mem 6.72GB
[radiance] step   6800/8000 loss 1.4750 lm 1.4707 lr 3.063e-03 mem 6.72GB
[radiance] step   6900/8000 loss 1.4102 lm 1.4056 lr 2.896e-03 mem 6.72GB
[radiance] step   7000/8000 loss 1.4295 lm 1.4249 lr 2.743e-03 mem 6.72GB
[radiance] step   7100/8000 loss 1.4005 lm 1.3956 lr 2.603e-03 mem 6.72GB
[radiance] step   7200/8000 loss 1.3992 lm 1.3943 lr 2.478e-03 mem 6.72GB
[radiance] step   7200 val/loss 1.4269
[radiance] step   7300/8000 loss 1.3678 lm 1.3628 lr 2.366e-03 mem 6.72GB
[radiance] step   7400/8000 loss 1.3399 lm 1.3347 lr 2.270e-03 mem 6.72GB
[radiance] step   7500/8000 loss 1.3190 lm 1.3139 lr 2.188e-03 mem 6.72GB
[radiance] step   7600/8000 loss 1.3240 lm 1.3189 lr 2.120e-03 mem 6.72GB
[radiance] step   7700/8000 loss 1.2963 lm 1.2908 lr 2.068e-03 mem 6.72GB
[radiance] step   7800/8000 loss 1.3212 lm 1.3157 lr 2.030e-03 mem 6.72GB
[radiance] step   7900/8000 loss 1.3482 lm 1.3427 lr 2.008e-03 mem 6.72GB
[radiance] step   8000/8000 loss 1.3640 lm 1.3586 lr 2.000e-03 mem 6.72GB
[radiance] step   8000 val/loss 1.4124
