[radiance] padding vocab 50,257 -> 50,304 (multiple of 128) for tensor-core-aligned lm_head matmuls
[radiance] doc_attention_mask on, so compiling without CUDA graphs (mode=None instead of 'reduce-overhead').
[radiance] optimizer=muon (muon_lr=0.02 over 132 tensors, adamw lr=0.01 over the rest)
[radiance] step    100/8000 loss 3.1700 lm 3.1574 lr 6.312e-03 mem 6.72GB
[radiance] step    200/8000 loss 2.5155 lm 2.5008 lr 1.256e-02 mem 6.72GB
[radiance] step    300/8000 loss 2.3179 lm 2.3037 lr 1.881e-02 mem 6.72GB
[radiance] step    400/8000 loss 2.1547 lm 2.1406 lr 2.000e-02 mem 6.72GB
[radiance] step    500/8000 loss 2.1289 lm 2.1152 lr 1.998e-02 mem 6.72GB
[radiance] step    600/8000 loss 2.0079 lm 1.9942 lr 1.994e-02 mem 6.72GB
[radiance] step    700/8000 loss 1.9696 lm 1.9565 lr 1.989e-02 mem 6.72GB
[radiance] step    800/8000 loss 1.9442 lm 1.9313 lr 1.983e-02 mem 6.72GB
[radiance] step    800 val/loss 1.9400
[radiance] step    900/8000 loss 1.8964 lm 1.8839 lr 1.975e-02 mem 6.72GB
[radiance] step   1000/8000 loss 1.8318 lm 1.8193 lr 1.965e-02 mem 6.72GB
[radiance] step   1100/8000 loss 1.9032 lm 1.8913 lr 1.955e-02 mem 6.72GB
[radiance] step   1200/8000 loss 1.7816 lm 1.7701 lr 1.942e-02 mem 6.72GB
[radiance] step   1300/8000 loss 1.7735 lm 1.7625 lr 1.929e-02 mem 6.72GB
[radiance] step   1400/8000 loss 1.8711 lm 1.8607 lr 1.914e-02 mem 6.72GB
[radiance] step   1500/8000 loss 1.6351 lm 1.6248 lr 1.897e-02 mem 6.72GB
[radiance] step   1600/8000 loss 1.8115 lm 1.8018 lr 1.879e-02 mem 6.72GB
[radiance] step   1600 val/loss 1.7724
[radiance] step   1700/8000 loss 1.6214 lm 1.6121 lr 1.860e-02 mem 6.72GB
[radiance] step   1800/8000 loss 1.8025 lm 1.7939 lr 1.840e-02 mem 6.72GB
[radiance] step   1900/8000 loss 1.6670 lm 1.6588 lr 1.818e-02 mem 6.72GB
[radiance] step   2000/8000 loss 1.7150 lm 1.7075 lr 1.796e-02 mem 6.72GB
[radiance] step   2100/8000 loss 1.7124 lm 1.7055 lr 1.772e-02 mem 6.72GB
[radiance] step   2200/8000 loss 1.6406 lm 1.6341 lr 1.747e-02 mem 6.72GB
[radiance] step   2300/8000 loss 1.6401 lm 1.6341 lr 1.721e-02 mem 6.72GB
[radiance] step   2400/8000 loss 1.6312 lm 1.6258 lr 1.693e-02 mem 6.72GB
[radiance] step   2400 val/loss 1.6926
[radiance] step   2500/8000 loss 1.6473 lm 1.6425 lr 1.665e-02 mem 6.72GB
[radiance] step   2600/8000 loss 1.6341 lm 1.6296 lr 1.636e-02 mem 6.72GB
[radiance] step   2700/8000 loss 1.7315 lm 1.7272 lr 1.606e-02 mem 6.72GB
[radiance] step   2800/8000 loss 1.5834 lm 1.5795 lr 1.575e-02 mem 6.72GB
[radiance] step   2900/8000 loss 1.5445 lm 1.5408 lr 1.544e-02 mem 6.72GB
[radiance] step   3000/8000 loss 1.6306 lm 1.6272 lr 1.511e-02 mem 6.72GB
[radiance] step   3100/8000 loss 1.5861 lm 1.5829 lr 1.478e-02 mem 6.72GB
[radiance] step   3200/8000 loss 1.5643 lm 1.5613 lr 1.444e-02 mem 6.72GB
[radiance] step   3200 val/loss 1.6352
[radiance] step   3300/8000 loss 1.6222 lm 1.6193 lr 1.410e-02 mem 6.72GB
[radiance] step   3400/8000 loss 1.6211 lm 1.6182 lr 1.375e-02 mem 6.72GB
[radiance] step   3500/8000 loss 1.5811 lm 1.5783 lr 1.340e-02 mem 6.72GB
[radiance] step   3600/8000 loss 1.5837 lm 1.5808 lr 1.304e-02 mem 6.72GB
[radiance] step   3700/8000 loss 1.5741 lm 1.5714 lr 1.268e-02 mem 6.72GB
[radiance] step   3800/8000 loss 1.5891 lm 1.5863 lr 1.232e-02 mem 6.72GB
[radiance] step   3900/8000 loss 1.6056 lm 1.6028 lr 1.196e-02 mem 6.72GB
[radiance] step   4000/8000 loss 1.4962 lm 1.4935 lr 1.159e-02 mem 6.72GB
[radiance] step   4000 val/loss 1.5834
[radiance] step   4100/8000 loss 1.6118 lm 1.6091 lr 1.122e-02 mem 6.72GB
[radiance] step   4200/8000 loss 1.6210 lm 1.6183 lr 1.085e-02 mem 6.72GB
[radiance] step   4300/8000 loss 1.4724 lm 1.4698 lr 1.048e-02 mem 6.72GB
[radiance] step   4400/8000 loss 1.3481 lm 1.3452 lr 1.012e-02 mem 6.72GB
[radiance] step   4500/8000 loss 1.5303 lm 1.5274 lr 9.752e-03 mem 6.72GB
[radiance] step   4600/8000 loss 1.5763 lm 1.5737 lr 9.389e-03 mem 6.72GB
[radiance] step   4700/8000 loss 1.4320 lm 1.4291 lr 9.028e-03 mem 6.72GB
[radiance] step   4800/8000 loss 1.4649 lm 1.4620 lr 8.671e-03 mem 6.72GB
[radiance] step   4800 val/loss 1.5385
[radiance] step   4900/8000 loss 1.5031 lm 1.4999 lr 8.317e-03 mem 6.72GB
[radiance] step   5000/8000 loss 1.4423 lm 1.4394 lr 7.968e-03 mem 6.72GB
[radiance] step   5100/8000 loss 1.4111 lm 1.4078 lr 7.624e-03 mem 6.72GB
[radiance] step   5200/8000 loss 1.4578 lm 1.4546 lr 7.286e-03 mem 6.72GB
[radiance] step   5300/8000 loss 1.4712 lm 1.4680 lr 6.953e-03 mem 6.72GB
[radiance] step   5400/8000 loss 1.4052 lm 1.4019 lr 6.628e-03 mem 6.72GB
[radiance] step   5500/8000 loss 1.4757 lm 1.4726 lr 6.310e-03 mem 6.72GB
[radiance] step   5600/8000 loss 1.3411 lm 1.3376 lr 6.000e-03 mem 6.72GB
[radiance] step   5600 val/loss 1.4950
[radiance] step   5700/8000 loss 1.4703 lm 1.4672 lr 5.698e-03 mem 6.72GB
[radiance] step   5800/8000 loss 1.3641 lm 1.3606 lr 5.405e-03 mem 6.72GB
[radiance] step   5900/8000 loss 1.3399 lm 1.3361 lr 5.121e-03 mem 6.72GB
[radiance] step   6000/8000 loss 1.4374 lm 1.4338 lr 4.848e-03 mem 6.72GB
[radiance] step   6100/8000 loss 1.4385 lm 1.4349 lr 4.584e-03 mem 6.72GB
[radiance] step   6200/8000 loss 1.3639 lm 1.3599 lr 4.331e-03 mem 6.72GB
[radiance] step   6300/8000 loss 1.3678 lm 1.3638 lr 4.090e-03 mem 6.72GB
[radiance] step   6400/8000 loss 1.3885 lm 1.3845 lr 3.860e-03 mem 6.72GB
[radiance] step   6400 val/loss 1.4576
[radiance] step   6500/8000 loss 1.4315 lm 1.4275 lr 3.642e-03 mem 6.72GB
[radiance] step   6600/8000 loss 1.3775 lm 1.3732 lr 3.436e-03 mem 6.72GB
[radiance] step   6700/8000 loss 1.3593 lm 1.3549 lr 3.243e-03 mem 6.72GB
[radiance] step   6800/8000 loss 1.4830 lm 1.4787 lr 3.063e-03 mem 6.72GB
[radiance] step   6900/8000 loss 1.4105 lm 1.4060 lr 2.896e-03 mem 6.72GB
[radiance] step   7000/8000 loss 1.4271 lm 1.4224 lr 2.743e-03 mem 6.72GB
[radiance] step   7100/8000 loss 1.4047 lm 1.3997 lr 2.603e-03 mem 6.72GB
[radiance] step   7200/8000 loss 1.4034 lm 1.3986 lr 2.478e-03 mem 6.72GB
[radiance] step   7200 val/loss 1.4305
[radiance] step   7300/8000 loss 1.3758 lm 1.3709 lr 2.366e-03 mem 6.72GB
[radiance] step   7400/8000 loss 1.3415 lm 1.3364 lr 2.270e-03 mem 6.72GB
[radiance] step   7500/8000 loss 1.3323 lm 1.3272 lr 2.188e-03 mem 6.72GB
[radiance] step   7600/8000 loss 1.3304 lm 1.3252 lr 2.120e-03 mem 6.72GB
[radiance] step   7700/8000 loss 1.3022 lm 1.2966 lr 2.068e-03 mem 6.72GB
[radiance] step   7800/8000 loss 1.3205 lm 1.3150 lr 2.030e-03 mem 6.72GB
[radiance] step   7900/8000 loss 1.3485 lm 1.3431 lr 2.008e-03 mem 6.72GB
[radiance] step   8000/8000 loss 1.3563 lm 1.3509 lr 2.000e-03 mem 6.72GB
[radiance] step   8000 val/loss 1.4157
