[radiance] doc_attention_mask on, so compiling without CUDA graphs (mode=None instead of 'reduce-overhead').
[radiance] optimizer=muon (muon_lr=0.02 over 48 tensors, adamw lr=0.01 over the rest)
[radiance] step    100/4000 loss 3.0638 lm 3.0512 lr 1.262e-02 mem 2.33GB
[radiance] step    200/4000 loss 2.6397 lm 2.6266 lr 2.000e-02 mem 2.33GB 638.4k tok/s
[radiance] step    300/4000 loss 2.3262 lm 2.3128 lr 1.994e-02 mem 2.33GB 635.8k tok/s
[radiance] step    400/4000 loss 2.2324 lm 2.2191 lr 1.983e-02 mem 2.33GB 572.1k tok/s
[radiance] step    500/4000 loss 2.0949 lm 2.0818 lr 1.965e-02 mem 2.33GB 637.3k tok/s
[radiance] step    500 val/loss 2.1632 ± 0.0398 bpb 0.7439
[radiance] step    600/4000 loss 2.1763 lm 2.1635 lr 1.942e-02 mem 2.33GB 633.7k tok/s
[radiance] step    700/4000 loss 2.0761 lm 2.0633 lr 1.914e-02 mem 2.33GB 631.8k tok/s
[radiance] step    800/4000 loss 1.9816 lm 1.9689 lr 1.879e-02 mem 2.33GB 634.0k tok/s
[radiance] step    900/4000 loss 1.9688 lm 1.9565 lr 1.840e-02 mem 2.33GB 633.8k tok/s
[radiance] step   1000/4000 loss 2.0472 lm 2.0353 lr 1.796e-02 mem 2.33GB 636.1k tok/s
[radiance] step   1000 val/loss 1.9647 ± 0.0397 bpb 0.6756
[radiance] step   1100/4000 loss 1.9272 lm 1.9156 lr 1.747e-02 mem 2.33GB 631.0k tok/s
[radiance] step   1200/4000 loss 2.0118 lm 2.0006 lr 1.693e-02 mem 2.33GB 633.8k tok/s
[radiance] step   1300/4000 loss 1.8044 lm 1.7932 lr 1.636e-02 mem 2.33GB 634.1k tok/s
[radiance] step   1400/4000 loss 1.9253 lm 1.9149 lr 1.575e-02 mem 2.33GB 633.1k tok/s
[radiance] step   1500/4000 loss 1.7343 lm 1.7239 lr 1.511e-02 mem 2.33GB 634.3k tok/s
[radiance] step   1500 val/loss 1.8605 ± 0.0402 bpb 0.6398
[radiance] step   1600/4000 loss 1.7847 lm 1.7749 lr 1.444e-02 mem 2.33GB 564.9k tok/s
[radiance] step   1700/4000 loss 1.8419 lm 1.8327 lr 1.375e-02 mem 2.33GB 636.6k tok/s
[radiance] step   1800/4000 loss 1.7473 lm 1.7383 lr 1.304e-02 mem 2.33GB 635.8k tok/s
[radiance] step   1900/4000 loss 1.7101 lm 1.7017 lr 1.232e-02 mem 2.33GB 636.7k tok/s
[radiance] step   2000/4000 loss 1.7383 lm 1.7306 lr 1.159e-02 mem 2.33GB 636.2k tok/s
[radiance] step   2000 val/loss 1.7850 ± 0.0407 bpb 0.6138
[radiance] step   2100/4000 loss 1.6540 lm 1.6468 lr 1.085e-02 mem 2.33GB 637.0k tok/s
[radiance] step   2200/4000 loss 1.7018 lm 1.6952 lr 1.012e-02 mem 2.33GB 635.3k tok/s
[radiance] step   2300/4000 loss 1.7930 lm 1.7871 lr 9.389e-03 mem 2.33GB 635.0k tok/s
[radiance] step   2400/4000 loss 1.7394 lm 1.7339 lr 8.671e-03 mem 2.33GB 633.3k tok/s
[radiance] step   2500/4000 loss 1.6712 lm 1.6663 lr 7.968e-03 mem 2.33GB 634.5k tok/s
[radiance] step   2500 val/loss 1.7227 ± 0.0406 bpb 0.5924
[radiance] step   2600/4000 loss 1.7038 lm 1.6994 lr 7.286e-03 mem 2.33GB 636.5k tok/s
[radiance] step   2700/4000 loss 1.6126 lm 1.6088 lr 6.628e-03 mem 2.33GB 638.3k tok/s
[radiance] step   2800/4000 loss 1.7451 lm 1.7419 lr 6.000e-03 mem 2.33GB 635.9k tok/s
[radiance] step   2900/4000 loss 1.6213 lm 1.6183 lr 5.405e-03 mem 2.33GB 636.8k tok/s
[radiance] step   3000/4000 loss 1.5861 lm 1.5837 lr 4.848e-03 mem 2.33GB 636.9k tok/s
[radiance] step   3000 val/loss 1.6701 ± 0.0411 bpb 0.5743
[radiance] step   3100/4000 loss 1.5378 lm 1.5357 lr 4.331e-03 mem 2.33GB 636.2k tok/s
[radiance] step   3200/4000 loss 1.6086 lm 1.6067 lr 3.860e-03 mem 2.33GB 635.8k tok/s
[radiance] step   3300/4000 loss 1.5195 lm 1.5177 lr 3.436e-03 mem 2.33GB 634.3k tok/s
[radiance] step   3400/4000 loss 1.5772 lm 1.5758 lr 3.063e-03 mem 2.33GB 636.7k tok/s
[radiance] step   3500/4000 loss 1.6283 lm 1.6271 lr 2.743e-03 mem 2.33GB 635.6k tok/s
[radiance] step   3500 val/loss 1.6287 ± 0.0415 bpb 0.5601
[radiance] step   3600/4000 loss 1.5704 lm 1.5692 lr 2.478e-03 mem 2.33GB 634.4k tok/s
[radiance] step   3700/4000 loss 1.5987 lm 1.5977 lr 2.270e-03 mem 2.33GB 631.7k tok/s
[radiance] step   3800/4000 loss 1.5804 lm 1.5794 lr 2.120e-03 mem 2.33GB 632.9k tok/s
[radiance] step   3900/4000 loss 1.5660 lm 1.5650 lr 2.030e-03 mem 2.33GB 635.0k tok/s
[radiance] step   4000/4000 loss 1.5864 lm 1.5854 lr 2.000e-03 mem 2.33GB 638.0k tok/s
[radiance] step   4000 val/loss 1.6084 ± 0.0414 bpb 0.5531
