[radiance] doc_attention_mask on, so compiling without CUDA graphs (mode=None instead of 'reduce-overhead').
[radiance] optimizer=muon (muon_lr=0.04 over 48 tensors, adamw lr=0.02 over the rest)
[radiance] step    100/4000 loss 2.9891 lm 2.9759 lr 2.525e-02 mem 2.33GB
[radiance] step    200/4000 loss 2.6029 lm 2.5901 lr 4.000e-02 mem 2.33GB 634.1k tok/s
[radiance] step    300/4000 loss 2.3036 lm 2.2904 lr 4.000e-02 mem 2.33GB 634.4k tok/s
[radiance] step    400/4000 loss 2.2309 lm 2.2177 lr 4.000e-02 mem 2.33GB 571.7k tok/s
[radiance] step    500/4000 loss 2.1055 lm 2.0924 lr 4.000e-02 mem 2.33GB 635.7k tok/s
[radiance] step    500 val/loss 2.1678 ± 0.0400 bpb 0.7455
[radiance] step    600/4000 loss 2.1850 lm 2.1723 lr 4.000e-02 mem 2.33GB 633.3k tok/s
[radiance] step    700/4000 loss 2.0962 lm 2.0835 lr 4.000e-02 mem 2.33GB 633.3k tok/s
[radiance] step    800/4000 loss 2.0021 lm 1.9893 lr 4.000e-02 mem 2.33GB 633.1k tok/s
[radiance] step    900/4000 loss 2.0001 lm 1.9877 lr 4.000e-02 mem 2.33GB 633.2k tok/s
[radiance] step   1000/4000 loss 2.0775 lm 2.0656 lr 4.000e-02 mem 2.33GB 632.1k tok/s
[radiance] step   1000 val/loss 2.0004 ± 0.0390 bpb 0.6879
[radiance] step   1100/4000 loss 1.9708 lm 1.9593 lr 4.000e-02 mem 2.33GB 635.4k tok/s
[radiance] step   1200/4000 loss 2.0524 lm 2.0409 lr 4.000e-02 mem 2.33GB 635.9k tok/s
[radiance] step   1300/4000 loss 1.8798 lm 1.8682 lr 4.000e-02 mem 2.33GB 634.3k tok/s
[radiance] step   1400/4000 loss 1.9854 lm 1.9747 lr 4.000e-02 mem 2.33GB 635.4k tok/s
[radiance] step   1500/4000 loss 1.8017 lm 1.7907 lr 4.000e-02 mem 2.33GB 634.1k tok/s
[radiance] step   1500 val/loss 1.9274 ± 0.0402 bpb 0.6628
[radiance] step   1600/4000 loss 1.8640 lm 1.8535 lr 4.000e-02 mem 2.33GB 564.9k tok/s
[radiance] step   1700/4000 loss 1.9363 lm 1.9264 lr 4.000e-02 mem 2.33GB 635.4k tok/s
[radiance] step   1800/4000 loss 1.8377 lm 1.8280 lr 4.000e-02 mem 2.33GB 636.1k tok/s
[radiance] step   1900/4000 loss 1.7966 lm 1.7869 lr 4.000e-02 mem 2.33GB 636.4k tok/s
[radiance] step   2000/4000 loss 1.8445 lm 1.8355 lr 4.000e-02 mem 2.33GB 638.0k tok/s
[radiance] step   2000 val/loss 1.8834 ± 0.0403 bpb 0.6477
[radiance] step   2100/4000 loss 1.7524 lm 1.7436 lr 4.000e-02 mem 2.33GB 639.8k tok/s
[radiance] step   2200/4000 loss 1.8147 lm 1.8061 lr 4.000e-02 mem 2.33GB 635.7k tok/s
[radiance] step   2300/4000 loss 1.9130 lm 1.9049 lr 4.000e-02 mem 2.33GB 634.4k tok/s
[radiance] step   2400/4000 loss 1.8734 lm 1.8658 lr 4.000e-02 mem 2.33GB 634.5k tok/s
[radiance] step   2500/4000 loss 1.8072 lm 1.7998 lr 4.000e-02 mem 2.33GB 634.9k tok/s
[radiance] step   2500 val/loss 1.8524 ± 0.0403 bpb 0.6370
[radiance] step   2600/4000 loss 1.8473 lm 1.8402 lr 4.000e-02 mem 2.33GB 636.7k tok/s
[radiance] step   2700/4000 loss 1.7652 lm 1.7584 lr 4.000e-02 mem 2.33GB 637.0k tok/s
[radiance] step   2800/4000 loss 1.9048 lm 1.8985 lr 4.000e-02 mem 2.33GB 634.2k tok/s
[radiance] step   2900/4000 loss 1.7875 lm 1.7815 lr 4.000e-02 mem 2.33GB 634.6k tok/s
[radiance] step   3000/4000 loss 1.7613 lm 1.7553 lr 4.000e-02 mem 2.33GB 636.3k tok/s
[radiance] step   3000 val/loss 1.8371 ± 0.0409 bpb 0.6318
[radiance] step   3100/4000 loss 1.7343 lm 1.7288 lr 4.000e-02 mem 2.33GB 636.5k tok/s
[radiance] step   3200/4000 loss 1.8002 lm 1.7950 lr 4.000e-02 mem 2.33GB 636.8k tok/s
[radiance] step   3300/4000 loss 1.6709 lm 1.6662 lr 2.727e-02 mem 2.33GB 636.2k tok/s
[radiance] step   3400/4000 loss 1.6945 lm 1.6907 lr 2.200e-02 mem 2.33GB 638.9k tok/s
[radiance] step   3500/4000 loss 1.7371 lm 1.7338 lr 1.795e-02 mem 2.33GB 634.5k tok/s
[radiance] step   3500 val/loss 1.7271 ± 0.0408 bpb 0.5939
[radiance] step   3600/4000 loss 1.6638 lm 1.6612 lr 1.454e-02 mem 2.33GB 636.4k tok/s
[radiance] step   3700/4000 loss 1.6882 lm 1.6858 lr 1.154e-02 mem 2.33GB 633.8k tok/s
[radiance] step   3800/4000 loss 1.6317 lm 1.6296 lr 8.823e-03 mem 2.33GB 633.4k tok/s
[radiance] step   3900/4000 loss 1.6132 lm 1.6113 lr 6.325e-03 mem 2.33GB 634.6k tok/s
[radiance] step   4000/4000 loss 1.6188 lm 1.6171 lr 4.000e-03 mem 2.33GB 635.1k tok/s
[radiance] step   4000 val/loss 1.6406 ± 0.0411 bpb 0.5642
