[radiance] doc_attention_mask on, so compiling without CUDA graphs (mode=None instead of 'reduce-overhead').
[radiance] optimizer=muon (muon_lr=0.02 over 48 tensors, adamw lr=0.01 over the rest)
[radiance] step    100/4000 loss 3.0660 lm 3.0532 lr 1.262e-02 mem 2.33GB
[radiance] step    200/4000 loss 2.6399 lm 2.6268 lr 2.000e-02 mem 2.33GB 636.4k tok/s
[radiance] step    300/4000 loss 2.3120 lm 2.2986 lr 2.000e-02 mem 2.33GB 632.8k tok/s
[radiance] step    400/4000 loss 2.2306 lm 2.2174 lr 2.000e-02 mem 2.33GB 573.3k tok/s
[radiance] step    500/4000 loss 2.0959 lm 2.0828 lr 2.000e-02 mem 2.33GB 637.0k tok/s
[radiance] step    500 val/loss 2.1640 ± 0.0396 bpb 0.7442
[radiance] step    600/4000 loss 2.1719 lm 2.1591 lr 2.000e-02 mem 2.33GB 636.0k tok/s
[radiance] step    700/4000 loss 2.0848 lm 2.0721 lr 2.000e-02 mem 2.33GB 634.5k tok/s
[radiance] step    800/4000 loss 1.9895 lm 1.9767 lr 2.000e-02 mem 2.33GB 633.5k tok/s
[radiance] step    900/4000 loss 1.9840 lm 1.9718 lr 2.000e-02 mem 2.33GB 633.3k tok/s
[radiance] step   1000/4000 loss 2.0601 lm 2.0483 lr 2.000e-02 mem 2.33GB 630.3k tok/s
[radiance] step   1000 val/loss 1.9769 ± 0.0390 bpb 0.6798
[radiance] step   1100/4000 loss 1.9426 lm 1.9310 lr 2.000e-02 mem 2.33GB 634.2k tok/s
[radiance] step   1200/4000 loss 2.0348 lm 2.0235 lr 2.000e-02 mem 2.33GB 633.7k tok/s
[radiance] step   1300/4000 loss 1.8327 lm 1.8215 lr 2.000e-02 mem 2.33GB 632.2k tok/s
[radiance] step   1400/4000 loss 1.9590 lm 1.9485 lr 2.000e-02 mem 2.33GB 633.7k tok/s
[radiance] step   1500/4000 loss 1.7652 lm 1.7545 lr 2.000e-02 mem 2.33GB 634.0k tok/s
[radiance] step   1500 val/loss 1.8922 ± 0.0400 bpb 0.6507
[radiance] step   1600/4000 loss 1.8340 lm 1.8238 lr 2.000e-02 mem 2.33GB 564.8k tok/s
[radiance] step   1700/4000 loss 1.8966 lm 1.8870 lr 2.000e-02 mem 2.33GB 635.5k tok/s
[radiance] step   1800/4000 loss 1.7988 lm 1.7893 lr 2.000e-02 mem 2.33GB 635.3k tok/s
[radiance] step   1900/4000 loss 1.7539 lm 1.7447 lr 2.000e-02 mem 2.33GB 635.1k tok/s
[radiance] step   2000/4000 loss 1.8045 lm 1.7961 lr 2.000e-02 mem 2.33GB 633.5k tok/s
[radiance] step   2000 val/loss 1.8425 ± 0.0402 bpb 0.6336
[radiance] step   2100/4000 loss 1.7181 lm 1.7098 lr 2.000e-02 mem 2.33GB 634.5k tok/s
[radiance] step   2200/4000 loss 1.7748 lm 1.7669 lr 2.000e-02 mem 2.33GB 635.1k tok/s
[radiance] step   2300/4000 loss 1.8710 lm 1.8637 lr 2.000e-02 mem 2.33GB 636.3k tok/s
[radiance] step   2400/4000 loss 1.8217 lm 1.8148 lr 2.000e-02 mem 2.33GB 636.8k tok/s
[radiance] step   2500/4000 loss 1.7627 lm 1.7563 lr 2.000e-02 mem 2.33GB 634.0k tok/s
[radiance] step   2500 val/loss 1.8076 ± 0.0400 bpb 0.6216
[radiance] step   2600/4000 loss 1.7947 lm 1.7885 lr 2.000e-02 mem 2.33GB 634.4k tok/s
[radiance] step   2700/4000 loss 1.7153 lm 1.7094 lr 2.000e-02 mem 2.33GB 634.2k tok/s
[radiance] step   2800/4000 loss 1.8483 lm 1.8430 lr 2.000e-02 mem 2.33GB 633.2k tok/s
[radiance] step   2900/4000 loss 1.7076 lm 1.7029 lr 1.480e-02 mem 2.33GB 632.6k tok/s
[radiance] step   3000/4000 loss 1.6659 lm 1.6616 lr 1.265e-02 mem 2.33GB 633.6k tok/s
[radiance] step   3000 val/loss 1.7368 ± 0.0406 bpb 0.5973
[radiance] step   3100/4000 loss 1.6031 lm 1.5996 lr 1.100e-02 mem 2.33GB 634.2k tok/s
[radiance] step   3200/4000 loss 1.6588 lm 1.6556 lr 9.608e-03 mem 2.33GB 634.1k tok/s
[radiance] step   3300/4000 loss 1.5592 lm 1.5564 lr 8.381e-03 mem 2.33GB 636.9k tok/s
[radiance] step   3400/4000 loss 1.6126 lm 1.6103 lr 7.272e-03 mem 2.33GB 634.1k tok/s
[radiance] step   3500/4000 loss 1.6596 lm 1.6576 lr 6.252e-03 mem 2.33GB 636.0k tok/s
[radiance] step   3500 val/loss 1.6604 ± 0.0409 bpb 0.5710
[radiance] step   3600/4000 loss 1.6016 lm 1.5999 lr 5.303e-03 mem 2.33GB 633.9k tok/s
[radiance] step   3700/4000 loss 1.6193 lm 1.6177 lr 4.412e-03 mem 2.33GB 636.8k tok/s
[radiance] step   3800/4000 loss 1.5860 lm 1.5845 lr 3.568e-03 mem 2.33GB 632.7k tok/s
[radiance] step   3900/4000 loss 1.5775 lm 1.5761 lr 2.766e-03 mem 2.33GB 634.1k tok/s
[radiance] step   4000/4000 loss 1.5920 lm 1.5906 lr 2.000e-03 mem 2.33GB 636.4k tok/s
[radiance] step   4000 val/loss 1.6093 ± 0.0410 bpb 0.5534
