[radiance] doc_attention_mask on, so compiling without CUDA graphs (mode=None instead of 'reduce-overhead').
[radiance] optimizer=muon (muon_lr=0.02 over 48 tensors, adamw lr=0.01 over the rest)
[radiance] step    100/4000 loss 3.0662 lm 3.0536 lr 1.262e-02 mem 2.33GB
[radiance] step    200/4000 loss 2.6413 lm 2.6281 lr 2.000e-02 mem 2.33GB 635.0k tok/s
[radiance] step    300/4000 loss 2.3154 lm 2.3020 lr 1.994e-02 mem 2.33GB 631.9k tok/s
[radiance] step    400/4000 loss 2.2351 lm 2.2218 lr 1.983e-02 mem 2.33GB 572.5k tok/s
[radiance] step    500/4000 loss 2.1025 lm 2.0895 lr 1.965e-02 mem 2.33GB 636.6k tok/s
[radiance] step    500 val/loss 2.1671 ± 0.0398 bpb 0.7452
[radiance] step    600/4000 loss 2.1767 lm 2.1638 lr 1.942e-02 mem 2.33GB 633.3k tok/s
[radiance] step    700/4000 loss 2.0728 lm 2.0601 lr 1.914e-02 mem 2.33GB 634.4k tok/s
[radiance] step    800/4000 loss 1.9809 lm 1.9681 lr 1.879e-02 mem 2.33GB 638.1k tok/s
[radiance] step    900/4000 loss 1.9829 lm 1.9707 lr 1.840e-02 mem 2.33GB 636.0k tok/s
[radiance] step   1000/4000 loss 2.0540 lm 2.0422 lr 1.796e-02 mem 2.33GB 634.5k tok/s
[radiance] step   1000 val/loss 1.9662 ± 0.0393 bpb 0.6761
[radiance] step   1100/4000 loss 1.9289 lm 1.9174 lr 1.747e-02 mem 2.33GB 634.6k tok/s
[radiance] step   1200/4000 loss 2.0120 lm 2.0009 lr 1.693e-02 mem 2.33GB 633.4k tok/s
[radiance] step   1300/4000 loss 1.8215 lm 1.8102 lr 1.636e-02 mem 2.33GB 634.3k tok/s
[radiance] step   1400/4000 loss 1.9346 lm 1.9241 lr 1.575e-02 mem 2.33GB 634.3k tok/s
[radiance] step   1500/4000 loss 1.7438 lm 1.7333 lr 1.511e-02 mem 2.33GB 630.8k tok/s
[radiance] step   1500 val/loss 1.8624 ± 0.0401 bpb 0.6405
[radiance] step   1600/4000 loss 1.7881 lm 1.7783 lr 1.444e-02 mem 2.33GB 565.5k tok/s
[radiance] step   1700/4000 loss 1.8505 lm 1.8414 lr 1.375e-02 mem 2.33GB 637.9k tok/s
[radiance] step   1800/4000 loss 1.7416 lm 1.7326 lr 1.304e-02 mem 2.33GB 637.6k tok/s
[radiance] step   1900/4000 loss 1.7104 lm 1.7018 lr 1.232e-02 mem 2.33GB 638.2k tok/s
[radiance] step   2000/4000 loss 1.7435 lm 1.7356 lr 1.159e-02 mem 2.33GB 636.1k tok/s
[radiance] step   2000 val/loss 1.7866 ± 0.0405 bpb 0.6144
[radiance] step   2100/4000 loss 1.6600 lm 1.6528 lr 1.085e-02 mem 2.33GB 632.4k tok/s
[radiance] step   2200/4000 loss 1.7068 lm 1.7000 lr 1.012e-02 mem 2.33GB 635.8k tok/s
[radiance] step   2300/4000 loss 1.7960 lm 1.7901 lr 9.389e-03 mem 2.33GB 636.6k tok/s
[radiance] step   2400/4000 loss 1.7480 lm 1.7427 lr 8.671e-03 mem 2.33GB 637.6k tok/s
[radiance] step   2500/4000 loss 1.6749 lm 1.6699 lr 7.968e-03 mem 2.33GB 637.5k tok/s
[radiance] step   2500 val/loss 1.7247 ± 0.0404 bpb 0.5931
[radiance] step   2600/4000 loss 1.7040 lm 1.6995 lr 7.286e-03 mem 2.33GB 636.8k tok/s
[radiance] step   2700/4000 loss 1.6144 lm 1.6105 lr 6.628e-03 mem 2.33GB 636.1k tok/s
[radiance] step   2800/4000 loss 1.7458 lm 1.7423 lr 6.000e-03 mem 2.33GB 636.7k tok/s
[radiance] step   2900/4000 loss 1.6264 lm 1.6235 lr 5.405e-03 mem 2.33GB 634.1k tok/s
[radiance] step   3000/4000 loss 1.5916 lm 1.5891 lr 4.848e-03 mem 2.33GB 635.9k tok/s
[radiance] step   3000 val/loss 1.6708 ± 0.0408 bpb 0.5746
[radiance] step   3100/4000 loss 1.5410 lm 1.5388 lr 4.331e-03 mem 2.33GB 634.6k tok/s
[radiance] step   3200/4000 loss 1.6202 lm 1.6183 lr 3.860e-03 mem 2.33GB 635.6k tok/s
[radiance] step   3300/4000 loss 1.5296 lm 1.5278 lr 3.436e-03 mem 2.33GB 634.1k tok/s
[radiance] step   3400/4000 loss 1.5837 lm 1.5823 lr 3.063e-03 mem 2.33GB 635.4k tok/s
[radiance] step   3500/4000 loss 1.6212 lm 1.6199 lr 2.743e-03 mem 2.33GB 635.8k tok/s
[radiance] step   3500 val/loss 1.6318 ± 0.0411 bpb 0.5611
[radiance] step   3600/4000 loss 1.5765 lm 1.5753 lr 2.478e-03 mem 2.33GB 638.1k tok/s
[radiance] step   3700/4000 loss 1.6025 lm 1.6014 lr 2.270e-03 mem 2.33GB 637.1k tok/s
[radiance] step   3800/4000 loss 1.5703 lm 1.5693 lr 2.120e-03 mem 2.33GB 638.4k tok/s
[radiance] step   3900/4000 loss 1.5704 lm 1.5694 lr 2.030e-03 mem 2.33GB 638.2k tok/s
[radiance] step   4000/4000 loss 1.5917 lm 1.5907 lr 2.000e-03 mem 2.33GB 640.2k tok/s
[radiance] step   4000 val/loss 1.6102 ± 0.0411 bpb 0.5537
