[radiance] doc_attention_mask on, so compiling without CUDA graphs (mode=None instead of 'reduce-overhead').
[radiance] optimizer=muon (muon_lr=0.02 over 48 tensors, adamw lr=0.01 over the rest)
[radiance] step    100/4000 loss 3.0657 lm 3.0529 lr 1.262e-02 mem 2.33GB
[radiance] step    200/4000 loss 2.6423 lm 2.6292 lr 2.000e-02 mem 2.33GB 636.0k tok/s
[radiance] step    300/4000 loss 2.3173 lm 2.3039 lr 2.000e-02 mem 2.33GB 633.2k tok/s
[radiance] step    400/4000 loss 2.2262 lm 2.2129 lr 2.000e-02 mem 2.33GB 573.4k tok/s
[radiance] step    500/4000 loss 2.1007 lm 2.0876 lr 2.000e-02 mem 2.33GB 638.3k tok/s
[radiance] step    500 val/loss 2.1620 ± 0.0396 bpb 0.7435
[radiance] step    600/4000 loss 2.1721 lm 2.1593 lr 2.000e-02 mem 2.33GB 636.5k tok/s
[radiance] step    700/4000 loss 2.0777 lm 2.0651 lr 2.000e-02 mem 2.33GB 638.4k tok/s
[radiance] step    800/4000 loss 1.9850 lm 1.9723 lr 2.000e-02 mem 2.33GB 638.8k tok/s
[radiance] step    900/4000 loss 1.9735 lm 1.9613 lr 2.000e-02 mem 2.33GB 638.1k tok/s
[radiance] step   1000/4000 loss 2.0579 lm 2.0461 lr 2.000e-02 mem 2.33GB 635.6k tok/s
[radiance] step   1000 val/loss 1.9779 ± 0.0390 bpb 0.6802
[radiance] step   1100/4000 loss 1.9420 lm 1.9305 lr 2.000e-02 mem 2.33GB 635.8k tok/s
[radiance] step   1200/4000 loss 2.0351 lm 2.0239 lr 2.000e-02 mem 2.33GB 638.1k tok/s
[radiance] step   1300/4000 loss 1.8326 lm 1.8213 lr 2.000e-02 mem 2.33GB 636.5k tok/s
[radiance] step   1400/4000 loss 1.9571 lm 1.9465 lr 2.000e-02 mem 2.33GB 637.7k tok/s
[radiance] step   1500/4000 loss 1.7663 lm 1.7556 lr 2.000e-02 mem 2.33GB 636.8k tok/s
[radiance] step   1500 val/loss 1.8909 ± 0.0401 bpb 0.6502
[radiance] step   1600/4000 loss 1.8269 lm 1.8167 lr 2.000e-02 mem 2.33GB 568.5k tok/s
[radiance] step   1700/4000 loss 1.8918 lm 1.8823 lr 2.000e-02 mem 2.33GB 638.7k tok/s
[radiance] step   1800/4000 loss 1.8051 lm 1.7958 lr 2.000e-02 mem 2.33GB 637.6k tok/s
[radiance] step   1900/4000 loss 1.7622 lm 1.7531 lr 2.000e-02 mem 2.33GB 636.3k tok/s
[radiance] step   2000/4000 loss 1.8016 lm 1.7932 lr 2.000e-02 mem 2.33GB 637.9k tok/s
[radiance] step   2000 val/loss 1.8453 ± 0.0402 bpb 0.6346
[radiance] step   2100/4000 loss 1.7202 lm 1.7120 lr 2.000e-02 mem 2.33GB 634.0k tok/s
[radiance] step   2200/4000 loss 1.7678 lm 1.7599 lr 2.000e-02 mem 2.33GB 635.7k tok/s
[radiance] step   2300/4000 loss 1.8701 lm 1.8629 lr 2.000e-02 mem 2.33GB 635.3k tok/s
[radiance] step   2400/4000 loss 1.8250 lm 1.8182 lr 2.000e-02 mem 2.33GB 636.7k tok/s
[radiance] step   2500/4000 loss 1.7575 lm 1.7511 lr 2.000e-02 mem 2.33GB 632.6k tok/s
[radiance] step   2500 val/loss 1.8057 ± 0.0402 bpb 0.6209
[radiance] step   2600/4000 loss 1.8007 lm 1.7945 lr 2.000e-02 mem 2.33GB 634.9k tok/s
[radiance] step   2700/4000 loss 1.7160 lm 1.7102 lr 2.000e-02 mem 2.33GB 630.4k tok/s
[radiance] step   2800/4000 loss 1.8454 lm 1.8401 lr 2.000e-02 mem 2.33GB 638.9k tok/s
[radiance] step   2900/4000 loss 1.7393 lm 1.7344 lr 2.000e-02 mem 2.33GB 635.4k tok/s
[radiance] step   3000/4000 loss 1.7079 lm 1.7032 lr 2.000e-02 mem 2.33GB 633.7k tok/s
[radiance] step   3000 val/loss 1.7850 ± 0.0405 bpb 0.6138
[radiance] step   3100/4000 loss 1.6648 lm 1.6603 lr 2.000e-02 mem 2.33GB 634.2k tok/s
[radiance] step   3200/4000 loss 1.7381 lm 1.7339 lr 2.000e-02 mem 2.33GB 636.7k tok/s
[radiance] step   3300/4000 loss 1.6225 lm 1.6188 lr 1.364e-02 mem 2.33GB 635.2k tok/s
[radiance] step   3400/4000 loss 1.6552 lm 1.6522 lr 1.100e-02 mem 2.33GB 634.2k tok/s
[radiance] step   3500/4000 loss 1.6826 lm 1.6800 lr 8.977e-03 mem 2.33GB 634.5k tok/s
[radiance] step   3500 val/loss 1.6884 ± 0.0410 bpb 0.5806
[radiance] step   3600/4000 loss 1.6254 lm 1.6232 lr 7.272e-03 mem 2.33GB 632.6k tok/s
[radiance] step   3700/4000 loss 1.6406 lm 1.6387 lr 5.770e-03 mem 2.33GB 635.6k tok/s
[radiance] step   3800/4000 loss 1.5962 lm 1.5945 lr 4.412e-03 mem 2.33GB 634.6k tok/s
[radiance] step   3900/4000 loss 1.5829 lm 1.5813 lr 3.163e-03 mem 2.33GB 635.6k tok/s
[radiance] step   4000/4000 loss 1.5893 lm 1.5879 lr 2.000e-03 mem 2.33GB 636.8k tok/s
[radiance] step   4000 val/loss 1.6142 ± 0.0410 bpb 0.5551
