[radiance] padding vocab 50,257 -> 50,304 (multiple of 128) for tensor-core-aligned lm_head matmuls
[radiance] doc_attention_mask on, so compiling without CUDA graphs (mode=None instead of 'reduce-overhead').
[radiance] optimizer=muon (muon_lr=0.02 over 174 tensors, adamw lr=0.01 over the rest)
[radiance] step    100/8000 loss 3.4353 lm 3.4228 lr 6.312e-03 mem 7.22GB
[radiance] step    200/8000 loss 2.5355 lm 2.5203 lr 1.256e-02 mem 7.22GB
[radiance] step    300/8000 loss 2.3111 lm 2.2962 lr 1.881e-02 mem 7.22GB
[radiance] step    400/8000 loss 2.3557 lm 2.3419 lr 2.000e-02 mem 7.22GB
[radiance] step    500/8000 loss 2.1428 lm 2.1288 lr 1.998e-02 mem 7.22GB
[radiance] step    600/8000 loss 1.9571 lm 1.9431 lr 1.994e-02 mem 7.22GB
[radiance] step    700/8000 loss 1.9690 lm 1.9556 lr 1.989e-02 mem 7.22GB
[radiance] step    800/8000 loss 2.0238 lm 2.0109 lr 1.983e-02 mem 7.22GB
[radiance] step    800 val/loss 1.9476
[radiance] step    900/8000 loss 1.7855 lm 1.7724 lr 1.975e-02 mem 7.22GB
[radiance] step   1000/8000 loss 1.8153 lm 1.8027 lr 1.965e-02 mem 7.22GB
[radiance] step   1100/8000 loss 1.7864 lm 1.7740 lr 1.955e-02 mem 7.22GB
[radiance] step   1200/8000 loss 1.7635 lm 1.7516 lr 1.942e-02 mem 7.22GB
[radiance] step   1300/8000 loss 1.8310 lm 1.8197 lr 1.929e-02 mem 7.22GB
[radiance] step   1400/8000 loss 1.7215 lm 1.7103 lr 1.914e-02 mem 7.22GB
[radiance] step   1500/8000 loss 1.7491 lm 1.7385 lr 1.897e-02 mem 7.22GB
[radiance] step   1600/8000 loss 1.7106 lm 1.7004 lr 1.879e-02 mem 7.22GB
[radiance] step   1600 val/loss 1.7785
[radiance] step   1700/8000 loss 1.8156 lm 1.8062 lr 1.860e-02 mem 7.22GB
[radiance] step   1800/8000 loss 1.7576 lm 1.7484 lr 1.840e-02 mem 7.22GB
[radiance] step   1900/8000 loss 1.6836 lm 1.6747 lr 1.818e-02 mem 7.22GB
[radiance] step   2000/8000 loss 1.6041 lm 1.5957 lr 1.796e-02 mem 7.22GB
[radiance] step   2100/8000 loss 1.6967 lm 1.6889 lr 1.772e-02 mem 7.22GB
[radiance] step   2200/8000 loss 1.6712 lm 1.6640 lr 1.747e-02 mem 7.22GB
[radiance] step   2300/8000 loss 1.7420 lm 1.7352 lr 1.721e-02 mem 7.22GB
[radiance] step   2400/8000 loss 1.5753 lm 1.5690 lr 1.693e-02 mem 7.22GB
[radiance] step   2400 val/loss 1.6984
[radiance] step   2500/8000 loss 1.6107 lm 1.6046 lr 1.665e-02 mem 7.22GB
[radiance] step   2600/8000 loss 1.6288 lm 1.6235 lr 1.636e-02 mem 7.22GB
[radiance] step   2700/8000 loss 1.5480 lm 1.5434 lr 1.606e-02 mem 7.22GB
[radiance] step   2800/8000 loss 1.6073 lm 1.6028 lr 1.575e-02 mem 7.22GB
[radiance] step   2900/8000 loss 1.5098 lm 1.5057 lr 1.544e-02 mem 7.22GB
[radiance] step   3000/8000 loss 1.5834 lm 1.5798 lr 1.511e-02 mem 7.22GB
[radiance] step   3100/8000 loss 1.5469 lm 1.5437 lr 1.478e-02 mem 7.22GB
[radiance] step   3200/8000 loss 1.5587 lm 1.5556 lr 1.444e-02 mem 7.22GB
[radiance] step   3200 val/loss 1.6390
[radiance] step   3300/8000 loss 1.6126 lm 1.6098 lr 1.410e-02 mem 7.22GB
[radiance] step   3400/8000 loss 1.5069 lm 1.5041 lr 1.375e-02 mem 7.22GB
[radiance] step   3500/8000 loss 1.4913 lm 1.4886 lr 1.340e-02 mem 7.22GB
[radiance] step   3600/8000 loss 1.5178 lm 1.5153 lr 1.304e-02 mem 7.22GB
[radiance] step   3700/8000 loss 1.5025 lm 1.5001 lr 1.268e-02 mem 7.22GB
[radiance] step   3800/8000 loss 1.5469 lm 1.5446 lr 1.232e-02 mem 7.22GB
[radiance] step   3900/8000 loss 1.6012 lm 1.5988 lr 1.196e-02 mem 7.22GB
[radiance] step   4000/8000 loss 1.5527 lm 1.5503 lr 1.159e-02 mem 7.22GB
[radiance] step   4000 val/loss 1.5908
[radiance] step   4100/8000 loss 1.4709 lm 1.4687 lr 1.122e-02 mem 7.22GB
[radiance] step   4200/8000 loss 1.5063 lm 1.5039 lr 1.085e-02 mem 7.22GB
[radiance] step   4300/8000 loss 1.4560 lm 1.4538 lr 1.048e-02 mem 7.22GB
[radiance] step   4400/8000 loss 1.4981 lm 1.4958 lr 1.012e-02 mem 7.22GB
[radiance] step   4500/8000 loss 1.6171 lm 1.6148 lr 9.752e-03 mem 7.22GB
[radiance] step   4600/8000 loss 1.4842 lm 1.4819 lr 9.389e-03 mem 7.22GB
[radiance] step   4700/8000 loss 1.4371 lm 1.4347 lr 9.028e-03 mem 7.22GB
[radiance] step   4800/8000 loss 1.4612 lm 1.4589 lr 8.671e-03 mem 7.22GB
[radiance] step   4800 val/loss 1.5425
[radiance] step   4900/8000 loss 1.3792 lm 1.3765 lr 8.317e-03 mem 7.22GB
[radiance] step   5000/8000 loss 1.4342 lm 1.4316 lr 7.968e-03 mem 7.22GB
[radiance] step   5100/8000 loss 1.4409 lm 1.4382 lr 7.624e-03 mem 7.22GB
[radiance] step   5200/8000 loss 1.4474 lm 1.4446 lr 7.286e-03 mem 7.22GB
[radiance] step   5300/8000 loss 1.4821 lm 1.4795 lr 6.953e-03 mem 7.22GB
[radiance] step   5400/8000 loss 1.4073 lm 1.4044 lr 6.628e-03 mem 7.22GB
[radiance] step   5500/8000 loss 1.4418 lm 1.4389 lr 6.310e-03 mem 7.22GB
[radiance] step   5600/8000 loss 1.3657 lm 1.3627 lr 6.000e-03 mem 7.22GB
[radiance] step   5600 val/loss 1.5011
[radiance] step   5700/8000 loss 1.4952 lm 1.4923 lr 5.698e-03 mem 7.22GB
[radiance] step   5800/8000 loss 1.4406 lm 1.4374 lr 5.405e-03 mem 7.22GB
[radiance] step   5900/8000 loss 1.4692 lm 1.4660 lr 5.121e-03 mem 7.22GB
[radiance] step   6000/8000 loss 1.5125 lm 1.5093 lr 4.848e-03 mem 7.22GB
[radiance] step   6100/8000 loss 1.3625 lm 1.3591 lr 4.584e-03 mem 7.22GB
[radiance] step   6200/8000 loss 1.4822 lm 1.4787 lr 4.331e-03 mem 7.22GB
[radiance] step   6300/8000 loss 1.5194 lm 1.5159 lr 4.090e-03 mem 7.22GB
[radiance] step   6400/8000 loss 1.3875 lm 1.3839 lr 3.860e-03 mem 7.22GB
[radiance] step   6400 val/loss 1.4637
[radiance] step   6500/8000 loss 1.4170 lm 1.4130 lr 3.642e-03 mem 7.22GB
[radiance] step   6600/8000 loss 1.3347 lm 1.3307 lr 3.436e-03 mem 7.22GB
[radiance] step   6700/8000 loss 1.3967 lm 1.3927 lr 3.243e-03 mem 7.22GB
[radiance] step   6800/8000 loss 1.4736 lm 1.4695 lr 3.063e-03 mem 7.22GB
[radiance] step   6900/8000 loss 1.3806 lm 1.3765 lr 2.896e-03 mem 7.22GB
[radiance] step   7000/8000 loss 1.4297 lm 1.4254 lr 2.743e-03 mem 7.22GB
[radiance] step   7100/8000 loss 1.3800 lm 1.3755 lr 2.603e-03 mem 7.22GB
[radiance] step   7200/8000 loss 1.3491 lm 1.3445 lr 2.478e-03 mem 7.22GB
[radiance] step   7200 val/loss 1.4354
[radiance] step   7300/8000 loss 1.3254 lm 1.3208 lr 2.366e-03 mem 7.22GB
[radiance] step   7400/8000 loss 1.3262 lm 1.3212 lr 2.270e-03 mem 7.22GB
[radiance] step   7500/8000 loss 1.4285 lm 1.4237 lr 2.188e-03 mem 7.22GB
[radiance] step   7600/8000 loss 1.3212 lm 1.3162 lr 2.120e-03 mem 7.22GB
[radiance] step   7700/8000 loss 1.4598 lm 1.4547 lr 2.068e-03 mem 7.22GB
[radiance] step   7800/8000 loss 1.3908 lm 1.3858 lr 2.030e-03 mem 7.22GB
[radiance] step   7900/8000 loss 1.2715 lm 1.2662 lr 2.008e-03 mem 7.22GB
[radiance] step   8000/8000 loss 1.3764 lm 1.3710 lr 2.000e-03 mem 7.22GB
[radiance] step   8000 val/loss 1.4211
