[radiance] padding vocab 50,257 -> 50,304 (multiple of 128) for tensor-core-aligned lm_head matmuls
[radiance] doc_attention_mask on, so compiling without CUDA graphs (mode=None instead of 'reduce-overhead').
[radiance] optimizer=muon (muon_lr=0.02 over 288 tensors, adamw lr=0.01 over the rest)
[radiance] step    100/8000 loss 3.4571 lm 3.4443 lr 6.312e-03 mem 8.66GB
[radiance] step    200/8000 loss 2.6479 lm 2.6330 lr 1.256e-02 mem 8.66GB
[radiance] step    300/8000 loss 2.3161 lm 2.3014 lr 1.881e-02 mem 8.66GB
[radiance] step    400/8000 loss 2.2764 lm 2.2623 lr 2.000e-02 mem 8.66GB
[radiance] step    500/8000 loss 2.0489 lm 2.0347 lr 1.998e-02 mem 8.66GB
[radiance] step    600/8000 loss 1.9986 lm 1.9847 lr 1.994e-02 mem 8.66GB
[radiance] step    700/8000 loss 1.9431 lm 1.9294 lr 1.989e-02 mem 8.66GB
[radiance] step    800/8000 loss 1.9475 lm 1.9342 lr 1.983e-02 mem 8.66GB
[radiance] step    800 val/loss 1.9454
[radiance] step    900/8000 loss 1.8850 lm 1.8720 lr 1.975e-02 mem 8.66GB
[radiance] step   1000/8000 loss 1.9226 lm 1.9103 lr 1.965e-02 mem 8.67GB
[radiance] step   1100/8000 loss 1.8317 lm 1.8192 lr 1.955e-02 mem 8.67GB
[radiance] step   1200/8000 loss 1.8448 lm 1.8328 lr 1.942e-02 mem 8.67GB
[radiance] step   1300/8000 loss 1.7502 lm 1.7382 lr 1.929e-02 mem 8.67GB
[radiance] step   1400/8000 loss 1.8208 lm 1.8093 lr 1.914e-02 mem 8.67GB
[radiance] step   1500/8000 loss 1.8032 lm 1.7924 lr 1.897e-02 mem 8.67GB
[radiance] step   1600/8000 loss 1.7494 lm 1.7386 lr 1.879e-02 mem 8.67GB
[radiance] step   1600 val/loss 1.7727
[radiance] step   1700/8000 loss 1.7503 lm 1.7397 lr 1.860e-02 mem 8.67GB
[radiance] step   1800/8000 loss 1.6537 lm 1.6435 lr 1.840e-02 mem 8.67GB
[radiance] step   1900/8000 loss 1.6889 lm 1.6793 lr 1.818e-02 mem 8.67GB
[radiance] step   2000/8000 loss 1.7326 lm 1.7235 lr 1.796e-02 mem 8.67GB
[radiance] step   2100/8000 loss 1.6877 lm 1.6787 lr 1.772e-02 mem 8.67GB
[radiance] step   2200/8000 loss 1.7172 lm 1.7090 lr 1.747e-02 mem 8.67GB
[radiance] step   2300/8000 loss 1.7465 lm 1.7388 lr 1.721e-02 mem 8.67GB
[radiance] step   2400/8000 loss 1.5492 lm 1.5417 lr 1.693e-02 mem 8.67GB
[radiance] step   2400 val/loss 1.6913
[radiance] step   2500/8000 loss 1.6153 lm 1.6081 lr 1.665e-02 mem 8.67GB
[radiance] step   2600/8000 loss 1.6744 lm 1.6678 lr 1.636e-02 mem 8.67GB
[radiance] step   2700/8000 loss 1.5778 lm 1.5716 lr 1.606e-02 mem 8.67GB
[radiance] step   2800/8000 loss 1.5660 lm 1.5603 lr 1.575e-02 mem 8.67GB
[radiance] step   2900/8000 loss 1.5653 lm 1.5602 lr 1.544e-02 mem 8.67GB
[radiance] step   3000/8000 loss 1.5761 lm 1.5714 lr 1.511e-02 mem 8.67GB
[radiance] step   3100/8000 loss 1.6858 lm 1.6815 lr 1.478e-02 mem 8.67GB
[radiance] step   3200/8000 loss 1.6809 lm 1.6770 lr 1.444e-02 mem 8.67GB
[radiance] step   3200 val/loss 1.6337
[radiance] step   3300/8000 loss 1.6851 lm 1.6815 lr 1.410e-02 mem 8.67GB
[radiance] step   3400/8000 loss 1.6588 lm 1.6554 lr 1.375e-02 mem 8.67GB
[radiance] step   3500/8000 loss 1.6002 lm 1.5972 lr 1.340e-02 mem 8.67GB
[radiance] step   3600/8000 loss 1.6209 lm 1.6182 lr 1.304e-02 mem 8.67GB
[radiance] step   3700/8000 loss 1.4734 lm 1.4710 lr 1.268e-02 mem 8.67GB
[radiance] step   3800/8000 loss 1.5369 lm 1.5346 lr 1.232e-02 mem 8.67GB
[radiance] step   3900/8000 loss 1.5755 lm 1.5734 lr 1.196e-02 mem 8.67GB
[radiance] step   4000/8000 loss 1.5302 lm 1.5283 lr 1.159e-02 mem 8.67GB
[radiance] step   4000 val/loss 1.5837
[radiance] step   4100/8000 loss 1.6320 lm 1.6301 lr 1.122e-02 mem 8.67GB
[radiance] step   4200/8000 loss 1.5732 lm 1.5713 lr 1.085e-02 mem 8.67GB
[radiance] step   4300/8000 loss 1.3456 lm 1.3438 lr 1.048e-02 mem 8.67GB
[radiance] step   4400/8000 loss 1.4704 lm 1.4687 lr 1.012e-02 mem 8.67GB
[radiance] step   4500/8000 loss 1.3941 lm 1.3923 lr 9.752e-03 mem 8.67GB
[radiance] step   4600/8000 loss 1.5650 lm 1.5632 lr 9.389e-03 mem 8.67GB
[radiance] step   4700/8000 loss 1.4870 lm 1.4851 lr 9.028e-03 mem 8.67GB
[radiance] step   4800/8000 loss 1.5089 lm 1.5070 lr 8.671e-03 mem 8.67GB
[radiance] step   4800 val/loss 1.5381
[radiance] step   4900/8000 loss 1.5034 lm 1.5014 lr 8.317e-03 mem 8.67GB
[radiance] step   5000/8000 loss 1.5139 lm 1.5119 lr 7.968e-03 mem 8.67GB
[radiance] step   5100/8000 loss 1.4145 lm 1.4125 lr 7.624e-03 mem 8.67GB
[radiance] step   5200/8000 loss 1.4545 lm 1.4524 lr 7.286e-03 mem 8.67GB
[radiance] step   5300/8000 loss 1.4704 lm 1.4681 lr 6.953e-03 mem 8.67GB
[radiance] step   5400/8000 loss 1.4725 lm 1.4703 lr 6.628e-03 mem 8.67GB
[radiance] step   5500/8000 loss 1.5223 lm 1.5200 lr 6.310e-03 mem 8.67GB
[radiance] step   5600/8000 loss 1.4729 lm 1.4704 lr 6.000e-03 mem 8.67GB
[radiance] step   5600 val/loss 1.4971
[radiance] step   5700/8000 loss 1.4881 lm 1.4856 lr 5.698e-03 mem 8.67GB
[radiance] step   5800/8000 loss 1.3034 lm 1.3007 lr 5.405e-03 mem 8.67GB
[radiance] step   5900/8000 loss 1.4034 lm 1.4006 lr 5.121e-03 mem 8.67GB
[radiance] step   6000/8000 loss 1.4398 lm 1.4370 lr 4.848e-03 mem 8.67GB
[radiance] step   6100/8000 loss 1.3238 lm 1.3207 lr 4.584e-03 mem 8.67GB
[radiance] step   6200/8000 loss 1.4147 lm 1.4117 lr 4.331e-03 mem 8.67GB
[radiance] step   6300/8000 loss 1.4926 lm 1.4894 lr 4.090e-03 mem 8.67GB
[radiance] step   6400/8000 loss 1.4490 lm 1.4457 lr 3.860e-03 mem 8.67GB
[radiance] step   6400 val/loss 1.4601
[radiance] step   6500/8000 loss 1.5149 lm 1.5117 lr 3.642e-03 mem 8.67GB
[radiance] step   6600/8000 loss 1.3172 lm 1.3138 lr 3.436e-03 mem 8.67GB
[radiance] step   6700/8000 loss 1.3520 lm 1.3485 lr 3.243e-03 mem 8.67GB
[radiance] step   6800/8000 loss 1.4207 lm 1.4169 lr 3.063e-03 mem 8.67GB
[radiance] step   6900/8000 loss 1.3972 lm 1.3933 lr 2.896e-03 mem 8.67GB
[radiance] step   7000/8000 loss 1.3234 lm 1.3193 lr 2.743e-03 mem 8.67GB
[radiance] step   7100/8000 loss 1.4885 lm 1.4846 lr 2.603e-03 mem 8.67GB
[radiance] step   7200/8000 loss 1.3991 lm 1.3950 lr 2.478e-03 mem 8.67GB
[radiance] step   7200 val/loss 1.4334
[radiance] step   7300/8000 loss 1.4463 lm 1.4420 lr 2.366e-03 mem 8.67GB
[radiance] step   7400/8000 loss 1.3518 lm 1.3473 lr 2.270e-03 mem 8.67GB
[radiance] step   7500/8000 loss 1.3592 lm 1.3546 lr 2.188e-03 mem 8.67GB
[radiance] step   7600/8000 loss 1.3408 lm 1.3362 lr 2.120e-03 mem 8.67GB
[radiance] step   7700/8000 loss 1.4001 lm 1.3954 lr 2.068e-03 mem 8.67GB
[radiance] step   7800/8000 loss 1.3826 lm 1.3777 lr 2.030e-03 mem 8.67GB
[radiance] step   7900/8000 loss 1.3276 lm 1.3228 lr 2.008e-03 mem 8.67GB
[radiance] step   8000/8000 loss 1.3036 lm 1.2986 lr 2.000e-03 mem 8.67GB
[radiance] step   8000 val/loss 1.4172
