[radiance] padding vocab 50,257 -> 50,304 (multiple of 128) for tensor-core-aligned lm_head matmuls
[radiance] doc_attention_mask on, so compiling without CUDA graphs (mode=None instead of 'reduce-overhead').
[radiance] optimizer=muon (muon_lr=0.02 over 102 tensors, adamw lr=0.01 over the rest)
[radiance] step    100/8000 loss 3.1294 lm 3.1163 lr 6.312e-03 mem 6.41GB
[radiance] step    200/8000 loss 2.5978 lm 2.5832 lr 1.256e-02 mem 6.41GB
[radiance] step    300/8000 loss 2.3671 lm 2.3531 lr 1.881e-02 mem 6.41GB
[radiance] step    400/8000 loss 2.1440 lm 2.1302 lr 2.000e-02 mem 6.41GB
[radiance] step    500/8000 loss 2.0973 lm 2.0838 lr 1.998e-02 mem 6.41GB
[radiance] step    600/8000 loss 2.0777 lm 2.0648 lr 1.994e-02 mem 6.41GB
[radiance] step    700/8000 loss 1.9705 lm 1.9576 lr 1.989e-02 mem 6.41GB
[radiance] step    800/8000 loss 1.9366 lm 1.9240 lr 1.983e-02 mem 6.41GB
[radiance] step    800 val/loss 1.9434
[radiance] step    900/8000 loss 1.8304 lm 1.8181 lr 1.975e-02 mem 6.41GB
[radiance] step   1000/8000 loss 1.8665 lm 1.8546 lr 1.965e-02 mem 6.41GB
[radiance] step   1100/8000 loss 1.9114 lm 1.9000 lr 1.955e-02 mem 6.41GB
[radiance] step   1200/8000 loss 1.7977 lm 1.7868 lr 1.942e-02 mem 6.41GB
[radiance] step   1300/8000 loss 1.7524 lm 1.7417 lr 1.929e-02 mem 6.41GB
[radiance] step   1400/8000 loss 1.7447 lm 1.7344 lr 1.914e-02 mem 6.41GB
[radiance] step   1500/8000 loss 1.7283 lm 1.7186 lr 1.897e-02 mem 6.41GB
[radiance] step   1600/8000 loss 1.6999 lm 1.6903 lr 1.879e-02 mem 6.41GB
[radiance] step   1600 val/loss 1.7740
[radiance] step   1700/8000 loss 1.6759 lm 1.6671 lr 1.860e-02 mem 6.41GB
[radiance] step   1800/8000 loss 1.6737 lm 1.6653 lr 1.840e-02 mem 6.41GB
[radiance] step   1900/8000 loss 1.7372 lm 1.7294 lr 1.818e-02 mem 6.41GB
[radiance] step   2000/8000 loss 1.8255 lm 1.8182 lr 1.796e-02 mem 6.41GB
[radiance] step   2100/8000 loss 1.7672 lm 1.7602 lr 1.772e-02 mem 6.41GB
[radiance] step   2200/8000 loss 1.6833 lm 1.6766 lr 1.747e-02 mem 6.41GB
[radiance] step   2300/8000 loss 1.7036 lm 1.6975 lr 1.721e-02 mem 6.41GB
[radiance] step   2400/8000 loss 1.6619 lm 1.6563 lr 1.693e-02 mem 6.41GB
[radiance] step   2400 val/loss 1.6966
[radiance] step   2500/8000 loss 1.6408 lm 1.6357 lr 1.665e-02 mem 6.41GB
[radiance] step   2600/8000 loss 1.5945 lm 1.5897 lr 1.636e-02 mem 6.41GB
[radiance] step   2700/8000 loss 1.6235 lm 1.6191 lr 1.606e-02 mem 6.41GB
[radiance] step   2800/8000 loss 1.5091 lm 1.5051 lr 1.575e-02 mem 6.41GB
[radiance] step   2900/8000 loss 1.4893 lm 1.4856 lr 1.544e-02 mem 6.41GB
[radiance] step   3000/8000 loss 1.6293 lm 1.6260 lr 1.511e-02 mem 6.41GB
[radiance] step   3100/8000 loss 1.6236 lm 1.6205 lr 1.478e-02 mem 6.41GB
[radiance] step   3200/8000 loss 1.5981 lm 1.5952 lr 1.444e-02 mem 6.41GB
[radiance] step   3200 val/loss 1.6391
[radiance] step   3300/8000 loss 1.5338 lm 1.5311 lr 1.410e-02 mem 6.41GB
[radiance] step   3400/8000 loss 1.6484 lm 1.6457 lr 1.375e-02 mem 6.41GB
[radiance] step   3500/8000 loss 1.6569 lm 1.6544 lr 1.340e-02 mem 6.41GB
[radiance] step   3600/8000 loss 1.5671 lm 1.5647 lr 1.304e-02 mem 6.41GB
[radiance] step   3700/8000 loss 1.6135 lm 1.6112 lr 1.268e-02 mem 6.41GB
[radiance] step   3800/8000 loss 1.5136 lm 1.5114 lr 1.232e-02 mem 6.41GB
[radiance] step   3900/8000 loss 1.5466 lm 1.5444 lr 1.196e-02 mem 6.41GB
[radiance] step   4000/8000 loss 1.4440 lm 1.4419 lr 1.159e-02 mem 6.41GB
[radiance] step   4000 val/loss 1.5878
[radiance] step   4100/8000 loss 1.5976 lm 1.5954 lr 1.122e-02 mem 6.41GB
[radiance] step   4200/8000 loss 1.4921 lm 1.4899 lr 1.085e-02 mem 6.41GB
[radiance] step   4300/8000 loss 1.4615 lm 1.4592 lr 1.048e-02 mem 6.41GB
[radiance] step   4400/8000 loss 1.5288 lm 1.5266 lr 1.012e-02 mem 6.41GB
[radiance] step   4500/8000 loss 1.4708 lm 1.4686 lr 9.752e-03 mem 6.41GB
[radiance] step   4600/8000 loss 1.4886 lm 1.4862 lr 9.389e-03 mem 6.41GB
[radiance] step   4700/8000 loss 1.5919 lm 1.5896 lr 9.028e-03 mem 6.41GB
[radiance] step   4800/8000 loss 1.4015 lm 1.3991 lr 8.671e-03 mem 6.41GB
[radiance] step   4800 val/loss 1.5406
[radiance] step   4900/8000 loss 1.4614 lm 1.4589 lr 8.317e-03 mem 6.41GB
[radiance] step   5000/8000 loss 1.4038 lm 1.4012 lr 7.968e-03 mem 6.41GB
[radiance] step   5100/8000 loss 1.4262 lm 1.4236 lr 7.624e-03 mem 6.41GB
[radiance] step   5200/8000 loss 1.4313 lm 1.4286 lr 7.286e-03 mem 6.41GB
[radiance] step   5300/8000 loss 1.4711 lm 1.4682 lr 6.953e-03 mem 6.41GB
[radiance] step   5400/8000 loss 1.4244 lm 1.4216 lr 6.628e-03 mem 6.41GB
[radiance] step   5500/8000 loss 1.4315 lm 1.4285 lr 6.310e-03 mem 6.41GB
[radiance] step   5600/8000 loss 1.3970 lm 1.3940 lr 6.000e-03 mem 6.41GB
[radiance] step   5600 val/loss 1.4981
[radiance] step   5700/8000 loss 1.4819 lm 1.4790 lr 5.698e-03 mem 6.41GB
[radiance] step   5800/8000 loss 1.5123 lm 1.5093 lr 5.405e-03 mem 6.41GB
[radiance] step   5900/8000 loss 1.3830 lm 1.3796 lr 5.121e-03 mem 6.41GB
[radiance] step   6000/8000 loss 1.4120 lm 1.4087 lr 4.848e-03 mem 6.41GB
[radiance] step   6100/8000 loss 1.4225 lm 1.4189 lr 4.584e-03 mem 6.41GB
[radiance] step   6200/8000 loss 1.4045 lm 1.4009 lr 4.331e-03 mem 6.41GB
[radiance] step   6300/8000 loss 1.3680 lm 1.3642 lr 4.090e-03 mem 6.41GB
[radiance] step   6400/8000 loss 1.3253 lm 1.3214 lr 3.860e-03 mem 6.41GB
[radiance] step   6400 val/loss 1.4624
[radiance] step   6500/8000 loss 1.4449 lm 1.4412 lr 3.642e-03 mem 6.41GB
[radiance] step   6600/8000 loss 1.3082 lm 1.3042 lr 3.436e-03 mem 6.41GB
[radiance] step   6700/8000 loss 1.4297 lm 1.4256 lr 3.243e-03 mem 6.41GB
[radiance] step   6800/8000 loss 1.4123 lm 1.4081 lr 3.063e-03 mem 6.41GB
[radiance] step   6900/8000 loss 1.4057 lm 1.4015 lr 2.896e-03 mem 6.41GB
[radiance] step   7000/8000 loss 1.4312 lm 1.4269 lr 2.743e-03 mem 6.41GB
[radiance] step   7100/8000 loss 1.4669 lm 1.4625 lr 2.603e-03 mem 6.41GB
[radiance] step   7200/8000 loss 1.3922 lm 1.3876 lr 2.478e-03 mem 6.41GB
[radiance] step   7200 val/loss 1.4351
[radiance] step   7300/8000 loss 1.4038 lm 1.3990 lr 2.366e-03 mem 6.41GB
[radiance] step   7400/8000 loss 1.2543 lm 1.2492 lr 2.270e-03 mem 6.41GB
[radiance] step   7500/8000 loss 1.3436 lm 1.3386 lr 2.188e-03 mem 6.41GB
[radiance] step   7600/8000 loss 1.3971 lm 1.3922 lr 2.120e-03 mem 6.41GB
[radiance] step   7700/8000 loss 1.4229 lm 1.4178 lr 2.068e-03 mem 6.41GB
[radiance] step   7800/8000 loss 1.4391 lm 1.4339 lr 2.030e-03 mem 6.41GB
[radiance] step   7900/8000 loss 1.3690 lm 1.3639 lr 2.008e-03 mem 6.41GB
[radiance] step   8000/8000 loss 1.3719 lm 1.3665 lr 2.000e-03 mem 6.41GB
[radiance] step   8000 val/loss 1.4198
