[radiance] padding vocab 50,257 -> 50,304 (multiple of 128) for tensor-core-aligned lm_head matmuls
[radiance] doc_attention_mask on, so compiling without CUDA graphs (mode=None instead of 'reduce-overhead').
[radiance] optimizer=muon (muon_lr=0.02 over 132 tensors, adamw lr=0.01 over the rest)
[radiance] step    100/8000 loss 3.1884 lm 3.1757 lr 6.312e-03 mem 6.72GB
[radiance] step    200/8000 loss 2.5091 lm 2.4944 lr 1.256e-02 mem 6.72GB
[radiance] step    300/8000 loss 2.3243 lm 2.3101 lr 1.881e-02 mem 6.72GB
[radiance] step    400/8000 loss 2.1532 lm 2.1393 lr 2.000e-02 mem 6.72GB
[radiance] step    500/8000 loss 2.1293 lm 2.1156 lr 1.998e-02 mem 6.72GB
[radiance] step    600/8000 loss 2.0032 lm 1.9895 lr 1.994e-02 mem 6.72GB
[radiance] step    700/8000 loss 1.9720 lm 1.9588 lr 1.989e-02 mem 6.72GB
[radiance] step    800/8000 loss 1.9361 lm 1.9230 lr 1.983e-02 mem 6.72GB
[radiance] step    800 val/loss 1.9418
[radiance] step    900/8000 loss 1.8970 lm 1.8845 lr 1.975e-02 mem 6.72GB
[radiance] step   1000/8000 loss 1.8359 lm 1.8235 lr 1.965e-02 mem 6.72GB
[radiance] step   1100/8000 loss 1.9155 lm 1.9036 lr 1.955e-02 mem 6.72GB
[radiance] step   1200/8000 loss 1.7764 lm 1.7650 lr 1.942e-02 mem 6.72GB
[radiance] step   1300/8000 loss 1.7651 lm 1.7540 lr 1.929e-02 mem 6.72GB
[radiance] step   1400/8000 loss 1.8779 lm 1.8676 lr 1.914e-02 mem 6.72GB
[radiance] step   1500/8000 loss 1.6470 lm 1.6366 lr 1.897e-02 mem 6.72GB
[radiance] step   1600/8000 loss 1.8177 lm 1.8079 lr 1.879e-02 mem 6.72GB
[radiance] step   1600 val/loss 1.7757
[radiance] step   1700/8000 loss 1.6305 lm 1.6211 lr 1.860e-02 mem 6.72GB
[radiance] step   1800/8000 loss 1.7902 lm 1.7817 lr 1.840e-02 mem 6.72GB
[radiance] step   1900/8000 loss 1.6655 lm 1.6573 lr 1.818e-02 mem 6.72GB
[radiance] step   2000/8000 loss 1.7109 lm 1.7032 lr 1.796e-02 mem 6.72GB
[radiance] step   2100/8000 loss 1.7189 lm 1.7119 lr 1.772e-02 mem 6.72GB
[radiance] step   2200/8000 loss 1.6461 lm 1.6396 lr 1.747e-02 mem 6.72GB
[radiance] step   2300/8000 loss 1.6452 lm 1.6391 lr 1.721e-02 mem 6.72GB
[radiance] step   2400/8000 loss 1.6315 lm 1.6261 lr 1.693e-02 mem 6.72GB
[radiance] step   2400 val/loss 1.6953
[radiance] step   2500/8000 loss 1.6546 lm 1.6497 lr 1.665e-02 mem 6.72GB
[radiance] step   2600/8000 loss 1.6339 lm 1.6293 lr 1.636e-02 mem 6.72GB
[radiance] step   2700/8000 loss 1.7245 lm 1.7202 lr 1.606e-02 mem 6.72GB
[radiance] step   2800/8000 loss 1.5881 lm 1.5844 lr 1.575e-02 mem 6.72GB
[radiance] step   2900/8000 loss 1.5527 lm 1.5492 lr 1.544e-02 mem 6.72GB
[radiance] step   3000/8000 loss 1.6313 lm 1.6279 lr 1.511e-02 mem 6.72GB
[radiance] step   3100/8000 loss 1.5844 lm 1.5812 lr 1.478e-02 mem 6.72GB
[radiance] step   3200/8000 loss 1.5615 lm 1.5585 lr 1.444e-02 mem 6.72GB
[radiance] step   3200 val/loss 1.6370
[radiance] step   3300/8000 loss 1.6273 lm 1.6245 lr 1.410e-02 mem 6.72GB
[radiance] step   3400/8000 loss 1.6271 lm 1.6242 lr 1.375e-02 mem 6.72GB
[radiance] step   3500/8000 loss 1.5902 lm 1.5876 lr 1.340e-02 mem 6.72GB
[radiance] step   3600/8000 loss 1.5915 lm 1.5887 lr 1.304e-02 mem 6.72GB
[radiance] step   3700/8000 loss 1.5811 lm 1.5784 lr 1.268e-02 mem 6.72GB
[radiance] step   3800/8000 loss 1.5869 lm 1.5842 lr 1.232e-02 mem 6.72GB
[radiance] step   3900/8000 loss 1.6089 lm 1.6061 lr 1.196e-02 mem 6.72GB
[radiance] step   4000/8000 loss 1.5035 lm 1.5008 lr 1.159e-02 mem 6.72GB
[radiance] step   4000 val/loss 1.5850
[radiance] step   4100/8000 loss 1.6183 lm 1.6157 lr 1.122e-02 mem 6.72GB
[radiance] step   4200/8000 loss 1.6241 lm 1.6214 lr 1.085e-02 mem 6.72GB
[radiance] step   4300/8000 loss 1.4759 lm 1.4734 lr 1.048e-02 mem 6.72GB
[radiance] step   4400/8000 loss 1.3527 lm 1.3499 lr 1.012e-02 mem 6.72GB
[radiance] step   4500/8000 loss 1.5300 lm 1.5272 lr 9.752e-03 mem 6.72GB
[radiance] step   4600/8000 loss 1.5729 lm 1.5702 lr 9.389e-03 mem 6.72GB
[radiance] step   4700/8000 loss 1.4290 lm 1.4262 lr 9.028e-03 mem 6.72GB
[radiance] step   4800/8000 loss 1.4711 lm 1.4682 lr 8.671e-03 mem 6.72GB
[radiance] step   4800 val/loss 1.5401
[radiance] step   4900/8000 loss 1.5011 lm 1.4981 lr 8.317e-03 mem 6.72GB
[radiance] step   5000/8000 loss 1.4494 lm 1.4463 lr 7.968e-03 mem 6.72GB
[radiance] step   5100/8000 loss 1.4137 lm 1.4106 lr 7.624e-03 mem 6.72GB
[radiance] step   5200/8000 loss 1.4598 lm 1.4568 lr 7.286e-03 mem 6.72GB
[radiance] step   5300/8000 loss 1.4675 lm 1.4644 lr 6.953e-03 mem 6.72GB
[radiance] step   5400/8000 loss 1.4095 lm 1.4063 lr 6.628e-03 mem 6.72GB
[radiance] step   5500/8000 loss 1.4808 lm 1.4776 lr 6.310e-03 mem 6.72GB
[radiance] step   5600/8000 loss 1.3372 lm 1.3337 lr 6.000e-03 mem 6.72GB
[radiance] step   5600 val/loss 1.4952
[radiance] step   5700/8000 loss 1.4739 lm 1.4707 lr 5.698e-03 mem 6.72GB
[radiance] step   5800/8000 loss 1.3696 lm 1.3661 lr 5.405e-03 mem 6.72GB
[radiance] step   5900/8000 loss 1.3406 lm 1.3369 lr 5.121e-03 mem 6.72GB
[radiance] step   6000/8000 loss 1.4386 lm 1.4350 lr 4.848e-03 mem 6.72GB
[radiance] step   6100/8000 loss 1.4393 lm 1.4356 lr 4.584e-03 mem 6.72GB
[radiance] step   6200/8000 loss 1.3663 lm 1.3623 lr 4.331e-03 mem 6.72GB
[radiance] step   6300/8000 loss 1.3734 lm 1.3695 lr 4.090e-03 mem 6.72GB
[radiance] step   6400/8000 loss 1.3876 lm 1.3835 lr 3.860e-03 mem 6.72GB
[radiance] step   6400 val/loss 1.4582
[radiance] step   6500/8000 loss 1.4304 lm 1.4263 lr 3.642e-03 mem 6.72GB
[radiance] step   6600/8000 loss 1.3752 lm 1.3710 lr 3.436e-03 mem 6.72GB
[radiance] step   6700/8000 loss 1.3683 lm 1.3639 lr 3.243e-03 mem 6.72GB
[radiance] step   6800/8000 loss 1.4750 lm 1.4707 lr 3.063e-03 mem 6.72GB
[radiance] step   6900/8000 loss 1.4118 lm 1.4072 lr 2.896e-03 mem 6.72GB
[radiance] step   7000/8000 loss 1.4290 lm 1.4244 lr 2.743e-03 mem 6.72GB
[radiance] step   7100/8000 loss 1.4076 lm 1.4027 lr 2.603e-03 mem 6.72GB
[radiance] step   7200/8000 loss 1.4029 lm 1.3979 lr 2.478e-03 mem 6.72GB
[radiance] step   7200 val/loss 1.4317
[radiance] step   7300/8000 loss 1.3737 lm 1.3687 lr 2.366e-03 mem 6.72GB
[radiance] step   7400/8000 loss 1.3458 lm 1.3407 lr 2.270e-03 mem 6.72GB
[radiance] step   7500/8000 loss 1.3289 lm 1.3239 lr 2.188e-03 mem 6.72GB
[radiance] step   7600/8000 loss 1.3280 lm 1.3227 lr 2.120e-03 mem 6.72GB
[radiance] step   7700/8000 loss 1.3107 lm 1.3053 lr 2.068e-03 mem 6.72GB
[radiance] step   7800/8000 loss 1.3182 lm 1.3127 lr 2.030e-03 mem 6.72GB
[radiance] step   7900/8000 loss 1.3498 lm 1.3445 lr 2.008e-03 mem 6.72GB
[radiance] step   8000/8000 loss 1.3583 lm 1.3530 lr 2.000e-03 mem 6.72GB
[radiance] step   8000 val/loss 1.4163
