[radiance] padding vocab 50,257 -> 50,304 (multiple of 128) for tensor-core-aligned lm_head matmuls
[radiance] grad_checkpoint on, so compiling without CUDA graphs (mode=None instead of 'reduce-overhead').
[radiance] optimizer=muon (muon_lr=0.02 over 78 tensors, adamw lr=0.01 over the rest)
[radiance] step     25/1000 loss 6.3514 lm 6.2355 lr 2.600e-03
[radiance] step     50/1000 loss 5.2757 lm 5.1631 lr 5.100e-03
[radiance] step     75/1000 loss 3.8727 lm 3.7597 lr 7.600e-03
[radiance] step    100/1000 loss 3.3085 lm 3.1944 lr 1.010e-02
[radiance] step    125/1000 loss 3.1636 lm 3.0486 lr 1.260e-02
[radiance] step    150/1000 loss 2.8211 lm 2.7048 lr 1.510e-02
[radiance] step    175/1000 loss 2.7255 lm 2.6102 lr 1.760e-02
[radiance] step    200/1000 loss 2.6709 lm 2.5553 lr 2.000e-02
[radiance] step    225/1000 loss 2.6568 lm 2.5411 lr 1.996e-02
[radiance] step    250/1000 loss 2.4707 lm 2.3544 lr 1.983e-02
W0811 14:50:39.309000 38579 torch/_dynamo/variables/tensor.py:1759] [4/3] Graph break from `Tensor.item()`, consider setting:
W0811 14:50:39.309000 38579 torch/_dynamo/variables/tensor.py:1759] [4/3]     torch._dynamo.config.capture_scalar_outputs = True
W0811 14:50:39.309000 38579 torch/_dynamo/variables/tensor.py:1759] [4/3] or:
W0811 14:50:39.309000 38579 torch/_dynamo/variables/tensor.py:1759] [4/3]     env TORCHDYNAMO_CAPTURE_SCALAR_OUTPUTS=1
W0811 14:50:39.309000 38579 torch/_dynamo/variables/tensor.py:1759] [4/3] to include these operations in the captured graph.
W0811 14:50:39.309000 38579 torch/_dynamo/variables/tensor.py:1759] [4/3] 
W0811 14:50:39.309000 38579 torch/_dynamo/variables/tensor.py:1759] [4/3] Graph break: from user code at:
W0811 14:50:39.309000 38579 torch/_dynamo/variables/tensor.py:1759] [4/3]   File "/home/james/dev/radiance/src/radiance/model.py", line 1151, in _maybe_checkpoint
W0811 14:50:39.309000 38579 torch/_dynamo/variables/tensor.py:1759] [4/3]     return fn(*args)
W0811 14:50:39.309000 38579 torch/_dynamo/variables/tensor.py:1759] [4/3]   File "/home/james/dev/radiance/src/radiance/model.py", line 961, in forward
W0811 14:50:39.309000 38579 torch/_dynamo/variables/tensor.py:1759] [4/3]     x = x + self.ffn(self.ln2(x, variant), variant)
W0811 14:50:39.309000 38579 torch/_dynamo/variables/tensor.py:1759] [4/3]             ~~~~~~~~^^^^^^^^^^^^^^^^^^^^^^^^^^^^^^^
W0811 14:50:39.309000 38579 torch/_dynamo/variables/tensor.py:1759] [4/3]   File "/home/james/dev/radiance/src/radiance/model.py", line 856, in forward
W0811 14:50:39.309000 38579 torch/_dynamo/variables/tensor.py:1759] [4/3]     capacity = _moe_capacity(self.cfg, n_tokens, assigned if full_capacity else None)
W0811 14:50:39.309000 38579 torch/_dynamo/variables/tensor.py:1759] [4/3]   File "/home/james/dev/radiance/src/radiance/model.py", line 689, in _moe_capacity
W0811 14:50:39.309000 38579 torch/_dynamo/variables/tensor.py:1759] [4/3]     return _moe_eval_capacity(assigned, n_tokens)
W0811 14:50:39.309000 38579 torch/_dynamo/variables/tensor.py:1759] [4/3]   File "/home/james/dev/radiance/src/radiance/model.py", line 671, in _moe_eval_capacity
W0811 14:50:39.309000 38579 torch/_dynamo/variables/tensor.py:1759] [4/3]     peak = max(1, int(assigned.sum(dim=0).max().item()))
W0811 14:50:39.309000 38579 torch/_dynamo/variables/tensor.py:1759] [4/3]                       ~~~~~~~~~~~~~~~~~~~~~~~~~~~~~~^^
W0811 14:50:39.309000 38579 torch/_dynamo/variables/tensor.py:1759] [4/3] 
W0811 14:50:39.309000 38579 torch/_dynamo/variables/tensor.py:1759] [4/3] 
[radiance] step    250 val/loss 2.4353
[radiance] step    275/1000 loss 2.5039 lm 2.3881 lr 1.961e-02
[radiance] step    300/1000 loss 2.3582 lm 2.2422 lr 1.931e-02
[radiance] step    325/1000 loss 2.3998 lm 2.2830 lr 1.894e-02
[radiance] step    350/1000 loss 2.3812 lm 2.2643 lr 1.848e-02
[radiance] step    375/1000 loss 2.2482 lm 2.1321 lr 1.796e-02
[radiance] step    400/1000 loss 2.3026 lm 2.1858 lr 1.736e-02
[radiance] step    425/1000 loss 2.2636 lm 2.1469 lr 1.671e-02
[radiance] step    450/1000 loss 2.2304 lm 2.1140 lr 1.600e-02
[radiance] step    475/1000 loss 2.1037 lm 1.9871 lr 1.524e-02
[radiance] step    500/1000 loss 2.1080 lm 1.9912 lr 1.444e-02
[radiance] step    500 val/loss 2.0681
[radiance] step    525/1000 loss 2.1484 lm 2.0316 lr 1.361e-02
[radiance] step    550/1000 loss 2.1209 lm 2.0031 lr 1.276e-02
[radiance] step    575/1000 loss 2.1630 lm 2.0459 lr 1.188e-02
[radiance] step    600/1000 loss 2.0285 lm 1.9114 lr 1.100e-02
[radiance] step    625/1000 loss 2.0234 lm 1.9062 lr 1.012e-02
[radiance] step    650/1000 loss 1.9477 lm 1.8302 lr 9.244e-03
[radiance] step    675/1000 loss 1.9876 lm 1.8698 lr 8.387e-03
[radiance] step    700/1000 loss 1.8606 lm 1.7432 lr 7.556e-03
[radiance] step    725/1000 loss 1.9387 lm 1.8208 lr 6.757e-03
[radiance] step    750/1000 loss 1.9669 lm 1.8501 lr 6.000e-03
[radiance] step    750 val/loss 1.8692
[radiance] step    775/1000 loss 1.9672 lm 1.8498 lr 5.290e-03
[radiance] step    800/1000 loss 1.9534 lm 1.8357 lr 4.636e-03
[radiance] step    825/1000 loss 1.9421 lm 1.8249 lr 4.043e-03
[radiance] step    850/1000 loss 1.8885 lm 1.7709 lr 3.517e-03
[radiance] step    875/1000 loss 1.8832 lm 1.7652 lr 3.063e-03
[radiance] step    900/1000 loss 1.8186 lm 1.7008 lr 2.685e-03
[radiance] step    925/1000 loss 1.8625 lm 1.7445 lr 2.388e-03
[radiance] step    950/1000 loss 1.8008 lm 1.6831 lr 2.173e-03
[radiance] step    975/1000 loss 1.8526 lm 1.7346 lr 2.043e-03
[radiance] step   1000/1000 loss 1.8472 lm 1.7294 lr 2.000e-03
[radiance] step   1000 val/loss 1.7667
