[radiance] padding vocab 50,257 -> 50,304 (multiple of 128) for tensor-core-aligned lm_head matmuls
[radiance] grad_checkpoint on, so compiling without CUDA graphs (mode=None instead of 'reduce-overhead').
[radiance] optimizer=muon (muon_lr=0.02 over 78 tensors, adamw lr=0.03 over the rest)
[radiance] step     25/1000 loss 6.2244 lm 6.0948 lr 2.600e-03
[radiance] step     50/1000 loss 5.1339 lm 5.0178 lr 5.100e-03
[radiance] step     75/1000 loss 3.8840 lm 3.7695 lr 7.600e-03
[radiance] step    100/1000 loss 3.3463 lm 3.2316 lr 1.010e-02
[radiance] step    125/1000 loss 3.2083 lm 3.0929 lr 1.260e-02
[radiance] step    150/1000 loss 2.8189 lm 2.7035 lr 1.510e-02
[radiance] step    175/1000 loss 2.7227 lm 2.6082 lr 1.760e-02
[radiance] step    200/1000 loss 2.6719 lm 2.5570 lr 2.000e-02
[radiance] step    225/1000 loss 2.6647 lm 2.5503 lr 1.996e-02
[radiance] step    250/1000 loss 2.4683 lm 2.3529 lr 1.983e-02
W0811 14:55:11.506000 39455 torch/_dynamo/variables/tensor.py:1759] [4/3] Graph break from `Tensor.item()`, consider setting:
W0811 14:55:11.506000 39455 torch/_dynamo/variables/tensor.py:1759] [4/3]     torch._dynamo.config.capture_scalar_outputs = True
W0811 14:55:11.506000 39455 torch/_dynamo/variables/tensor.py:1759] [4/3] or:
W0811 14:55:11.506000 39455 torch/_dynamo/variables/tensor.py:1759] [4/3]     env TORCHDYNAMO_CAPTURE_SCALAR_OUTPUTS=1
W0811 14:55:11.506000 39455 torch/_dynamo/variables/tensor.py:1759] [4/3] to include these operations in the captured graph.
W0811 14:55:11.506000 39455 torch/_dynamo/variables/tensor.py:1759] [4/3] 
W0811 14:55:11.506000 39455 torch/_dynamo/variables/tensor.py:1759] [4/3] Graph break: from user code at:
W0811 14:55:11.506000 39455 torch/_dynamo/variables/tensor.py:1759] [4/3]   File "/home/james/dev/radiance/src/radiance/model.py", line 1151, in _maybe_checkpoint
W0811 14:55:11.506000 39455 torch/_dynamo/variables/tensor.py:1759] [4/3]     return fn(*args)
W0811 14:55:11.506000 39455 torch/_dynamo/variables/tensor.py:1759] [4/3]   File "/home/james/dev/radiance/src/radiance/model.py", line 961, in forward
W0811 14:55:11.506000 39455 torch/_dynamo/variables/tensor.py:1759] [4/3]     x = x + self.ffn(self.ln2(x, variant), variant)
W0811 14:55:11.506000 39455 torch/_dynamo/variables/tensor.py:1759] [4/3]             ~~~~~~~~^^^^^^^^^^^^^^^^^^^^^^^^^^^^^^^
W0811 14:55:11.506000 39455 torch/_dynamo/variables/tensor.py:1759] [4/3]   File "/home/james/dev/radiance/src/radiance/model.py", line 856, in forward
W0811 14:55:11.506000 39455 torch/_dynamo/variables/tensor.py:1759] [4/3]     capacity = _moe_capacity(self.cfg, n_tokens, assigned if full_capacity else None)
W0811 14:55:11.506000 39455 torch/_dynamo/variables/tensor.py:1759] [4/3]   File "/home/james/dev/radiance/src/radiance/model.py", line 689, in _moe_capacity
W0811 14:55:11.506000 39455 torch/_dynamo/variables/tensor.py:1759] [4/3]     return _moe_eval_capacity(assigned, n_tokens)
W0811 14:55:11.506000 39455 torch/_dynamo/variables/tensor.py:1759] [4/3]   File "/home/james/dev/radiance/src/radiance/model.py", line 671, in _moe_eval_capacity
W0811 14:55:11.506000 39455 torch/_dynamo/variables/tensor.py:1759] [4/3]     peak = max(1, int(assigned.sum(dim=0).max().item()))
W0811 14:55:11.506000 39455 torch/_dynamo/variables/tensor.py:1759] [4/3]                       ~~~~~~~~~~~~~~~~~~~~~~~~~~~~~~^^
W0811 14:55:11.506000 39455 torch/_dynamo/variables/tensor.py:1759] [4/3] 
W0811 14:55:11.506000 39455 torch/_dynamo/variables/tensor.py:1759] [4/3] 
[radiance] step    250 val/loss 2.4399
[radiance] step    275/1000 loss 2.5103 lm 2.3945 lr 1.961e-02
[radiance] step    300/1000 loss 2.3642 lm 2.2485 lr 1.931e-02
[radiance] step    325/1000 loss 2.4041 lm 2.2884 lr 1.894e-02
[radiance] step    350/1000 loss 2.4035 lm 2.2880 lr 1.848e-02
[radiance] step    375/1000 loss 2.2566 lm 2.1398 lr 1.796e-02
[radiance] step    400/1000 loss 2.3080 lm 2.1928 lr 1.736e-02
[radiance] step    425/1000 loss 2.2776 lm 2.1623 lr 1.671e-02
[radiance] step    450/1000 loss 2.2380 lm 2.1209 lr 1.600e-02
[radiance] step    475/1000 loss 2.1212 lm 2.0034 lr 1.524e-02
[radiance] step    500/1000 loss 2.1277 lm 2.0116 lr 1.444e-02
[radiance] step    500 val/loss 2.0839
[radiance] step    525/1000 loss 2.1551 lm 2.0391 lr 1.361e-02
[radiance] step    550/1000 loss 2.1337 lm 2.0176 lr 1.276e-02
[radiance] step    575/1000 loss 2.1704 lm 2.0541 lr 1.188e-02
[radiance] step    600/1000 loss 2.0427 lm 1.9267 lr 1.100e-02
[radiance] step    625/1000 loss 2.0216 lm 1.9057 lr 1.012e-02
[radiance] step    650/1000 loss 1.9553 lm 1.8398 lr 9.244e-03
[radiance] step    675/1000 loss 1.9913 lm 1.8740 lr 8.387e-03
[radiance] step    700/1000 loss 1.8703 lm 1.7544 lr 7.556e-03
[radiance] step    725/1000 loss 1.9544 lm 1.8380 lr 6.757e-03
[radiance] step    750/1000 loss 1.9843 lm 1.8666 lr 6.000e-03
[radiance] step    750 val/loss 1.8801
[radiance] step    775/1000 loss 1.9812 lm 1.8646 lr 5.290e-03
[radiance] step    800/1000 loss 1.9664 lm 1.8493 lr 4.636e-03
[radiance] step    825/1000 loss 1.9569 lm 1.8397 lr 4.043e-03
[radiance] step    850/1000 loss 1.8985 lm 1.7805 lr 3.517e-03
[radiance] step    875/1000 loss 1.9018 lm 1.7848 lr 3.063e-03
[radiance] step    900/1000 loss 1.8298 lm 1.7124 lr 2.685e-03
[radiance] step    925/1000 loss 1.8763 lm 1.7578 lr 2.388e-03
[radiance] step    950/1000 loss 1.8076 lm 1.6899 lr 2.173e-03
[radiance] step    975/1000 loss 1.8560 lm 1.7379 lr 2.043e-03
[radiance] step   1000/1000 loss 1.8615 lm 1.7433 lr 2.000e-03
[radiance] step   1000 val/loss 1.7727
