[radiance] padding vocab 50,257 -> 50,304 (multiple of 128) for tensor-core-aligned lm_head matmuls
[radiance] grad_checkpoint on, so compiling without CUDA graphs (mode=None instead of 'reduce-overhead').
[radiance] optimizer=muon (muon_lr=0.02 over 67 tensors, adamw lr=0.01 over the rest)
[radiance] step     25/1000 loss 6.3132 lm 6.2016 lr 2.600e-03
[radiance] step     50/1000 loss 4.9982 lm 4.8875 lr 5.100e-03
[radiance] step     75/1000 loss 3.7997 lm 3.6864 lr 7.600e-03
[radiance] step    100/1000 loss 3.4241 lm 3.3106 lr 1.010e-02
[radiance] step    125/1000 loss 3.0454 lm 2.9303 lr 1.260e-02
[radiance] step    150/1000 loss 2.9127 lm 2.7957 lr 1.510e-02
[radiance] step    175/1000 loss 2.8177 lm 2.7023 lr 1.760e-02
[radiance] step    200/1000 loss 2.6954 lm 2.5787 lr 2.000e-02
[radiance] step    225/1000 loss 2.5253 lm 2.4093 lr 1.996e-02
[radiance] step    250/1000 loss 2.5391 lm 2.4233 lr 1.983e-02
W0811 15:01:32.033000 41167 torch/_dynamo/variables/tensor.py:1759] [4/3] Graph break from `Tensor.item()`, consider setting:
W0811 15:01:32.033000 41167 torch/_dynamo/variables/tensor.py:1759] [4/3]     torch._dynamo.config.capture_scalar_outputs = True
W0811 15:01:32.033000 41167 torch/_dynamo/variables/tensor.py:1759] [4/3] or:
W0811 15:01:32.033000 41167 torch/_dynamo/variables/tensor.py:1759] [4/3]     env TORCHDYNAMO_CAPTURE_SCALAR_OUTPUTS=1
W0811 15:01:32.033000 41167 torch/_dynamo/variables/tensor.py:1759] [4/3] to include these operations in the captured graph.
W0811 15:01:32.033000 41167 torch/_dynamo/variables/tensor.py:1759] [4/3] 
W0811 15:01:32.033000 41167 torch/_dynamo/variables/tensor.py:1759] [4/3] Graph break: from user code at:
W0811 15:01:32.033000 41167 torch/_dynamo/variables/tensor.py:1759] [4/3]   File "/home/james/dev/radiance/src/radiance/model.py", line 1151, in _maybe_checkpoint
W0811 15:01:32.033000 41167 torch/_dynamo/variables/tensor.py:1759] [4/3]     return fn(*args)
W0811 15:01:32.033000 41167 torch/_dynamo/variables/tensor.py:1759] [4/3]   File "/home/james/dev/radiance/src/radiance/model.py", line 961, in forward
W0811 15:01:32.033000 41167 torch/_dynamo/variables/tensor.py:1759] [4/3]     x = x + self.ffn(self.ln2(x, variant), variant)
W0811 15:01:32.033000 41167 torch/_dynamo/variables/tensor.py:1759] [4/3]             ~~~~~~~~^^^^^^^^^^^^^^^^^^^^^^^^^^^^^^^
W0811 15:01:32.033000 41167 torch/_dynamo/variables/tensor.py:1759] [4/3]   File "/home/james/dev/radiance/src/radiance/model.py", line 856, in forward
W0811 15:01:32.033000 41167 torch/_dynamo/variables/tensor.py:1759] [4/3]     capacity = _moe_capacity(self.cfg, n_tokens, assigned if full_capacity else None)
W0811 15:01:32.033000 41167 torch/_dynamo/variables/tensor.py:1759] [4/3]   File "/home/james/dev/radiance/src/radiance/model.py", line 689, in _moe_capacity
W0811 15:01:32.033000 41167 torch/_dynamo/variables/tensor.py:1759] [4/3]     return _moe_eval_capacity(assigned, n_tokens)
W0811 15:01:32.033000 41167 torch/_dynamo/variables/tensor.py:1759] [4/3]   File "/home/james/dev/radiance/src/radiance/model.py", line 671, in _moe_eval_capacity
W0811 15:01:32.033000 41167 torch/_dynamo/variables/tensor.py:1759] [4/3]     peak = max(1, int(assigned.sum(dim=0).max().item()))
W0811 15:01:32.033000 41167 torch/_dynamo/variables/tensor.py:1759] [4/3]                       ~~~~~~~~~~~~~~~~~~~~~~~~~~~~~~^^
W0811 15:01:32.033000 41167 torch/_dynamo/variables/tensor.py:1759] [4/3] 
W0811 15:01:32.033000 41167 torch/_dynamo/variables/tensor.py:1759] [4/3] 
[radiance] step    250 val/loss 2.4668
[radiance] step    275/1000 loss 2.4920 lm 2.3757 lr 1.961e-02
[radiance] step    300/1000 loss 2.4527 lm 2.3363 lr 1.931e-02
[radiance] step    325/1000 loss 2.3402 lm 2.2243 lr 1.894e-02
[radiance] step    350/1000 loss 2.3125 lm 2.1969 lr 1.848e-02
[radiance] step    375/1000 loss 2.2200 lm 2.1032 lr 1.796e-02
[radiance] step    400/1000 loss 2.3128 lm 2.1965 lr 1.736e-02
[radiance] step    425/1000 loss 2.2468 lm 2.1306 lr 1.671e-02
[radiance] step    450/1000 loss 2.1989 lm 2.0824 lr 1.600e-02
[radiance] step    475/1000 loss 2.1939 lm 2.0782 lr 1.524e-02
[radiance] step    500/1000 loss 2.1022 lm 1.9852 lr 1.444e-02
[radiance] step    500 val/loss 2.0909
[radiance] step    525/1000 loss 2.1546 lm 2.0372 lr 1.361e-02
[radiance] step    550/1000 loss 2.1119 lm 1.9947 lr 1.276e-02
[radiance] step    575/1000 loss 2.0982 lm 1.9814 lr 1.188e-02
[radiance] step    600/1000 loss 2.1078 lm 1.9911 lr 1.100e-02
[radiance] step    625/1000 loss 2.1816 lm 2.0645 lr 1.012e-02
[radiance] step    650/1000 loss 1.9320 lm 1.8141 lr 9.244e-03
[radiance] step    675/1000 loss 2.0775 lm 1.9604 lr 8.387e-03
[radiance] step    700/1000 loss 1.9377 lm 1.8200 lr 7.556e-03
[radiance] step    725/1000 loss 1.9786 lm 1.8614 lr 6.757e-03
[radiance] step    750/1000 loss 1.9729 lm 1.8553 lr 6.000e-03
[radiance] step    750 val/loss 1.8876
[radiance] step    775/1000 loss 1.9536 lm 1.8362 lr 5.290e-03
[radiance] step    800/1000 loss 1.8717 lm 1.7540 lr 4.636e-03
[radiance] step    825/1000 loss 1.9321 lm 1.8146 lr 4.043e-03
[radiance] step    850/1000 loss 1.8968 lm 1.7786 lr 3.517e-03
[radiance] step    875/1000 loss 1.9853 lm 1.8680 lr 3.063e-03
[radiance] step    900/1000 loss 1.8081 lm 1.6903 lr 2.685e-03
[radiance] step    925/1000 loss 1.8919 lm 1.7747 lr 2.388e-03
[radiance] step    950/1000 loss 1.8955 lm 1.7772 lr 2.173e-03
[radiance] step    975/1000 loss 1.9202 lm 1.8031 lr 2.043e-03
[radiance] step   1000/1000 loss 1.7861 lm 1.6675 lr 2.000e-03
[radiance] step   1000 val/loss 1.7832
