[radiance] doc_attention_mask on, so compiling without CUDA graphs (mode=None instead of 'reduce-overhead').
[radiance] optimizer=muon (muon_lr=0.005 over 48 tensors, adamw lr=0.0025 over the rest)
[radiance] step    100/4000 loss 3.8272 lm 3.8179 lr 3.156e-03 mem 2.33GB
[radiance] step    200/4000 loss 2.7995 lm 2.7865 lr 4.999e-03 mem 2.33GB 635.3k tok/s
[radiance] step    300/4000 loss 2.3732 lm 2.3588 lr 4.985e-03 mem 2.33GB 635.2k tok/s
[radiance] step    400/4000 loss 2.2728 lm 2.2581 lr 4.957e-03 mem 2.33GB 572.4k tok/s
[radiance] step    500/4000 loss 2.1220 lm 2.1072 lr 4.914e-03 mem 2.33GB 634.8k tok/s
[radiance] step    500 val/loss 2.1923 ± 0.0401 bpb 0.7539
[radiance] step    600/4000 loss 2.1893 lm 2.1749 lr 4.856e-03 mem 2.33GB 631.0k tok/s
[radiance] step    700/4000 loss 2.0921 lm 2.0778 lr 4.784e-03 mem 2.33GB 633.1k tok/s
[radiance] step    800/4000 loss 1.9838 lm 1.9697 lr 4.699e-03 mem 2.33GB 633.9k tok/s
[radiance] step    900/4000 loss 1.9806 lm 1.9672 lr 4.600e-03 mem 2.33GB 636.6k tok/s
[radiance] step   1000/4000 loss 2.0572 lm 2.0442 lr 4.489e-03 mem 2.33GB 637.5k tok/s
[radiance] step   1000 val/loss 1.9690 ± 0.0394 bpb 0.6771
[radiance] step   1100/4000 loss 1.9347 lm 1.9220 lr 4.367e-03 mem 2.33GB 636.1k tok/s
[radiance] step   1200/4000 loss 1.9998 lm 1.9876 lr 4.234e-03 mem 2.33GB 636.3k tok/s
[radiance] step   1300/4000 loss 1.8107 lm 1.7984 lr 4.090e-03 mem 2.33GB 631.9k tok/s
[radiance] step   1400/4000 loss 1.9275 lm 1.9160 lr 3.938e-03 mem 2.33GB 633.0k tok/s
[radiance] step   1500/4000 loss 1.7250 lm 1.7136 lr 3.778e-03 mem 2.33GB 632.0k tok/s
[radiance] step   1500 val/loss 1.8546 ± 0.0401 bpb 0.6378
[radiance] step   1600/4000 loss 1.7856 lm 1.7747 lr 3.611e-03 mem 2.33GB 569.6k tok/s
[radiance] step   1700/4000 loss 1.8441 lm 1.8340 lr 3.438e-03 mem 2.33GB 637.3k tok/s
[radiance] step   1800/4000 loss 1.7418 lm 1.7317 lr 3.261e-03 mem 2.33GB 636.0k tok/s
[radiance] step   1900/4000 loss 1.6985 lm 1.6887 lr 3.080e-03 mem 2.33GB 635.4k tok/s
[radiance] step   2000/4000 loss 1.7325 lm 1.7233 lr 2.897e-03 mem 2.33GB 635.4k tok/s
[radiance] step   2000 val/loss 1.7798 ± 0.0408 bpb 0.6120
[radiance] step   2100/4000 loss 1.6465 lm 1.6378 lr 2.713e-03 mem 2.33GB 635.3k tok/s
[radiance] step   2200/4000 loss 1.6912 lm 1.6829 lr 2.529e-03 mem 2.33GB 635.0k tok/s
[radiance] step   2300/4000 loss 1.7900 lm 1.7823 lr 2.347e-03 mem 2.33GB 635.2k tok/s
[radiance] step   2400/4000 loss 1.7419 lm 1.7346 lr 2.168e-03 mem 2.33GB 634.2k tok/s
[radiance] step   2500/4000 loss 1.6736 lm 1.6663 lr 1.992e-03 mem 2.33GB 634.2k tok/s
[radiance] step   2500 val/loss 1.7159 ± 0.0407 bpb 0.5901
[radiance] step   2600/4000 loss 1.7015 lm 1.6951 lr 1.821e-03 mem 2.33GB 636.8k tok/s
[radiance] step   2700/4000 loss 1.6036 lm 1.5971 lr 1.657e-03 mem 2.33GB 637.7k tok/s
[radiance] step   2800/4000 loss 1.7442 lm 1.7383 lr 1.500e-03 mem 2.33GB 632.1k tok/s
[radiance] step   2900/4000 loss 1.6184 lm 1.6126 lr 1.351e-03 mem 2.33GB 631.5k tok/s
[radiance] step   3000/4000 loss 1.5859 lm 1.5804 lr 1.212e-03 mem 2.33GB 631.9k tok/s
[radiance] step   3000 val/loss 1.6706 ± 0.0409 bpb 0.5745
[radiance] step   3100/4000 loss 1.5472 lm 1.5419 lr 1.083e-03 mem 2.33GB 632.0k tok/s
[radiance] step   3200/4000 loss 1.6221 lm 1.6172 lr 9.650e-04 mem 2.33GB 630.1k tok/s
[radiance] step   3300/4000 loss 1.5215 lm 1.5165 lr 8.590e-04 mem 2.33GB 635.8k tok/s
[radiance] step   3400/4000 loss 1.5803 lm 1.5757 lr 7.657e-04 mem 2.33GB 631.3k tok/s
[radiance] step   3500/4000 loss 1.6323 lm 1.6281 lr 6.856e-04 mem 2.33GB 631.6k tok/s
[radiance] step   3500 val/loss 1.6362 ± 0.0411 bpb 0.5627
[radiance] step   3600/4000 loss 1.5884 lm 1.5841 lr 6.194e-04 mem 2.33GB 631.4k tok/s
[radiance] step   3700/4000 loss 1.6107 lm 1.6067 lr 5.674e-04 mem 2.33GB 631.6k tok/s
[radiance] step   3800/4000 loss 1.5826 lm 1.5786 lr 5.301e-04 mem 2.33GB 631.9k tok/s
[radiance] step   3900/4000 loss 1.5813 lm 1.5774 lr 5.075e-04 mem 2.33GB 631.1k tok/s
[radiance] step   4000/4000 loss 1.6094 lm 1.6057 lr 5.000e-04 mem 2.33GB 631.6k tok/s
[radiance] step   4000 val/loss 1.6196 ± 0.0410 bpb 0.5570
