[radiance] doc_attention_mask on, so compiling without CUDA graphs (mode=None instead of 'reduce-overhead').
[radiance] optimizer=muon (muon_lr=0.01 over 48 tensors, adamw lr=0.005 over the rest)
[radiance] step    100/4000 loss 3.3536 lm 3.3427 lr 6.312e-03 mem 2.33GB
[radiance] step    200/4000 loss 2.6750 lm 2.6612 lr 1.000e-02 mem 2.33GB 635.4k tok/s
[radiance] step    300/4000 loss 2.3295 lm 2.3154 lr 1.000e-02 mem 2.33GB 634.2k tok/s
[radiance] step    400/4000 loss 2.2398 lm 2.2260 lr 1.000e-02 mem 2.33GB 570.7k tok/s
[radiance] step    500/4000 loss 2.1024 lm 2.0890 lr 1.000e-02 mem 2.33GB 637.9k tok/s
[radiance] step    500 val/loss 2.1641 ± 0.0401 bpb 0.7442
[radiance] step    600/4000 loss 2.1700 lm 2.1571 lr 1.000e-02 mem 2.33GB 632.7k tok/s
[radiance] step    700/4000 loss 2.0696 lm 2.0571 lr 1.000e-02 mem 2.33GB 635.2k tok/s
[radiance] step    800/4000 loss 1.9677 lm 1.9552 lr 1.000e-02 mem 2.33GB 634.7k tok/s
[radiance] step    900/4000 loss 1.9690 lm 1.9573 lr 1.000e-02 mem 2.33GB 634.8k tok/s
[radiance] step   1000/4000 loss 2.0396 lm 2.0282 lr 1.000e-02 mem 2.33GB 635.2k tok/s
[radiance] step   1000 val/loss 1.9678 ± 0.0394 bpb 0.6767
[radiance] step   1100/4000 loss 1.9413 lm 1.9302 lr 1.000e-02 mem 2.33GB 631.4k tok/s
[radiance] step   1200/4000 loss 2.0123 lm 2.0017 lr 1.000e-02 mem 2.33GB 636.7k tok/s
[radiance] step   1300/4000 loss 1.8217 lm 1.8110 lr 1.000e-02 mem 2.33GB 637.3k tok/s
[radiance] step   1400/4000 loss 1.9323 lm 1.9225 lr 1.000e-02 mem 2.33GB 636.7k tok/s
[radiance] step   1500/4000 loss 1.7553 lm 1.7457 lr 1.000e-02 mem 2.33GB 636.5k tok/s
[radiance] step   1500 val/loss 1.8743 ± 0.0402 bpb 0.6445
[radiance] step   1600/4000 loss 1.8091 lm 1.7999 lr 1.000e-02 mem 2.33GB 566.7k tok/s
[radiance] step   1700/4000 loss 1.8660 lm 1.8574 lr 1.000e-02 mem 2.33GB 634.9k tok/s
[radiance] step   1800/4000 loss 1.7753 lm 1.7670 lr 1.000e-02 mem 2.33GB 637.3k tok/s
[radiance] step   1900/4000 loss 1.7287 lm 1.7207 lr 1.000e-02 mem 2.33GB 638.9k tok/s
[radiance] step   2000/4000 loss 1.7807 lm 1.7733 lr 1.000e-02 mem 2.33GB 639.7k tok/s
[radiance] step   2000 val/loss 1.8226 ± 0.0406 bpb 0.6268
[radiance] step   2100/4000 loss 1.6936 lm 1.6866 lr 1.000e-02 mem 2.33GB 638.7k tok/s
[radiance] step   2200/4000 loss 1.7368 lm 1.7302 lr 1.000e-02 mem 2.33GB 634.9k tok/s
[radiance] step   2300/4000 loss 1.8438 lm 1.8379 lr 1.000e-02 mem 2.33GB 635.3k tok/s
[radiance] step   2400/4000 loss 1.7951 lm 1.7896 lr 1.000e-02 mem 2.33GB 635.2k tok/s
[radiance] step   2500/4000 loss 1.7405 lm 1.7353 lr 1.000e-02 mem 2.33GB 631.5k tok/s
[radiance] step   2500 val/loss 1.7827 ± 0.0404 bpb 0.6131
[radiance] step   2600/4000 loss 1.7745 lm 1.7696 lr 1.000e-02 mem 2.33GB 634.7k tok/s
[radiance] step   2700/4000 loss 1.6914 lm 1.6869 lr 1.000e-02 mem 2.33GB 635.3k tok/s
[radiance] step   2800/4000 loss 1.8175 lm 1.8134 lr 1.000e-02 mem 2.33GB 633.0k tok/s
[radiance] step   2900/4000 loss 1.6800 lm 1.6763 lr 7.402e-03 mem 2.33GB 635.3k tok/s
[radiance] step   3000/4000 loss 1.6368 lm 1.6337 lr 6.326e-03 mem 2.33GB 633.4k tok/s
[radiance] step   3000 val/loss 1.7152 ± 0.0407 bpb 0.5898
[radiance] step   3100/4000 loss 1.5831 lm 1.5804 lr 5.500e-03 mem 2.33GB 632.7k tok/s
[radiance] step   3200/4000 loss 1.6423 lm 1.6399 lr 4.804e-03 mem 2.33GB 634.0k tok/s
[radiance] step   3300/4000 loss 1.5427 lm 1.5406 lr 4.191e-03 mem 2.33GB 633.4k tok/s
[radiance] step   3400/4000 loss 1.5830 lm 1.5813 lr 3.636e-03 mem 2.33GB 633.9k tok/s
[radiance] step   3500/4000 loss 1.6410 lm 1.6395 lr 3.126e-03 mem 2.33GB 635.3k tok/s
[radiance] step   3500 val/loss 1.6432 ± 0.0411 bpb 0.5651
[radiance] step   3600/4000 loss 1.5868 lm 1.5856 lr 2.652e-03 mem 2.33GB 638.2k tok/s
[radiance] step   3700/4000 loss 1.6034 lm 1.6022 lr 2.206e-03 mem 2.33GB 637.6k tok/s
[radiance] step   3800/4000 loss 1.5739 lm 1.5728 lr 1.784e-03 mem 2.33GB 635.9k tok/s
[radiance] step   3900/4000 loss 1.5625 lm 1.5615 lr 1.383e-03 mem 2.33GB 634.1k tok/s
[radiance] step   4000/4000 loss 1.5737 lm 1.5729 lr 1.000e-03 mem 2.33GB 633.4k tok/s
[radiance] step   4000 val/loss 1.5998 ± 0.0411 bpb 0.5501
