[radiance] doc_attention_mask on, so compiling without CUDA graphs (mode=None instead of 'reduce-overhead').
[radiance] optimizer=muon (muon_lr=0.02 over 180 tensors, adamw lr=0.01 over the rest)
[radiance] step    100/40000 loss 4.5445 lm 4.5366 lr 1.262e-03 mem 5.53GB
[radiance] step    200/40000 loss 2.9886 lm 2.9772 lr 2.512e-03 mem 5.53GB
[radiance] step    300/40000 loss 2.6332 lm 2.6197 lr 3.762e-03 mem 5.53GB
[radiance] step    400/40000 loss 2.4141 lm 2.3999 lr 5.012e-03 mem 5.53GB
[radiance] step    500/40000 loss 2.1368 lm 2.1226 lr 6.262e-03 mem 5.53GB
[radiance] step    600/40000 loss 2.1443 lm 2.1304 lr 7.513e-03 mem 5.53GB
[radiance] step    700/40000 loss 2.1145 lm 2.1010 lr 8.762e-03 mem 5.53GB
[radiance] step    800/40000 loss 2.0883 lm 2.0755 lr 1.001e-02 mem 5.53GB
[radiance] step    900/40000 loss 2.0397 lm 2.0273 lr 1.126e-02 mem 5.53GB
[radiance] step   1000/40000 loss 2.0232 lm 2.0114 lr 1.251e-02 mem 5.53GB
[radiance] step   1100/40000 loss 1.9491 lm 1.9372 lr 1.376e-02 mem 5.53GB
[radiance] step   1200/40000 loss 1.9841 lm 1.9727 lr 1.501e-02 mem 5.53GB
[radiance] step   1300/40000 loss 1.9572 lm 1.9460 lr 1.626e-02 mem 5.53GB
[radiance] step   1400/40000 loss 1.9873 lm 1.9766 lr 1.751e-02 mem 5.53GB
[radiance] step   1500/40000 loss 1.7843 lm 1.7735 lr 1.876e-02 mem 5.53GB
[radiance] step   1600/40000 loss 1.9290 lm 1.9188 lr 2.000e-02 mem 5.53GB
[radiance] step   1700/40000 loss 1.7862 lm 1.7760 lr 2.000e-02 mem 5.53GB
[radiance] step   1800/40000 loss 1.8209 lm 1.8111 lr 2.000e-02 mem 5.53GB
[radiance] step   1900/40000 loss 1.8075 lm 1.7981 lr 2.000e-02 mem 5.53GB
[radiance] step   2000/40000 loss 1.8398 lm 1.8308 lr 2.000e-02 mem 5.53GB
[radiance] step   2100/40000 loss 1.7298 lm 1.7210 lr 1.999e-02 mem 5.53GB
[radiance] step   2200/40000 loss 1.6986 lm 1.6903 lr 1.999e-02 mem 5.53GB
[radiance] step   2300/40000 loss 1.7552 lm 1.7473 lr 1.999e-02 mem 5.53GB
[radiance] step   2400/40000 loss 1.7614 lm 1.7537 lr 1.998e-02 mem 5.53GB
[radiance] step   2500/40000 loss 1.6873 lm 1.6801 lr 1.998e-02 mem 5.53GB
[radiance] step   2600/40000 loss 1.7303 lm 1.7236 lr 1.997e-02 mem 5.53GB
[radiance] step   2700/40000 loss 1.6080 lm 1.6017 lr 1.996e-02 mem 5.53GB
[radiance] step   2800/40000 loss 1.6717 lm 1.6658 lr 1.996e-02 mem 5.53GB
[radiance] step   2900/40000 loss 1.6948 lm 1.6892 lr 1.995e-02 mem 5.53GB
[radiance] step   3000/40000 loss 1.6396 lm 1.6344 lr 1.994e-02 mem 5.53GB
[radiance] step   3100/40000 loss 1.5484 lm 1.5435 lr 1.993e-02 mem 5.53GB
[radiance] step   3200/40000 loss 1.6856 lm 1.6811 lr 1.992e-02 mem 5.53GB
[radiance] step   3300/40000 loss 1.5970 lm 1.5926 lr 1.991e-02 mem 5.53GB
[radiance] step   3400/40000 loss 1.5545 lm 1.5506 lr 1.990e-02 mem 5.53GB
[radiance] step   3500/40000 loss 1.6447 lm 1.6408 lr 1.989e-02 mem 5.53GB
[radiance] step   3600/40000 loss 1.6492 lm 1.6456 lr 1.988e-02 mem 5.53GB
[radiance] step   3700/40000 loss 1.6712 lm 1.6678 lr 1.987e-02 mem 5.53GB
[radiance] step   3800/40000 loss 1.5375 lm 1.5345 lr 1.985e-02 mem 5.53GB
[radiance] step   3900/40000 loss 1.6171 lm 1.6142 lr 1.984e-02 mem 5.53GB
[radiance] step   4000/40000 loss 1.6526 lm 1.6497 lr 1.983e-02 mem 5.53GB
[radiance] step   4100/40000 loss 1.5201 lm 1.5172 lr 1.981e-02 mem 5.53GB
[radiance] step   4200/40000 loss 1.6310 lm 1.6283 lr 1.980e-02 mem 5.53GB
[radiance] step   4300/40000 loss 1.5349 lm 1.5323 lr 1.978e-02 mem 5.53GB
[radiance] step   4400/40000 loss 1.6233 lm 1.6207 lr 1.976e-02 mem 5.53GB
[radiance] step   4500/40000 loss 1.5477 lm 1.5452 lr 1.975e-02 mem 5.53GB
[radiance] step   4600/40000 loss 1.5869 lm 1.5843 lr 1.973e-02 mem 5.53GB
[radiance] step   4700/40000 loss 1.5711 lm 1.5686 lr 1.971e-02 mem 5.53GB
[radiance] step   4800/40000 loss 1.6552 lm 1.6526 lr 1.969e-02 mem 5.53GB
[radiance] step   4900/40000 loss 1.5733 lm 1.5707 lr 1.967e-02 mem 5.53GB
[radiance] step   5000/40000 loss 1.6335 lm 1.6310 lr 1.965e-02 mem 5.53GB
[radiance] step   5000 val/loss 1.6291
[radiance] step   5100/40000 loss 1.7309 lm 1.7284 lr 1.963e-02 mem 5.53GB
[radiance] step   5200/40000 loss 1.4380 lm 1.4354 lr 1.961e-02 mem 5.53GB
[radiance] step   5300/40000 loss 1.4613 lm 1.4587 lr 1.959e-02 mem 5.53GB
[radiance] step   5400/40000 loss 1.4931 lm 1.4903 lr 1.957e-02 mem 5.53GB
[radiance] step   5500/40000 loss 1.5803 lm 1.5778 lr 1.955e-02 mem 5.53GB
[radiance] step   5600/40000 loss 1.5765 lm 1.5738 lr 1.952e-02 mem 5.53GB
[radiance] step   5700/40000 loss 1.6019 lm 1.5995 lr 1.950e-02 mem 5.53GB
[radiance] step   5800/40000 loss 1.5139 lm 1.5112 lr 1.947e-02 mem 5.53GB
[radiance] step   5900/40000 loss 1.6156 lm 1.6130 lr 1.945e-02 mem 5.53GB
[radiance] step   6000/40000 loss 1.5514 lm 1.5486 lr 1.942e-02 mem 5.53GB
[radiance] step   6100/40000 loss 1.4728 lm 1.4699 lr 1.940e-02 mem 5.53GB
[radiance] step   6200/40000 loss 1.5305 lm 1.5279 lr 1.937e-02 mem 5.53GB
[radiance] step   6300/40000 loss 1.6062 lm 1.6035 lr 1.934e-02 mem 5.53GB
[radiance] step   6400/40000 loss 1.5376 lm 1.5349 lr 1.931e-02 mem 5.53GB
[radiance] step   6500/40000 loss 1.6180 lm 1.6153 lr 1.929e-02 mem 5.53GB
[radiance] step   6600/40000 loss 1.6085 lm 1.6057 lr 1.926e-02 mem 5.53GB
[radiance] step   6700/40000 loss 1.5535 lm 1.5506 lr 1.923e-02 mem 5.53GB
[radiance] step   6800/40000 loss 1.5048 lm 1.5020 lr 1.920e-02 mem 5.53GB
[radiance] step   6900/40000 loss 1.5811 lm 1.5782 lr 1.917e-02 mem 5.53GB
[radiance] step   7000/40000 loss 1.4999 lm 1.4971 lr 1.914e-02 mem 5.53GB
[radiance] step   7100/40000 loss 1.5840 lm 1.5813 lr 1.910e-02 mem 5.53GB
[radiance] step   7200/40000 loss 1.5728 lm 1.5699 lr 1.907e-02 mem 5.53GB
[radiance] step   7300/40000 loss 1.5565 lm 1.5539 lr 1.904e-02 mem 5.53GB
[radiance] step   7400/40000 loss 1.4992 lm 1.4963 lr 1.901e-02 mem 5.53GB
[radiance] step   7500/40000 loss 1.4375 lm 1.4344 lr 1.897e-02 mem 5.53GB
[radiance] step   7600/40000 loss 1.5145 lm 1.5114 lr 1.894e-02 mem 5.53GB
[radiance] step   7700/40000 loss 1.5175 lm 1.5146 lr 1.890e-02 mem 5.53GB
[radiance] step   7800/40000 loss 1.6245 lm 1.6218 lr 1.887e-02 mem 5.53GB
[radiance] step   7900/40000 loss 1.5071 lm 1.5043 lr 1.883e-02 mem 5.53GB
[radiance] step   8000/40000 loss 1.5444 lm 1.5417 lr 1.879e-02 mem 5.53GB
[radiance] step   8100/40000 loss 1.6120 lm 1.6094 lr 1.876e-02 mem 5.53GB
[radiance] step   8200/40000 loss 1.5370 lm 1.5342 lr 1.872e-02 mem 5.53GB
[radiance] step   8300/40000 loss 1.5722 lm 1.5696 lr 1.868e-02 mem 5.53GB
[radiance] step   8400/40000 loss 1.5619 lm 1.5592 lr 1.864e-02 mem 5.53GB
[radiance] step   8500/40000 loss 1.5661 lm 1.5635 lr 1.860e-02 mem 5.53GB
[radiance] step   8600/40000 loss 1.5170 lm 1.5141 lr 1.856e-02 mem 5.53GB
[radiance] step   8700/40000 loss 1.4742 lm 1.4714 lr 1.852e-02 mem 5.53GB
[radiance] step   8800/40000 loss 1.5003 lm 1.4975 lr 1.848e-02 mem 5.53GB
[radiance] step   8900/40000 loss 1.4430 lm 1.4400 lr 1.844e-02 mem 5.53GB
[radiance] step   9000/40000 loss 1.4788 lm 1.4757 lr 1.840e-02 mem 5.53GB
[radiance] step   9100/40000 loss 1.6455 lm 1.6429 lr 1.836e-02 mem 5.53GB
[radiance] step   9200/40000 loss 1.5354 lm 1.5324 lr 1.832e-02 mem 5.53GB
[radiance] step   9300/40000 loss 1.5086 lm 1.5057 lr 1.827e-02 mem 5.53GB
[radiance] step   9400/40000 loss 1.4411 lm 1.4382 lr 1.823e-02 mem 5.53GB
[radiance] step   9500/40000 loss 1.4822 lm 1.4793 lr 1.818e-02 mem 5.53GB
[radiance] step   9600/40000 loss 1.6445 lm 1.6416 lr 1.814e-02 mem 5.53GB
[radiance] step   9700/40000 loss 1.3538 lm 1.3507 lr 1.810e-02 mem 5.53GB
[radiance] step   9800/40000 loss 1.4878 lm 1.4848 lr 1.805e-02 mem 5.53GB
[radiance] step   9900/40000 loss 1.4796 lm 1.4768 lr 1.800e-02 mem 5.53GB
[radiance] step  10000/40000 loss 1.4318 lm 1.4288 lr 1.796e-02 mem 5.53GB
[radiance] step  10000 val/loss 1.5482
[radiance] step  10100/40000 loss 1.4092 lm 1.4062 lr 1.791e-02 mem 5.53GB
[radiance] step  10200/40000 loss 1.4392 lm 1.4361 lr 1.786e-02 mem 5.53GB
[radiance] step  10300/40000 loss 1.5315 lm 1.5285 lr 1.781e-02 mem 5.53GB
[radiance] step  10400/40000 loss 1.4070 lm 1.4040 lr 1.777e-02 mem 5.53GB
[radiance] step  10500/40000 loss 1.5395 lm 1.5366 lr 1.772e-02 mem 5.53GB
[radiance] step  10600/40000 loss 1.4371 lm 1.4339 lr 1.767e-02 mem 5.53GB
[radiance] step  10700/40000 loss 1.4345 lm 1.4315 lr 1.762e-02 mem 5.53GB
[radiance] step  10800/40000 loss 1.5388 lm 1.5358 lr 1.757e-02 mem 5.53GB
[radiance] step  10900/40000 loss 1.4810 lm 1.4779 lr 1.752e-02 mem 5.53GB
[radiance] step  11000/40000 loss 1.5597 lm 1.5569 lr 1.747e-02 mem 5.53GB
[radiance] step  11100/40000 loss 1.4340 lm 1.4310 lr 1.742e-02 mem 5.53GB
[radiance] step  11200/40000 loss 1.5243 lm 1.5215 lr 1.736e-02 mem 5.53GB
[radiance] step  11300/40000 loss 1.5124 lm 1.5096 lr 1.731e-02 mem 5.53GB
[radiance] step  11400/40000 loss 1.5485 lm 1.5454 lr 1.726e-02 mem 5.53GB
[radiance] step  11500/40000 loss 1.5268 lm 1.5238 lr 1.721e-02 mem 5.53GB
[radiance] step  11600/40000 loss 1.5386 lm 1.5355 lr 1.715e-02 mem 5.53GB
[radiance] step  11700/40000 loss 1.4348 lm 1.4317 lr 1.710e-02 mem 5.53GB
[radiance] step  11800/40000 loss 1.5572 lm 1.5544 lr 1.704e-02 mem 5.53GB
[radiance] step  11900/40000 loss 1.4524 lm 1.4495 lr 1.699e-02 mem 5.53GB
[radiance] step  12000/40000 loss 1.4988 lm 1.4958 lr 1.693e-02 mem 5.53GB
[radiance] step  12100/40000 loss 1.4938 lm 1.4909 lr 1.688e-02 mem 5.53GB
[radiance] step  12200/40000 loss 1.4611 lm 1.4579 lr 1.682e-02 mem 5.53GB
[radiance] step  12300/40000 loss 1.5278 lm 1.5248 lr 1.677e-02 mem 5.53GB
[radiance] step  12400/40000 loss 1.4509 lm 1.4478 lr 1.671e-02 mem 5.53GB
[radiance] step  12500/40000 loss 1.4830 lm 1.4800 lr 1.665e-02 mem 5.53GB
[radiance] step  12600/40000 loss 1.5486 lm 1.5457 lr 1.659e-02 mem 5.53GB
[radiance] step  12700/40000 loss 1.6206 lm 1.6179 lr 1.654e-02 mem 5.53GB
[radiance] step  12800/40000 loss 1.5997 lm 1.5968 lr 1.648e-02 mem 5.53GB
[radiance] step  12900/40000 loss 1.4904 lm 1.4874 lr 1.642e-02 mem 5.53GB
[radiance] step  13000/40000 loss 1.4576 lm 1.4547 lr 1.636e-02 mem 5.53GB
[radiance] step  13100/40000 loss 1.3475 lm 1.3443 lr 1.630e-02 mem 5.53GB
[radiance] step  13200/40000 loss 1.4520 lm 1.4489 lr 1.624e-02 mem 5.53GB
[radiance] step  13300/40000 loss 1.5189 lm 1.5159 lr 1.618e-02 mem 5.53GB
[radiance] step  13400/40000 loss 1.4688 lm 1.4659 lr 1.612e-02 mem 5.53GB
[radiance] step  13500/40000 loss 1.4057 lm 1.4026 lr 1.606e-02 mem 5.53GB
[radiance] step  13600/40000 loss 1.4024 lm 1.3993 lr 1.600e-02 mem 5.53GB
[radiance] step  13700/40000 loss 1.5667 lm 1.5637 lr 1.594e-02 mem 5.53GB
[radiance] step  13800/40000 loss 1.4131 lm 1.4100 lr 1.588e-02 mem 5.53GB
[radiance] step  13900/40000 loss 1.4577 lm 1.4546 lr 1.581e-02 mem 5.53GB
[radiance] step  14000/40000 loss 1.4762 lm 1.4730 lr 1.575e-02 mem 5.53GB
[radiance] step  14100/40000 loss 1.4374 lm 1.4340 lr 1.569e-02 mem 5.53GB
[radiance] step  14200/40000 loss 1.4834 lm 1.4803 lr 1.563e-02 mem 5.53GB
[radiance] step  14300/40000 loss 1.5592 lm 1.5561 lr 1.556e-02 mem 5.53GB
[radiance] step  14400/40000 loss 1.5046 lm 1.5013 lr 1.550e-02 mem 5.53GB
[radiance] step  14500/40000 loss 1.4906 lm 1.4874 lr 1.544e-02 mem 5.53GB
[radiance] step  14600/40000 loss 1.4308 lm 1.4278 lr 1.537e-02 mem 5.53GB
[radiance] step  14700/40000 loss 1.4229 lm 1.4197 lr 1.531e-02 mem 5.53GB
[radiance] step  14800/40000 loss 1.4233 lm 1.4201 lr 1.524e-02 mem 5.53GB
[radiance] step  14900/40000 loss 1.4957 lm 1.4925 lr 1.518e-02 mem 5.53GB
[radiance] step  15000/40000 loss 1.5202 lm 1.5172 lr 1.511e-02 mem 5.53GB
[radiance] step  15000 val/loss 1.4998
[radiance] step  15100/40000 loss 1.3571 lm 1.3538 lr 1.505e-02 mem 5.53GB
[radiance] step  15200/40000 loss 1.3909 lm 1.3877 lr 1.498e-02 mem 5.53GB
[radiance] step  15300/40000 loss 1.4335 lm 1.4303 lr 1.491e-02 mem 5.53GB
[radiance] step  15400/40000 loss 1.4782 lm 1.4753 lr 1.485e-02 mem 5.53GB
[radiance] step  15500/40000 loss 1.4357 lm 1.4324 lr 1.478e-02 mem 5.53GB
[radiance] step  15600/40000 loss 1.4047 lm 1.4015 lr 1.471e-02 mem 5.53GB
[radiance] step  15700/40000 loss 1.4133 lm 1.4099 lr 1.465e-02 mem 5.53GB
[radiance] step  15800/40000 loss 1.5146 lm 1.5113 lr 1.458e-02 mem 5.53GB
[radiance] step  15900/40000 loss 1.4875 lm 1.4844 lr 1.451e-02 mem 5.53GB
[radiance] step  16000/40000 loss 1.5474 lm 1.5443 lr 1.444e-02 mem 5.53GB
[radiance] step  16100/40000 loss 1.5159 lm 1.5127 lr 1.438e-02 mem 5.53GB
[radiance] step  16200/40000 loss 1.5095 lm 1.5065 lr 1.431e-02 mem 5.53GB
[radiance] step  16300/40000 loss 1.4333 lm 1.4300 lr 1.424e-02 mem 5.53GB
[radiance] step  16400/40000 loss 1.3434 lm 1.3399 lr 1.417e-02 mem 5.53GB
[radiance] step  16500/40000 loss 1.4432 lm 1.4397 lr 1.410e-02 mem 5.53GB
[radiance] step  16600/40000 loss 1.4477 lm 1.4444 lr 1.403e-02 mem 5.53GB
[radiance] step  16700/40000 loss 1.3664 lm 1.3629 lr 1.396e-02 mem 5.53GB
[radiance] step  16800/40000 loss 1.4185 lm 1.4151 lr 1.389e-02 mem 5.53GB
[radiance] step  16900/40000 loss 1.3616 lm 1.3579 lr 1.382e-02 mem 5.53GB
[radiance] step  17000/40000 loss 1.4361 lm 1.4327 lr 1.375e-02 mem 5.53GB
[radiance] step  17100/40000 loss 1.4077 lm 1.4046 lr 1.368e-02 mem 5.53GB
[radiance] step  17200/40000 loss 1.2845 lm 1.2810 lr 1.361e-02 mem 5.53GB
[radiance] step  17300/40000 loss 1.3705 lm 1.3671 lr 1.354e-02 mem 5.53GB
[radiance] step  17400/40000 loss 1.4517 lm 1.4484 lr 1.347e-02 mem 5.53GB
[radiance] step  17500/40000 loss 1.4781 lm 1.4748 lr 1.340e-02 mem 5.53GB
[radiance] step  17600/40000 loss 1.3664 lm 1.3629 lr 1.333e-02 mem 5.53GB
[radiance] step  17700/40000 loss 1.4044 lm 1.4010 lr 1.326e-02 mem 5.53GB
[radiance] step  17800/40000 loss 1.3858 lm 1.3823 lr 1.319e-02 mem 5.53GB
[radiance] step  17900/40000 loss 1.4413 lm 1.4380 lr 1.312e-02 mem 5.53GB
[radiance] step  18000/40000 loss 1.3625 lm 1.3590 lr 1.304e-02 mem 5.53GB
[radiance] step  18100/40000 loss 1.4795 lm 1.4765 lr 1.297e-02 mem 5.53GB
[radiance] step  18200/40000 loss 1.4388 lm 1.4354 lr 1.290e-02 mem 5.53GB
[radiance] step  18300/40000 loss 1.3365 lm 1.3328 lr 1.283e-02 mem 5.53GB
[radiance] step  18400/40000 loss 1.2729 lm 1.2694 lr 1.276e-02 mem 5.53GB
[radiance] step  18500/40000 loss 1.3785 lm 1.3748 lr 1.268e-02 mem 5.53GB
[radiance] step  18600/40000 loss 1.4615 lm 1.4580 lr 1.261e-02 mem 5.53GB
[radiance] step  18700/40000 loss 1.3891 lm 1.3855 lr 1.254e-02 mem 5.53GB
[radiance] step  18800/40000 loss 1.4015 lm 1.3980 lr 1.247e-02 mem 5.53GB
[radiance] step  18900/40000 loss 1.4926 lm 1.4892 lr 1.239e-02 mem 5.53GB
[radiance] step  19000/40000 loss 1.3332 lm 1.3295 lr 1.232e-02 mem 5.53GB
[radiance] step  19100/40000 loss 1.4725 lm 1.4692 lr 1.225e-02 mem 5.53GB
[radiance] step  19200/40000 loss 1.3696 lm 1.3661 lr 1.217e-02 mem 5.53GB
[radiance] step  19300/40000 loss 1.3842 lm 1.3806 lr 1.210e-02 mem 5.53GB
[radiance] step  19400/40000 loss 1.4616 lm 1.4583 lr 1.203e-02 mem 5.53GB
[radiance] step  19500/40000 loss 1.4969 lm 1.4933 lr 1.196e-02 mem 5.53GB
[radiance] step  19600/40000 loss 1.4852 lm 1.4820 lr 1.188e-02 mem 5.53GB
[radiance] step  19700/40000 loss 1.4181 lm 1.4148 lr 1.181e-02 mem 5.53GB
[radiance] step  19800/40000 loss 1.4065 lm 1.4028 lr 1.174e-02 mem 5.53GB
[radiance] step  19900/40000 loss 1.4625 lm 1.4590 lr 1.166e-02 mem 5.53GB
[radiance] step  20000/40000 loss 1.4575 lm 1.4542 lr 1.159e-02 mem 5.53GB
[radiance] step  20000 val/loss 1.4566
[radiance] step  20100/40000 loss 1.4273 lm 1.4240 lr 1.152e-02 mem 5.53GB
[radiance] step  20200/40000 loss 1.4255 lm 1.4220 lr 1.144e-02 mem 5.53GB
[radiance] step  20300/40000 loss 1.4719 lm 1.4684 lr 1.137e-02 mem 5.53GB
[radiance] step  20400/40000 loss 1.4208 lm 1.4173 lr 1.129e-02 mem 5.53GB
[radiance] step  20500/40000 loss 1.4706 lm 1.4672 lr 1.122e-02 mem 5.53GB
[radiance] step  20600/40000 loss 1.3992 lm 1.3953 lr 1.115e-02 mem 5.53GB
[radiance] step  20700/40000 loss 1.5072 lm 1.5038 lr 1.107e-02 mem 5.53GB
[radiance] step  20800/40000 loss 1.3307 lm 1.3269 lr 1.100e-02 mem 5.53GB
[radiance] step  20900/40000 loss 1.3971 lm 1.3935 lr 1.093e-02 mem 5.53GB
[radiance] step  21000/40000 loss 1.4353 lm 1.4320 lr 1.085e-02 mem 5.53GB
[radiance] step  21100/40000 loss 1.4535 lm 1.4499 lr 1.078e-02 mem 5.53GB
[radiance] step  21200/40000 loss 1.4569 lm 1.4531 lr 1.071e-02 mem 5.53GB
[radiance] step  21300/40000 loss 1.3385 lm 1.3349 lr 1.063e-02 mem 5.53GB
[radiance] step  21400/40000 loss 1.2880 lm 1.2840 lr 1.056e-02 mem 5.53GB
[radiance] step  21500/40000 loss 1.3758 lm 1.3722 lr 1.048e-02 mem 5.53GB
[radiance] step  21600/40000 loss 1.2882 lm 1.2842 lr 1.041e-02 mem 5.53GB
[radiance] step  21700/40000 loss 1.3424 lm 1.3383 lr 1.034e-02 mem 5.53GB
[radiance] step  21800/40000 loss 1.4068 lm 1.4032 lr 1.026e-02 mem 5.53GB
[radiance] step  21900/40000 loss 1.4242 lm 1.4205 lr 1.019e-02 mem 5.53GB
[radiance] step  22000/40000 loss 1.4098 lm 1.4061 lr 1.012e-02 mem 5.53GB
[radiance] step  22100/40000 loss 1.4793 lm 1.4757 lr 1.004e-02 mem 5.53GB
[radiance] step  22200/40000 loss 1.3484 lm 1.3446 lr 9.971e-03 mem 5.53GB
[radiance] step  22300/40000 loss 1.2948 lm 1.2909 lr 9.898e-03 mem 5.53GB
[radiance] step  22400/40000 loss 1.3521 lm 1.3484 lr 9.825e-03 mem 5.53GB
[radiance] step  22500/40000 loss 1.4490 lm 1.4454 lr 9.752e-03 mem 5.53GB
[radiance] step  22600/40000 loss 1.2842 lm 1.2803 lr 9.679e-03 mem 5.53GB
[radiance] step  22700/40000 loss 1.3443 lm 1.3402 lr 9.607e-03 mem 5.53GB
[radiance] step  22800/40000 loss 1.4504 lm 1.4469 lr 9.534e-03 mem 5.53GB
[radiance] step  22900/40000 loss 1.4029 lm 1.3992 lr 9.461e-03 mem 5.53GB
[radiance] step  23000/40000 loss 1.3146 lm 1.3106 lr 9.389e-03 mem 5.53GB
[radiance] step  23100/40000 loss 1.4207 lm 1.4167 lr 9.316e-03 mem 5.53GB
[radiance] step  23200/40000 loss 1.3790 lm 1.3751 lr 9.244e-03 mem 5.53GB
[radiance] step  23300/40000 loss 1.2989 lm 1.2950 lr 9.172e-03 mem 5.53GB
[radiance] step  23400/40000 loss 1.4106 lm 1.4068 lr 9.100e-03 mem 5.53GB
[radiance] step  23500/40000 loss 1.4336 lm 1.4297 lr 9.028e-03 mem 5.53GB
[radiance] step  23600/40000 loss 1.3455 lm 1.3413 lr 8.956e-03 mem 5.53GB
[radiance] step  23700/40000 loss 1.3886 lm 1.3847 lr 8.885e-03 mem 5.53GB
[radiance] step  23800/40000 loss 1.3535 lm 1.3492 lr 8.813e-03 mem 5.53GB
[radiance] step  23900/40000 loss 1.2777 lm 1.2738 lr 8.742e-03 mem 5.53GB
[radiance] step  24000/40000 loss 1.3738 lm 1.3700 lr 8.671e-03 mem 5.53GB
[radiance] step  24100/40000 loss 1.3292 lm 1.3251 lr 8.600e-03 mem 5.53GB
[radiance] step  24200/40000 loss 1.3420 lm 1.3381 lr 8.529e-03 mem 5.53GB
[radiance] step  24300/40000 loss 1.2571 lm 1.2526 lr 8.458e-03 mem 5.53GB
[radiance] step  24400/40000 loss 1.4592 lm 1.4552 lr 8.387e-03 mem 5.53GB
[radiance] step  24500/40000 loss 1.3818 lm 1.3778 lr 8.317e-03 mem 5.53GB
[radiance] step  24600/40000 loss 1.4092 lm 1.4052 lr 8.247e-03 mem 5.53GB
[radiance] step  24700/40000 loss 1.4441 lm 1.4397 lr 8.177e-03 mem 5.53GB
[radiance] step  24800/40000 loss 1.2797 lm 1.2753 lr 8.107e-03 mem 5.53GB
[radiance] step  24900/40000 loss 1.3764 lm 1.3724 lr 8.037e-03 mem 5.53GB
[radiance] step  25000/40000 loss 1.3426 lm 1.3383 lr 7.968e-03 mem 5.53GB
[radiance] step  25000 val/loss 1.4108
[radiance] step  25100/40000 loss 1.2914 lm 1.2870 lr 7.899e-03 mem 5.53GB
[radiance] step  25200/40000 loss 1.3637 lm 1.3596 lr 7.830e-03 mem 5.53GB
[radiance] step  25300/40000 loss 1.3016 lm 1.2971 lr 7.761e-03 mem 5.53GB
[radiance] step  25400/40000 loss 1.2668 lm 1.2623 lr 7.692e-03 mem 5.53GB
[radiance] step  25500/40000 loss 1.3425 lm 1.3379 lr 7.624e-03 mem 5.53GB
[radiance] step  25600/40000 loss 1.2866 lm 1.2822 lr 7.556e-03 mem 5.53GB
[radiance] step  25700/40000 loss 1.3447 lm 1.3405 lr 7.488e-03 mem 5.53GB
[radiance] step  25800/40000 loss 1.3679 lm 1.3636 lr 7.420e-03 mem 5.53GB
[radiance] step  25900/40000 loss 1.2816 lm 1.2770 lr 7.353e-03 mem 5.53GB
[radiance] step  26000/40000 loss 1.2886 lm 1.2842 lr 7.286e-03 mem 5.53GB
[radiance] step  26100/40000 loss 1.3508 lm 1.3464 lr 7.219e-03 mem 5.53GB
[radiance] step  26200/40000 loss 1.4898 lm 1.4859 lr 7.152e-03 mem 5.53GB
[radiance] step  26300/40000 loss 1.3295 lm 1.3253 lr 7.086e-03 mem 5.53GB
[radiance] step  26400/40000 loss 1.3049 lm 1.3004 lr 7.019e-03 mem 5.53GB
[radiance] step  26500/40000 loss 1.3581 lm 1.3536 lr 6.953e-03 mem 5.53GB
[radiance] step  26600/40000 loss 1.2806 lm 1.2758 lr 6.888e-03 mem 5.53GB
[radiance] step  26700/40000 loss 1.2394 lm 1.2346 lr 6.823e-03 mem 5.53GB
[radiance] step  26800/40000 loss 1.3303 lm 1.3258 lr 6.757e-03 mem 5.53GB
[radiance] step  26900/40000 loss 1.2808 lm 1.2761 lr 6.693e-03 mem 5.53GB
[radiance] step  27000/40000 loss 1.3137 lm 1.3092 lr 6.628e-03 mem 5.53GB
[radiance] step  27100/40000 loss 1.3440 lm 1.3395 lr 6.564e-03 mem 5.53GB
[radiance] step  27200/40000 loss 1.4439 lm 1.4395 lr 6.500e-03 mem 5.53GB
[radiance] step  27300/40000 loss 1.3400 lm 1.3354 lr 6.436e-03 mem 5.53GB
[radiance] step  27400/40000 loss 1.3267 lm 1.3219 lr 6.373e-03 mem 5.53GB
[radiance] step  27500/40000 loss 1.3674 lm 1.3627 lr 6.310e-03 mem 5.53GB
[radiance] step  27600/40000 loss 1.2773 lm 1.2724 lr 6.247e-03 mem 5.53GB
[radiance] step  27700/40000 loss 1.2955 lm 1.2907 lr 6.185e-03 mem 5.53GB
[radiance] step  27800/40000 loss 1.3410 lm 1.3363 lr 6.123e-03 mem 5.53GB
[radiance] step  27900/40000 loss 1.3671 lm 1.3623 lr 6.061e-03 mem 5.53GB
[radiance] step  28000/40000 loss 1.4014 lm 1.3967 lr 6.000e-03 mem 5.53GB
[radiance] step  28100/40000 loss 1.3571 lm 1.3523 lr 5.939e-03 mem 5.53GB
[radiance] step  28200/40000 loss 1.2696 lm 1.2646 lr 5.878e-03 mem 5.53GB
[radiance] step  28300/40000 loss 1.3534 lm 1.3488 lr 5.818e-03 mem 5.53GB
[radiance] step  28400/40000 loss 1.2445 lm 1.2396 lr 5.758e-03 mem 5.53GB
[radiance] step  28500/40000 loss 1.3371 lm 1.3321 lr 5.698e-03 mem 5.53GB
[radiance] step  28600/40000 loss 1.3947 lm 1.3898 lr 5.639e-03 mem 5.53GB
[radiance] step  28700/40000 loss 1.3055 lm 1.3005 lr 5.580e-03 mem 5.53GB
[radiance] step  28800/40000 loss 1.2567 lm 1.2516 lr 5.521e-03 mem 5.53GB
[radiance] step  28900/40000 loss 1.2254 lm 1.2203 lr 5.463e-03 mem 5.53GB
[radiance] step  29000/40000 loss 1.2031 lm 1.1981 lr 5.405e-03 mem 5.53GB
[radiance] step  29100/40000 loss 1.3669 lm 1.3620 lr 5.348e-03 mem 5.53GB
[radiance] step  29200/40000 loss 1.2056 lm 1.2003 lr 5.290e-03 mem 5.53GB
[radiance] step  29300/40000 loss 1.2126 lm 1.2074 lr 5.234e-03 mem 5.53GB
[radiance] step  29400/40000 loss 1.1950 lm 1.1894 lr 5.177e-03 mem 5.53GB
[radiance] step  29500/40000 loss 1.2805 lm 1.2754 lr 5.121e-03 mem 5.53GB
[radiance] step  29600/40000 loss 1.2042 lm 1.1988 lr 5.066e-03 mem 5.53GB
[radiance] step  29700/40000 loss 1.2187 lm 1.2131 lr 5.011e-03 mem 5.53GB
[radiance] step  29800/40000 loss 1.2412 lm 1.2359 lr 4.956e-03 mem 5.53GB
[radiance] step  29900/40000 loss 1.2205 lm 1.2150 lr 4.902e-03 mem 5.53GB
[radiance] step  30000/40000 loss 1.3208 lm 1.3154 lr 4.848e-03 mem 5.53GB
[radiance] step  30000 val/loss 1.3585
[radiance] step  30100/40000 loss 1.3568 lm 1.3516 lr 4.794e-03 mem 5.53GB
[radiance] step  30200/40000 loss 1.2782 lm 1.2728 lr 4.741e-03 mem 5.53GB
[radiance] step  30300/40000 loss 1.2281 lm 1.2226 lr 4.688e-03 mem 5.53GB
[radiance] step  30400/40000 loss 1.3149 lm 1.3095 lr 4.636e-03 mem 5.53GB
[radiance] step  30500/40000 loss 1.3130 lm 1.3078 lr 4.584e-03 mem 5.53GB
[radiance] step  30600/40000 loss 1.1651 lm 1.1594 lr 4.533e-03 mem 5.53GB
[radiance] step  30700/40000 loss 1.3343 lm 1.3288 lr 4.482e-03 mem 5.53GB
[radiance] step  30800/40000 loss 1.1870 lm 1.1815 lr 4.431e-03 mem 5.53GB
[radiance] step  30900/40000 loss 1.2712 lm 1.2656 lr 4.381e-03 mem 5.53GB
[radiance] step  31000/40000 loss 1.3864 lm 1.3812 lr 4.331e-03 mem 5.53GB
[radiance] step  31100/40000 loss 1.2064 lm 1.2007 lr 4.282e-03 mem 5.53GB
[radiance] step  31200/40000 loss 1.2474 lm 1.2417 lr 4.233e-03 mem 5.53GB
[radiance] step  31300/40000 loss 1.1859 lm 1.1800 lr 4.185e-03 mem 5.53GB
[radiance] step  31400/40000 loss 1.2944 lm 1.2886 lr 4.137e-03 mem 5.53GB
[radiance] step  31500/40000 loss 1.3023 lm 1.2965 lr 4.090e-03 mem 5.53GB
[radiance] step  31600/40000 loss 1.3024 lm 1.2969 lr 4.043e-03 mem 5.53GB
[radiance] step  31700/40000 loss 1.2517 lm 1.2461 lr 3.996e-03 mem 5.53GB
[radiance] step  31800/40000 loss 1.2974 lm 1.2919 lr 3.950e-03 mem 5.53GB
[radiance] step  31900/40000 loss 1.3012 lm 1.2956 lr 3.905e-03 mem 5.53GB
[radiance] step  32000/40000 loss 1.2781 lm 1.2722 lr 3.860e-03 mem 5.53GB
[radiance] step  32100/40000 loss 1.2530 lm 1.2470 lr 3.815e-03 mem 5.53GB
[radiance] step  32200/40000 loss 1.3078 lm 1.3020 lr 3.771e-03 mem 5.53GB
[radiance] step  32300/40000 loss 1.2208 lm 1.2148 lr 3.728e-03 mem 5.53GB
[radiance] step  32400/40000 loss 1.1803 lm 1.1743 lr 3.684e-03 mem 5.53GB
[radiance] step  32500/40000 loss 1.2628 lm 1.2570 lr 3.642e-03 mem 5.53GB
[radiance] step  32600/40000 loss 1.2358 lm 1.2301 lr 3.600e-03 mem 5.53GB
[radiance] step  32700/40000 loss 1.1551 lm 1.1491 lr 3.558e-03 mem 5.53GB
[radiance] step  32800/40000 loss 1.2643 lm 1.2585 lr 3.517e-03 mem 5.53GB
[radiance] step  32900/40000 loss 1.0892 lm 1.0829 lr 3.476e-03 mem 5.53GB
[radiance] step  33000/40000 loss 1.3191 lm 1.3132 lr 3.436e-03 mem 5.53GB
[radiance] step  33100/40000 loss 1.3431 lm 1.3369 lr 3.396e-03 mem 5.53GB
[radiance] step  33200/40000 loss 1.2406 lm 1.2345 lr 3.357e-03 mem 5.53GB
[radiance] step  33300/40000 loss 1.1628 lm 1.1566 lr 3.319e-03 mem 5.53GB
[radiance] step  33400/40000 loss 1.3053 lm 1.2995 lr 3.280e-03 mem 5.53GB
[radiance] step  33500/40000 loss 1.2768 lm 1.2708 lr 3.243e-03 mem 5.53GB
[radiance] step  33600/40000 loss 1.1103 lm 1.1038 lr 3.206e-03 mem 5.53GB
[radiance] step  33700/40000 loss 1.2416 lm 1.2356 lr 3.169e-03 mem 5.53GB
[radiance] step  33800/40000 loss 1.2795 lm 1.2734 lr 3.133e-03 mem 5.53GB
[radiance] step  33900/40000 loss 1.2342 lm 1.2277 lr 3.098e-03 mem 5.53GB
[radiance] step  34000/40000 loss 1.3149 lm 1.3088 lr 3.063e-03 mem 5.53GB
[radiance] step  34100/40000 loss 1.1850 lm 1.1786 lr 3.028e-03 mem 5.53GB
[radiance] step  34200/40000 loss 1.1851 lm 1.1788 lr 2.994e-03 mem 5.53GB
[radiance] step  34300/40000 loss 1.2432 lm 1.2369 lr 2.961e-03 mem 5.53GB
[radiance] step  34400/40000 loss 1.2807 lm 1.2743 lr 2.928e-03 mem 5.53GB
[radiance] step  34500/40000 loss 1.2822 lm 1.2762 lr 2.896e-03 mem 5.53GB
[radiance] step  34600/40000 loss 1.2501 lm 1.2439 lr 2.864e-03 mem 5.53GB
[radiance] step  34700/40000 loss 1.2808 lm 1.2744 lr 2.833e-03 mem 5.53GB
[radiance] step  34800/40000 loss 1.2638 lm 1.2575 lr 2.802e-03 mem 5.53GB
[radiance] step  34900/40000 loss 1.2988 lm 1.2925 lr 2.772e-03 mem 5.53GB
[radiance] step  35000/40000 loss 1.2266 lm 1.2202 lr 2.743e-03 mem 5.53GB
[radiance] step  35000 val/loss 1.3140
[radiance] step  35100/40000 loss 1.2558 lm 1.2489 lr 2.714e-03 mem 5.53GB
[radiance] step  35200/40000 loss 1.2429 lm 1.2365 lr 2.685e-03 mem 5.53GB
[radiance] step  35300/40000 loss 1.3401 lm 1.3338 lr 2.657e-03 mem 5.53GB
[radiance] step  35400/40000 loss 1.1927 lm 1.1864 lr 2.630e-03 mem 5.53GB
[radiance] step  35500/40000 loss 1.2043 lm 1.1976 lr 2.603e-03 mem 5.53GB
[radiance] step  35600/40000 loss 1.2873 lm 1.2807 lr 2.577e-03 mem 5.53GB
[radiance] step  35700/40000 loss 1.1936 lm 1.1869 lr 2.551e-03 mem 5.53GB
[radiance] step  35800/40000 loss 1.1801 lm 1.1734 lr 2.526e-03 mem 5.53GB
[radiance] step  35900/40000 loss 1.1738 lm 1.1672 lr 2.502e-03 mem 5.53GB
[radiance] step  36000/40000 loss 1.1462 lm 1.1395 lr 2.478e-03 mem 5.53GB
[radiance] step  36100/40000 loss 1.2528 lm 1.2461 lr 2.454e-03 mem 5.53GB
[radiance] step  36200/40000 loss 1.3394 lm 1.3330 lr 2.431e-03 mem 5.53GB
[radiance] step  36300/40000 loss 1.2474 lm 1.2406 lr 2.409e-03 mem 5.53GB
[radiance] step  36400/40000 loss 1.2714 lm 1.2650 lr 2.388e-03 mem 5.53GB
[radiance] step  36500/40000 loss 1.1912 lm 1.1843 lr 2.366e-03 mem 5.53GB
[radiance] step  36600/40000 loss 1.1111 lm 1.1043 lr 2.346e-03 mem 5.53GB
[radiance] step  36700/40000 loss 1.1269 lm 1.1200 lr 2.326e-03 mem 5.53GB
[radiance] step  36800/40000 loss 1.1744 lm 1.1676 lr 2.307e-03 mem 5.53GB
[radiance] step  36900/40000 loss 1.3434 lm 1.3367 lr 2.288e-03 mem 5.53GB
[radiance] step  37000/40000 loss 1.2563 lm 1.2495 lr 2.270e-03 mem 5.53GB
[radiance] step  37100/40000 loss 1.1352 lm 1.1282 lr 2.252e-03 mem 5.53GB
[radiance] step  37200/40000 loss 1.3272 lm 1.3204 lr 2.235e-03 mem 5.53GB
[radiance] step  37300/40000 loss 1.1892 lm 1.1825 lr 2.219e-03 mem 5.53GB
[radiance] step  37400/40000 loss 1.2505 lm 1.2438 lr 2.203e-03 mem 5.53GB
[radiance] step  37500/40000 loss 1.2409 lm 1.2341 lr 2.188e-03 mem 5.53GB
[radiance] step  37600/40000 loss 1.2314 lm 1.2246 lr 2.173e-03 mem 5.53GB
[radiance] step  37700/40000 loss 1.2472 lm 1.2405 lr 2.159e-03 mem 5.53GB
[radiance] step  37800/40000 loss 1.1859 lm 1.1791 lr 2.145e-03 mem 5.53GB
[radiance] step  37900/40000 loss 1.1319 lm 1.1247 lr 2.133e-03 mem 5.53GB
[radiance] step  38000/40000 loss 1.1943 lm 1.1873 lr 2.120e-03 mem 5.53GB
[radiance] step  38100/40000 loss 1.0910 lm 1.0841 lr 2.109e-03 mem 5.53GB
[radiance] step  38200/40000 loss 1.1695 lm 1.1623 lr 2.097e-03 mem 5.53GB
[radiance] step  38300/40000 loss 1.1453 lm 1.1381 lr 2.087e-03 mem 5.53GB
[radiance] step  38400/40000 loss 1.1767 lm 1.1697 lr 2.077e-03 mem 5.53GB
[radiance] step  38500/40000 loss 1.2781 lm 1.2711 lr 2.068e-03 mem 5.53GB
[radiance] step  38600/40000 loss 1.2235 lm 1.2166 lr 2.059e-03 mem 5.53GB
[radiance] step  38700/40000 loss 1.3206 lm 1.3138 lr 2.051e-03 mem 5.53GB
[radiance] step  38800/40000 loss 1.2151 lm 1.2081 lr 2.043e-03 mem 5.53GB
[radiance] step  38900/40000 loss 1.2585 lm 1.2513 lr 2.036e-03 mem 5.53GB
[radiance] step  39000/40000 loss 1.3095 lm 1.3026 lr 2.030e-03 mem 5.53GB
[radiance] step  39100/40000 loss 1.1782 lm 1.1711 lr 2.024e-03 mem 5.53GB
[radiance] step  39200/40000 loss 1.2984 lm 1.2913 lr 2.019e-03 mem 5.53GB
[radiance] step  39300/40000 loss 1.2510 lm 1.2439 lr 2.015e-03 mem 5.53GB
[radiance] step  39400/40000 loss 1.2238 lm 1.2168 lr 2.011e-03 mem 5.53GB
[radiance] step  39500/40000 loss 1.1844 lm 1.1773 lr 2.008e-03 mem 5.53GB
[radiance] step  39600/40000 loss 1.2478 lm 1.2407 lr 2.005e-03 mem 5.53GB
[radiance] step  39700/40000 loss 1.2674 lm 1.2604 lr 2.003e-03 mem 5.53GB
[radiance] step  39800/40000 loss 1.2149 lm 1.2078 lr 2.001e-03 mem 5.53GB
[radiance] step  39900/40000 loss 1.2690 lm 1.2621 lr 2.000e-03 mem 5.53GB
[radiance] step  40000/40000 loss 1.1481 lm 1.1411 lr 2.000e-03 mem 5.53GB
[radiance] step  40000 val/loss 1.2911
