[radiance] doc_attention_mask on, so compiling without CUDA graphs (mode=None instead of 'reduce-overhead').
[radiance] optimizer=muon (muon_lr=0.02 over 180 tensors, adamw lr=0.01 over the rest)
[radiance] step    100/8000 loss 3.2646 lm 3.2532 lr 6.312e-03 mem 5.88GB
[radiance] step    200/8000 loss 2.6018 lm 2.5878 lr 1.256e-02 mem 5.88GB
[radiance] step    300/8000 loss 2.3150 lm 2.3013 lr 1.881e-02 mem 5.88GB
[radiance] step    400/8000 loss 2.2570 lm 2.2431 lr 2.000e-02 mem 5.88GB
[radiance] step    500/8000 loss 2.1673 lm 2.1539 lr 1.998e-02 mem 5.88GB
[radiance] step    600/8000 loss 2.1574 lm 2.1441 lr 1.994e-02 mem 5.88GB
[radiance] step    700/8000 loss 2.0007 lm 1.9877 lr 1.989e-02 mem 5.88GB
[radiance] step    800/8000 loss 1.9514 lm 1.9388 lr 1.983e-02 mem 5.88GB
[radiance] step    800 val/loss 1.9677
[radiance] step    900/8000 loss 1.9163 lm 1.9040 lr 1.975e-02 mem 5.88GB
[radiance] step   1000/8000 loss 1.9354 lm 1.9236 lr 1.965e-02 mem 5.88GB
[radiance] step   1100/8000 loss 1.8732 lm 1.8620 lr 1.955e-02 mem 5.88GB
[radiance] step   1200/8000 loss 1.9051 lm 1.8943 lr 1.942e-02 mem 5.88GB
[radiance] step   1300/8000 loss 1.7283 lm 1.7178 lr 1.929e-02 mem 5.88GB
[radiance] step   1400/8000 loss 1.7418 lm 1.7321 lr 1.914e-02 mem 5.88GB
[radiance] step   1500/8000 loss 1.7728 lm 1.7635 lr 1.897e-02 mem 5.88GB
[radiance] step   1600/8000 loss 1.7633 lm 1.7547 lr 1.879e-02 mem 5.88GB
[radiance] step   1600 val/loss 1.7839
[radiance] step   1700/8000 loss 1.7267 lm 1.7187 lr 1.860e-02 mem 5.88GB
[radiance] step   1800/8000 loss 1.6852 lm 1.6782 lr 1.840e-02 mem 5.88GB
[radiance] step   1900/8000 loss 1.7849 lm 1.7783 lr 1.818e-02 mem 5.88GB
[radiance] step   2000/8000 loss 1.6985 lm 1.6925 lr 1.796e-02 mem 5.88GB
[radiance] step   2100/8000 loss 1.6556 lm 1.6499 lr 1.772e-02 mem 5.88GB
[radiance] step   2200/8000 loss 1.5916 lm 1.5864 lr 1.747e-02 mem 5.88GB
[radiance] step   2300/8000 loss 1.5976 lm 1.5927 lr 1.721e-02 mem 5.88GB
[radiance] step   2400/8000 loss 1.5761 lm 1.5717 lr 1.693e-02 mem 5.88GB
[radiance] step   2400 val/loss 1.6977
[radiance] step   2500/8000 loss 1.6697 lm 1.6652 lr 1.665e-02 mem 5.88GB
[radiance] step   2600/8000 loss 1.7920 lm 1.7880 lr 1.636e-02 mem 5.88GB
[radiance] step   2700/8000 loss 1.6312 lm 1.6273 lr 1.606e-02 mem 5.88GB
[radiance] step   2800/8000 loss 1.5362 lm 1.5322 lr 1.575e-02 mem 5.88GB
[radiance] step   2900/8000 loss 1.6510 lm 1.6472 lr 1.544e-02 mem 5.88GB
[radiance] step   3000/8000 loss 1.5154 lm 1.5118 lr 1.511e-02 mem 5.88GB
[radiance] step   3100/8000 loss 1.6021 lm 1.5985 lr 1.478e-02 mem 5.88GB
[radiance] step   3200/8000 loss 1.5671 lm 1.5636 lr 1.444e-02 mem 5.88GB
[radiance] step   3200 val/loss 1.6374
[radiance] step   3300/8000 loss 1.6913 lm 1.6879 lr 1.410e-02 mem 5.88GB
[radiance] step   3400/8000 loss 1.6038 lm 1.6004 lr 1.375e-02 mem 5.88GB
[radiance] step   3500/8000 loss 1.6151 lm 1.6117 lr 1.340e-02 mem 5.88GB
[radiance] step   3600/8000 loss 1.6168 lm 1.6134 lr 1.304e-02 mem 5.88GB
[radiance] step   3700/8000 loss 1.4577 lm 1.4543 lr 1.268e-02 mem 5.88GB
[radiance] step   3800/8000 loss 1.5640 lm 1.5607 lr 1.232e-02 mem 5.88GB
[radiance] step   3900/8000 loss 1.5310 lm 1.5275 lr 1.196e-02 mem 5.88GB
[radiance] step   4000/8000 loss 1.5514 lm 1.5481 lr 1.159e-02 mem 5.88GB
[radiance] step   4000 val/loss 1.5844
[radiance] step   4100/8000 loss 1.6094 lm 1.6061 lr 1.122e-02 mem 5.88GB
[radiance] step   4200/8000 loss 1.4602 lm 1.4570 lr 1.085e-02 mem 5.88GB
[radiance] step   4300/8000 loss 1.5951 lm 1.5920 lr 1.048e-02 mem 5.88GB
[radiance] step   4400/8000 loss 1.5398 lm 1.5366 lr 1.012e-02 mem 5.88GB
[radiance] step   4500/8000 loss 1.4411 lm 1.4379 lr 9.752e-03 mem 5.88GB
[radiance] step   4600/8000 loss 1.5334 lm 1.5301 lr 9.389e-03 mem 5.88GB
[radiance] step   4700/8000 loss 1.6278 lm 1.6248 lr 9.028e-03 mem 5.88GB
[radiance] step   4800/8000 loss 1.4805 lm 1.4773 lr 8.671e-03 mem 5.88GB
[radiance] step   4800 val/loss 1.5349
[radiance] step   4900/8000 loss 1.4263 lm 1.4230 lr 8.317e-03 mem 5.88GB
[radiance] step   5000/8000 loss 1.3873 lm 1.3839 lr 7.968e-03 mem 5.88GB
[radiance] step   5100/8000 loss 1.4597 lm 1.4562 lr 7.624e-03 mem 5.88GB
[radiance] step   5200/8000 loss 1.5448 lm 1.5415 lr 7.286e-03 mem 5.88GB
[radiance] step   5300/8000 loss 1.4799 lm 1.4765 lr 6.953e-03 mem 5.88GB
[radiance] step   5400/8000 loss 1.4104 lm 1.4069 lr 6.628e-03 mem 5.88GB
[radiance] step   5500/8000 loss 1.3534 lm 1.3500 lr 6.310e-03 mem 5.88GB
[radiance] step   5600/8000 loss 1.5082 lm 1.5049 lr 6.000e-03 mem 5.88GB
[radiance] step   5600 val/loss 1.4919
[radiance] step   5700/8000 loss 1.3416 lm 1.3377 lr 5.698e-03 mem 5.88GB
[radiance] step   5800/8000 loss 1.5258 lm 1.5225 lr 5.405e-03 mem 5.88GB
[radiance] step   5900/8000 loss 1.5199 lm 1.5165 lr 5.121e-03 mem 5.88GB
[radiance] step   6000/8000 loss 1.5467 lm 1.5434 lr 4.848e-03 mem 5.88GB
[radiance] step   6100/8000 loss 1.4532 lm 1.4495 lr 4.584e-03 mem 5.88GB
[radiance] step   6200/8000 loss 1.4555 lm 1.4516 lr 4.331e-03 mem 5.88GB
[radiance] step   6300/8000 loss 1.4461 lm 1.4421 lr 4.090e-03 mem 5.88GB
[radiance] step   6400/8000 loss 1.4834 lm 1.4795 lr 3.860e-03 mem 5.88GB
[radiance] step   6400 val/loss 1.4548
[radiance] step   6500/8000 loss 1.4684 lm 1.4643 lr 3.642e-03 mem 5.88GB
[radiance] step   6600/8000 loss 1.4471 lm 1.4429 lr 3.436e-03 mem 5.88GB
[radiance] step   6700/8000 loss 1.4205 lm 1.4162 lr 3.243e-03 mem 5.88GB
[radiance] step   6800/8000 loss 1.3413 lm 1.3367 lr 3.063e-03 mem 5.88GB
[radiance] step   6900/8000 loss 1.4209 lm 1.4163 lr 2.896e-03 mem 5.88GB
[radiance] step   7000/8000 loss 1.4015 lm 1.3968 lr 2.743e-03 mem 5.88GB
[radiance] step   7100/8000 loss 1.3476 lm 1.3428 lr 2.603e-03 mem 5.88GB
[radiance] step   7200/8000 loss 1.3633 lm 1.3582 lr 2.478e-03 mem 5.88GB
[radiance] step   7200 val/loss 1.4266
[radiance] step   7300/8000 loss 1.3998 lm 1.3948 lr 2.366e-03 mem 5.88GB
[radiance] step   7400/8000 loss 1.2427 lm 1.2373 lr 2.270e-03 mem 5.88GB
[radiance] step   7500/8000 loss 1.4317 lm 1.4266 lr 2.188e-03 mem 5.88GB
[radiance] step   7600/8000 loss 1.4396 lm 1.4345 lr 2.120e-03 mem 5.88GB
[radiance] step   7700/8000 loss 1.4057 lm 1.4005 lr 2.068e-03 mem 5.88GB
[radiance] step   7800/8000 loss 1.3227 lm 1.3172 lr 2.030e-03 mem 5.88GB
[radiance] step   7900/8000 loss 1.3802 lm 1.3746 lr 2.008e-03 mem 5.88GB
[radiance] step   8000/8000 loss 1.3350 lm 1.3296 lr 2.000e-03 mem 5.88GB
[radiance] step   8000 val/loss 1.4101
