[radiance] padding vocab 50,257 -> 50,304 (multiple of 128) for tensor-core-aligned lm_head matmuls
[radiance] optimizer=muon (muon_lr=0.02 over 42 tensors, adamw lr=0.003 over the rest)
[radiance] step     25/400 loss 6.6135 lm 6.6048 lr 6.500e-03
[radiance] step     50/400 loss 4.5471 lm 4.5375 lr 1.275e-02
[radiance] step     75/400 loss 3.5790 lm 3.5671 lr 1.900e-02
[radiance] step    100/400 loss 3.0132 lm 2.9999 lr 1.983e-02
[radiance] step    100 val/loss 3.1358
[radiance] step    125/400 loss 2.8576 lm 2.8436 lr 1.914e-02
[radiance] step    150/400 loss 2.6365 lm 2.6217 lr 1.796e-02
[radiance] step    175/400 loss 2.5511 lm 2.5359 lr 1.636e-02
[radiance] step    200/400 loss 2.4793 lm 2.4638 lr 1.444e-02
[radiance] step    200 val/loss 2.5425
[radiance] step    225/400 loss 2.3079 lm 2.2918 lr 1.232e-02
[radiance] step    250/400 loss 2.2707 lm 2.2545 lr 1.012e-02
[radiance] step    275/400 loss 2.2706 lm 2.2543 lr 7.968e-03
[radiance] step    300/400 loss 2.2554 lm 2.2389 lr 6.000e-03
[radiance] step    300 val/loss 2.2908
[radiance] step    325/400 loss 2.3009 lm 2.2844 lr 4.331e-03
[radiance] step    350/400 loss 2.1309 lm 2.1142 lr 3.063e-03
[radiance] step    375/400 loss 2.1267 lm 2.1098 lr 2.270e-03
[radiance] step    400/400 loss 2.1302 lm 2.1132 lr 2.000e-03
[radiance] step    400 val/loss 2.1691
