[radiance] padding vocab 50,257 -> 50,304 (multiple of 128) for tensor-core-aligned lm_head matmuls
[radiance] optimizer=muon (muon_lr=0.02 over 42 tensors, adamw lr=0.03 over the rest)
[radiance] step     25/400 loss 5.5933 lm 5.5837 lr 6.500e-03
[radiance] step     50/400 loss 4.1107 lm 4.0963 lr 1.275e-02
[radiance] step     75/400 loss 3.5043 lm 3.4900 lr 1.900e-02
[radiance] step    100/400 loss 2.9690 lm 2.9548 lr 1.983e-02
[radiance] step    100 val/loss 3.0744
[radiance] step    125/400 loss 2.7878 lm 2.7732 lr 1.914e-02
[radiance] step    150/400 loss 2.5646 lm 2.5491 lr 1.796e-02
[radiance] step    175/400 loss 2.4992 lm 2.4835 lr 1.636e-02
[radiance] step    200/400 loss 2.4231 lm 2.4075 lr 1.444e-02
[radiance] step    200 val/loss 2.4793
[radiance] step    225/400 loss 2.2597 lm 2.2436 lr 1.232e-02
[radiance] step    250/400 loss 2.2156 lm 2.1990 lr 1.012e-02
[radiance] step    275/400 loss 2.2093 lm 2.1931 lr 7.968e-03
[radiance] step    300/400 loss 2.1916 lm 2.1745 lr 6.000e-03
[radiance] step    300 val/loss 2.2281
[radiance] step    325/400 loss 2.2324 lm 2.2155 lr 4.331e-03
[radiance] step    350/400 loss 2.0653 lm 2.0480 lr 3.063e-03
[radiance] step    375/400 loss 2.0611 lm 2.0436 lr 2.270e-03
[radiance] step    400/400 loss 2.0656 lm 2.0480 lr 2.000e-03
[radiance] step    400 val/loss 2.0981
