[radiance] padding vocab 50,257 -> 50,304 (multiple of 128) for tensor-core-aligned lm_head matmuls
[radiance] optimizer=muon (muon_lr=0.02 over 53 tensors, adamw lr=0.01 over the rest)
[radiance] step     25/400 loss 5.9631 lm 5.9542 lr 6.500e-03
[radiance] step     50/400 loss 4.3129 lm 4.3018 lr 1.275e-02
[radiance] step     75/400 loss 3.3976 lm 3.3834 lr 1.900e-02
[radiance] step    100/400 loss 3.1222 lm 3.1075 lr 1.983e-02
[radiance] step    100 val/loss 3.1077
[W811 11:50:46.210369398 CUDACachingAllocator.cpp:3933] memory allocation failed with OOM on device 0 while trying to allocate 3296722944 bytes (free: 2946957312, total: 33670758400).
[W811 11:50:47.253855338 CUDACachingAllocator.cpp:3933] memory allocation failed with OOM on device 0 while trying to allocate 3296722944 bytes (free: 2951151616, total: 33670758400).
Traceback (most recent call last):
  File "/home/james/dev/radiance/.venv/bin/radiance-train", line 10, in <module>
    sys.exit(main())
             ~~~~^^
  File "/home/james/dev/radiance/src/radiance/train.py", line 628, in main
    train(cfg)
    ~~~~~^^^^^
  File "/home/james/dev/radiance/src/radiance/train.py", line 508, in train
    scaler.scale(chunk_loss * chunk_weight).backward()
    ~~~~~~~~~~~~~~~~~~~~~~~~~~~~~~~~~~~~~~~~~~~~~~~~^^
  File "/home/james/dev/radiance/.venv/lib/python3.13/site-packages/torch/_tensor.py", line 623, in backward
    torch.autograd.backward(
    ~~~~~~~~~~~~~~~~~~~~~~~^
        self, gradient, retain_graph, create_graph, inputs=inputs
        ^^^^^^^^^^^^^^^^^^^^^^^^^^^^^^^^^^^^^^^^^^^^^^^^^^^^^^^^^
    )
    ^
  File "/home/james/dev/radiance/.venv/lib/python3.13/site-packages/torch/autograd/__init__.py", line 395, in backward
    _engine_run_backward(
    ~~~~~~~~~~~~~~~~~~~~^
        tensors,
        ^^^^^^^^
    ...<5 lines>...
        accumulate_grad=True,
        ^^^^^^^^^^^^^^^^^^^^^
    )
    ^
  File "/home/james/dev/radiance/.venv/lib/python3.13/site-packages/torch/autograd/graph.py", line 979, in _engine_run_backward
    return Variable._execution_engine.run_backward(  # Calls into the C++ engine to run the backward pass
           ~~~~~~~~~~~~~~~~~~~~~~~~~~~~~~~~~~~~~~~^^^^^^^^^^^^^^^^^^^^^^^^^^^^^^^^^^^^^^^^^^^^^^^^^^^^^^^
        t_outputs, *args, **kwargs
        ^^^^^^^^^^^^^^^^^^^^^^^^^^
    )  # Calls into the C++ engine to run the backward pass
    ^
RuntimeError: NVML_SUCCESS == DriverAPI::get()->nvmlInit_v2_() INTERNAL ASSERT FAILED at "/__w/pytorch/pytorch/c10/cuda/CUDACachingAllocator.cpp":1377, please report a bug to PyTorch. 
