[radiance] padding vocab 50,257 -> 50,304 (multiple of 128) for tensor-core-aligned lm_head matmuls
[radiance] grad_checkpoint on, so compiling without CUDA graphs (mode=None instead of 'reduce-overhead').
[radiance] optimizer=muon (muon_lr=0.02 over 53 tensors, adamw lr=0.01 over the rest)
[radiance] step     25/3000 loss 8.4805 lm 8.4706 lr 8.667e-04
[radiance] step     50/3000 loss 5.8540 lm 5.8451 lr 1.700e-03
[radiance] step     75/3000 loss 5.0325 lm 5.0235 lr 2.533e-03
[radiance] step    100/3000 loss 4.2192 lm 4.2092 lr 3.367e-03
[radiance] step    125/3000 loss 3.5757 lm 3.5643 lr 4.200e-03
[radiance] step    150/3000 loss 3.2362 lm 3.2237 lr 5.033e-03
[radiance] step    175/3000 loss 2.9815 lm 2.9678 lr 5.867e-03
[radiance] step    200/3000 loss 2.8170 lm 2.8025 lr 6.700e-03
[radiance] step    225/3000 loss 2.7278 lm 2.7130 lr 7.533e-03
[radiance] step    250/3000 loss 2.6559 lm 2.6406 lr 8.367e-03
[radiance] step    250 val/loss 2.6405
[radiance] step    275/3000 loss 2.5844 lm 2.5683 lr 9.200e-03
[radiance] step    300/3000 loss 2.5005 lm 2.4840 lr 1.003e-02
[radiance] step    325/3000 loss 2.4735 lm 2.4570 lr 1.087e-02
[radiance] step    350/3000 loss 2.4339 lm 2.4175 lr 1.170e-02
[radiance] step    375/3000 loss 2.4189 lm 2.4027 lr 1.253e-02
[radiance] step    400/3000 loss 2.2318 lm 2.2155 lr 1.337e-02
[radiance] step    425/3000 loss 2.2563 lm 2.2400 lr 1.420e-02
[radiance] step    450/3000 loss 2.2492 lm 2.2331 lr 1.503e-02
[radiance] step    475/3000 loss 2.2789 lm 2.2629 lr 1.587e-02
[radiance] step    500/3000 loss 2.2111 lm 2.1948 lr 1.670e-02
[radiance] step    500 val/loss 2.2494
[radiance] step    525/3000 loss 2.1538 lm 2.1377 lr 1.753e-02
[radiance] step    550/3000 loss 2.1590 lm 2.1430 lr 1.837e-02
[radiance] step    575/3000 loss 2.1101 lm 2.0938 lr 1.920e-02
[radiance] step    600/3000 loss 2.2603 lm 2.2445 lr 2.000e-02
[radiance] step    625/3000 loss 2.1235 lm 2.1075 lr 2.000e-02
[radiance] step    650/3000 loss 2.1545 lm 2.1384 lr 1.998e-02
[radiance] step    675/3000 loss 2.1190 lm 2.1028 lr 1.996e-02
[radiance] step    700/3000 loss 2.0506 lm 2.0344 lr 1.992e-02
[radiance] step    725/3000 loss 2.1058 lm 2.0897 lr 1.988e-02
[radiance] step    750/3000 loss 2.0417 lm 2.0256 lr 1.983e-02
[radiance] step    750 val/loss 2.0759
[radiance] step    775/3000 loss 2.0208 lm 2.0047 lr 1.976e-02
[radiance] step    800/3000 loss 2.0016 lm 1.9853 lr 1.969e-02
[radiance] step    825/3000 loss 2.0587 lm 2.0425 lr 1.961e-02
[radiance] step    850/3000 loss 1.9968 lm 1.9805 lr 1.952e-02
[radiance] step    875/3000 loss 1.9561 lm 1.9398 lr 1.942e-02
[radiance] step    900/3000 loss 2.0008 lm 1.9846 lr 1.931e-02
[radiance] step    925/3000 loss 1.9446 lm 1.9281 lr 1.920e-02
[radiance] step    950/3000 loss 1.9160 lm 1.8995 lr 1.907e-02
[radiance] step    975/3000 loss 1.9940 lm 1.9778 lr 1.894e-02
[radiance] step   1000/3000 loss 1.9431 lm 1.9267 lr 1.879e-02
[radiance] step   1000 val/loss 1.9602
[radiance] step   1025/3000 loss 1.9085 lm 1.8921 lr 1.864e-02
[radiance] step   1050/3000 loss 1.9364 lm 1.9202 lr 1.848e-02
[radiance] step   1075/3000 loss 1.8442 lm 1.8276 lr 1.832e-02
[radiance] step   1100/3000 loss 1.9473 lm 1.9309 lr 1.814e-02
[radiance] step   1125/3000 loss 2.0675 lm 2.0518 lr 1.796e-02
[radiance] step   1150/3000 loss 1.9455 lm 1.9293 lr 1.777e-02
[radiance] step   1175/3000 loss 1.8828 lm 1.8665 lr 1.757e-02
[radiance] step   1200/3000 loss 1.7900 lm 1.7730 lr 1.736e-02
[radiance] step   1225/3000 loss 1.9156 lm 1.8992 lr 1.715e-02
[radiance] step   1250/3000 loss 1.9012 lm 1.8849 lr 1.693e-02
[radiance] step   1250 val/loss 1.8845
[radiance] step   1275/3000 loss 1.8264 lm 1.8100 lr 1.671e-02
[radiance] step   1300/3000 loss 1.8930 lm 1.8769 lr 1.648e-02
[radiance] step   1325/3000 loss 1.7982 lm 1.7817 lr 1.624e-02
[radiance] step   1350/3000 loss 1.7679 lm 1.7514 lr 1.600e-02
[radiance] step   1375/3000 loss 1.8476 lm 1.8313 lr 1.575e-02
[radiance] step   1400/3000 loss 1.9336 lm 1.9175 lr 1.550e-02
[radiance] step   1425/3000 loss 1.7975 lm 1.7812 lr 1.524e-02
[radiance] step   1450/3000 loss 1.8198 lm 1.8032 lr 1.498e-02
[radiance] step   1475/3000 loss 1.8576 lm 1.8413 lr 1.471e-02
[radiance] step   1500/3000 loss 1.7760 lm 1.7595 lr 1.444e-02
[radiance] step   1500 val/loss 1.8231
[radiance] step   1525/3000 loss 1.8441 lm 1.8277 lr 1.417e-02
[radiance] step   1550/3000 loss 1.7766 lm 1.7600 lr 1.389e-02
[radiance] step   1575/3000 loss 1.7547 lm 1.7384 lr 1.361e-02
[radiance] step   1600/3000 loss 1.7134 lm 1.6968 lr 1.333e-02
[radiance] step   1625/3000 loss 1.7595 lm 1.7430 lr 1.304e-02
[radiance] step   1650/3000 loss 1.7212 lm 1.7047 lr 1.276e-02
[radiance] step   1675/3000 loss 1.8617 lm 1.8454 lr 1.247e-02
[radiance] step   1700/3000 loss 1.7649 lm 1.7486 lr 1.217e-02
[radiance] step   1725/3000 loss 1.7009 lm 1.6843 lr 1.188e-02
[radiance] step   1750/3000 loss 1.6514 lm 1.6346 lr 1.159e-02
[radiance] step   1750 val/loss 1.7662
[radiance] step   1775/3000 loss 1.7314 lm 1.7150 lr 1.129e-02
[radiance] step   1800/3000 loss 1.8267 lm 1.8106 lr 1.100e-02
[radiance] step   1825/3000 loss 1.7275 lm 1.7109 lr 1.071e-02
[radiance] step   1850/3000 loss 1.7351 lm 1.7187 lr 1.041e-02
[radiance] step   1875/3000 loss 1.7593 lm 1.7433 lr 1.012e-02
[radiance] step   1900/3000 loss 1.6884 lm 1.6718 lr 9.825e-03
[radiance] step   1925/3000 loss 1.6523 lm 1.6356 lr 9.534e-03
[radiance] step   1950/3000 loss 1.6991 lm 1.6828 lr 9.244e-03
[radiance] step   1975/3000 loss 1.6768 lm 1.6604 lr 8.956e-03
[radiance] step   2000/3000 loss 1.7484 lm 1.7320 lr 8.671e-03
[radiance] step   2000 val/loss 1.7150
[radiance] step   2025/3000 loss 1.6900 lm 1.6738 lr 8.387e-03
[radiance] step   2050/3000 loss 1.6640 lm 1.6474 lr 8.107e-03
[radiance] step   2075/3000 loss 1.7489 lm 1.7325 lr 7.830e-03
[radiance] step   2100/3000 loss 1.6653 lm 1.6489 lr 7.556e-03
[radiance] step   2125/3000 loss 1.5399 lm 1.5231 lr 7.286e-03
[radiance] step   2150/3000 loss 1.6588 lm 1.6424 lr 7.019e-03
[radiance] step   2175/3000 loss 1.5829 lm 1.5663 lr 6.757e-03
[radiance] step   2200/3000 loss 1.5829 lm 1.5661 lr 6.500e-03
[radiance] step   2225/3000 loss 1.6609 lm 1.6446 lr 6.247e-03
[radiance] step   2250/3000 loss 1.5822 lm 1.5655 lr 6.000e-03
[radiance] step   2250 val/loss 1.6697
[radiance] step   2275/3000 loss 1.5781 lm 1.5616 lr 5.758e-03
[radiance] step   2300/3000 loss 1.6942 lm 1.6781 lr 5.521e-03
[radiance] step   2325/3000 loss 1.7294 lm 1.7131 lr 5.290e-03
[radiance] step   2350/3000 loss 1.6473 lm 1.6309 lr 5.066e-03
[radiance] step   2375/3000 loss 1.5518 lm 1.5352 lr 4.848e-03
[radiance] step   2400/3000 loss 1.7212 lm 1.7050 lr 4.636e-03
[radiance] step   2425/3000 loss 1.6634 lm 1.6469 lr 4.431e-03
[radiance] step   2450/3000 loss 1.5671 lm 1.5504 lr 4.233e-03
[radiance] step   2475/3000 loss 1.6218 lm 1.6054 lr 4.043e-03
[radiance] step   2500/3000 loss 1.4873 lm 1.4705 lr 3.860e-03
[radiance] step   2500 val/loss 1.6313
[radiance] step   2525/3000 loss 1.6053 lm 1.5887 lr 3.684e-03
[radiance] step   2550/3000 loss 1.5977 lm 1.5811 lr 3.517e-03
[radiance] step   2575/3000 loss 1.5659 lm 1.5493 lr 3.357e-03
[radiance] step   2600/3000 loss 1.7016 lm 1.6855 lr 3.206e-03
[radiance] step   2625/3000 loss 1.5420 lm 1.5254 lr 3.063e-03
[radiance] step   2650/3000 loss 1.5740 lm 1.5575 lr 2.928e-03
[radiance] step   2675/3000 loss 1.5452 lm 1.5285 lr 2.802e-03
[radiance] step   2700/3000 loss 1.5111 lm 1.4943 lr 2.685e-03
[radiance] step   2725/3000 loss 1.5897 lm 1.5733 lr 2.577e-03
[radiance] step   2750/3000 loss 1.6534 lm 1.6371 lr 2.478e-03
[radiance] step   2750 val/loss 1.6045
[radiance] step   2775/3000 loss 1.6169 lm 1.6007 lr 2.388e-03
[radiance] step   2800/3000 loss 1.6022 lm 1.5858 lr 2.307e-03
[radiance] step   2825/3000 loss 1.4660 lm 1.4492 lr 2.235e-03
[radiance] step   2850/3000 loss 1.5213 lm 1.5047 lr 2.173e-03
[radiance] step   2875/3000 loss 1.5373 lm 1.5207 lr 2.120e-03
[radiance] step   2900/3000 loss 1.4923 lm 1.4755 lr 2.077e-03
[radiance] step   2925/3000 loss 1.5121 lm 1.4957 lr 2.043e-03
[radiance] step   2950/3000 loss 1.5730 lm 1.5567 lr 2.019e-03
[radiance] step   2975/3000 loss 1.5689 lm 1.5527 lr 2.005e-03
[radiance] step   3000/3000 loss 1.6073 lm 1.5911 lr 2.000e-03
[radiance] step   3000 val/loss 1.5893
