[radiance] padding vocab 50,257 -> 50,304 (multiple of 128) for tensor-core-aligned lm_head matmuls
[radiance] grad_checkpoint on, so compiling without CUDA graphs (mode=None instead of 'reduce-overhead').
[radiance] optimizer=muon (muon_lr=0.02 over 147 tensors, adamw lr=0.01 over the rest)
[radiance] step     25/3000 loss 8.5081 lm 8.4983 lr 8.667e-04
[radiance] step     50/3000 loss 5.7195 lm 5.7105 lr 1.700e-03
[radiance] step     75/3000 loss 4.8688 lm 4.8597 lr 2.533e-03
[radiance] step    100/3000 loss 3.9771 lm 3.9667 lr 3.367e-03
[radiance] step    125/3000 loss 3.4236 lm 3.4116 lr 4.200e-03
[radiance] step    150/3000 loss 3.1599 lm 3.1467 lr 5.033e-03
[radiance] step    175/3000 loss 2.8409 lm 2.8269 lr 5.867e-03
[radiance] step    200/3000 loss 2.7495 lm 2.7344 lr 6.700e-03
[radiance] step    225/3000 loss 2.6086 lm 2.5933 lr 7.533e-03
[radiance] step    250/3000 loss 2.5462 lm 2.5307 lr 8.367e-03
[radiance] step    250 val/loss 2.5671
[radiance] step    275/3000 loss 2.4868 lm 2.4708 lr 9.200e-03
[radiance] step    300/3000 loss 2.4222 lm 2.4058 lr 1.003e-02
[radiance] step    325/3000 loss 2.3948 lm 2.3786 lr 1.087e-02
[radiance] step    350/3000 loss 2.2888 lm 2.2726 lr 1.170e-02
[radiance] step    375/3000 loss 2.2993 lm 2.2830 lr 1.253e-02
[radiance] step    400/3000 loss 2.2388 lm 2.2225 lr 1.337e-02
[radiance] step    425/3000 loss 2.2946 lm 2.2786 lr 1.420e-02
[radiance] step    450/3000 loss 2.1279 lm 2.1115 lr 1.503e-02
[radiance] step    475/3000 loss 2.1597 lm 2.1436 lr 1.587e-02
[radiance] step    500/3000 loss 2.1869 lm 2.1705 lr 1.670e-02
[radiance] step    500 val/loss 2.2172
[radiance] step    525/3000 loss 2.1482 lm 2.1324 lr 1.753e-02
[radiance] step    550/3000 loss 2.2647 lm 2.2490 lr 1.837e-02
[radiance] step    575/3000 loss 2.1686 lm 2.1524 lr 1.920e-02
[radiance] step    600/3000 loss 2.2162 lm 2.2006 lr 2.000e-02
[radiance] step    625/3000 loss 2.0565 lm 2.0406 lr 2.000e-02
[radiance] step    650/3000 loss 2.1587 lm 2.1427 lr 1.998e-02
[radiance] step    675/3000 loss 2.0998 lm 2.0840 lr 1.996e-02
[radiance] step    700/3000 loss 2.0463 lm 2.0301 lr 1.992e-02
[radiance] step    725/3000 loss 2.0829 lm 2.0667 lr 1.988e-02
[radiance] step    750/3000 loss 2.0428 lm 2.0269 lr 1.983e-02
[radiance] step    750 val/loss 2.0336
[radiance] step    775/3000 loss 1.9966 lm 1.9805 lr 1.976e-02
[radiance] step    800/3000 loss 2.0305 lm 2.0142 lr 1.969e-02
[radiance] step    825/3000 loss 1.9510 lm 1.9349 lr 1.961e-02
[radiance] step    850/3000 loss 1.9052 lm 1.8889 lr 1.952e-02
[radiance] step    875/3000 loss 1.8643 lm 1.8480 lr 1.942e-02
[radiance] step    900/3000 loss 1.8847 lm 1.8680 lr 1.931e-02
[radiance] step    925/3000 loss 1.8490 lm 1.8326 lr 1.920e-02
[radiance] step    950/3000 loss 1.8213 lm 1.8046 lr 1.907e-02
[radiance] step    975/3000 loss 1.7927 lm 1.7761 lr 1.894e-02
[radiance] step   1000/3000 loss 1.9470 lm 1.9310 lr 1.879e-02
[radiance] step   1000 val/loss 1.9209
[radiance] step   1025/3000 loss 1.8969 lm 1.8805 lr 1.864e-02
[radiance] step   1050/3000 loss 1.9033 lm 1.8869 lr 1.848e-02
[radiance] step   1075/3000 loss 1.8459 lm 1.8295 lr 1.832e-02
[radiance] step   1100/3000 loss 1.8617 lm 1.8453 lr 1.814e-02
[radiance] step   1125/3000 loss 1.8562 lm 1.8399 lr 1.796e-02
[radiance] step   1150/3000 loss 1.7397 lm 1.7229 lr 1.777e-02
[radiance] step   1175/3000 loss 1.7631 lm 1.7464 lr 1.757e-02
[radiance] step   1200/3000 loss 1.8800 lm 1.8635 lr 1.736e-02
[radiance] step   1225/3000 loss 1.8704 lm 1.8542 lr 1.715e-02
[radiance] step   1250/3000 loss 1.8518 lm 1.8355 lr 1.693e-02
[radiance] step   1250 val/loss 1.8421
[radiance] step   1275/3000 loss 1.8731 lm 1.8571 lr 1.671e-02
[radiance] step   1300/3000 loss 1.7676 lm 1.7510 lr 1.648e-02
[radiance] step   1325/3000 loss 1.7142 lm 1.6974 lr 1.624e-02
[radiance] step   1350/3000 loss 1.8569 lm 1.8407 lr 1.600e-02
[radiance] step   1375/3000 loss 1.7098 lm 1.6930 lr 1.575e-02
[radiance] step   1400/3000 loss 1.8489 lm 1.8327 lr 1.550e-02
[radiance] step   1425/3000 loss 1.6888 lm 1.6721 lr 1.524e-02
[radiance] step   1450/3000 loss 1.7279 lm 1.7116 lr 1.498e-02
[radiance] step   1475/3000 loss 1.7481 lm 1.7316 lr 1.471e-02
[radiance] step   1500/3000 loss 1.6944 lm 1.6777 lr 1.444e-02
[radiance] step   1500 val/loss 1.7789
[radiance] step   1525/3000 loss 1.7103 lm 1.6937 lr 1.417e-02
[radiance] step   1550/3000 loss 1.7923 lm 1.7759 lr 1.389e-02
[radiance] step   1575/3000 loss 1.7280 lm 1.7116 lr 1.361e-02
[radiance] step   1600/3000 loss 1.7317 lm 1.7153 lr 1.333e-02
[radiance] step   1625/3000 loss 1.7985 lm 1.7821 lr 1.304e-02
[radiance] step   1650/3000 loss 1.7390 lm 1.7226 lr 1.276e-02
[radiance] step   1675/3000 loss 1.6777 lm 1.6612 lr 1.247e-02
[radiance] step   1700/3000 loss 1.5838 lm 1.5670 lr 1.217e-02
[radiance] step   1725/3000 loss 1.7301 lm 1.7139 lr 1.188e-02
[radiance] step   1750/3000 loss 1.7215 lm 1.7053 lr 1.159e-02
[radiance] step   1750 val/loss 1.7211
[radiance] step   1775/3000 loss 1.6812 lm 1.6646 lr 1.129e-02
[radiance] step   1800/3000 loss 1.6917 lm 1.6752 lr 1.100e-02
[radiance] step   1825/3000 loss 1.6015 lm 1.5847 lr 1.071e-02
[radiance] step   1850/3000 loss 1.6460 lm 1.6292 lr 1.041e-02
[radiance] step   1875/3000 loss 1.6123 lm 1.5957 lr 1.012e-02
[radiance] step   1900/3000 loss 1.6534 lm 1.6370 lr 9.825e-03
[radiance] step   1925/3000 loss 1.6539 lm 1.6374 lr 9.534e-03
[radiance] step   1950/3000 loss 1.6766 lm 1.6599 lr 9.244e-03
[radiance] step   1975/3000 loss 1.6999 lm 1.6834 lr 8.956e-03
[radiance] step   2000/3000 loss 1.7506 lm 1.7343 lr 8.671e-03
[radiance] step   2000 val/loss 1.6686
[radiance] step   2025/3000 loss 1.6534 lm 1.6371 lr 8.387e-03
[radiance] step   2050/3000 loss 1.6246 lm 1.6081 lr 8.107e-03
[radiance] step   2075/3000 loss 1.5519 lm 1.5350 lr 7.830e-03
[radiance] step   2100/3000 loss 1.6087 lm 1.5919 lr 7.556e-03
[radiance] step   2125/3000 loss 1.7621 lm 1.7461 lr 7.286e-03
[radiance] step   2150/3000 loss 1.5539 lm 1.5373 lr 7.019e-03
[radiance] step   2175/3000 loss 1.5435 lm 1.5268 lr 6.757e-03
[radiance] step   2200/3000 loss 1.5912 lm 1.5744 lr 6.500e-03
[radiance] step   2225/3000 loss 1.5363 lm 1.5196 lr 6.247e-03
[radiance] step   2250/3000 loss 1.6250 lm 1.6085 lr 6.000e-03
[radiance] step   2250 val/loss 1.6212
[radiance] step   2275/3000 loss 1.5467 lm 1.5298 lr 5.758e-03
[radiance] step   2300/3000 loss 1.6026 lm 1.5860 lr 5.521e-03
[radiance] step   2325/3000 loss 1.7326 lm 1.7164 lr 5.290e-03
[radiance] step   2350/3000 loss 1.6454 lm 1.6290 lr 5.066e-03
[radiance] step   2375/3000 loss 1.5273 lm 1.5107 lr 4.848e-03
[radiance] step   2400/3000 loss 1.5440 lm 1.5272 lr 4.636e-03
[radiance] step   2425/3000 loss 1.6194 lm 1.6030 lr 4.431e-03
[radiance] step   2450/3000 loss 1.5969 lm 1.5803 lr 4.233e-03
[radiance] step   2475/3000 loss 1.5083 lm 1.4915 lr 4.043e-03
[radiance] step   2500/3000 loss 1.6596 lm 1.6433 lr 3.860e-03
[radiance] step   2500 val/loss 1.5840
[radiance] step   2525/3000 loss 1.5493 lm 1.5327 lr 3.684e-03
[radiance] step   2550/3000 loss 1.6108 lm 1.5944 lr 3.517e-03
[radiance] step   2575/3000 loss 1.5146 lm 1.4979 lr 3.357e-03
[radiance] step   2600/3000 loss 1.5240 lm 1.5073 lr 3.206e-03
[radiance] step   2625/3000 loss 1.6437 lm 1.6274 lr 3.063e-03
[radiance] step   2650/3000 loss 1.5365 lm 1.5198 lr 2.928e-03
[radiance] step   2675/3000 loss 1.5198 lm 1.5030 lr 2.802e-03
[radiance] step   2700/3000 loss 1.4753 lm 1.4583 lr 2.685e-03
[radiance] step   2725/3000 loss 1.5585 lm 1.5418 lr 2.577e-03
[radiance] step   2750/3000 loss 1.5257 lm 1.5090 lr 2.478e-03
[radiance] step   2750 val/loss 1.5553
[radiance] step   2775/3000 loss 1.5781 lm 1.5616 lr 2.388e-03
[radiance] step   2800/3000 loss 1.5785 lm 1.5619 lr 2.307e-03
[radiance] step   2825/3000 loss 1.4993 lm 1.4827 lr 2.235e-03
[radiance] step   2850/3000 loss 1.5524 lm 1.5356 lr 2.173e-03
[radiance] step   2875/3000 loss 1.5454 lm 1.5290 lr 2.120e-03
[radiance] step   2900/3000 loss 1.5092 lm 1.4927 lr 2.077e-03
[radiance] step   2925/3000 loss 1.4525 lm 1.4356 lr 2.043e-03
[radiance] step   2950/3000 loss 1.3932 lm 1.3762 lr 2.019e-03
[radiance] step   2975/3000 loss 1.4991 lm 1.4823 lr 2.005e-03
[radiance] step   3000/3000 loss 1.5335 lm 1.5169 lr 2.000e-03
[radiance] step   3000 val/loss 1.5394
