[radiance] padding vocab 50,257 -> 50,304 (multiple of 128) for tensor-core-aligned lm_head matmuls
[radiance] doc_attention_mask on, so compiling without CUDA graphs (mode=None instead of 'reduce-overhead').
[radiance] optimizer=muon (muon_lr=0.02 over 96 tensors, adamw lr=0.03 over the rest)
[radiance] step    100/8000 loss 3.1999 lm 3.1856 lr 6.312e-03 mem 6.22GB
[radiance] step    200/8000 loss 2.6064 lm 2.5926 lr 1.256e-02 mem 6.22GB
[radiance] step    300/8000 loss 2.3255 lm 2.3121 lr 1.881e-02 mem 6.22GB
[radiance] step    400/8000 loss 2.2014 lm 2.1881 lr 2.000e-02 mem 6.22GB
[radiance] step    500/8000 loss 2.1409 lm 2.1280 lr 1.998e-02 mem 6.22GB
[radiance] step    600/8000 loss 2.0288 lm 2.0157 lr 1.994e-02 mem 6.22GB
[radiance] step    700/8000 loss 2.0248 lm 2.0119 lr 1.989e-02 mem 6.22GB
[radiance] step    800/8000 loss 1.8223 lm 1.8092 lr 1.983e-02 mem 6.22GB
[radiance] step    800 val/loss 1.9727
[radiance] step    900/8000 loss 1.9159 lm 1.9035 lr 1.975e-02 mem 6.22GB
[radiance] step   1000/8000 loss 1.9991 lm 1.9873 lr 1.965e-02 mem 6.22GB
[radiance] step   1100/8000 loss 1.7584 lm 1.7462 lr 1.955e-02 mem 6.22GB
[radiance] step   1200/8000 loss 1.8656 lm 1.8540 lr 1.942e-02 mem 6.22GB
[radiance] step   1300/8000 loss 1.8447 lm 1.8332 lr 1.929e-02 mem 6.22GB
[radiance] step   1400/8000 loss 1.8137 lm 1.8027 lr 1.914e-02 mem 6.22GB
[radiance] step   1500/8000 loss 1.9002 lm 1.8892 lr 1.897e-02 mem 6.22GB
[radiance] step   1600/8000 loss 1.7750 lm 1.7646 lr 1.879e-02 mem 6.22GB
[radiance] step   1600 val/loss 1.8227
[radiance] step   1700/8000 loss 1.7903 lm 1.7802 lr 1.860e-02 mem 6.22GB
[radiance] step   1800/8000 loss 1.6970 lm 1.6870 lr 1.840e-02 mem 6.22GB
[radiance] step   1900/8000 loss 1.7519 lm 1.7426 lr 1.818e-02 mem 6.22GB
[radiance] step   2000/8000 loss 1.7339 lm 1.7249 lr 1.796e-02 mem 6.22GB
[radiance] step   2100/8000 loss 1.7840 lm 1.7756 lr 1.772e-02 mem 6.22GB
[radiance] step   2200/8000 loss 1.7681 lm 1.7601 lr 1.747e-02 mem 6.22GB
[radiance] step   2300/8000 loss 1.8242 lm 1.8167 lr 1.721e-02 mem 6.22GB
[radiance] step   2400/8000 loss 1.7219 lm 1.7151 lr 1.693e-02 mem 6.22GB
[radiance] step   2400 val/loss 1.7435
[radiance] step   2500/8000 loss 1.7319 lm 1.7254 lr 1.665e-02 mem 6.22GB
[radiance] step   2600/8000 loss 1.7007 lm 1.6944 lr 1.636e-02 mem 6.22GB
[radiance] step   2700/8000 loss 1.6567 lm 1.6509 lr 1.606e-02 mem 6.22GB
[radiance] step   2800/8000 loss 1.7344 lm 1.7291 lr 1.575e-02 mem 6.22GB
[radiance] step   2900/8000 loss 1.7558 lm 1.7508 lr 1.544e-02 mem 6.22GB
[radiance] step   3000/8000 loss 1.6654 lm 1.6608 lr 1.511e-02 mem 6.22GB
[radiance] step   3100/8000 loss 1.6563 lm 1.6520 lr 1.478e-02 mem 6.22GB
[radiance] step   3200/8000 loss 1.6139 lm 1.6099 lr 1.444e-02 mem 6.22GB
[radiance] step   3200 val/loss 1.6878
[radiance] step   3300/8000 loss 1.6967 lm 1.6929 lr 1.410e-02 mem 6.22GB
[radiance] step   3400/8000 loss 1.5621 lm 1.5586 lr 1.375e-02 mem 6.22GB
[radiance] step   3500/8000 loss 1.5658 lm 1.5625 lr 1.340e-02 mem 6.22GB
[radiance] step   3600/8000 loss 1.6797 lm 1.6764 lr 1.304e-02 mem 6.22GB
[radiance] step   3700/8000 loss 1.5250 lm 1.5219 lr 1.268e-02 mem 6.22GB
[radiance] step   3800/8000 loss 1.6017 lm 1.5986 lr 1.232e-02 mem 6.22GB
[radiance] step   3900/8000 loss 1.6240 lm 1.6210 lr 1.196e-02 mem 6.22GB
[radiance] step   4000/8000 loss 1.5742 lm 1.5711 lr 1.159e-02 mem 6.22GB
[radiance] step   4000 val/loss 1.6349
[radiance] step   4100/8000 loss 1.5462 lm 1.5432 lr 1.122e-02 mem 6.22GB
[radiance] step   4200/8000 loss 1.5972 lm 1.5943 lr 1.085e-02 mem 6.22GB
[radiance] step   4300/8000 loss 1.5719 lm 1.5689 lr 1.048e-02 mem 6.22GB
[radiance] step   4400/8000 loss 1.5052 lm 1.5022 lr 1.012e-02 mem 6.22GB
[radiance] step   4500/8000 loss 1.4946 lm 1.4916 lr 9.752e-03 mem 6.22GB
[radiance] step   4600/8000 loss 1.5597 lm 1.5567 lr 9.389e-03 mem 6.22GB
[radiance] step   4700/8000 loss 1.7427 lm 1.7398 lr 9.028e-03 mem 6.22GB
[radiance] step   4800/8000 loss 1.5943 lm 1.5916 lr 8.671e-03 mem 6.22GB
[radiance] step   4800 val/loss 1.5853
[radiance] step   4900/8000 loss 1.4125 lm 1.4095 lr 8.317e-03 mem 6.22GB
[radiance] step   5000/8000 loss 1.4691 lm 1.4661 lr 7.968e-03 mem 6.22GB
[radiance] step   5100/8000 loss 1.5275 lm 1.5245 lr 7.624e-03 mem 6.22GB
[radiance] step   5200/8000 loss 1.5128 lm 1.5098 lr 7.286e-03 mem 6.22GB
[radiance] step   5300/8000 loss 1.5138 lm 1.5107 lr 6.953e-03 mem 6.22GB
[radiance] step   5400/8000 loss 1.4849 lm 1.4819 lr 6.628e-03 mem 6.22GB
[radiance] step   5500/8000 loss 1.4421 lm 1.4390 lr 6.310e-03 mem 6.22GB
[radiance] step   5600/8000 loss 1.4792 lm 1.4760 lr 6.000e-03 mem 6.22GB
[radiance] step   5600 val/loss 1.5395
[radiance] step   5700/8000 loss 1.5491 lm 1.5460 lr 5.698e-03 mem 6.22GB
[radiance] step   5800/8000 loss 1.4861 lm 1.4829 lr 5.405e-03 mem 6.22GB
[radiance] step   5900/8000 loss 1.3437 lm 1.3403 lr 5.121e-03 mem 6.22GB
[radiance] step   6000/8000 loss 1.4317 lm 1.4285 lr 4.848e-03 mem 6.22GB
[radiance] step   6100/8000 loss 1.4668 lm 1.4635 lr 4.584e-03 mem 6.22GB
[radiance] step   6200/8000 loss 1.4390 lm 1.4356 lr 4.331e-03 mem 6.22GB
[radiance] step   6300/8000 loss 1.4806 lm 1.4769 lr 4.090e-03 mem 6.22GB
[radiance] step   6400/8000 loss 1.4005 lm 1.3969 lr 3.860e-03 mem 6.22GB
[radiance] step   6400 val/loss 1.4963
[radiance] step   6500/8000 loss 1.3777 lm 1.3739 lr 3.642e-03 mem 6.22GB
[radiance] step   6600/8000 loss 1.5039 lm 1.5004 lr 3.436e-03 mem 6.22GB
[radiance] step   6700/8000 loss 1.3136 lm 1.3095 lr 3.243e-03 mem 6.22GB
[radiance] step   6800/8000 loss 1.4218 lm 1.4179 lr 3.063e-03 mem 6.22GB
[radiance] step   6900/8000 loss 1.4719 lm 1.4678 lr 2.896e-03 mem 6.22GB
[radiance] step   7000/8000 loss 1.3302 lm 1.3257 lr 2.743e-03 mem 6.22GB
[radiance] step   7100/8000 loss 1.4105 lm 1.4063 lr 2.603e-03 mem 6.22GB
[radiance] step   7200/8000 loss 1.4169 lm 1.4125 lr 2.478e-03 mem 6.22GB
[radiance] step   7200 val/loss 1.4657
[radiance] step   7300/8000 loss 1.3869 lm 1.3824 lr 2.366e-03 mem 6.22GB
[radiance] step   7400/8000 loss 1.2583 lm 1.2533 lr 2.270e-03 mem 6.22GB
[radiance] step   7500/8000 loss 1.4162 lm 1.4116 lr 2.188e-03 mem 6.22GB
[radiance] step   7600/8000 loss 1.4515 lm 1.4469 lr 2.120e-03 mem 6.22GB
[radiance] step   7700/8000 loss 1.4154 lm 1.4106 lr 2.068e-03 mem 6.22GB
[radiance] step   7800/8000 loss 1.4904 lm 1.4856 lr 2.030e-03 mem 6.22GB
[radiance] step   7900/8000 loss 1.3448 lm 1.3396 lr 2.008e-03 mem 6.22GB
[radiance] step   8000/8000 loss 1.3922 lm 1.3874 lr 2.000e-03 mem 6.22GB
[radiance] step   8000 val/loss 1.4499
