[radiance] padding vocab 50,257 -> 50,304 (multiple of 128) for tensor-core-aligned lm_head matmuls
[radiance] doc_attention_mask on, so compiling without CUDA graphs (mode=None instead of 'reduce-overhead').
[radiance] optimizer=muon (muon_lr=0.02 over 144 tensors, adamw lr=0.01 over the rest)
[radiance] step    100/8000 loss 3.3991 lm 3.3865 lr 6.312e-03 mem 6.97GB
[radiance] step    200/8000 loss 2.6066 lm 2.5918 lr 1.256e-02 mem 6.97GB
[radiance] step    300/8000 loss 2.4557 lm 2.4414 lr 1.881e-02 mem 6.97GB
[radiance] step    400/8000 loss 2.2192 lm 2.2052 lr 2.000e-02 mem 6.97GB
[radiance] step    500/8000 loss 2.1339 lm 2.1203 lr 1.998e-02 mem 6.97GB
[radiance] step    600/8000 loss 2.0284 lm 2.0152 lr 1.994e-02 mem 6.97GB
[radiance] step    700/8000 loss 2.0045 lm 1.9915 lr 1.989e-02 mem 6.97GB
[radiance] step    800/8000 loss 1.9882 lm 1.9760 lr 1.983e-02 mem 6.97GB
[radiance] step    800 val/loss 1.9479
[radiance] step    900/8000 loss 1.9546 lm 1.9426 lr 1.975e-02 mem 6.97GB
[radiance] step   1000/8000 loss 1.8687 lm 1.8574 lr 1.965e-02 mem 6.97GB
[radiance] step   1100/8000 loss 1.8404 lm 1.8293 lr 1.955e-02 mem 6.97GB
[radiance] step   1200/8000 loss 1.7589 lm 1.7484 lr 1.942e-02 mem 6.97GB
[radiance] step   1300/8000 loss 1.7586 lm 1.7484 lr 1.929e-02 mem 6.97GB
[radiance] step   1400/8000 loss 1.7918 lm 1.7823 lr 1.914e-02 mem 6.97GB
[radiance] step   1500/8000 loss 1.6465 lm 1.6375 lr 1.897e-02 mem 6.97GB
[radiance] step   1600/8000 loss 1.8143 lm 1.8061 lr 1.879e-02 mem 6.97GB
[radiance] step   1600 val/loss 1.7804
[radiance] step   1700/8000 loss 1.7381 lm 1.7302 lr 1.860e-02 mem 6.97GB
[radiance] step   1800/8000 loss 1.7037 lm 1.6963 lr 1.840e-02 mem 6.97GB
[radiance] step   1900/8000 loss 1.7294 lm 1.7227 lr 1.818e-02 mem 6.97GB
[radiance] step   2000/8000 loss 1.6920 lm 1.6859 lr 1.796e-02 mem 6.97GB
[radiance] step   2100/8000 loss 1.6911 lm 1.6856 lr 1.772e-02 mem 6.97GB
[radiance] step   2200/8000 loss 1.5440 lm 1.5391 lr 1.747e-02 mem 6.97GB
[radiance] step   2300/8000 loss 1.6675 lm 1.6629 lr 1.721e-02 mem 6.97GB
[radiance] step   2400/8000 loss 1.7387 lm 1.7344 lr 1.693e-02 mem 6.97GB
[radiance] step   2400 val/loss 1.6953
[radiance] step   2500/8000 loss 1.6931 lm 1.6891 lr 1.665e-02 mem 6.97GB
[radiance] step   2600/8000 loss 1.5757 lm 1.5722 lr 1.636e-02 mem 6.97GB
[radiance] step   2700/8000 loss 1.6446 lm 1.6412 lr 1.606e-02 mem 6.97GB
[radiance] step   2800/8000 loss 1.6216 lm 1.6187 lr 1.575e-02 mem 6.97GB
[radiance] step   2900/8000 loss 1.5795 lm 1.5765 lr 1.544e-02 mem 6.97GB
[radiance] step   3000/8000 loss 1.5169 lm 1.5141 lr 1.511e-02 mem 6.97GB
[radiance] step   3100/8000 loss 1.6342 lm 1.6314 lr 1.478e-02 mem 6.97GB
[radiance] step   3200/8000 loss 1.5885 lm 1.5857 lr 1.444e-02 mem 6.97GB
[radiance] step   3200 val/loss 1.6399
[radiance] step   3300/8000 loss 1.5228 lm 1.5202 lr 1.410e-02 mem 6.97GB
[radiance] step   3400/8000 loss 1.6112 lm 1.6085 lr 1.375e-02 mem 6.97GB
[radiance] step   3500/8000 loss 1.5542 lm 1.5515 lr 1.340e-02 mem 6.97GB
[radiance] step   3600/8000 loss 1.6165 lm 1.6139 lr 1.304e-02 mem 6.97GB
[radiance] step   3700/8000 loss 1.5135 lm 1.5109 lr 1.268e-02 mem 6.97GB
[radiance] step   3800/8000 loss 1.6200 lm 1.6173 lr 1.232e-02 mem 6.97GB
[radiance] step   3900/8000 loss 1.4587 lm 1.4560 lr 1.196e-02 mem 6.97GB
[radiance] step   4000/8000 loss 1.6297 lm 1.6270 lr 1.159e-02 mem 6.97GB
[radiance] step   4000 val/loss 1.5879
[radiance] step   4100/8000 loss 1.4955 lm 1.4929 lr 1.122e-02 mem 6.97GB
[radiance] step   4200/8000 loss 1.4786 lm 1.4756 lr 1.085e-02 mem 6.97GB
[radiance] step   4300/8000 loss 1.5769 lm 1.5741 lr 1.048e-02 mem 6.97GB
[radiance] step   4400/8000 loss 1.4832 lm 1.4803 lr 1.012e-02 mem 6.97GB
[radiance] step   4500/8000 loss 1.5355 lm 1.5326 lr 9.752e-03 mem 6.97GB
[radiance] step   4600/8000 loss 1.5958 lm 1.5929 lr 9.389e-03 mem 6.97GB
[radiance] step   4700/8000 loss 1.4758 lm 1.4728 lr 9.028e-03 mem 6.97GB
[radiance] step   4800/8000 loss 1.3763 lm 1.3731 lr 8.671e-03 mem 6.97GB
[radiance] step   4800 val/loss 1.5408
[radiance] step   4900/8000 loss 1.5413 lm 1.5383 lr 8.317e-03 mem 6.97GB
[radiance] step   5000/8000 loss 1.4028 lm 1.3997 lr 7.968e-03 mem 6.97GB
[radiance] step   5100/8000 loss 1.4484 lm 1.4453 lr 7.624e-03 mem 6.97GB
[radiance] step   5200/8000 loss 1.3278 lm 1.3243 lr 7.286e-03 mem 6.97GB
[radiance] step   5300/8000 loss 1.4149 lm 1.4114 lr 6.953e-03 mem 6.97GB
[radiance] step   5400/8000 loss 1.4999 lm 1.4966 lr 6.628e-03 mem 6.97GB
[radiance] step   5500/8000 loss 1.4016 lm 1.3981 lr 6.310e-03 mem 6.97GB
[radiance] step   5600/8000 loss 1.3782 lm 1.3745 lr 6.000e-03 mem 6.97GB
[radiance] step   5600 val/loss 1.4986
[radiance] step   5700/8000 loss 1.4097 lm 1.4062 lr 5.698e-03 mem 6.97GB
[radiance] step   5800/8000 loss 1.4008 lm 1.3972 lr 5.405e-03 mem 6.97GB
[radiance] step   5900/8000 loss 1.4419 lm 1.4384 lr 5.121e-03 mem 6.97GB
[radiance] step   6000/8000 loss 1.4288 lm 1.4251 lr 4.848e-03 mem 6.97GB
[radiance] step   6100/8000 loss 1.4390 lm 1.4351 lr 4.584e-03 mem 6.97GB
[radiance] step   6200/8000 loss 1.3837 lm 1.3798 lr 4.331e-03 mem 6.97GB
[radiance] step   6300/8000 loss 1.4442 lm 1.4402 lr 4.090e-03 mem 6.97GB
[radiance] step   6400/8000 loss 1.4628 lm 1.4587 lr 3.860e-03 mem 6.97GB
[radiance] step   6400 val/loss 1.4611
[radiance] step   6500/8000 loss 1.5111 lm 1.5071 lr 3.642e-03 mem 6.97GB
[radiance] step   6600/8000 loss 1.4875 lm 1.4833 lr 3.436e-03 mem 6.97GB
[radiance] step   6700/8000 loss 1.3379 lm 1.3333 lr 3.243e-03 mem 6.97GB
[radiance] step   6800/8000 loss 1.3641 lm 1.3593 lr 3.063e-03 mem 6.97GB
[radiance] step   6900/8000 loss 1.2914 lm 1.2865 lr 2.896e-03 mem 6.97GB
[radiance] step   7000/8000 loss 1.4275 lm 1.4227 lr 2.743e-03 mem 6.97GB
[radiance] step   7100/8000 loss 1.3050 lm 1.2998 lr 2.603e-03 mem 6.97GB
[radiance] step   7200/8000 loss 1.2826 lm 1.2774 lr 2.478e-03 mem 6.97GB
[radiance] step   7200 val/loss 1.4343
[radiance] step   7300/8000 loss 1.3833 lm 1.3781 lr 2.366e-03 mem 6.97GB
[radiance] step   7400/8000 loss 1.3550 lm 1.3498 lr 2.270e-03 mem 6.97GB
[radiance] step   7500/8000 loss 1.3524 lm 1.3469 lr 2.188e-03 mem 6.97GB
[radiance] step   7600/8000 loss 1.3889 lm 1.3835 lr 2.120e-03 mem 6.97GB
[radiance] step   7700/8000 loss 1.2584 lm 1.2527 lr 2.068e-03 mem 6.97GB
[radiance] step   7800/8000 loss 1.4473 lm 1.4419 lr 2.030e-03 mem 6.97GB
[radiance] step   7900/8000 loss 1.3847 lm 1.3792 lr 2.008e-03 mem 6.97GB
[radiance] step   8000/8000 loss 1.3950 lm 1.3894 lr 2.000e-03 mem 6.97GB
[radiance] step   8000 val/loss 1.4191
