[radiance] padding vocab 50,257 -> 50,304 (multiple of 128) for tensor-core-aligned lm_head matmuls
[radiance] doc_attention_mask on, so compiling without CUDA graphs (mode=None instead of 'reduce-overhead').
[radiance] optimizer=muon (muon_lr=0.02 over 84 tensors, adamw lr=0.01 over the rest)
[radiance] step    100/8000 loss 3.2396 lm 3.2265 lr 6.312e-03 mem 6.06GB
[radiance] step    200/8000 loss 2.5088 lm 2.4941 lr 1.256e-02 mem 6.06GB
[radiance] step    300/8000 loss 2.4320 lm 2.4183 lr 1.881e-02 mem 6.06GB
[radiance] step    400/8000 loss 2.2242 lm 2.2106 lr 2.000e-02 mem 6.06GB
[radiance] step    500/8000 loss 2.0560 lm 2.0427 lr 1.998e-02 mem 6.06GB
[radiance] step    600/8000 loss 2.0368 lm 2.0238 lr 1.994e-02 mem 6.06GB
[radiance] step    700/8000 loss 1.8922 lm 1.8794 lr 1.989e-02 mem 6.06GB
[radiance] step    800/8000 loss 1.9748 lm 1.9626 lr 1.983e-02 mem 6.06GB
[radiance] step    800 val/loss 1.9570
[radiance] step    900/8000 loss 1.8823 lm 1.8704 lr 1.975e-02 mem 6.06GB
[radiance] step   1000/8000 loss 1.8528 lm 1.8411 lr 1.965e-02 mem 6.06GB
[radiance] step   1100/8000 loss 1.8125 lm 1.8015 lr 1.955e-02 mem 6.06GB
[radiance] step   1200/8000 loss 1.7433 lm 1.7326 lr 1.942e-02 mem 6.06GB
[radiance] step   1300/8000 loss 1.8216 lm 1.8113 lr 1.929e-02 mem 6.06GB
[radiance] step   1400/8000 loss 1.7571 lm 1.7473 lr 1.914e-02 mem 6.06GB
[radiance] step   1500/8000 loss 1.7739 lm 1.7645 lr 1.897e-02 mem 6.06GB
[radiance] step   1600/8000 loss 1.7268 lm 1.7179 lr 1.879e-02 mem 6.06GB
[radiance] step   1600 val/loss 1.7859
[radiance] step   1700/8000 loss 1.7476 lm 1.7393 lr 1.860e-02 mem 6.06GB
[radiance] step   1800/8000 loss 1.7384 lm 1.7302 lr 1.840e-02 mem 6.06GB
[radiance] step   1900/8000 loss 1.7002 lm 1.6927 lr 1.818e-02 mem 6.06GB
[radiance] step   2000/8000 loss 1.7367 lm 1.7299 lr 1.796e-02 mem 6.06GB
[radiance] step   2100/8000 loss 1.5955 lm 1.5890 lr 1.772e-02 mem 6.06GB
[radiance] step   2200/8000 loss 1.6507 lm 1.6448 lr 1.747e-02 mem 6.06GB
[radiance] step   2300/8000 loss 1.6722 lm 1.6668 lr 1.721e-02 mem 6.06GB
[radiance] step   2400/8000 loss 1.6141 lm 1.6092 lr 1.693e-02 mem 6.06GB
[radiance] step   2400 val/loss 1.7024
[radiance] step   2500/8000 loss 1.6345 lm 1.6298 lr 1.665e-02 mem 6.06GB
[radiance] step   2600/8000 loss 1.6776 lm 1.6735 lr 1.636e-02 mem 6.06GB
[radiance] step   2700/8000 loss 1.6281 lm 1.6243 lr 1.606e-02 mem 6.06GB
[radiance] step   2800/8000 loss 1.5577 lm 1.5543 lr 1.575e-02 mem 6.06GB
[radiance] step   2900/8000 loss 1.5809 lm 1.5776 lr 1.544e-02 mem 6.06GB
[radiance] step   3000/8000 loss 1.6341 lm 1.6311 lr 1.511e-02 mem 6.06GB
[radiance] step   3100/8000 loss 1.6383 lm 1.6353 lr 1.478e-02 mem 6.06GB
[radiance] step   3200/8000 loss 1.5466 lm 1.5439 lr 1.444e-02 mem 6.06GB
[radiance] step   3200 val/loss 1.6426
[radiance] step   3300/8000 loss 1.4829 lm 1.4804 lr 1.410e-02 mem 6.06GB
[radiance] step   3400/8000 loss 1.4583 lm 1.4558 lr 1.375e-02 mem 6.06GB
[radiance] step   3500/8000 loss 1.6659 lm 1.6636 lr 1.340e-02 mem 6.06GB
[radiance] step   3600/8000 loss 1.5546 lm 1.5522 lr 1.304e-02 mem 6.06GB
[radiance] step   3700/8000 loss 1.4965 lm 1.4941 lr 1.268e-02 mem 6.06GB
[radiance] step   3800/8000 loss 1.4738 lm 1.4716 lr 1.232e-02 mem 6.06GB
[radiance] step   3900/8000 loss 1.5255 lm 1.5233 lr 1.196e-02 mem 6.06GB
[radiance] step   4000/8000 loss 1.5426 lm 1.5404 lr 1.159e-02 mem 6.06GB
[radiance] step   4000 val/loss 1.5927
[radiance] step   4100/8000 loss 1.5246 lm 1.5223 lr 1.122e-02 mem 6.06GB
[radiance] step   4200/8000 loss 1.5698 lm 1.5674 lr 1.085e-02 mem 6.06GB
[radiance] step   4300/8000 loss 1.4860 lm 1.4835 lr 1.048e-02 mem 6.06GB
[radiance] step   4400/8000 loss 1.5737 lm 1.5713 lr 1.012e-02 mem 6.06GB
[radiance] step   4500/8000 loss 1.4474 lm 1.4450 lr 9.752e-03 mem 6.06GB
[radiance] step   4600/8000 loss 1.5050 lm 1.5026 lr 9.389e-03 mem 6.06GB
[radiance] step   4700/8000 loss 1.4628 lm 1.4603 lr 9.028e-03 mem 6.06GB
[radiance] step   4800/8000 loss 1.5076 lm 1.5050 lr 8.671e-03 mem 6.06GB
[radiance] step   4800 val/loss 1.5432
[radiance] step   4900/8000 loss 1.5936 lm 1.5910 lr 8.317e-03 mem 6.06GB
[radiance] step   5000/8000 loss 1.4438 lm 1.4410 lr 7.968e-03 mem 6.06GB
[radiance] step   5100/8000 loss 1.4362 lm 1.4333 lr 7.624e-03 mem 6.06GB
[radiance] step   5200/8000 loss 1.5304 lm 1.5276 lr 7.286e-03 mem 6.06GB
[radiance] step   5300/8000 loss 1.5080 lm 1.5051 lr 6.953e-03 mem 6.06GB
[radiance] step   5400/8000 loss 1.4750 lm 1.4720 lr 6.628e-03 mem 6.06GB
[radiance] step   5500/8000 loss 1.3864 lm 1.3832 lr 6.310e-03 mem 6.06GB
[radiance] step   5600/8000 loss 1.5432 lm 1.5402 lr 6.000e-03 mem 6.06GB
[radiance] step   5600 val/loss 1.4982
[radiance] step   5700/8000 loss 1.3917 lm 1.3883 lr 5.698e-03 mem 6.06GB
[radiance] step   5800/8000 loss 1.4003 lm 1.3970 lr 5.405e-03 mem 6.06GB
[radiance] step   5900/8000 loss 1.4632 lm 1.4597 lr 5.121e-03 mem 6.06GB
[radiance] step   6000/8000 loss 1.3400 lm 1.3364 lr 4.848e-03 mem 6.06GB
[radiance] step   6100/8000 loss 1.3630 lm 1.3592 lr 4.584e-03 mem 6.06GB
[radiance] step   6200/8000 loss 1.4372 lm 1.4335 lr 4.331e-03 mem 6.06GB
[radiance] step   6300/8000 loss 1.4617 lm 1.4580 lr 4.090e-03 mem 6.06GB
[radiance] step   6400/8000 loss 1.4094 lm 1.4054 lr 3.860e-03 mem 6.06GB
[radiance] step   6400 val/loss 1.4624
[radiance] step   6500/8000 loss 1.4338 lm 1.4297 lr 3.642e-03 mem 6.06GB
[radiance] step   6600/8000 loss 1.2369 lm 1.2326 lr 3.436e-03 mem 6.06GB
[radiance] step   6700/8000 loss 1.3607 lm 1.3563 lr 3.243e-03 mem 6.06GB
[radiance] step   6800/8000 loss 1.3805 lm 1.3761 lr 3.063e-03 mem 6.06GB
[radiance] step   6900/8000 loss 1.4189 lm 1.4145 lr 2.896e-03 mem 6.06GB
[radiance] step   7000/8000 loss 1.3995 lm 1.3949 lr 2.743e-03 mem 6.06GB
[radiance] step   7100/8000 loss 1.4512 lm 1.4465 lr 2.603e-03 mem 6.06GB
[radiance] step   7200/8000 loss 1.3855 lm 1.3807 lr 2.478e-03 mem 6.06GB
[radiance] step   7200 val/loss 1.4358
[radiance] step   7300/8000 loss 1.3543 lm 1.3493 lr 2.366e-03 mem 6.06GB
[radiance] step   7400/8000 loss 1.2492 lm 1.2441 lr 2.270e-03 mem 6.06GB
[radiance] step   7500/8000 loss 1.3916 lm 1.3865 lr 2.188e-03 mem 6.06GB
[radiance] step   7600/8000 loss 1.3467 lm 1.3416 lr 2.120e-03 mem 6.06GB
[radiance] step   7700/8000 loss 1.3709 lm 1.3657 lr 2.068e-03 mem 6.06GB
[radiance] step   7800/8000 loss 1.3267 lm 1.3212 lr 2.030e-03 mem 6.06GB
[radiance] step   7900/8000 loss 1.3854 lm 1.3801 lr 2.008e-03 mem 6.06GB
[radiance] step   8000/8000 loss 1.4518 lm 1.4465 lr 2.000e-03 mem 6.06GB
[radiance] step   8000 val/loss 1.4192
