[radiance] padding vocab 50,257 -> 50,304 (multiple of 128) for tensor-core-aligned lm_head matmuls
[radiance] doc_attention_mask on, so compiling without CUDA graphs (mode=None instead of 'reduce-overhead').
[radiance] optimizer=muon (muon_lr=0.02 over 60 tensors, adamw lr=0.03 over the rest)
[radiance] step    100/8000 loss 3.2208 lm 3.2065 lr 6.312e-03 mem 5.66GB
[radiance] step    200/8000 loss 2.4853 lm 2.4718 lr 1.256e-02 mem 5.66GB
[radiance] step    300/8000 loss 2.3411 lm 2.3279 lr 1.881e-02 mem 5.66GB
[radiance] step    400/8000 loss 2.1242 lm 2.1105 lr 2.000e-02 mem 5.66GB
[radiance] step    500/8000 loss 1.9811 lm 1.9675 lr 1.998e-02 mem 5.66GB
[radiance] step    600/8000 loss 2.0249 lm 2.0112 lr 1.994e-02 mem 5.66GB
[radiance] step    700/8000 loss 2.0115 lm 1.9989 lr 1.989e-02 mem 5.66GB
[radiance] step    800/8000 loss 1.8790 lm 1.8663 lr 1.983e-02 mem 5.66GB
[radiance] step    800 val/loss 1.9665
[radiance] step    900/8000 loss 1.8746 lm 1.8618 lr 1.975e-02 mem 5.66GB
[radiance] step   1000/8000 loss 1.8062 lm 1.7938 lr 1.965e-02 mem 5.66GB
[radiance] step   1100/8000 loss 1.8489 lm 1.8370 lr 1.955e-02 mem 5.66GB
[radiance] step   1200/8000 loss 1.8558 lm 1.8440 lr 1.942e-02 mem 5.66GB
[radiance] step   1300/8000 loss 1.7938 lm 1.7825 lr 1.929e-02 mem 5.66GB
[radiance] step   1400/8000 loss 1.7716 lm 1.7604 lr 1.914e-02 mem 5.66GB
[radiance] step   1500/8000 loss 1.8294 lm 1.8184 lr 1.897e-02 mem 5.66GB
[radiance] step   1600/8000 loss 1.7856 lm 1.7748 lr 1.879e-02 mem 5.66GB
[radiance] step   1600 val/loss 1.8090
[radiance] step   1700/8000 loss 1.6718 lm 1.6616 lr 1.860e-02 mem 5.66GB
[radiance] step   1800/8000 loss 1.7170 lm 1.7071 lr 1.840e-02 mem 5.66GB
[radiance] step   1900/8000 loss 1.8730 lm 1.8636 lr 1.818e-02 mem 5.66GB
[radiance] step   2000/8000 loss 1.7633 lm 1.7544 lr 1.796e-02 mem 5.66GB
[radiance] step   2100/8000 loss 1.7624 lm 1.7539 lr 1.772e-02 mem 5.66GB
[radiance] step   2200/8000 loss 1.7214 lm 1.7133 lr 1.747e-02 mem 5.66GB
[radiance] step   2300/8000 loss 1.7555 lm 1.7477 lr 1.721e-02 mem 5.66GB
[radiance] step   2400/8000 loss 1.7257 lm 1.7185 lr 1.693e-02 mem 5.66GB
[radiance] step   2400 val/loss 1.7360
[radiance] step   2500/8000 loss 1.7085 lm 1.7015 lr 1.665e-02 mem 5.66GB
[radiance] step   2600/8000 loss 1.6229 lm 1.6167 lr 1.636e-02 mem 5.66GB
[radiance] step   2700/8000 loss 1.6158 lm 1.6101 lr 1.606e-02 mem 5.66GB
[radiance] step   2800/8000 loss 1.6535 lm 1.6481 lr 1.575e-02 mem 5.66GB
[radiance] step   2900/8000 loss 1.6116 lm 1.6066 lr 1.544e-02 mem 5.66GB
[radiance] step   3000/8000 loss 1.6523 lm 1.6474 lr 1.511e-02 mem 5.66GB
[radiance] step   3100/8000 loss 1.7108 lm 1.7063 lr 1.478e-02 mem 5.66GB
[radiance] step   3200/8000 loss 1.7054 lm 1.7012 lr 1.444e-02 mem 5.66GB
[radiance] step   3200 val/loss 1.6761
[radiance] step   3300/8000 loss 1.6231 lm 1.6191 lr 1.410e-02 mem 5.66GB
[radiance] step   3400/8000 loss 1.6653 lm 1.6617 lr 1.375e-02 mem 5.66GB
[radiance] step   3500/8000 loss 1.5924 lm 1.5887 lr 1.340e-02 mem 5.66GB
[radiance] step   3600/8000 loss 1.5539 lm 1.5504 lr 1.304e-02 mem 5.66GB
[radiance] step   3700/8000 loss 1.6512 lm 1.6476 lr 1.268e-02 mem 5.66GB
[radiance] step   3800/8000 loss 1.5483 lm 1.5449 lr 1.232e-02 mem 5.66GB
[radiance] step   3900/8000 loss 1.6141 lm 1.6109 lr 1.196e-02 mem 5.66GB
[radiance] step   4000/8000 loss 1.6039 lm 1.6006 lr 1.159e-02 mem 5.66GB
[radiance] step   4000 val/loss 1.6226
[radiance] step   4100/8000 loss 1.6434 lm 1.6402 lr 1.122e-02 mem 5.66GB
[radiance] step   4200/8000 loss 1.5264 lm 1.5232 lr 1.085e-02 mem 5.66GB
[radiance] step   4300/8000 loss 1.5914 lm 1.5885 lr 1.048e-02 mem 5.66GB
[radiance] step   4400/8000 loss 1.4730 lm 1.4698 lr 1.012e-02 mem 5.66GB
[radiance] step   4500/8000 loss 1.4724 lm 1.4693 lr 9.752e-03 mem 5.66GB
[radiance] step   4600/8000 loss 1.5969 lm 1.5940 lr 9.389e-03 mem 5.66GB
[radiance] step   4700/8000 loss 1.5444 lm 1.5413 lr 9.028e-03 mem 5.66GB
[radiance] step   4800/8000 loss 1.4448 lm 1.4415 lr 8.671e-03 mem 5.66GB
[radiance] step   4800 val/loss 1.5721
[radiance] step   4900/8000 loss 1.4241 lm 1.4211 lr 8.317e-03 mem 5.66GB
[radiance] step   5000/8000 loss 1.5254 lm 1.5224 lr 7.968e-03 mem 5.66GB
[radiance] step   5100/8000 loss 1.4878 lm 1.4847 lr 7.624e-03 mem 5.66GB
[radiance] step   5200/8000 loss 1.4693 lm 1.4660 lr 7.286e-03 mem 5.66GB
[radiance] step   5300/8000 loss 1.4502 lm 1.4470 lr 6.953e-03 mem 5.66GB
[radiance] step   5400/8000 loss 1.5032 lm 1.5003 lr 6.628e-03 mem 5.66GB
[radiance] step   5500/8000 loss 1.5027 lm 1.4996 lr 6.310e-03 mem 5.66GB
[radiance] step   5600/8000 loss 1.4122 lm 1.4090 lr 6.000e-03 mem 5.66GB
[radiance] step   5600 val/loss 1.5265
[radiance] step   5700/8000 loss 1.4925 lm 1.4894 lr 5.698e-03 mem 5.66GB
[radiance] step   5800/8000 loss 1.4331 lm 1.4299 lr 5.405e-03 mem 5.66GB
[radiance] step   5900/8000 loss 1.4634 lm 1.4602 lr 5.121e-03 mem 5.66GB
[radiance] step   6000/8000 loss 1.4672 lm 1.4641 lr 4.848e-03 mem 5.66GB
[radiance] step   6100/8000 loss 1.4277 lm 1.4243 lr 4.584e-03 mem 5.66GB
[radiance] step   6200/8000 loss 1.3534 lm 1.3497 lr 4.331e-03 mem 5.66GB
[radiance] step   6300/8000 loss 1.4512 lm 1.4478 lr 4.090e-03 mem 5.66GB
[radiance] step   6400/8000 loss 1.4761 lm 1.4725 lr 3.860e-03 mem 5.66GB
[radiance] step   6400 val/loss 1.4874
[radiance] step   6500/8000 loss 1.3611 lm 1.3574 lr 3.642e-03 mem 5.66GB
[radiance] step   6600/8000 loss 1.3487 lm 1.3447 lr 3.436e-03 mem 5.66GB
[radiance] step   6700/8000 loss 1.5152 lm 1.5115 lr 3.243e-03 mem 5.66GB
[radiance] step   6800/8000 loss 1.4855 lm 1.4817 lr 3.063e-03 mem 5.66GB
[radiance] step   6900/8000 loss 1.3937 lm 1.3896 lr 2.896e-03 mem 5.66GB
[radiance] step   7000/8000 loss 1.4467 lm 1.4426 lr 2.743e-03 mem 5.66GB
[radiance] step   7100/8000 loss 1.5404 lm 1.5366 lr 2.603e-03 mem 5.66GB
[radiance] step   7200/8000 loss 1.5082 lm 1.5040 lr 2.478e-03 mem 5.66GB
[radiance] step   7200 val/loss 1.4574
[radiance] step   7300/8000 loss 1.3866 lm 1.3822 lr 2.366e-03 mem 5.66GB
[radiance] step   7400/8000 loss 1.3970 lm 1.3923 lr 2.270e-03 mem 5.66GB
[radiance] step   7500/8000 loss 1.3850 lm 1.3805 lr 2.188e-03 mem 5.66GB
[radiance] step   7600/8000 loss 1.4074 lm 1.4028 lr 2.120e-03 mem 5.66GB
[radiance] step   7700/8000 loss 1.4579 lm 1.4535 lr 2.068e-03 mem 5.66GB
[radiance] step   7800/8000 loss 1.3685 lm 1.3636 lr 2.030e-03 mem 5.66GB
[radiance] step   7900/8000 loss 1.4552 lm 1.4506 lr 2.008e-03 mem 5.66GB
[radiance] step   8000/8000 loss 1.3121 lm 1.3071 lr 2.000e-03 mem 5.66GB
[radiance] step   8000 val/loss 1.4395
