[radiance] padding vocab 50,257 -> 50,304 (multiple of 128) for tensor-core-aligned lm_head matmuls
[radiance] doc_attention_mask on, so compiling without CUDA graphs (mode=None instead of 'reduce-overhead').
[radiance] optimizer=muon (muon_lr=0.02 over 54 tensors, adamw lr=0.03 over the rest)
[radiance] step    100/8000 loss 3.2572 lm 3.2428 lr 6.312e-03 mem 5.56GB
[radiance] step    200/8000 loss 2.6194 lm 2.6059 lr 1.256e-02 mem 5.56GB
[radiance] step    300/8000 loss 2.3297 lm 2.3159 lr 1.881e-02 mem 5.56GB
[radiance] step    400/8000 loss 2.1707 lm 2.1571 lr 2.000e-02 mem 5.56GB
[radiance] step    500/8000 loss 2.1396 lm 2.1259 lr 1.998e-02 mem 5.56GB
[radiance] step    600/8000 loss 1.9947 lm 1.9813 lr 1.994e-02 mem 5.56GB
[radiance] step    700/8000 loss 2.0161 lm 2.0029 lr 1.989e-02 mem 5.56GB
[radiance] step    800/8000 loss 1.8038 lm 1.7907 lr 1.983e-02 mem 5.56GB
[radiance] step    800 val/loss 1.9797
[radiance] step    900/8000 loss 1.9175 lm 1.9047 lr 1.975e-02 mem 5.56GB
[radiance] step   1000/8000 loss 1.9008 lm 1.8882 lr 1.965e-02 mem 5.56GB
[radiance] step   1100/8000 loss 1.9165 lm 1.9042 lr 1.955e-02 mem 5.56GB
[radiance] step   1200/8000 loss 1.8684 lm 1.8565 lr 1.942e-02 mem 5.56GB
[radiance] step   1300/8000 loss 1.7770 lm 1.7650 lr 1.929e-02 mem 5.56GB
[radiance] step   1400/8000 loss 1.8248 lm 1.8133 lr 1.914e-02 mem 5.56GB
[radiance] step   1500/8000 loss 1.7295 lm 1.7182 lr 1.897e-02 mem 5.56GB
[radiance] step   1600/8000 loss 1.7229 lm 1.7118 lr 1.879e-02 mem 5.56GB
[radiance] step   1600 val/loss 1.8147
[radiance] step   1700/8000 loss 1.6753 lm 1.6644 lr 1.860e-02 mem 5.56GB
[radiance] step   1800/8000 loss 1.6966 lm 1.6861 lr 1.840e-02 mem 5.56GB
[radiance] step   1900/8000 loss 1.7883 lm 1.7787 lr 1.818e-02 mem 5.56GB
[radiance] step   2000/8000 loss 1.7339 lm 1.7244 lr 1.796e-02 mem 5.56GB
[radiance] step   2100/8000 loss 1.7068 lm 1.6977 lr 1.772e-02 mem 5.56GB
[radiance] step   2200/8000 loss 1.7148 lm 1.7062 lr 1.747e-02 mem 5.56GB
[radiance] step   2300/8000 loss 1.7371 lm 1.7289 lr 1.721e-02 mem 5.56GB
[radiance] step   2400/8000 loss 1.7529 lm 1.7454 lr 1.693e-02 mem 5.56GB
[radiance] step   2400 val/loss 1.7345
[radiance] step   2500/8000 loss 1.6871 lm 1.6798 lr 1.665e-02 mem 5.56GB
[radiance] step   2600/8000 loss 1.6731 lm 1.6663 lr 1.636e-02 mem 5.56GB
[radiance] step   2700/8000 loss 1.6583 lm 1.6520 lr 1.606e-02 mem 5.56GB
[radiance] step   2800/8000 loss 1.6202 lm 1.6145 lr 1.575e-02 mem 5.56GB
[radiance] step   2900/8000 loss 1.5538 lm 1.5482 lr 1.544e-02 mem 5.56GB
[radiance] step   3000/8000 loss 1.6450 lm 1.6399 lr 1.511e-02 mem 5.56GB
[radiance] step   3100/8000 loss 1.6195 lm 1.6147 lr 1.478e-02 mem 5.56GB
[radiance] step   3200/8000 loss 1.6139 lm 1.6092 lr 1.444e-02 mem 5.56GB
[radiance] step   3200 val/loss 1.6743
[radiance] step   3300/8000 loss 1.6049 lm 1.6004 lr 1.410e-02 mem 5.56GB
[radiance] step   3400/8000 loss 1.6137 lm 1.6095 lr 1.375e-02 mem 5.56GB
[radiance] step   3500/8000 loss 1.6972 lm 1.6932 lr 1.340e-02 mem 5.56GB
[radiance] step   3600/8000 loss 1.6766 lm 1.6728 lr 1.304e-02 mem 5.56GB
[radiance] step   3700/8000 loss 1.4170 lm 1.4131 lr 1.268e-02 mem 5.56GB
[radiance] step   3800/8000 loss 1.5670 lm 1.5633 lr 1.232e-02 mem 5.56GB
[radiance] step   3900/8000 loss 1.5907 lm 1.5871 lr 1.196e-02 mem 5.56GB
[radiance] step   4000/8000 loss 1.6068 lm 1.6032 lr 1.159e-02 mem 5.56GB
[radiance] step   4000 val/loss 1.6228
[radiance] step   4100/8000 loss 1.4217 lm 1.4181 lr 1.122e-02 mem 5.56GB
[radiance] step   4200/8000 loss 1.5516 lm 1.5481 lr 1.085e-02 mem 5.56GB
[radiance] step   4300/8000 loss 1.4538 lm 1.4503 lr 1.048e-02 mem 5.56GB
[radiance] step   4400/8000 loss 1.5670 lm 1.5637 lr 1.012e-02 mem 5.56GB
[radiance] step   4500/8000 loss 1.5770 lm 1.5737 lr 9.752e-03 mem 5.56GB
[radiance] step   4600/8000 loss 1.4876 lm 1.4844 lr 9.389e-03 mem 5.56GB
[radiance] step   4700/8000 loss 1.4839 lm 1.4806 lr 9.028e-03 mem 5.56GB
[radiance] step   4800/8000 loss 1.4516 lm 1.4483 lr 8.671e-03 mem 5.56GB
[radiance] step   4800 val/loss 1.5762
[radiance] step   4900/8000 loss 1.4423 lm 1.4390 lr 8.317e-03 mem 5.56GB
[radiance] step   5000/8000 loss 1.4743 lm 1.4711 lr 7.968e-03 mem 5.56GB
[radiance] step   5100/8000 loss 1.5204 lm 1.5174 lr 7.624e-03 mem 5.56GB
[radiance] step   5200/8000 loss 1.5971 lm 1.5941 lr 7.286e-03 mem 5.56GB
[radiance] step   5300/8000 loss 1.4943 lm 1.4912 lr 6.953e-03 mem 5.56GB
[radiance] step   5400/8000 loss 1.4314 lm 1.4281 lr 6.628e-03 mem 5.56GB
[radiance] step   5500/8000 loss 1.4775 lm 1.4745 lr 6.310e-03 mem 5.56GB
[radiance] step   5600/8000 loss 1.3785 lm 1.3753 lr 6.000e-03 mem 5.56GB
[radiance] step   5600 val/loss 1.5294
[radiance] step   5700/8000 loss 1.5220 lm 1.5191 lr 5.698e-03 mem 5.56GB
[radiance] step   5800/8000 loss 1.4485 lm 1.4453 lr 5.405e-03 mem 5.56GB
[radiance] step   5900/8000 loss 1.4287 lm 1.4254 lr 5.121e-03 mem 5.56GB
[radiance] step   6000/8000 loss 1.4555 lm 1.4523 lr 4.848e-03 mem 5.56GB
[radiance] step   6100/8000 loss 1.4756 lm 1.4723 lr 4.584e-03 mem 5.56GB
[radiance] step   6200/8000 loss 1.3838 lm 1.3802 lr 4.331e-03 mem 5.56GB
[radiance] step   6300/8000 loss 1.5336 lm 1.5303 lr 4.090e-03 mem 5.56GB
[radiance] step   6400/8000 loss 1.3678 lm 1.3642 lr 3.860e-03 mem 5.56GB
[radiance] step   6400 val/loss 1.4909
[radiance] step   6500/8000 loss 1.3785 lm 1.3748 lr 3.642e-03 mem 5.56GB
[radiance] step   6600/8000 loss 1.5392 lm 1.5358 lr 3.436e-03 mem 5.56GB
[radiance] step   6700/8000 loss 1.4292 lm 1.4255 lr 3.243e-03 mem 5.56GB
[radiance] step   6800/8000 loss 1.4729 lm 1.4691 lr 3.063e-03 mem 5.56GB
[radiance] step   6900/8000 loss 1.4161 lm 1.4121 lr 2.896e-03 mem 5.56GB
[radiance] step   7000/8000 loss 1.4239 lm 1.4199 lr 2.743e-03 mem 5.56GB
[radiance] step   7100/8000 loss 1.3225 lm 1.3183 lr 2.603e-03 mem 5.56GB
[radiance] step   7200/8000 loss 1.4418 lm 1.4377 lr 2.478e-03 mem 5.56GB
[radiance] step   7200 val/loss 1.4606
[radiance] step   7300/8000 loss 1.4281 lm 1.4240 lr 2.366e-03 mem 5.56GB
[radiance] step   7400/8000 loss 1.4389 lm 1.4348 lr 2.270e-03 mem 5.56GB
[radiance] step   7500/8000 loss 1.3342 lm 1.3296 lr 2.188e-03 mem 5.56GB
[radiance] step   7600/8000 loss 1.3710 lm 1.3664 lr 2.120e-03 mem 5.56GB
[radiance] step   7700/8000 loss 1.3273 lm 1.3226 lr 2.068e-03 mem 5.56GB
[radiance] step   7800/8000 loss 1.2889 lm 1.2841 lr 2.030e-03 mem 5.56GB
[radiance] step   7900/8000 loss 1.3860 lm 1.3812 lr 2.008e-03 mem 5.56GB
[radiance] step   8000/8000 loss 1.4733 lm 1.4689 lr 2.000e-03 mem 5.56GB
[radiance] step   8000 val/loss 1.4433
