[radiance] padding vocab 50,257 -> 50,304 (multiple of 128) for tensor-core-aligned lm_head matmuls
[radiance] doc_attention_mask on, so compiling without CUDA graphs (mode=None instead of 'reduce-overhead').
[radiance] optimizer=muon (muon_lr=0.02 over 36 tensors, adamw lr=0.03 over the rest)
[radiance] step    100/8000 loss 3.0903 lm 3.0759 lr 6.312e-03 mem 5.17GB
[radiance] step    200/8000 loss 2.5570 lm 2.5436 lr 1.256e-02 mem 5.17GB
[radiance] step    300/8000 loss 2.4233 lm 2.4101 lr 1.881e-02 mem 5.17GB
[radiance] step    400/8000 loss 2.3117 lm 2.2985 lr 2.000e-02 mem 5.17GB
[radiance] step    500/8000 loss 2.1536 lm 2.1404 lr 1.998e-02 mem 5.17GB
[radiance] step    600/8000 loss 2.1288 lm 2.1154 lr 1.994e-02 mem 5.17GB
[radiance] step    700/8000 loss 1.9261 lm 1.9127 lr 1.989e-02 mem 5.17GB
[radiance] step    800/8000 loss 2.0512 lm 2.0385 lr 1.983e-02 mem 5.17GB
[radiance] step    800 val/loss 1.9987
[radiance] step    900/8000 loss 1.9274 lm 1.9146 lr 1.975e-02 mem 5.17GB
[radiance] step   1000/8000 loss 1.7948 lm 1.7820 lr 1.965e-02 mem 5.17GB
[radiance] step   1100/8000 loss 1.8990 lm 1.8865 lr 1.955e-02 mem 5.17GB
[radiance] step   1200/8000 loss 1.7872 lm 1.7747 lr 1.942e-02 mem 5.17GB
[radiance] step   1300/8000 loss 1.8421 lm 1.8305 lr 1.929e-02 mem 5.17GB
[radiance] step   1400/8000 loss 1.7976 lm 1.7857 lr 1.914e-02 mem 5.17GB
[radiance] step   1500/8000 loss 1.7805 lm 1.7691 lr 1.897e-02 mem 5.17GB
[radiance] step   1600/8000 loss 1.7972 lm 1.7858 lr 1.879e-02 mem 5.17GB
[radiance] step   1600 val/loss 1.8339
[radiance] step   1700/8000 loss 1.8370 lm 1.8259 lr 1.860e-02 mem 5.17GB
[radiance] step   1800/8000 loss 1.7764 lm 1.7658 lr 1.840e-02 mem 5.17GB
[radiance] step   1900/8000 loss 1.7077 lm 1.6975 lr 1.818e-02 mem 5.17GB
[radiance] step   2000/8000 loss 1.7946 lm 1.7850 lr 1.796e-02 mem 5.17GB
[radiance] step   2100/8000 loss 1.7785 lm 1.7689 lr 1.772e-02 mem 5.17GB
[radiance] step   2200/8000 loss 1.7649 lm 1.7557 lr 1.747e-02 mem 5.17GB
[radiance] step   2300/8000 loss 1.8045 lm 1.7957 lr 1.721e-02 mem 5.17GB
[radiance] step   2400/8000 loss 1.6969 lm 1.6881 lr 1.693e-02 mem 5.17GB
[radiance] step   2400 val/loss 1.7516
[radiance] step   2500/8000 loss 1.7361 lm 1.7282 lr 1.665e-02 mem 5.17GB
[radiance] step   2600/8000 loss 1.7521 lm 1.7443 lr 1.636e-02 mem 5.17GB
[radiance] step   2700/8000 loss 1.6381 lm 1.6309 lr 1.606e-02 mem 5.17GB
[radiance] step   2800/8000 loss 1.6585 lm 1.6518 lr 1.575e-02 mem 5.17GB
[radiance] step   2900/8000 loss 1.7252 lm 1.7191 lr 1.544e-02 mem 5.17GB
[radiance] step   3000/8000 loss 1.6060 lm 1.6001 lr 1.511e-02 mem 5.17GB
[radiance] step   3100/8000 loss 1.6194 lm 1.6137 lr 1.478e-02 mem 5.17GB
[radiance] step   3200/8000 loss 1.7352 lm 1.7301 lr 1.444e-02 mem 5.17GB
[radiance] step   3200 val/loss 1.6937
[radiance] step   3300/8000 loss 1.6542 lm 1.6494 lr 1.410e-02 mem 5.17GB
[radiance] step   3400/8000 loss 1.6858 lm 1.6813 lr 1.375e-02 mem 5.17GB
[radiance] step   3500/8000 loss 1.6732 lm 1.6689 lr 1.340e-02 mem 5.17GB
[radiance] step   3600/8000 loss 1.6433 lm 1.6391 lr 1.304e-02 mem 5.17GB
[radiance] step   3700/8000 loss 1.5537 lm 1.5498 lr 1.268e-02 mem 5.17GB
[radiance] step   3800/8000 loss 1.6205 lm 1.6167 lr 1.232e-02 mem 5.17GB
[radiance] step   3900/8000 loss 1.6543 lm 1.6506 lr 1.196e-02 mem 5.17GB
[radiance] step   4000/8000 loss 1.5449 lm 1.5413 lr 1.159e-02 mem 5.17GB
[radiance] step   4000 val/loss 1.6386
[radiance] step   4100/8000 loss 1.4986 lm 1.4952 lr 1.122e-02 mem 5.17GB
[radiance] step   4200/8000 loss 1.5208 lm 1.5173 lr 1.085e-02 mem 5.17GB
[radiance] step   4300/8000 loss 1.5895 lm 1.5861 lr 1.048e-02 mem 5.17GB
[radiance] step   4400/8000 loss 1.5511 lm 1.5478 lr 1.012e-02 mem 5.17GB
[radiance] step   4500/8000 loss 1.5624 lm 1.5592 lr 9.752e-03 mem 5.17GB
[radiance] step   4600/8000 loss 1.5860 lm 1.5830 lr 9.389e-03 mem 5.17GB
[radiance] step   4700/8000 loss 1.4756 lm 1.4726 lr 9.028e-03 mem 5.17GB
[radiance] step   4800/8000 loss 1.7056 lm 1.7027 lr 8.671e-03 mem 5.17GB
[radiance] step   4800 val/loss 1.5906
[radiance] step   4900/8000 loss 1.5743 lm 1.5713 lr 8.317e-03 mem 5.17GB
[radiance] step   5000/8000 loss 1.5747 lm 1.5717 lr 7.968e-03 mem 5.17GB
[radiance] step   5100/8000 loss 1.5745 lm 1.5717 lr 7.624e-03 mem 5.17GB
[radiance] step   5200/8000 loss 1.6294 lm 1.6266 lr 7.286e-03 mem 5.17GB
[radiance] step   5300/8000 loss 1.5147 lm 1.5119 lr 6.953e-03 mem 5.17GB
[radiance] step   5400/8000 loss 1.4718 lm 1.4691 lr 6.628e-03 mem 5.17GB
[radiance] step   5500/8000 loss 1.4727 lm 1.4697 lr 6.310e-03 mem 5.17GB
[radiance] step   5600/8000 loss 1.5183 lm 1.5154 lr 6.000e-03 mem 5.17GB
[radiance] step   5600 val/loss 1.5425
[radiance] step   5700/8000 loss 1.5561 lm 1.5533 lr 5.698e-03 mem 5.17GB
[radiance] step   5800/8000 loss 1.5547 lm 1.5521 lr 5.405e-03 mem 5.17GB
[radiance] step   5900/8000 loss 1.5090 lm 1.5059 lr 5.121e-03 mem 5.17GB
[radiance] step   6000/8000 loss 1.4346 lm 1.4315 lr 4.848e-03 mem 5.17GB
[radiance] step   6100/8000 loss 1.4885 lm 1.4855 lr 4.584e-03 mem 5.17GB
[radiance] step   6200/8000 loss 1.3637 lm 1.3604 lr 4.331e-03 mem 5.17GB
[radiance] step   6300/8000 loss 1.4449 lm 1.4417 lr 4.090e-03 mem 5.17GB
[radiance] step   6400/8000 loss 1.4512 lm 1.4480 lr 3.860e-03 mem 5.17GB
[radiance] step   6400 val/loss 1.5009
[radiance] step   6500/8000 loss 1.5177 lm 1.5145 lr 3.642e-03 mem 5.17GB
[radiance] step   6600/8000 loss 1.3855 lm 1.3821 lr 3.436e-03 mem 5.17GB
[radiance] step   6700/8000 loss 1.3378 lm 1.3342 lr 3.243e-03 mem 5.17GB
[radiance] step   6800/8000 loss 1.3901 lm 1.3865 lr 3.063e-03 mem 5.17GB
[radiance] step   6900/8000 loss 1.4236 lm 1.4200 lr 2.896e-03 mem 5.17GB
[radiance] step   7000/8000 loss 1.4819 lm 1.4785 lr 2.743e-03 mem 5.17GB
[radiance] step   7100/8000 loss 1.4496 lm 1.4459 lr 2.603e-03 mem 5.17GB
[radiance] step   7200/8000 loss 1.4096 lm 1.4058 lr 2.478e-03 mem 5.17GB
[radiance] step   7200 val/loss 1.4721
[radiance] step   7300/8000 loss 1.3839 lm 1.3802 lr 2.366e-03 mem 5.17GB
[radiance] step   7400/8000 loss 1.3670 lm 1.3628 lr 2.270e-03 mem 5.17GB
[radiance] step   7500/8000 loss 1.4532 lm 1.4493 lr 2.188e-03 mem 5.17GB
[radiance] step   7600/8000 loss 1.4460 lm 1.4421 lr 2.120e-03 mem 5.17GB
[radiance] step   7700/8000 loss 1.3178 lm 1.3134 lr 2.068e-03 mem 5.17GB
[radiance] step   7800/8000 loss 1.3218 lm 1.3175 lr 2.030e-03 mem 5.17GB
[radiance] step   7900/8000 loss 1.4740 lm 1.4700 lr 2.008e-03 mem 5.17GB
[radiance] step   8000/8000 loss 1.5236 lm 1.5195 lr 2.000e-03 mem 5.17GB
[radiance] step   8000 val/loss 1.4539
