[radiance] padding vocab 50,257 -> 50,304 (multiple of 128) for tensor-core-aligned lm_head matmuls
[radiance] doc_attention_mask on, so compiling without CUDA graphs (mode=None instead of 'reduce-overhead').
[radiance] optimizer=muon (muon_lr=0.02 over 24 tensors, adamw lr=0.03 over the rest)
[radiance] step    100/8000 loss 3.0111 lm 2.9969 lr 6.312e-03 mem 4.93GB
[radiance] step    200/8000 loss 2.5278 lm 2.5148 lr 1.256e-02 mem 4.93GB
[radiance] step    300/8000 loss 2.3605 lm 2.3472 lr 1.881e-02 mem 4.93GB
[radiance] step    400/8000 loss 2.1853 lm 2.1721 lr 2.000e-02 mem 4.93GB
[radiance] step    500/8000 loss 2.1190 lm 2.1057 lr 1.998e-02 mem 4.93GB
[radiance] step    600/8000 loss 1.9975 lm 1.9840 lr 1.994e-02 mem 4.93GB
[radiance] step    700/8000 loss 2.0779 lm 2.0649 lr 1.989e-02 mem 4.93GB
[radiance] step    800/8000 loss 2.0240 lm 2.0111 lr 1.983e-02 mem 4.93GB
[radiance] step    800 val/loss 1.9923
[radiance] step    900/8000 loss 1.9355 lm 1.9226 lr 1.975e-02 mem 4.93GB
[radiance] step   1000/8000 loss 1.8848 lm 1.8719 lr 1.965e-02 mem 4.93GB
[radiance] step   1100/8000 loss 1.8434 lm 1.8309 lr 1.955e-02 mem 4.93GB
[radiance] step   1200/8000 loss 1.9058 lm 1.8938 lr 1.942e-02 mem 4.93GB
[radiance] step   1300/8000 loss 1.9089 lm 1.8971 lr 1.929e-02 mem 4.93GB
[radiance] step   1400/8000 loss 1.9358 lm 1.9243 lr 1.914e-02 mem 4.93GB
[radiance] step   1500/8000 loss 1.9233 lm 1.9120 lr 1.897e-02 mem 4.93GB
[radiance] step   1600/8000 loss 1.7559 lm 1.7447 lr 1.879e-02 mem 4.93GB
[radiance] step   1600 val/loss 1.8321
[radiance] step   1700/8000 loss 1.8483 lm 1.8373 lr 1.860e-02 mem 4.93GB
[radiance] step   1800/8000 loss 1.9298 lm 1.9192 lr 1.840e-02 mem 4.93GB
[radiance] step   1900/8000 loss 1.6493 lm 1.6387 lr 1.818e-02 mem 4.93GB
[radiance] step   2000/8000 loss 1.8178 lm 1.8080 lr 1.796e-02 mem 4.93GB
[radiance] step   2100/8000 loss 1.7150 lm 1.7051 lr 1.772e-02 mem 4.93GB
[radiance] step   2200/8000 loss 1.6379 lm 1.6287 lr 1.747e-02 mem 4.93GB
[radiance] step   2300/8000 loss 1.7145 lm 1.7056 lr 1.721e-02 mem 4.93GB
[radiance] step   2400/8000 loss 1.7457 lm 1.7374 lr 1.693e-02 mem 4.93GB
[radiance] step   2400 val/loss 1.7525
[radiance] step   2500/8000 loss 1.6072 lm 1.5995 lr 1.665e-02 mem 4.93GB
[radiance] step   2600/8000 loss 1.8394 lm 1.8320 lr 1.636e-02 mem 4.93GB
[radiance] step   2700/8000 loss 1.5890 lm 1.5824 lr 1.606e-02 mem 4.93GB
[radiance] step   2800/8000 loss 1.7540 lm 1.7478 lr 1.575e-02 mem 4.93GB
[radiance] step   2900/8000 loss 1.6875 lm 1.6816 lr 1.544e-02 mem 4.93GB
[radiance] step   3000/8000 loss 1.6822 lm 1.6767 lr 1.511e-02 mem 4.93GB
[radiance] step   3100/8000 loss 1.6653 lm 1.6603 lr 1.478e-02 mem 4.93GB
[radiance] step   3200/8000 loss 1.6280 lm 1.6231 lr 1.444e-02 mem 4.93GB
[radiance] step   3200 val/loss 1.6952
[radiance] step   3300/8000 loss 1.7592 lm 1.7546 lr 1.410e-02 mem 4.93GB
[radiance] step   3400/8000 loss 1.6110 lm 1.6064 lr 1.375e-02 mem 4.93GB
[radiance] step   3500/8000 loss 1.5335 lm 1.5292 lr 1.340e-02 mem 4.93GB
[radiance] step   3600/8000 loss 1.6522 lm 1.6481 lr 1.304e-02 mem 4.93GB
[radiance] step   3700/8000 loss 1.5524 lm 1.5485 lr 1.268e-02 mem 4.93GB
[radiance] step   3800/8000 loss 1.6462 lm 1.6422 lr 1.232e-02 mem 4.93GB
[radiance] step   3900/8000 loss 1.5440 lm 1.5403 lr 1.196e-02 mem 4.93GB
[radiance] step   4000/8000 loss 1.5507 lm 1.5471 lr 1.159e-02 mem 4.93GB
[radiance] step   4000 val/loss 1.6599
[radiance] step   4100/8000 loss 1.6399 lm 1.6364 lr 1.122e-02 mem 4.93GB
[radiance] step   4200/8000 loss 1.5749 lm 1.5713 lr 1.085e-02 mem 4.93GB
[radiance] step   4300/8000 loss 1.4681 lm 1.4645 lr 1.048e-02 mem 4.93GB
[radiance] step   4400/8000 loss 1.5609 lm 1.5575 lr 1.012e-02 mem 4.93GB
[radiance] step   4500/8000 loss 1.5797 lm 1.5763 lr 9.752e-03 mem 4.93GB
[radiance] step   4600/8000 loss 1.5540 lm 1.5506 lr 9.389e-03 mem 4.93GB
[radiance] step   4700/8000 loss 1.5968 lm 1.5935 lr 9.028e-03 mem 4.93GB
[radiance] step   4800/8000 loss 1.4839 lm 1.4807 lr 8.671e-03 mem 4.93GB
[radiance] step   4800 val/loss 1.5965
[radiance] step   4900/8000 loss 1.5277 lm 1.5244 lr 8.317e-03 mem 4.93GB
[radiance] step   5000/8000 loss 1.4014 lm 1.3982 lr 7.968e-03 mem 4.93GB
[radiance] step   5100/8000 loss 1.5080 lm 1.5049 lr 7.624e-03 mem 4.93GB
[radiance] step   5200/8000 loss 1.4483 lm 1.4450 lr 7.286e-03 mem 4.93GB
[radiance] step   5300/8000 loss 1.5130 lm 1.5099 lr 6.953e-03 mem 4.93GB
[radiance] step   5400/8000 loss 1.4155 lm 1.4123 lr 6.628e-03 mem 4.93GB
[radiance] step   5500/8000 loss 1.4631 lm 1.4599 lr 6.310e-03 mem 4.93GB
[radiance] step   5600/8000 loss 1.4742 lm 1.4709 lr 6.000e-03 mem 4.93GB
[radiance] step   5600 val/loss 1.5509
[radiance] step   5700/8000 loss 1.4787 lm 1.4754 lr 5.698e-03 mem 4.93GB
[radiance] step   5800/8000 loss 1.4005 lm 1.3971 lr 5.405e-03 mem 4.93GB
[radiance] step   5900/8000 loss 1.4532 lm 1.4498 lr 5.121e-03 mem 4.93GB
[radiance] step   6000/8000 loss 1.4835 lm 1.4802 lr 4.848e-03 mem 4.93GB
[radiance] step   6100/8000 loss 1.4170 lm 1.4134 lr 4.584e-03 mem 4.93GB
[radiance] step   6200/8000 loss 1.4555 lm 1.4520 lr 4.331e-03 mem 4.93GB
[radiance] step   6300/8000 loss 1.4326 lm 1.4291 lr 4.090e-03 mem 4.93GB
[radiance] step   6400/8000 loss 1.4009 lm 1.3972 lr 3.860e-03 mem 4.93GB
[radiance] step   6400 val/loss 1.5096
[radiance] step   6500/8000 loss 1.4846 lm 1.4811 lr 3.642e-03 mem 4.93GB
[radiance] step   6600/8000 loss 1.4432 lm 1.4394 lr 3.436e-03 mem 4.93GB
[radiance] step   6700/8000 loss 1.5275 lm 1.5238 lr 3.243e-03 mem 4.93GB
[radiance] step   6800/8000 loss 1.4326 lm 1.4286 lr 3.063e-03 mem 4.93GB
[radiance] step   6900/8000 loss 1.5017 lm 1.4978 lr 2.896e-03 mem 4.93GB
[radiance] step   7000/8000 loss 1.4450 lm 1.4412 lr 2.743e-03 mem 4.93GB
[radiance] step   7100/8000 loss 1.3006 lm 1.2962 lr 2.603e-03 mem 4.93GB
[radiance] step   7200/8000 loss 1.4806 lm 1.4765 lr 2.478e-03 mem 4.93GB
[radiance] step   7200 val/loss 1.4807
[radiance] step   7300/8000 loss 1.3828 lm 1.3783 lr 2.366e-03 mem 4.93GB
[radiance] step   7400/8000 loss 1.4762 lm 1.4720 lr 2.270e-03 mem 4.93GB
[radiance] step   7500/8000 loss 1.3309 lm 1.3261 lr 2.188e-03 mem 4.93GB
[radiance] step   7600/8000 loss 1.5511 lm 1.5469 lr 2.120e-03 mem 4.93GB
[radiance] step   7700/8000 loss 1.4225 lm 1.4178 lr 2.068e-03 mem 4.93GB
[radiance] step   7800/8000 loss 1.3430 lm 1.3381 lr 2.030e-03 mem 4.93GB
[radiance] step   7900/8000 loss 1.4517 lm 1.4472 lr 2.008e-03 mem 4.93GB
[radiance] step   8000/8000 loss 1.4394 lm 1.4347 lr 2.000e-03 mem 4.93GB
[radiance] step   8000 val/loss 1.4640
