[radiance] padding vocab 50,257 -> 50,304 (multiple of 128) for tensor-core-aligned lm_head matmuls
[radiance] doc_attention_mask on, so compiling without CUDA graphs (mode=None instead of 'reduce-overhead').
[radiance] optimizer=muon (muon_lr=0.02 over 36 tensors, adamw lr=0.01 over the rest)
[radiance] step    100/8000 loss 2.9626 lm 2.9489 lr 6.312e-03 mem 5.27GB
[radiance] step    200/8000 loss 2.5488 lm 2.5342 lr 1.256e-02 mem 5.27GB
[radiance] step    300/8000 loss 2.3264 lm 2.3126 lr 1.881e-02 mem 5.27GB
[radiance] step    400/8000 loss 2.2741 lm 2.2606 lr 2.000e-02 mem 5.27GB
[radiance] step    500/8000 loss 2.0864 lm 2.0730 lr 1.998e-02 mem 5.27GB
[radiance] step    600/8000 loss 2.0898 lm 2.0767 lr 1.994e-02 mem 5.27GB
[radiance] step    700/8000 loss 1.9835 lm 1.9708 lr 1.989e-02 mem 5.27GB
[radiance] step    800/8000 loss 1.8584 lm 1.8455 lr 1.983e-02 mem 5.27GB
[radiance] step    800 val/loss 1.9592
[radiance] step    900/8000 loss 1.9368 lm 1.9246 lr 1.975e-02 mem 5.27GB
[radiance] step   1000/8000 loss 1.8207 lm 1.8088 lr 1.965e-02 mem 5.27GB
[radiance] step   1100/8000 loss 1.7572 lm 1.7454 lr 1.955e-02 mem 5.27GB
[radiance] step   1200/8000 loss 1.7927 lm 1.7815 lr 1.942e-02 mem 5.27GB
[radiance] step   1300/8000 loss 1.8777 lm 1.8667 lr 1.929e-02 mem 5.27GB
[radiance] step   1400/8000 loss 1.8469 lm 1.8365 lr 1.914e-02 mem 5.27GB
[radiance] step   1500/8000 loss 1.7407 lm 1.7307 lr 1.897e-02 mem 5.27GB
[radiance] step   1600/8000 loss 1.8447 lm 1.8352 lr 1.879e-02 mem 5.27GB
[radiance] step   1600 val/loss 1.7888
[radiance] step   1700/8000 loss 1.8012 lm 1.7921 lr 1.860e-02 mem 5.27GB
[radiance] step   1800/8000 loss 1.7978 lm 1.7891 lr 1.840e-02 mem 5.27GB
[radiance] step   1900/8000 loss 1.6164 lm 1.6080 lr 1.818e-02 mem 5.27GB
[radiance] step   2000/8000 loss 1.7678 lm 1.7600 lr 1.796e-02 mem 5.27GB
[radiance] step   2100/8000 loss 1.6927 lm 1.6855 lr 1.772e-02 mem 5.27GB
[radiance] step   2200/8000 loss 1.6682 lm 1.6614 lr 1.747e-02 mem 5.27GB
[radiance] step   2300/8000 loss 1.7209 lm 1.7145 lr 1.721e-02 mem 5.27GB
[radiance] step   2400/8000 loss 1.7477 lm 1.7416 lr 1.693e-02 mem 5.27GB
[radiance] step   2400 val/loss 1.7125
[radiance] step   2500/8000 loss 1.5550 lm 1.5495 lr 1.665e-02 mem 5.27GB
[radiance] step   2600/8000 loss 1.6522 lm 1.6471 lr 1.636e-02 mem 5.27GB
[radiance] step   2700/8000 loss 1.6829 lm 1.6783 lr 1.606e-02 mem 5.27GB
[radiance] step   2800/8000 loss 1.5648 lm 1.5604 lr 1.575e-02 mem 5.27GB
[radiance] step   2900/8000 loss 1.5768 lm 1.5727 lr 1.544e-02 mem 5.27GB
[radiance] step   3000/8000 loss 1.5273 lm 1.5237 lr 1.511e-02 mem 5.27GB
[radiance] step   3100/8000 loss 1.6774 lm 1.6740 lr 1.478e-02 mem 5.27GB
[radiance] step   3200/8000 loss 1.5608 lm 1.5574 lr 1.444e-02 mem 5.27GB
[radiance] step   3200 val/loss 1.6533
[radiance] step   3300/8000 loss 1.5753 lm 1.5722 lr 1.410e-02 mem 5.27GB
[radiance] step   3400/8000 loss 1.7019 lm 1.6989 lr 1.375e-02 mem 5.27GB
[radiance] step   3500/8000 loss 1.6273 lm 1.6244 lr 1.340e-02 mem 5.27GB
[radiance] step   3600/8000 loss 1.5148 lm 1.5121 lr 1.304e-02 mem 5.27GB
[radiance] step   3700/8000 loss 1.5023 lm 1.4997 lr 1.268e-02 mem 5.27GB
[radiance] step   3800/8000 loss 1.5735 lm 1.5709 lr 1.232e-02 mem 5.27GB
[radiance] step   3900/8000 loss 1.5173 lm 1.5149 lr 1.196e-02 mem 5.27GB
[radiance] step   4000/8000 loss 1.5956 lm 1.5930 lr 1.159e-02 mem 5.27GB
[radiance] step   4000 val/loss 1.6053
[radiance] step   4100/8000 loss 1.5381 lm 1.5355 lr 1.122e-02 mem 5.27GB
[radiance] step   4200/8000 loss 1.4748 lm 1.4724 lr 1.085e-02 mem 5.27GB
[radiance] step   4300/8000 loss 1.4473 lm 1.4449 lr 1.048e-02 mem 5.27GB
[radiance] step   4400/8000 loss 1.5789 lm 1.5765 lr 1.012e-02 mem 5.27GB
[radiance] step   4500/8000 loss 1.5659 lm 1.5635 lr 9.752e-03 mem 5.27GB
[radiance] step   4600/8000 loss 1.4918 lm 1.4893 lr 9.389e-03 mem 5.27GB
[radiance] step   4700/8000 loss 1.4850 lm 1.4825 lr 9.028e-03 mem 5.27GB
[radiance] step   4800/8000 loss 1.5267 lm 1.5243 lr 8.671e-03 mem 5.27GB
[radiance] step   4800 val/loss 1.5565
[radiance] step   4900/8000 loss 1.4696 lm 1.4671 lr 8.317e-03 mem 5.27GB
[radiance] step   5000/8000 loss 1.5515 lm 1.5491 lr 7.968e-03 mem 5.27GB
[radiance] step   5100/8000 loss 1.5756 lm 1.5730 lr 7.624e-03 mem 5.27GB
[radiance] step   5200/8000 loss 1.4303 lm 1.4277 lr 7.286e-03 mem 5.27GB
[radiance] step   5300/8000 loss 1.4472 lm 1.4444 lr 6.953e-03 mem 5.27GB
[radiance] step   5400/8000 loss 1.4994 lm 1.4967 lr 6.628e-03 mem 5.27GB
[radiance] step   5500/8000 loss 1.3822 lm 1.3793 lr 6.310e-03 mem 5.27GB
[radiance] step   5600/8000 loss 1.4406 lm 1.4378 lr 6.000e-03 mem 5.27GB
[radiance] step   5600 val/loss 1.5139
[radiance] step   5700/8000 loss 1.4253 lm 1.4222 lr 5.698e-03 mem 5.27GB
[radiance] step   5800/8000 loss 1.4302 lm 1.4271 lr 5.405e-03 mem 5.27GB
[radiance] step   5900/8000 loss 1.6102 lm 1.6073 lr 5.121e-03 mem 5.27GB
[radiance] step   6000/8000 loss 1.3633 lm 1.3600 lr 4.848e-03 mem 5.27GB
[radiance] step   6100/8000 loss 1.3437 lm 1.3402 lr 4.584e-03 mem 5.27GB
[radiance] step   6200/8000 loss 1.4016 lm 1.3983 lr 4.331e-03 mem 5.27GB
[radiance] step   6300/8000 loss 1.3711 lm 1.3676 lr 4.090e-03 mem 5.27GB
[radiance] step   6400/8000 loss 1.3486 lm 1.3451 lr 3.860e-03 mem 5.27GB
[radiance] step   6400 val/loss 1.4762
[radiance] step   6500/8000 loss 1.4470 lm 1.4434 lr 3.642e-03 mem 5.27GB
[radiance] step   6600/8000 loss 1.3660 lm 1.3622 lr 3.436e-03 mem 5.27GB
[radiance] step   6700/8000 loss 1.2748 lm 1.2708 lr 3.243e-03 mem 5.27GB
[radiance] step   6800/8000 loss 1.4382 lm 1.4344 lr 3.063e-03 mem 5.27GB
[radiance] step   6900/8000 loss 1.3985 lm 1.3944 lr 2.896e-03 mem 5.27GB
[radiance] step   7000/8000 loss 1.3968 lm 1.3928 lr 2.743e-03 mem 5.27GB
[radiance] step   7100/8000 loss 1.3502 lm 1.3460 lr 2.603e-03 mem 5.27GB
[radiance] step   7200/8000 loss 1.4733 lm 1.4692 lr 2.478e-03 mem 5.27GB
[radiance] step   7200 val/loss 1.4498
[radiance] step   7300/8000 loss 1.4149 lm 1.4105 lr 2.366e-03 mem 5.27GB
[radiance] step   7400/8000 loss 1.4591 lm 1.4546 lr 2.270e-03 mem 5.27GB
[radiance] step   7500/8000 loss 1.3531 lm 1.3485 lr 2.188e-03 mem 5.27GB
[radiance] step   7600/8000 loss 1.3693 lm 1.3647 lr 2.120e-03 mem 5.27GB
[radiance] step   7700/8000 loss 1.3749 lm 1.3702 lr 2.068e-03 mem 5.27GB
[radiance] step   7800/8000 loss 1.2816 lm 1.2766 lr 2.030e-03 mem 5.27GB
[radiance] step   7900/8000 loss 1.3871 lm 1.3823 lr 2.008e-03 mem 5.27GB
[radiance] step   8000/8000 loss 1.3564 lm 1.3515 lr 2.000e-03 mem 5.27GB
[radiance] step   8000 val/loss 1.4340
