[radiance] padding vocab 50,257 -> 50,304 (multiple of 128) for tensor-core-aligned lm_head matmuls
[radiance] optimizer=muon (muon_lr=0.02 over 53 tensors, adamw lr=0.01 over the rest)
[radiance] step     25/3000 loss 8.4804 lm 8.4706 lr 8.667e-04
[radiance] step     50/3000 loss 5.8543 lm 5.8454 lr 1.700e-03
[radiance] step     75/3000 loss 5.0320 lm 5.0230 lr 2.533e-03
[radiance] step    100/3000 loss 4.2084 lm 4.1985 lr 3.367e-03
[radiance] step    125/3000 loss 3.5758 lm 3.5644 lr 4.200e-03
[radiance] step    150/3000 loss 3.2477 lm 3.2352 lr 5.033e-03
[radiance] step    175/3000 loss 2.9731 lm 2.9592 lr 5.867e-03
[radiance] step    200/3000 loss 2.8223 lm 2.8076 lr 6.700e-03
[radiance] step    225/3000 loss 2.7305 lm 2.7157 lr 7.533e-03
[radiance] step    250/3000 loss 2.6514 lm 2.6360 lr 8.367e-03
[radiance] step    250 val/loss 2.6458
[radiance] step    275/3000 loss 2.5814 lm 2.5654 lr 9.200e-03
[radiance] step    300/3000 loss 2.5007 lm 2.4844 lr 1.003e-02
[radiance] step    325/3000 loss 2.4630 lm 2.4466 lr 1.087e-02
[radiance] step    350/3000 loss 2.4450 lm 2.4287 lr 1.170e-02
[radiance] step    375/3000 loss 2.4204 lm 2.4040 lr 1.253e-02
[radiance] step    400/3000 loss 2.2360 lm 2.2197 lr 1.337e-02
[radiance] step    425/3000 loss 2.2533 lm 2.2370 lr 1.420e-02
[radiance] step    450/3000 loss 2.2569 lm 2.2406 lr 1.503e-02
[radiance] step    475/3000 loss 2.2682 lm 2.2522 lr 1.587e-02
[radiance] step    500/3000 loss 2.2010 lm 2.1848 lr 1.670e-02
[radiance] step    500 val/loss 2.2525
[radiance] step    525/3000 loss 2.1418 lm 2.1255 lr 1.753e-02
[radiance] step    550/3000 loss 2.1572 lm 2.1412 lr 1.837e-02
[radiance] step    575/3000 loss 2.0970 lm 2.0807 lr 1.920e-02
[radiance] step    600/3000 loss 2.2633 lm 2.2476 lr 2.000e-02
[radiance] step    625/3000 loss 2.1173 lm 2.1010 lr 2.000e-02
[radiance] step    650/3000 loss 2.1466 lm 2.1304 lr 1.998e-02
[radiance] step    675/3000 loss 2.1144 lm 2.0982 lr 1.996e-02
[radiance] step    700/3000 loss 2.0473 lm 2.0312 lr 1.992e-02
[radiance] step    725/3000 loss 2.1004 lm 2.0842 lr 1.988e-02
[radiance] step    750/3000 loss 2.0474 lm 2.0312 lr 1.983e-02
[radiance] step    750 val/loss 2.0744
[radiance] step    775/3000 loss 2.0216 lm 2.0055 lr 1.976e-02
[radiance] step    800/3000 loss 2.0020 lm 1.9857 lr 1.969e-02
[radiance] step    825/3000 loss 2.0672 lm 2.0509 lr 1.961e-02
[radiance] step    850/3000 loss 2.0054 lm 1.9890 lr 1.952e-02
[radiance] step    875/3000 loss 1.9576 lm 1.9413 lr 1.942e-02
[radiance] step    900/3000 loss 2.0012 lm 1.9850 lr 1.931e-02
[radiance] step    925/3000 loss 1.9382 lm 1.9216 lr 1.920e-02
[radiance] step    950/3000 loss 1.9204 lm 1.9039 lr 1.907e-02
[radiance] step    975/3000 loss 1.9950 lm 1.9789 lr 1.894e-02
[radiance] step   1000/3000 loss 1.9439 lm 1.9275 lr 1.879e-02
[radiance] step   1000 val/loss 1.9572
[radiance] step   1025/3000 loss 1.9002 lm 1.8838 lr 1.864e-02
[radiance] step   1050/3000 loss 1.9383 lm 1.9220 lr 1.848e-02
[radiance] step   1075/3000 loss 1.8496 lm 1.8331 lr 1.832e-02
[radiance] step   1100/3000 loss 1.9533 lm 1.9370 lr 1.814e-02
[radiance] step   1125/3000 loss 2.0669 lm 2.0510 lr 1.796e-02
[radiance] step   1150/3000 loss 1.9456 lm 1.9291 lr 1.777e-02
[radiance] step   1175/3000 loss 1.8918 lm 1.8754 lr 1.757e-02
[radiance] step   1200/3000 loss 1.7881 lm 1.7713 lr 1.736e-02
[radiance] step   1225/3000 loss 1.9050 lm 1.8886 lr 1.715e-02
[radiance] step   1250/3000 loss 1.8789 lm 1.8628 lr 1.693e-02
[radiance] step   1250 val/loss 1.8839
[radiance] step   1275/3000 loss 1.8359 lm 1.8195 lr 1.671e-02
[radiance] step   1300/3000 loss 1.8876 lm 1.8716 lr 1.648e-02
[radiance] step   1325/3000 loss 1.7903 lm 1.7736 lr 1.624e-02
[radiance] step   1350/3000 loss 1.7685 lm 1.7519 lr 1.600e-02
[radiance] step   1375/3000 loss 1.8323 lm 1.8158 lr 1.575e-02
[radiance] step   1400/3000 loss 1.9354 lm 1.9194 lr 1.550e-02
[radiance] step   1425/3000 loss 1.8002 lm 1.7840 lr 1.524e-02
[radiance] step   1450/3000 loss 1.8126 lm 1.7959 lr 1.498e-02
[radiance] step   1475/3000 loss 1.8613 lm 1.8450 lr 1.471e-02
[radiance] step   1500/3000 loss 1.7772 lm 1.7606 lr 1.444e-02
[radiance] step   1500 val/loss 1.8201
[radiance] step   1525/3000 loss 1.8420 lm 1.8257 lr 1.417e-02
[radiance] step   1550/3000 loss 1.7729 lm 1.7562 lr 1.389e-02
[W811 13:58:45.909270636 CUDACachingAllocator.cpp:508] expandable_segments: memory mapping failed with OOM on device 0 while trying to map 20971520 bytes (free: 58392576, total: 33667612672).
[W811 13:58:45.923579494 CUDACachingAllocator.cpp:508] expandable_segments: memory mapping failed with OOM on device 0 while trying to map 20971520 bytes (free: 60489728, total: 33667612672).
[radiance] CUDA OOM at step 1566, ending run early.
