[radiance] padding vocab 50,257 -> 50,304 (multiple of 128) for tensor-core-aligned lm_head matmuls
[radiance] doc_attention_mask on, so compiling without CUDA graphs (mode=None instead of 'reduce-overhead').
[radiance] optimizer=muon (muon_lr=0.02 over 36 tensors, adamw lr=0.003 over the rest)
[radiance] step    100/1500 loss 2.8952 lm 2.8810 lr 1.997e-02 mem 5.17GB
[radiance] step    150 val/loss 2.6043
[radiance] step    200/1500 loss 2.4372 lm 2.4220 lr 1.958e-02 mem 5.17GB
[radiance] step    300/1500 loss 2.3054 lm 2.2900 lr 1.879e-02 mem 5.17GB
[radiance] step    300 val/loss 2.2620
[radiance] step    400/1500 loss 2.1969 lm 2.1817 lr 1.764e-02 mem 5.17GB
[radiance] step    450 val/loss 2.1084
[radiance] step    500/1500 loss 2.0570 lm 2.0420 lr 1.616e-02 mem 5.17GB
[radiance] step    600/1500 loss 2.0305 lm 2.0156 lr 1.444e-02 mem 5.17GB
[radiance] step    600 val/loss 1.9988
[radiance] step    700/1500 loss 1.8206 lm 1.8058 lr 1.256e-02 mem 5.17GB
[radiance] step    750 val/loss 1.9130
[radiance] step    800/1500 loss 1.9421 lm 1.9281 lr 1.061e-02 mem 5.17GB
[radiance] step    900/1500 loss 1.7984 lm 1.7845 lr 8.671e-03 mem 5.17GB
[radiance] step    900 val/loss 1.8475
[radiance] step   1000/1500 loss 1.6675 lm 1.6536 lr 6.844e-03 mem 5.17GB
[radiance] step   1050 val/loss 1.7904
[radiance] step   1100/1500 loss 1.7518 lm 1.7385 lr 5.215e-03 mem 5.17GB
[radiance] step   1200/1500 loss 1.6352 lm 1.6219 lr 3.860e-03 mem 5.17GB
[radiance] step   1200 val/loss 1.7469
[radiance] step   1300/1500 loss 1.6848 lm 1.6720 lr 2.843e-03 mem 5.17GB
[radiance] step   1350 val/loss 1.7138
[radiance] step   1400/1500 loss 1.6350 lm 1.6221 lr 2.213e-03 mem 5.17GB
[radiance] step   1500/1500 loss 1.6314 lm 1.6187 lr 2.000e-03 mem 5.17GB
[radiance] step   1500 val/loss 1.6942
