[radiance] padding vocab 50,257 -> 50,304 (multiple of 128) for tensor-core-aligned lm_head matmuls
[radiance] doc_attention_mask on, so compiling without CUDA graphs (mode=None instead of 'reduce-overhead').
[radiance] optimizer=muon (muon_lr=0.02 over 24 tensors, adamw lr=0.03 over the rest)
[radiance] step    100/1500 loss 2.8527 lm 2.8397 lr 1.997e-02 mem 4.89GB
[radiance] step    150 val/loss 2.5670
[radiance] step    200/1500 loss 2.4649 lm 2.4517 lr 1.958e-02 mem 4.89GB
[radiance] step    300/1500 loss 2.2927 lm 2.2792 lr 1.879e-02 mem 4.89GB
[radiance] step    300 val/loss 2.2565
[radiance] step    400/1500 loss 2.1262 lm 2.1127 lr 1.764e-02 mem 4.89GB
[radiance] step    450 val/loss 2.1076
[radiance] step    500/1500 loss 2.0631 lm 2.0492 lr 1.616e-02 mem 4.89GB
[radiance] step    600/1500 loss 2.0322 lm 2.0190 lr 1.444e-02 mem 4.89GB
[radiance] step    600 val/loss 2.0034
[radiance] step    700/1500 loss 1.9316 lm 1.9186 lr 1.256e-02 mem 4.89GB
[radiance] step    750 val/loss 1.9243
[radiance] step    800/1500 loss 1.8154 lm 1.8023 lr 1.061e-02 mem 4.89GB
[radiance] step    900/1500 loss 1.9331 lm 1.9206 lr 8.671e-03 mem 4.89GB
[radiance] step    900 val/loss 1.8563
[radiance] step   1000/1500 loss 1.7936 lm 1.7811 lr 6.844e-03 mem 4.89GB
[radiance] step   1050 val/loss 1.7969
[radiance] step   1100/1500 loss 1.7073 lm 1.6949 lr 5.215e-03 mem 4.89GB
[radiance] step   1200/1500 loss 1.7298 lm 1.7177 lr 3.860e-03 mem 4.89GB
[radiance] step   1200 val/loss 1.7502
[radiance] step   1300/1500 loss 1.6425 lm 1.6308 lr 2.843e-03 mem 4.89GB
[radiance] step   1350 val/loss 1.7173
[radiance] step   1400/1500 loss 1.7037 lm 1.6924 lr 2.213e-03 mem 4.89GB
[radiance] step   1500/1500 loss 1.6384 lm 1.6273 lr 2.000e-03 mem 4.89GB
[radiance] step   1500 val/loss 1.6960
