[radiance] padding vocab 50,257 -> 50,304 (multiple of 128) for tensor-core-aligned lm_head matmuls
[radiance] doc_attention_mask on, so compiling without CUDA graphs (mode=None instead of 'reduce-overhead').
[radiance] optimizer=muon (muon_lr=0.02 over 132 tensors, adamw lr=0.01 over the rest)
[radiance] step    100/8000 loss 3.3961 lm 3.3837 lr 6.312e-03 mem 7.08GB
[radiance] step    200/8000 loss 2.5570 lm 2.5418 lr 1.256e-02 mem 7.08GB
[radiance] step    300/8000 loss 2.4437 lm 2.4294 lr 1.881e-02 mem 7.08GB
[radiance] step    400/8000 loss 2.2048 lm 2.1904 lr 2.000e-02 mem 7.08GB
[radiance] step    500/8000 loss 2.0214 lm 2.0069 lr 1.998e-02 mem 7.08GB
[radiance] step    600/8000 loss 2.0536 lm 2.0395 lr 1.994e-02 mem 7.08GB
[radiance] step    700/8000 loss 1.9299 lm 1.9160 lr 1.989e-02 mem 7.08GB
[radiance] step    800/8000 loss 1.9544 lm 1.9413 lr 1.983e-02 mem 7.08GB
[radiance] step    800 val/loss 1.9477
[radiance] step    900/8000 loss 1.8945 lm 1.8816 lr 1.975e-02 mem 7.08GB
[radiance] step   1000/8000 loss 1.8175 lm 1.8050 lr 1.965e-02 mem 7.08GB
[radiance] step   1100/8000 loss 1.7272 lm 1.7154 lr 1.955e-02 mem 7.08GB
[radiance] step   1200/8000 loss 1.7329 lm 1.7216 lr 1.942e-02 mem 7.08GB
[radiance] step   1300/8000 loss 1.9069 lm 1.8965 lr 1.929e-02 mem 7.08GB
[radiance] step   1400/8000 loss 1.8199 lm 1.8102 lr 1.914e-02 mem 7.08GB
[radiance] step   1500/8000 loss 1.7664 lm 1.7574 lr 1.897e-02 mem 7.08GB
[radiance] step   1600/8000 loss 1.8214 lm 1.8129 lr 1.879e-02 mem 7.08GB
[radiance] step   1600 val/loss 1.7712
[radiance] step   1700/8000 loss 1.6404 lm 1.6327 lr 1.860e-02 mem 7.08GB
[radiance] step   1800/8000 loss 1.6901 lm 1.6831 lr 1.840e-02 mem 7.08GB
[radiance] step   1900/8000 loss 1.7565 lm 1.7500 lr 1.818e-02 mem 7.08GB
[radiance] step   2000/8000 loss 1.7009 lm 1.6948 lr 1.796e-02 mem 7.08GB
[radiance] step   2100/8000 loss 1.5893 lm 1.5837 lr 1.772e-02 mem 7.08GB
[radiance] step   2200/8000 loss 1.6554 lm 1.6504 lr 1.747e-02 mem 7.08GB
[radiance] step   2300/8000 loss 1.6991 lm 1.6939 lr 1.721e-02 mem 7.08GB
[radiance] step   2400/8000 loss 1.6084 lm 1.6036 lr 1.693e-02 mem 7.08GB
[radiance] step   2400 val/loss 1.6919
[radiance] step   2500/8000 loss 1.6014 lm 1.5971 lr 1.665e-02 mem 7.08GB
[radiance] step   2600/8000 loss 1.6723 lm 1.6681 lr 1.636e-02 mem 7.08GB
[radiance] step   2700/8000 loss 1.6637 lm 1.6595 lr 1.606e-02 mem 7.08GB
[radiance] step   2800/8000 loss 1.5926 lm 1.5886 lr 1.575e-02 mem 7.08GB
[radiance] step   2900/8000 loss 1.6283 lm 1.6244 lr 1.544e-02 mem 7.08GB
[radiance] step   3000/8000 loss 1.4922 lm 1.4887 lr 1.511e-02 mem 7.08GB
[radiance] step   3100/8000 loss 1.5211 lm 1.5174 lr 1.478e-02 mem 7.08GB
[radiance] step   3200/8000 loss 1.5904 lm 1.5867 lr 1.444e-02 mem 7.08GB
[radiance] step   3200 val/loss 1.6294
[radiance] step   3300/8000 loss 1.4305 lm 1.4267 lr 1.410e-02 mem 7.08GB
[radiance] step   3400/8000 loss 1.5690 lm 1.5656 lr 1.375e-02 mem 7.08GB
[radiance] step   3500/8000 loss 1.6155 lm 1.6121 lr 1.340e-02 mem 7.08GB
[radiance] step   3600/8000 loss 1.5892 lm 1.5858 lr 1.304e-02 mem 7.08GB
[radiance] step   3700/8000 loss 1.5546 lm 1.5513 lr 1.268e-02 mem 7.08GB
[radiance] step   3800/8000 loss 1.5111 lm 1.5077 lr 1.232e-02 mem 7.08GB
[radiance] step   3900/8000 loss 1.5689 lm 1.5655 lr 1.196e-02 mem 7.08GB
[radiance] step   4000/8000 loss 1.4396 lm 1.4361 lr 1.159e-02 mem 7.08GB
[radiance] step   4000 val/loss 1.5772
[radiance] step   4100/8000 loss 1.5221 lm 1.5188 lr 1.122e-02 mem 7.08GB
[radiance] step   4200/8000 loss 1.5865 lm 1.5833 lr 1.085e-02 mem 7.08GB
[radiance] step   4300/8000 loss 1.5057 lm 1.5026 lr 1.048e-02 mem 7.08GB
[radiance] step   4400/8000 loss 1.5904 lm 1.5872 lr 1.012e-02 mem 7.08GB
[radiance] step   4500/8000 loss 1.5901 lm 1.5871 lr 9.752e-03 mem 7.08GB
[radiance] step   4600/8000 loss 1.5643 lm 1.5614 lr 9.389e-03 mem 7.08GB
[radiance] step   4700/8000 loss 1.5152 lm 1.5119 lr 9.028e-03 mem 7.08GB
[radiance] step   4800/8000 loss 1.5061 lm 1.5029 lr 8.671e-03 mem 7.08GB
[radiance] step   4800 val/loss 1.5277
[radiance] step   4900/8000 loss 1.3939 lm 1.3902 lr 8.317e-03 mem 7.08GB
[radiance] step   5000/8000 loss 1.4472 lm 1.4439 lr 7.968e-03 mem 7.08GB
[radiance] step   5100/8000 loss 1.4964 lm 1.4928 lr 7.624e-03 mem 7.08GB
[radiance] step   5200/8000 loss 1.5287 lm 1.5258 lr 7.286e-03 mem 7.08GB
[radiance] step   5300/8000 loss 1.4878 lm 1.4843 lr 6.953e-03 mem 7.08GB
[radiance] step   5400/8000 loss 1.5375 lm 1.5344 lr 6.628e-03 mem 7.08GB
[radiance] step   5500/8000 loss 1.4526 lm 1.4490 lr 6.310e-03 mem 7.08GB
[radiance] step   5600/8000 loss 1.4956 lm 1.4919 lr 6.000e-03 mem 7.08GB
[radiance] step   5600 val/loss 1.4899
[radiance] step   5700/8000 loss 1.3730 lm 1.3693 lr 5.698e-03 mem 7.08GB
[radiance] step   5800/8000 loss 1.4880 lm 1.4846 lr 5.405e-03 mem 7.08GB
[radiance] step   5900/8000 loss 1.5073 lm 1.5037 lr 5.121e-03 mem 7.08GB
[radiance] step   6000/8000 loss 1.4412 lm 1.4376 lr 4.848e-03 mem 7.08GB
[radiance] step   6100/8000 loss 1.4258 lm 1.4220 lr 4.584e-03 mem 7.08GB
[radiance] step   6200/8000 loss 1.4101 lm 1.4059 lr 4.331e-03 mem 7.08GB
[radiance] step   6300/8000 loss 1.4010 lm 1.3968 lr 4.090e-03 mem 7.08GB
[radiance] step   6400/8000 loss 1.4112 lm 1.4070 lr 3.860e-03 mem 7.08GB
[radiance] step   6400 val/loss 1.4519
[radiance] step   6500/8000 loss 1.4232 lm 1.4190 lr 3.642e-03 mem 7.08GB
[radiance] step   6600/8000 loss 1.4879 lm 1.4836 lr 3.436e-03 mem 7.08GB
[radiance] step   6700/8000 loss 1.4677 lm 1.4633 lr 3.243e-03 mem 7.08GB
[radiance] step   6800/8000 loss 1.4263 lm 1.4220 lr 3.063e-03 mem 7.08GB
[radiance] step   6900/8000 loss 1.3684 lm 1.3637 lr 2.896e-03 mem 7.08GB
[radiance] step   7000/8000 loss 1.3322 lm 1.3272 lr 2.743e-03 mem 7.08GB
[radiance] step   7100/8000 loss 1.4172 lm 1.4125 lr 2.603e-03 mem 7.08GB
[radiance] step   7200/8000 loss 1.3969 lm 1.3918 lr 2.478e-03 mem 7.08GB
[radiance] step   7200 val/loss 1.4249
[radiance] step   7300/8000 loss 1.3321 lm 1.3268 lr 2.366e-03 mem 7.08GB
[radiance] step   7400/8000 loss 1.2670 lm 1.2615 lr 2.270e-03 mem 7.08GB
[radiance] step   7500/8000 loss 1.3454 lm 1.3401 lr 2.188e-03 mem 7.08GB
[radiance] step   7600/8000 loss 1.2660 lm 1.2605 lr 2.120e-03 mem 7.08GB
[radiance] step   7700/8000 loss 1.3253 lm 1.3196 lr 2.068e-03 mem 7.08GB
[radiance] step   7800/8000 loss 1.3197 lm 1.3140 lr 2.030e-03 mem 7.08GB
[radiance] step   7900/8000 loss 1.3952 lm 1.3900 lr 2.008e-03 mem 7.08GB
[radiance] step   8000/8000 loss 1.3495 lm 1.3438 lr 2.000e-03 mem 7.08GB
[radiance] step   8000 val/loss 1.4086
