[radiance] padding vocab 50,257 -> 50,304 (multiple of 128) for tensor-core-aligned lm_head matmuls
[radiance] doc_attention_mask on, so compiling without CUDA graphs (mode=None instead of 'reduce-overhead').
[radiance] optimizer=muon (muon_lr=0.02 over 49 tensors, adamw lr=0.01 over the rest)
[radiance] step    100/8000 loss 3.1217 lm 3.1083 lr 6.312e-03 mem 8.35GB
[radiance] step    200/8000 loss 2.5818 lm 2.5676 lr 1.256e-02 mem 8.35GB
[radiance] step    300/8000 loss 2.3529 lm 2.3394 lr 1.881e-02 mem 8.35GB
[radiance] step    400/8000 loss 2.2688 lm 2.2556 lr 2.000e-02 mem 8.35GB
[radiance] step    500/8000 loss 2.0904 lm 2.0774 lr 1.998e-02 mem 8.35GB
[radiance] step    600/8000 loss 2.0352 lm 2.0223 lr 1.994e-02 mem 8.35GB
[radiance] step    700/8000 loss 1.8798 lm 1.8670 lr 1.989e-02 mem 8.35GB
[radiance] step    800/8000 loss 1.9488 lm 1.9364 lr 1.983e-02 mem 8.35GB
[radiance] step    800 val/loss 1.9383
[radiance] step    900/8000 loss 1.9206 lm 1.9087 lr 1.975e-02 mem 8.35GB
[radiance] step   1000/8000 loss 1.7619 lm 1.7500 lr 1.965e-02 mem 8.35GB
[radiance] step   1100/8000 loss 1.8096 lm 1.7983 lr 1.955e-02 mem 8.35GB
[radiance] step   1200/8000 loss 1.7188 lm 1.7076 lr 1.942e-02 mem 8.35GB
[radiance] step   1300/8000 loss 1.7568 lm 1.7457 lr 1.929e-02 mem 8.35GB
[radiance] step   1400/8000 loss 1.7057 lm 1.6954 lr 1.914e-02 mem 8.35GB
[radiance] step   1500/8000 loss 1.7440 lm 1.7340 lr 1.897e-02 mem 8.35GB
[radiance] step   1600/8000 loss 1.7911 lm 1.7816 lr 1.879e-02 mem 8.35GB
[radiance] step   1600 val/loss 1.7684
[radiance] step   1700/8000 loss 1.8238 lm 1.8147 lr 1.860e-02 mem 8.35GB
[radiance] step   1800/8000 loss 1.6530 lm 1.6440 lr 1.840e-02 mem 8.35GB
[radiance] step   1900/8000 loss 1.6781 lm 1.6698 lr 1.818e-02 mem 8.35GB
[radiance] step   2000/8000 loss 1.6982 lm 1.6903 lr 1.796e-02 mem 8.35GB
[radiance] step   2100/8000 loss 1.7390 lm 1.7317 lr 1.772e-02 mem 8.35GB
[radiance] step   2200/8000 loss 1.7665 lm 1.7596 lr 1.747e-02 mem 8.35GB
[radiance] step   2300/8000 loss 1.6072 lm 1.6008 lr 1.721e-02 mem 8.35GB
[radiance] step   2400/8000 loss 1.6024 lm 1.5965 lr 1.693e-02 mem 8.35GB
[radiance] step   2400 val/loss 1.6912
[radiance] step   2500/8000 loss 1.7065 lm 1.7009 lr 1.665e-02 mem 8.35GB
[radiance] step   2600/8000 loss 1.6880 lm 1.6829 lr 1.636e-02 mem 8.35GB
[radiance] step   2700/8000 loss 1.5564 lm 1.5517 lr 1.606e-02 mem 8.35GB
[radiance] step   2800/8000 loss 1.7412 lm 1.7370 lr 1.575e-02 mem 8.35GB
[radiance] step   2900/8000 loss 1.6019 lm 1.5979 lr 1.544e-02 mem 8.35GB
[radiance] step   3000/8000 loss 1.5645 lm 1.5609 lr 1.511e-02 mem 8.35GB
[radiance] step   3100/8000 loss 1.6123 lm 1.6090 lr 1.478e-02 mem 8.35GB
[radiance] step   3200/8000 loss 1.5778 lm 1.5747 lr 1.444e-02 mem 8.35GB
[radiance] step   3200 val/loss 1.6328
[radiance] step   3300/8000 loss 1.6677 lm 1.6647 lr 1.410e-02 mem 8.35GB
[radiance] step   3400/8000 loss 1.4401 lm 1.4375 lr 1.375e-02 mem 8.35GB
[radiance] step   3500/8000 loss 1.5456 lm 1.5429 lr 1.340e-02 mem 8.35GB
[radiance] step   3600/8000 loss 1.5730 lm 1.5704 lr 1.304e-02 mem 8.35GB
[radiance] step   3700/8000 loss 1.5112 lm 1.5087 lr 1.268e-02 mem 8.35GB
[radiance] step   3800/8000 loss 1.5069 lm 1.5046 lr 1.232e-02 mem 8.35GB
[radiance] step   3900/8000 loss 1.5253 lm 1.5230 lr 1.196e-02 mem 8.35GB
[radiance] step   4000/8000 loss 1.4827 lm 1.4803 lr 1.159e-02 mem 8.35GB
[radiance] step   4000 val/loss 1.5839
[radiance] step   4100/8000 loss 1.5271 lm 1.5249 lr 1.122e-02 mem 8.35GB
[radiance] step   4200/8000 loss 1.4384 lm 1.4361 lr 1.085e-02 mem 8.35GB
[radiance] step   4300/8000 loss 1.5923 lm 1.5901 lr 1.048e-02 mem 8.35GB
[radiance] step   4400/8000 loss 1.4455 lm 1.4431 lr 1.012e-02 mem 8.35GB
[radiance] step   4500/8000 loss 1.5563 lm 1.5539 lr 9.752e-03 mem 8.35GB
[radiance] step   4600/8000 loss 1.5405 lm 1.5382 lr 9.389e-03 mem 8.35GB
[radiance] step   4700/8000 loss 1.4787 lm 1.4763 lr 9.028e-03 mem 8.35GB
[radiance] step   4800/8000 loss 1.4750 lm 1.4725 lr 8.671e-03 mem 8.35GB
[radiance] step   4800 val/loss 1.5347
[radiance] step   4900/8000 loss 1.5146 lm 1.5120 lr 8.317e-03 mem 8.35GB
[radiance] step   5000/8000 loss 1.5131 lm 1.5106 lr 7.968e-03 mem 8.35GB
[radiance] step   5100/8000 loss 1.4752 lm 1.4726 lr 7.624e-03 mem 8.35GB
[radiance] step   5200/8000 loss 1.4819 lm 1.4792 lr 7.286e-03 mem 8.35GB
[radiance] step   5300/8000 loss 1.4971 lm 1.4945 lr 6.953e-03 mem 8.35GB
[radiance] step   5400/8000 loss 1.5418 lm 1.5393 lr 6.628e-03 mem 8.35GB
[radiance] step   5500/8000 loss 1.4568 lm 1.4541 lr 6.310e-03 mem 8.35GB
[radiance] step   5600/8000 loss 1.5492 lm 1.5464 lr 6.000e-03 mem 8.35GB
[radiance] step   5600 val/loss 1.4933
[radiance] step   5700/8000 loss 1.4633 lm 1.4603 lr 5.698e-03 mem 8.35GB
[radiance] step   5800/8000 loss 1.4003 lm 1.3970 lr 5.405e-03 mem 8.35GB
[radiance] step   5900/8000 loss 1.3471 lm 1.3439 lr 5.121e-03 mem 8.35GB
[radiance] step   6000/8000 loss 1.4716 lm 1.4684 lr 4.848e-03 mem 8.35GB
[radiance] step   6100/8000 loss 1.5607 lm 1.5575 lr 4.584e-03 mem 8.35GB
[radiance] step   6200/8000 loss 1.4471 lm 1.4439 lr 4.331e-03 mem 8.35GB
[radiance] step   6300/8000 loss 1.4158 lm 1.4124 lr 4.090e-03 mem 8.35GB
[radiance] step   6400/8000 loss 1.4326 lm 1.4292 lr 3.860e-03 mem 8.35GB
[radiance] step   6400 val/loss 1.4569
[radiance] step   6500/8000 loss 1.4301 lm 1.4264 lr 3.642e-03 mem 8.35GB
[radiance] step   6600/8000 loss 1.3199 lm 1.3159 lr 3.436e-03 mem 8.35GB
[radiance] step   6700/8000 loss 1.3925 lm 1.3885 lr 3.243e-03 mem 8.35GB
[radiance] step   6800/8000 loss 1.3207 lm 1.3167 lr 3.063e-03 mem 8.35GB
[radiance] step   6900/8000 loss 1.4249 lm 1.4209 lr 2.896e-03 mem 8.35GB
[radiance] step   7000/8000 loss 1.4184 lm 1.4141 lr 2.743e-03 mem 8.35GB
[radiance] step   7100/8000 loss 1.3789 lm 1.3746 lr 2.603e-03 mem 8.35GB
[radiance] step   7200/8000 loss 1.3666 lm 1.3623 lr 2.478e-03 mem 8.35GB
[radiance] step   7200 val/loss 1.4313
[radiance] step   7300/8000 loss 1.4070 lm 1.4026 lr 2.366e-03 mem 8.35GB
[radiance] step   7400/8000 loss 1.2889 lm 1.2843 lr 2.270e-03 mem 8.35GB
[radiance] step   7500/8000 loss 1.4129 lm 1.4084 lr 2.188e-03 mem 8.35GB
[radiance] step   7600/8000 loss 1.4163 lm 1.4116 lr 2.120e-03 mem 8.35GB
[radiance] step   7700/8000 loss 1.3039 lm 1.2992 lr 2.068e-03 mem 8.35GB
[radiance] step   7800/8000 loss 1.1896 lm 1.1845 lr 2.030e-03 mem 8.35GB
[radiance] step   7900/8000 loss 1.3270 lm 1.3217 lr 2.008e-03 mem 8.35GB
[radiance] step   8000/8000 loss 1.2987 lm 1.2938 lr 2.000e-03 mem 8.35GB
[radiance] step   8000 val/loss 1.4154
