[radiance] padding vocab 50,257 -> 50,304 (multiple of 128) for tensor-core-aligned lm_head matmuls
[radiance] doc_attention_mask on, so compiling without CUDA graphs (mode=None instead of 'reduce-overhead').
[radiance] optimizer=muon (muon_lr=0.02 over 144 tensors, adamw lr=0.01 over the rest)
[radiance] step    100/8000 loss 3.3002 lm 3.2875 lr 6.312e-03 mem 6.66GB
[radiance] step    200/8000 loss 2.6432 lm 2.6288 lr 1.256e-02 mem 6.66GB
[radiance] step    300/8000 loss 2.4127 lm 2.3991 lr 1.881e-02 mem 6.66GB
[radiance] step    400/8000 loss 2.2727 lm 2.2594 lr 2.000e-02 mem 6.66GB
[radiance] step    500/8000 loss 2.0577 lm 2.0444 lr 1.998e-02 mem 6.66GB
[radiance] step    600/8000 loss 2.1511 lm 2.1387 lr 1.994e-02 mem 6.66GB
[radiance] step    700/8000 loss 1.9148 lm 1.9026 lr 1.989e-02 mem 6.66GB
[radiance] step    800/8000 loss 2.0494 lm 2.0379 lr 1.983e-02 mem 6.66GB
[radiance] step    800 val/loss 1.9512
[radiance] step    900/8000 loss 1.8728 lm 1.8614 lr 1.975e-02 mem 6.66GB
[radiance] step   1000/8000 loss 1.8439 lm 1.8331 lr 1.965e-02 mem 6.66GB
[radiance] step   1100/8000 loss 1.8096 lm 1.7989 lr 1.955e-02 mem 6.66GB
[radiance] step   1200/8000 loss 1.9752 lm 1.9656 lr 1.942e-02 mem 6.66GB
[radiance] step   1300/8000 loss 1.8809 lm 1.8714 lr 1.929e-02 mem 6.66GB
[radiance] step   1400/8000 loss 1.8286 lm 1.8199 lr 1.914e-02 mem 6.66GB
[radiance] step   1500/8000 loss 1.6806 lm 1.6720 lr 1.897e-02 mem 6.66GB
[radiance] step   1600/8000 loss 1.7237 lm 1.7158 lr 1.879e-02 mem 6.66GB
[radiance] step   1600 val/loss 1.7875
[radiance] step   1700/8000 loss 1.6410 lm 1.6334 lr 1.860e-02 mem 6.66GB
[radiance] step   1800/8000 loss 1.8020 lm 1.7951 lr 1.840e-02 mem 6.66GB
[radiance] step   1900/8000 loss 1.7947 lm 1.7884 lr 1.818e-02 mem 6.66GB
[radiance] step   2000/8000 loss 1.6712 lm 1.6653 lr 1.796e-02 mem 6.66GB
[radiance] step   2100/8000 loss 1.7086 lm 1.7033 lr 1.772e-02 mem 6.66GB
[radiance] step   2200/8000 loss 1.5792 lm 1.5743 lr 1.747e-02 mem 6.66GB
[radiance] step   2300/8000 loss 1.7616 lm 1.7569 lr 1.721e-02 mem 6.66GB
[radiance] step   2400/8000 loss 1.6212 lm 1.6170 lr 1.693e-02 mem 6.66GB
[radiance] step   2400 val/loss 1.7058
[radiance] step   2500/8000 loss 1.6719 lm 1.6680 lr 1.665e-02 mem 6.66GB
[radiance] step   2600/8000 loss 1.6418 lm 1.6382 lr 1.636e-02 mem 6.66GB
[radiance] step   2700/8000 loss 1.5874 lm 1.5839 lr 1.606e-02 mem 6.66GB
[radiance] step   2800/8000 loss 1.5767 lm 1.5736 lr 1.575e-02 mem 6.66GB
[radiance] step   2900/8000 loss 1.6212 lm 1.6182 lr 1.544e-02 mem 6.66GB
[radiance] step   3000/8000 loss 1.6409 lm 1.6380 lr 1.511e-02 mem 6.66GB
[radiance] step   3100/8000 loss 1.5281 lm 1.5253 lr 1.478e-02 mem 6.66GB
[radiance] step   3200/8000 loss 1.5418 lm 1.5389 lr 1.444e-02 mem 6.66GB
[radiance] step   3200 val/loss 1.6501
[radiance] step   3300/8000 loss 1.5576 lm 1.5549 lr 1.410e-02 mem 6.66GB
[radiance] step   3400/8000 loss 1.5936 lm 1.5911 lr 1.375e-02 mem 6.66GB
[radiance] step   3500/8000 loss 1.6070 lm 1.6044 lr 1.340e-02 mem 6.66GB
[radiance] step   3600/8000 loss 1.5655 lm 1.5631 lr 1.304e-02 mem 6.66GB
[radiance] step   3700/8000 loss 1.5295 lm 1.5269 lr 1.268e-02 mem 6.66GB
[radiance] step   3800/8000 loss 1.5481 lm 1.5455 lr 1.232e-02 mem 6.66GB
[radiance] step   3900/8000 loss 1.5903 lm 1.5876 lr 1.196e-02 mem 6.66GB
[radiance] step   4000/8000 loss 1.5260 lm 1.5234 lr 1.159e-02 mem 6.66GB
[radiance] step   4000 val/loss 1.5978
[radiance] step   4100/8000 loss 1.6144 lm 1.6117 lr 1.122e-02 mem 6.66GB
[radiance] step   4200/8000 loss 1.4943 lm 1.4917 lr 1.085e-02 mem 6.66GB
[radiance] step   4300/8000 loss 1.5188 lm 1.5163 lr 1.048e-02 mem 6.66GB
[radiance] step   4400/8000 loss 1.5148 lm 1.5121 lr 1.012e-02 mem 6.66GB
[radiance] step   4500/8000 loss 1.6064 lm 1.6037 lr 9.752e-03 mem 6.66GB
[radiance] step   4600/8000 loss 1.5741 lm 1.5714 lr 9.389e-03 mem 6.66GB
[radiance] step   4700/8000 loss 1.4840 lm 1.4813 lr 9.028e-03 mem 6.66GB
[radiance] step   4800/8000 loss 1.5438 lm 1.5411 lr 8.671e-03 mem 6.66GB
[radiance] step   4800 val/loss 1.5503
[radiance] step   4900/8000 loss 1.5030 lm 1.5001 lr 8.317e-03 mem 6.66GB
[radiance] step   5000/8000 loss 1.4032 lm 1.4002 lr 7.968e-03 mem 6.66GB
[radiance] step   5100/8000 loss 1.4354 lm 1.4322 lr 7.624e-03 mem 6.66GB
[radiance] step   5200/8000 loss 1.4984 lm 1.4953 lr 7.286e-03 mem 6.66GB
[radiance] step   5300/8000 loss 1.5058 lm 1.5028 lr 6.953e-03 mem 6.66GB
[radiance] step   5400/8000 loss 1.4710 lm 1.4679 lr 6.628e-03 mem 6.66GB
[radiance] step   5500/8000 loss 1.4215 lm 1.4181 lr 6.310e-03 mem 6.66GB
[radiance] step   5600/8000 loss 1.4755 lm 1.4723 lr 6.000e-03 mem 6.66GB
[radiance] step   5600 val/loss 1.5058
[radiance] step   5700/8000 loss 1.4286 lm 1.4252 lr 5.698e-03 mem 6.66GB
[radiance] step   5800/8000 loss 1.4796 lm 1.4762 lr 5.405e-03 mem 6.66GB
[radiance] step   5900/8000 loss 1.5670 lm 1.5636 lr 5.121e-03 mem 6.66GB
[radiance] step   6000/8000 loss 1.3879 lm 1.3838 lr 4.848e-03 mem 6.66GB
[radiance] step   6100/8000 loss 1.4132 lm 1.4094 lr 4.584e-03 mem 6.66GB
[radiance] step   6200/8000 loss 1.3604 lm 1.3565 lr 4.331e-03 mem 6.66GB
[radiance] step   6300/8000 loss 1.5171 lm 1.5132 lr 4.090e-03 mem 6.66GB
[radiance] step   6400/8000 loss 1.3894 lm 1.3851 lr 3.860e-03 mem 6.66GB
[radiance] step   6400 val/loss 1.4714
[radiance] step   6500/8000 loss 1.3810 lm 1.3767 lr 3.642e-03 mem 6.66GB
[radiance] step   6600/8000 loss 1.4652 lm 1.4609 lr 3.436e-03 mem 6.66GB
[radiance] step   6700/8000 loss 1.4640 lm 1.4596 lr 3.243e-03 mem 6.66GB
[radiance] step   6800/8000 loss 1.3324 lm 1.3276 lr 3.063e-03 mem 6.66GB
[radiance] step   6900/8000 loss 1.3761 lm 1.3713 lr 2.896e-03 mem 6.66GB
[radiance] step   7000/8000 loss 1.2993 lm 1.2942 lr 2.743e-03 mem 6.66GB
[radiance] step   7100/8000 loss 1.4044 lm 1.3994 lr 2.603e-03 mem 6.66GB
[radiance] step   7200/8000 loss 1.4383 lm 1.4333 lr 2.478e-03 mem 6.66GB
[radiance] step   7200 val/loss 1.4432
[radiance] step   7300/8000 loss 1.3686 lm 1.3634 lr 2.366e-03 mem 6.66GB
[radiance] step   7400/8000 loss 1.2231 lm 1.2177 lr 2.270e-03 mem 6.66GB
[radiance] step   7500/8000 loss 1.3071 lm 1.3017 lr 2.188e-03 mem 6.66GB
[radiance] step   7600/8000 loss 1.4702 lm 1.4651 lr 2.120e-03 mem 6.66GB
[radiance] step   7700/8000 loss 1.3708 lm 1.3652 lr 2.068e-03 mem 6.66GB
[radiance] step   7800/8000 loss 1.3710 lm 1.3655 lr 2.030e-03 mem 6.66GB
[radiance] step   7900/8000 loss 1.4319 lm 1.4263 lr 2.008e-03 mem 6.66GB
[radiance] step   8000/8000 loss 1.4126 lm 1.4071 lr 2.000e-03 mem 6.66GB
[radiance] step   8000 val/loss 1.4273
