[radiance] padding vocab 50,257 -> 50,304 (multiple of 128) for tensor-core-aligned lm_head matmuls
[radiance] doc_attention_mask on, so compiling without CUDA graphs (mode=None instead of 'reduce-overhead').
[radiance] optimizer=muon (muon_lr=0.02 over 133 tensors, adamw lr=0.01 over the rest)
[radiance] step    100/8000 loss 4.4560 lm 3.2778 lr 6.312e-03 mem 13.49GB
[radiance] step    200/8000 loss 3.2968 lm 2.4971 lr 1.256e-02 mem 13.49GB
[radiance] step    300/8000 loss 3.0704 lm 2.3174 lr 1.881e-02 mem 13.49GB
[radiance] step    400/8000 loss 2.8411 lm 2.1402 lr 2.000e-02 mem 13.49GB
[radiance] step    500/8000 loss 2.8129 lm 2.1231 lr 1.998e-02 mem 13.49GB
[radiance] step    600/8000 loss 2.6139 lm 1.9689 lr 1.994e-02 mem 13.49GB
[radiance] step    700/8000 loss 2.6497 lm 1.9936 lr 1.989e-02 mem 13.49GB
[radiance] step    800/8000 loss 2.5094 lm 1.8881 lr 1.983e-02 mem 13.49GB
[radiance] step    800 val/loss 1.9276
[radiance] step    900/8000 loss 2.4752 lm 1.8622 lr 1.975e-02 mem 13.49GB
[radiance] step   1000/8000 loss 2.4216 lm 1.8192 lr 1.965e-02 mem 13.49GB
[radiance] step   1100/8000 loss 2.3521 lm 1.7687 lr 1.955e-02 mem 13.49GB
[radiance] step   1200/8000 loss 2.4222 lm 1.8232 lr 1.942e-02 mem 13.49GB
[radiance] step   1300/8000 loss 2.4720 lm 1.8602 lr 1.929e-02 mem 13.49GB
[radiance] step   1400/8000 loss 2.2464 lm 1.6872 lr 1.914e-02 mem 13.49GB
[radiance] step   1500/8000 loss 2.3484 lm 1.7650 lr 1.897e-02 mem 13.49GB
[radiance] step   1600/8000 loss 2.1030 lm 1.5776 lr 1.879e-02 mem 13.49GB
[radiance] step   1600 val/loss 1.7654
[radiance] step   1700/8000 loss 2.3359 lm 1.7592 lr 1.860e-02 mem 13.49GB
[radiance] step   1800/8000 loss 2.3046 lm 1.7320 lr 1.840e-02 mem 13.49GB
[radiance] step   1900/8000 loss 2.2533 lm 1.6932 lr 1.818e-02 mem 13.49GB
[radiance] step   2000/8000 loss 2.3367 lm 1.7583 lr 1.796e-02 mem 13.49GB
[radiance] step   2100/8000 loss 2.3045 lm 1.7349 lr 1.772e-02 mem 13.49GB
[radiance] step   2200/8000 loss 2.0983 lm 1.5740 lr 1.747e-02 mem 13.49GB
[radiance] step   2300/8000 loss 2.2065 lm 1.6601 lr 1.721e-02 mem 13.49GB
[radiance] step   2400/8000 loss 2.3340 lm 1.7587 lr 1.693e-02 mem 13.49GB
[radiance] step   2400 val/loss 1.6889
[radiance] step   2500/8000 loss 2.2162 lm 1.6675 lr 1.665e-02 mem 13.49GB
[radiance] step   2600/8000 loss 2.2882 lm 1.7241 lr 1.636e-02 mem 13.49GB
[radiance] step   2700/8000 loss 2.2770 lm 1.7137 lr 1.606e-02 mem 13.49GB
[radiance] step   2800/8000 loss 2.0440 lm 1.5379 lr 1.575e-02 mem 13.49GB
[radiance] step   2900/8000 loss 2.1310 lm 1.6036 lr 1.544e-02 mem 13.49GB
[radiance] step   3000/8000 loss 2.0094 lm 1.5087 lr 1.511e-02 mem 13.49GB
[radiance] step   3100/8000 loss 1.9546 lm 1.4677 lr 1.478e-02 mem 13.49GB
[radiance] step   3200/8000 loss 2.0827 lm 1.5684 lr 1.444e-02 mem 13.49GB
[radiance] step   3200 val/loss 1.6280
[radiance] step   3300/8000 loss 2.0251 lm 1.5269 lr 1.410e-02 mem 13.49GB
[radiance] step   3400/8000 loss 2.0518 lm 1.5453 lr 1.375e-02 mem 13.49GB
[radiance] step   3500/8000 loss 2.0086 lm 1.5094 lr 1.340e-02 mem 13.49GB
[radiance] step   3600/8000 loss 2.0716 lm 1.5597 lr 1.304e-02 mem 13.49GB
[radiance] step   3700/8000 loss 2.0888 lm 1.5689 lr 1.268e-02 mem 13.49GB
[radiance] step   3800/8000 loss 1.9507 lm 1.4668 lr 1.232e-02 mem 13.49GB
[radiance] step   3900/8000 loss 2.0462 lm 1.5398 lr 1.196e-02 mem 13.49GB
[radiance] step   4000/8000 loss 2.0646 lm 1.5508 lr 1.159e-02 mem 13.49GB
[radiance] step   4000 val/loss 1.5748
[radiance] step   4100/8000 loss 2.0638 lm 1.5519 lr 1.122e-02 mem 13.49GB
[radiance] step   4200/8000 loss 1.9149 lm 1.4376 lr 1.085e-02 mem 13.49GB
[radiance] step   4300/8000 loss 2.0592 lm 1.5534 lr 1.048e-02 mem 13.49GB
[radiance] step   4400/8000 loss 1.9778 lm 1.4877 lr 1.012e-02 mem 13.49GB
[radiance] step   4500/8000 loss 2.0553 lm 1.5465 lr 9.752e-03 mem 13.49GB
[radiance] step   4600/8000 loss 1.7933 lm 1.3466 lr 9.389e-03 mem 13.49GB
[radiance] step   4700/8000 loss 1.9341 lm 1.4520 lr 9.028e-03 mem 13.49GB
[radiance] step   4800/8000 loss 1.9243 lm 1.4463 lr 8.671e-03 mem 13.49GB
[radiance] step   4800 val/loss 1.5316
[radiance] step   4900/8000 loss 1.9303 lm 1.4487 lr 8.317e-03 mem 13.49GB
[radiance] step   5000/8000 loss 1.8846 lm 1.4106 lr 7.968e-03 mem 13.49GB
[radiance] step   5100/8000 loss 2.0439 lm 1.5333 lr 7.624e-03 mem 13.49GB
[radiance] step   5200/8000 loss 1.9057 lm 1.4272 lr 7.286e-03 mem 13.49GB
[radiance] step   5300/8000 loss 1.9472 lm 1.4573 lr 6.953e-03 mem 13.49GB
[radiance] step   5400/8000 loss 1.8760 lm 1.4055 lr 6.628e-03 mem 13.49GB
[radiance] step   5500/8000 loss 1.7728 lm 1.3256 lr 6.310e-03 mem 13.49GB
[radiance] step   5600/8000 loss 1.8824 lm 1.4114 lr 6.000e-03 mem 13.49GB
[radiance] step   5600 val/loss 1.4876
[radiance] step   5700/8000 loss 1.8525 lm 1.3836 lr 5.698e-03 mem 13.49GB
[radiance] step   5800/8000 loss 1.8228 lm 1.3596 lr 5.405e-03 mem 13.49GB
[radiance] step   5900/8000 loss 1.9066 lm 1.4162 lr 5.121e-03 mem 13.49GB
[radiance] step   6000/8000 loss 1.9355 lm 1.4440 lr 4.848e-03 mem 13.49GB
[radiance] step   6100/8000 loss 1.8151 lm 1.3492 lr 4.584e-03 mem 13.49GB
[radiance] step   6200/8000 loss 1.8729 lm 1.3904 lr 4.331e-03 mem 13.49GB
[radiance] step   6300/8000 loss 1.7710 lm 1.3094 lr 4.090e-03 mem 13.49GB
[radiance] step   6400/8000 loss 1.8225 lm 1.3438 lr 3.860e-03 mem 13.49GB
[radiance] step   6400 val/loss 1.4532
[radiance] step   6500/8000 loss 1.8745 lm 1.3697 lr 3.642e-03 mem 13.49GB
[radiance] step   6600/8000 loss 1.9642 lm 1.3963 lr 3.436e-03 mem 13.49GB
[radiance] step   6700/8000 loss 1.8823 lm 1.3777 lr 3.243e-03 mem 13.49GB
[radiance] step   6800/8000 loss 1.8642 lm 1.3528 lr 3.063e-03 mem 13.49GB
[radiance] step   6900/8000 loss 1.8901 lm 1.3615 lr 2.896e-03 mem 13.49GB
[radiance] step   7000/8000 loss 2.0736 lm 1.4817 lr 2.743e-03 mem 13.49GB
[radiance] step   7100/8000 loss 2.0003 lm 1.4049 lr 2.603e-03 mem 13.49GB
[radiance] step   7200/8000 loss 2.0230 lm 1.3867 lr 2.478e-03 mem 13.49GB
[radiance] step   7200 val/loss 1.4295
[radiance] step   7300/8000 loss 1.9724 lm 1.3403 lr 2.366e-03 mem 13.49GB
[radiance] step   7400/8000 loss 1.9821 lm 1.3136 lr 2.270e-03 mem 13.49GB
[radiance] step   7500/8000 loss 2.1152 lm 1.3770 lr 2.188e-03 mem 13.49GB
[radiance] step   7600/8000 loss 2.2890 lm 1.3897 lr 2.120e-03 mem 13.49GB
[radiance] step   7700/8000 loss 2.7118 lm 1.4375 lr 2.068e-03 mem 13.49GB
[radiance] step   7800/8000 loss 2.4091 lm 1.3125 lr 2.030e-03 mem 13.49GB
[radiance] step   7900/8000 loss 2.4094 lm 1.3598 lr 2.008e-03 mem 13.49GB
[radiance] step   8000/8000 loss 2.6281 lm 1.3586 lr 2.000e-03 mem 13.49GB
[radiance] step   8000 val/loss 1.4313
