[radiance] padding vocab 50,257 -> 50,304 (multiple of 128) for tensor-core-aligned lm_head matmuls
[radiance] doc_attention_mask on, so compiling without CUDA graphs (mode=None instead of 'reduce-overhead').
[radiance] optimizer=muon (muon_lr=0.02 over 132 tensors, adamw lr=0.01 over the rest)
[radiance] step    100/59000 loss 5.1130 lm 5.1042 lr 8.559e-04 mem 6.72GB
[radiance] step    200/59000 loss 3.2380 lm 3.2268 lr 1.703e-03 mem 6.72GB
[radiance] step    300/59000 loss 2.6592 lm 2.6457 lr 2.551e-03 mem 6.72GB
[radiance] step    400/59000 loss 2.3441 lm 2.3292 lr 3.398e-03 mem 6.72GB
[radiance] step    500/59000 loss 2.2906 lm 2.2750 lr 4.246e-03 mem 6.72GB
[radiance] step    600/59000 loss 2.1585 lm 2.1428 lr 5.093e-03 mem 6.72GB
[radiance] step    700/59000 loss 2.1006 lm 2.0854 lr 5.941e-03 mem 6.72GB
[radiance] step    800/59000 loss 2.0723 lm 2.0576 lr 6.788e-03 mem 6.72GB
[radiance] step    900/59000 loss 2.0321 lm 2.0181 lr 7.636e-03 mem 6.72GB
[radiance] step   1000/59000 loss 1.9377 lm 1.9241 lr 8.483e-03 mem 6.72GB
[radiance] step   1100/59000 loss 2.0289 lm 2.0161 lr 9.331e-03 mem 6.72GB
[radiance] step   1200/59000 loss 1.8992 lm 1.8867 lr 1.018e-02 mem 6.72GB
[radiance] step   1300/59000 loss 1.8780 lm 1.8659 lr 1.103e-02 mem 6.72GB
[radiance] step   1400/59000 loss 1.9888 lm 1.9773 lr 1.187e-02 mem 6.72GB
[radiance] step   1500/59000 loss 1.7591 lm 1.7479 lr 1.272e-02 mem 6.72GB
[radiance] step   1600/59000 loss 1.9220 lm 1.9112 lr 1.357e-02 mem 6.72GB
[radiance] step   1700/59000 loss 1.7413 lm 1.7305 lr 1.442e-02 mem 6.72GB
[radiance] step   1800/59000 loss 1.8962 lm 1.8860 lr 1.526e-02 mem 6.72GB
[radiance] step   1900/59000 loss 1.7816 lm 1.7716 lr 1.611e-02 mem 6.72GB
[radiance] step   2000/59000 loss 1.8197 lm 1.8101 lr 1.696e-02 mem 6.72GB
[radiance] step   2100/59000 loss 1.8233 lm 1.8141 lr 1.781e-02 mem 6.72GB
[radiance] step   2200/59000 loss 1.7486 lm 1.7396 lr 1.865e-02 mem 6.72GB
[radiance] step   2300/59000 loss 1.7576 lm 1.7492 lr 1.950e-02 mem 6.72GB
[radiance] step   2400/59000 loss 1.7514 lm 1.7434 lr 2.000e-02 mem 6.72GB
[radiance] step   2500/59000 loss 1.7441 lm 1.7365 lr 2.000e-02 mem 6.72GB
[radiance] step   2600/59000 loss 1.7357 lm 1.7285 lr 2.000e-02 mem 6.72GB
[radiance] step   2700/59000 loss 1.8209 lm 1.8141 lr 2.000e-02 mem 6.72GB
[radiance] step   2800/59000 loss 1.6869 lm 1.6804 lr 2.000e-02 mem 6.72GB
[radiance] step   2900/59000 loss 1.6282 lm 1.6222 lr 2.000e-02 mem 6.72GB
[radiance] step   3000/59000 loss 1.7111 lm 1.7053 lr 1.999e-02 mem 6.72GB
[radiance] step   3100/59000 loss 1.6706 lm 1.6653 lr 1.999e-02 mem 6.72GB
[radiance] step   3200/59000 loss 1.6532 lm 1.6485 lr 1.999e-02 mem 6.72GB
[radiance] step   3300/59000 loss 1.7116 lm 1.7071 lr 1.999e-02 mem 6.72GB
[radiance] step   3400/59000 loss 1.7098 lm 1.7055 lr 1.999e-02 mem 6.72GB
[radiance] step   3500/59000 loss 1.6628 lm 1.6588 lr 1.998e-02 mem 6.72GB
[radiance] step   3600/59000 loss 1.6681 lm 1.6641 lr 1.998e-02 mem 6.72GB
[radiance] step   3700/59000 loss 1.6533 lm 1.6498 lr 1.998e-02 mem 6.72GB
[radiance] step   3800/59000 loss 1.6738 lm 1.6703 lr 1.997e-02 mem 6.72GB
[radiance] step   3900/59000 loss 1.6765 lm 1.6730 lr 1.997e-02 mem 6.72GB
[radiance] step   4000/59000 loss 1.5863 lm 1.5831 lr 1.996e-02 mem 6.72GB
[radiance] step   4100/59000 loss 1.6875 lm 1.6845 lr 1.996e-02 mem 6.72GB
[radiance] step   4200/59000 loss 1.7083 lm 1.7052 lr 1.995e-02 mem 6.72GB
[radiance] step   4300/59000 loss 1.5690 lm 1.5662 lr 1.995e-02 mem 6.72GB
[radiance] step   4400/59000 loss 1.4426 lm 1.4397 lr 1.994e-02 mem 6.72GB
[radiance] step   4500/59000 loss 1.6304 lm 1.6276 lr 1.994e-02 mem 6.72GB
[radiance] step   4600/59000 loss 1.6742 lm 1.6715 lr 1.993e-02 mem 6.72GB
[radiance] step   4700/59000 loss 1.5224 lm 1.5196 lr 1.992e-02 mem 6.72GB
[radiance] step   4800/59000 loss 1.5746 lm 1.5718 lr 1.992e-02 mem 6.72GB
[radiance] step   4900/59000 loss 1.6034 lm 1.6004 lr 1.991e-02 mem 6.72GB
[radiance] step   5000/59000 loss 1.5503 lm 1.5475 lr 1.990e-02 mem 6.72GB
[radiance] step   5100/59000 loss 1.5247 lm 1.5217 lr 1.990e-02 mem 6.72GB
[radiance] step   5200/59000 loss 1.5764 lm 1.5734 lr 1.989e-02 mem 6.72GB
[radiance] step   5300/59000 loss 1.5772 lm 1.5743 lr 1.988e-02 mem 6.72GB
[radiance] step   5400/59000 loss 1.5308 lm 1.5279 lr 1.987e-02 mem 6.72GB
[radiance] step   5500/59000 loss 1.5975 lm 1.5947 lr 1.986e-02 mem 6.72GB
[radiance] step   5600/59000 loss 1.4605 lm 1.4576 lr 1.986e-02 mem 6.72GB
[radiance] step   5700/59000 loss 1.6028 lm 1.6001 lr 1.985e-02 mem 6.72GB
[radiance] step   5800/59000 loss 1.4932 lm 1.4904 lr 1.984e-02 mem 6.72GB
[radiance] step   5900/59000 loss 1.4670 lm 1.4640 lr 1.983e-02 mem 6.72GB
[radiance] step   5900 val/loss 1.6059
[radiance] step   6000/59000 loss 1.5627 lm 1.5598 lr 1.982e-02 mem 6.72GB
[radiance] step   6100/59000 loss 1.5691 lm 1.5663 lr 1.981e-02 mem 6.72GB
[radiance] step   6200/59000 loss 1.5093 lm 1.5064 lr 1.980e-02 mem 6.72GB
[radiance] step   6300/59000 loss 1.5077 lm 1.5048 lr 1.979e-02 mem 6.72GB
[radiance] step   6400/59000 loss 1.5269 lm 1.5240 lr 1.977e-02 mem 6.72GB
[radiance] step   6500/59000 loss 1.5764 lm 1.5734 lr 1.976e-02 mem 6.72GB
[radiance] step   6600/59000 loss 1.5171 lm 1.5139 lr 1.975e-02 mem 6.72GB
[radiance] step   6700/59000 loss 1.5158 lm 1.5129 lr 1.974e-02 mem 6.72GB
[radiance] step   6800/59000 loss 1.6292 lm 1.6265 lr 1.973e-02 mem 6.72GB
[radiance] step   6900/59000 loss 1.5721 lm 1.5691 lr 1.972e-02 mem 6.72GB
[radiance] step   7000/59000 loss 1.5814 lm 1.5787 lr 1.970e-02 mem 6.72GB
[radiance] step   7100/59000 loss 1.5558 lm 1.5529 lr 1.969e-02 mem 6.72GB
[radiance] step   7200/59000 loss 1.5638 lm 1.5609 lr 1.968e-02 mem 6.72GB
[radiance] step   7300/59000 loss 1.5431 lm 1.5401 lr 1.966e-02 mem 6.72GB
[radiance] step   7400/59000 loss 1.5026 lm 1.4997 lr 1.965e-02 mem 6.72GB
[radiance] step   7500/59000 loss 1.4845 lm 1.4816 lr 1.964e-02 mem 6.72GB
[radiance] step   7600/59000 loss 1.4930 lm 1.4902 lr 1.962e-02 mem 6.72GB
[radiance] step   7700/59000 loss 1.4699 lm 1.4670 lr 1.961e-02 mem 6.72GB
[radiance] step   7800/59000 loss 1.4875 lm 1.4844 lr 1.959e-02 mem 6.72GB
[radiance] step   7900/59000 loss 1.5061 lm 1.5033 lr 1.958e-02 mem 6.72GB
[radiance] step   8000/59000 loss 1.5227 lm 1.5196 lr 1.956e-02 mem 6.72GB
[radiance] step   8100/59000 loss 1.5594 lm 1.5563 lr 1.955e-02 mem 6.72GB
[radiance] step   8200/59000 loss 1.4994 lm 1.4964 lr 1.953e-02 mem 6.72GB
[radiance] step   8300/59000 loss 1.5498 lm 1.5466 lr 1.952e-02 mem 6.72GB
[radiance] step   8400/59000 loss 1.5105 lm 1.5075 lr 1.950e-02 mem 6.72GB
[radiance] step   8500/59000 loss 1.4960 lm 1.4931 lr 1.948e-02 mem 6.72GB
[radiance] step   8600/59000 loss 1.4807 lm 1.4777 lr 1.947e-02 mem 6.72GB
[radiance] step   8700/59000 loss 1.5032 lm 1.5002 lr 1.945e-02 mem 6.72GB
[radiance] step   8800/59000 loss 1.5799 lm 1.5769 lr 1.943e-02 mem 6.72GB
[radiance] step   8900/59000 loss 1.4827 lm 1.4796 lr 1.941e-02 mem 6.72GB
[radiance] step   9000/59000 loss 1.5377 lm 1.5348 lr 1.940e-02 mem 6.72GB
[radiance] step   9100/59000 loss 1.4613 lm 1.4583 lr 1.938e-02 mem 6.72GB
[radiance] step   9200/59000 loss 1.5825 lm 1.5795 lr 1.936e-02 mem 6.72GB
[radiance] step   9300/59000 loss 1.4995 lm 1.4964 lr 1.934e-02 mem 6.72GB
[radiance] step   9400/59000 loss 1.5874 lm 1.5845 lr 1.932e-02 mem 6.72GB
[radiance] step   9500/59000 loss 1.4667 lm 1.4638 lr 1.930e-02 mem 6.72GB
[radiance] step   9600/59000 loss 1.4795 lm 1.4765 lr 1.928e-02 mem 6.72GB
[radiance] step   9700/59000 loss 1.5121 lm 1.5091 lr 1.926e-02 mem 6.72GB
[radiance] step   9800/59000 loss 1.4940 lm 1.4911 lr 1.924e-02 mem 6.72GB
[radiance] step   9900/59000 loss 1.5697 lm 1.5668 lr 1.922e-02 mem 6.72GB
[radiance] step  10000/59000 loss 1.5156 lm 1.5126 lr 1.920e-02 mem 6.72GB
[radiance] step  10100/59000 loss 1.5331 lm 1.5303 lr 1.918e-02 mem 6.72GB
[radiance] step  10200/59000 loss 1.5302 lm 1.5274 lr 1.916e-02 mem 6.72GB
[radiance] step  10300/59000 loss 1.5189 lm 1.5159 lr 1.914e-02 mem 6.72GB
[radiance] step  10400/59000 loss 1.5571 lm 1.5540 lr 1.912e-02 mem 6.72GB
[radiance] step  10500/59000 loss 1.5231 lm 1.5203 lr 1.910e-02 mem 6.72GB
[radiance] step  10600/59000 loss 1.4902 lm 1.4873 lr 1.908e-02 mem 6.72GB
[radiance] step  10700/59000 loss 1.5153 lm 1.5124 lr 1.905e-02 mem 6.72GB
[radiance] step  10800/59000 loss 1.3750 lm 1.3719 lr 1.903e-02 mem 6.72GB
[radiance] step  10900/59000 loss 1.5442 lm 1.5416 lr 1.901e-02 mem 6.72GB
[radiance] step  11000/59000 loss 1.6433 lm 1.6405 lr 1.899e-02 mem 6.72GB
[radiance] step  11100/59000 loss 1.5115 lm 1.5085 lr 1.896e-02 mem 6.72GB
[radiance] step  11200/59000 loss 1.5923 lm 1.5893 lr 1.894e-02 mem 6.72GB
[radiance] step  11300/59000 loss 1.5139 lm 1.5110 lr 1.892e-02 mem 6.72GB
[radiance] step  11400/59000 loss 1.4545 lm 1.4514 lr 1.889e-02 mem 6.72GB
[radiance] step  11500/59000 loss 1.4260 lm 1.4230 lr 1.887e-02 mem 6.72GB
[radiance] step  11600/59000 loss 1.4439 lm 1.4409 lr 1.884e-02 mem 6.72GB
[radiance] step  11700/59000 loss 1.5125 lm 1.5098 lr 1.882e-02 mem 6.72GB
[radiance] step  11800/59000 loss 1.4205 lm 1.4176 lr 1.879e-02 mem 6.72GB
[radiance] step  11800 val/loss 1.5361
[radiance] step  11900/59000 loss 1.4564 lm 1.4532 lr 1.877e-02 mem 6.72GB
[radiance] step  12000/59000 loss 1.5384 lm 1.5357 lr 1.874e-02 mem 6.72GB
[radiance] step  12100/59000 loss 1.4359 lm 1.4330 lr 1.872e-02 mem 6.72GB
[radiance] step  12200/59000 loss 1.4200 lm 1.4168 lr 1.869e-02 mem 6.72GB
[radiance] step  12300/59000 loss 1.4804 lm 1.4774 lr 1.867e-02 mem 6.72GB
[radiance] step  12400/59000 loss 1.4601 lm 1.4573 lr 1.864e-02 mem 6.72GB
[radiance] step  12500/59000 loss 1.4790 lm 1.4761 lr 1.861e-02 mem 6.72GB
[radiance] step  12600/59000 loss 1.4385 lm 1.4354 lr 1.859e-02 mem 6.72GB
[radiance] step  12700/59000 loss 1.3965 lm 1.3936 lr 1.856e-02 mem 6.72GB
[radiance] step  12800/59000 loss 1.4940 lm 1.4910 lr 1.853e-02 mem 6.72GB
[radiance] step  12900/59000 loss 1.4999 lm 1.4970 lr 1.851e-02 mem 6.72GB
[radiance] step  13000/59000 loss 1.4552 lm 1.4522 lr 1.848e-02 mem 6.72GB
[radiance] step  13100/59000 loss 1.4349 lm 1.4317 lr 1.845e-02 mem 6.72GB
[radiance] step  13200/59000 loss 1.4829 lm 1.4797 lr 1.842e-02 mem 6.72GB
[radiance] step  13300/59000 loss 1.4835 lm 1.4805 lr 1.839e-02 mem 6.72GB
[radiance] step  13400/59000 loss 1.5530 lm 1.5500 lr 1.836e-02 mem 6.72GB
[radiance] step  13500/59000 loss 1.4914 lm 1.4884 lr 1.834e-02 mem 6.72GB
[radiance] step  13600/59000 loss 1.4503 lm 1.4473 lr 1.831e-02 mem 6.72GB
[radiance] step  13700/59000 loss 1.5094 lm 1.5063 lr 1.828e-02 mem 6.72GB
[radiance] step  13800/59000 loss 1.6060 lm 1.6031 lr 1.825e-02 mem 6.72GB
[radiance] step  13900/59000 loss 1.3562 lm 1.3532 lr 1.822e-02 mem 6.72GB
[radiance] step  14000/59000 loss 1.3639 lm 1.3608 lr 1.819e-02 mem 6.72GB
[radiance] step  14100/59000 loss 1.4146 lm 1.4114 lr 1.816e-02 mem 6.72GB
[radiance] step  14200/59000 loss 1.4731 lm 1.4699 lr 1.813e-02 mem 6.72GB
[radiance] step  14300/59000 loss 1.4063 lm 1.4031 lr 1.810e-02 mem 6.72GB
[radiance] step  14400/59000 loss 1.5041 lm 1.5011 lr 1.807e-02 mem 6.72GB
[radiance] step  14500/59000 loss 1.4274 lm 1.4244 lr 1.804e-02 mem 6.72GB
[radiance] step  14600/59000 loss 1.3693 lm 1.3661 lr 1.800e-02 mem 6.72GB
[radiance] step  14700/59000 loss 1.5670 lm 1.5642 lr 1.797e-02 mem 6.72GB
[radiance] step  14800/59000 loss 1.3997 lm 1.3966 lr 1.794e-02 mem 6.72GB
[radiance] step  14900/59000 loss 1.4756 lm 1.4725 lr 1.791e-02 mem 6.72GB
[radiance] step  15000/59000 loss 1.4205 lm 1.4175 lr 1.788e-02 mem 6.72GB
[radiance] step  15100/59000 loss 1.3849 lm 1.3816 lr 1.784e-02 mem 6.72GB
[radiance] step  15200/59000 loss 1.5520 lm 1.5493 lr 1.781e-02 mem 6.72GB
[radiance] step  15300/59000 loss 1.4155 lm 1.4122 lr 1.778e-02 mem 6.72GB
[radiance] step  15400/59000 loss 1.5769 lm 1.5739 lr 1.775e-02 mem 6.72GB
[radiance] step  15500/59000 loss 1.3898 lm 1.3868 lr 1.771e-02 mem 6.72GB
[radiance] step  15600/59000 loss 1.4595 lm 1.4563 lr 1.768e-02 mem 6.72GB
[radiance] step  15700/59000 loss 1.4608 lm 1.4577 lr 1.765e-02 mem 6.72GB
[radiance] step  15800/59000 loss 1.5853 lm 1.5826 lr 1.761e-02 mem 6.72GB
[radiance] step  15900/59000 loss 1.3569 lm 1.3536 lr 1.758e-02 mem 6.72GB
[radiance] step  16000/59000 loss 1.5037 lm 1.5008 lr 1.754e-02 mem 6.72GB
[radiance] step  16100/59000 loss 1.3860 lm 1.3826 lr 1.751e-02 mem 6.72GB
[radiance] step  16200/59000 loss 1.4865 lm 1.4834 lr 1.748e-02 mem 6.72GB
[radiance] step  16300/59000 loss 1.4607 lm 1.4577 lr 1.744e-02 mem 6.72GB
[radiance] step  16400/59000 loss 1.4383 lm 1.4354 lr 1.741e-02 mem 6.72GB
[radiance] step  16500/59000 loss 1.4875 lm 1.4846 lr 1.737e-02 mem 6.72GB
[radiance] step  16600/59000 loss 1.5285 lm 1.5255 lr 1.734e-02 mem 6.72GB
[radiance] step  16700/59000 loss 1.4147 lm 1.4115 lr 1.730e-02 mem 6.72GB
[radiance] step  16800/59000 loss 1.4208 lm 1.4176 lr 1.726e-02 mem 6.72GB
[radiance] step  16900/59000 loss 1.5306 lm 1.5277 lr 1.723e-02 mem 6.72GB
[radiance] step  17000/59000 loss 1.4268 lm 1.4234 lr 1.719e-02 mem 6.72GB
[radiance] step  17100/59000 loss 1.4433 lm 1.4399 lr 1.716e-02 mem 6.72GB
[radiance] step  17200/59000 loss 1.4673 lm 1.4642 lr 1.712e-02 mem 6.72GB
[radiance] step  17300/59000 loss 1.3533 lm 1.3502 lr 1.708e-02 mem 6.72GB
[radiance] step  17400/59000 loss 1.3725 lm 1.3695 lr 1.705e-02 mem 6.72GB
[radiance] step  17500/59000 loss 1.3925 lm 1.3892 lr 1.701e-02 mem 6.72GB
[radiance] step  17600/59000 loss 1.4453 lm 1.4419 lr 1.697e-02 mem 6.72GB
[radiance] step  17700/59000 loss 1.4262 lm 1.4229 lr 1.693e-02 mem 6.72GB
[radiance] step  17700 val/loss 1.4986
[radiance] step  17800/59000 loss 1.5028 lm 1.4999 lr 1.690e-02 mem 6.72GB
[radiance] step  17900/59000 loss 1.4891 lm 1.4858 lr 1.686e-02 mem 6.72GB
[radiance] step  18000/59000 loss 1.5247 lm 1.5216 lr 1.682e-02 mem 6.72GB
[radiance] step  18100/59000 loss 1.5180 lm 1.5152 lr 1.678e-02 mem 6.72GB
[radiance] step  18200/59000 loss 1.3518 lm 1.3485 lr 1.674e-02 mem 6.72GB
[radiance] step  18300/59000 loss 1.4986 lm 1.4955 lr 1.671e-02 mem 6.72GB
[radiance] step  18400/59000 loss 1.3993 lm 1.3960 lr 1.667e-02 mem 6.72GB
[radiance] step  18500/59000 loss 1.4364 lm 1.4333 lr 1.663e-02 mem 6.72GB
[radiance] step  18600/59000 loss 1.4294 lm 1.4263 lr 1.659e-02 mem 6.72GB
[radiance] step  18700/59000 loss 1.4450 lm 1.4418 lr 1.655e-02 mem 6.72GB
[radiance] step  18800/59000 loss 1.3951 lm 1.3918 lr 1.651e-02 mem 6.72GB
[radiance] step  18900/59000 loss 1.3786 lm 1.3752 lr 1.647e-02 mem 6.72GB
[radiance] step  19000/59000 loss 1.3697 lm 1.3664 lr 1.643e-02 mem 6.72GB
[radiance] step  19100/59000 loss 1.4760 lm 1.4728 lr 1.639e-02 mem 6.72GB
[radiance] step  19200/59000 loss 1.4017 lm 1.3986 lr 1.635e-02 mem 6.72GB
[radiance] step  19300/59000 loss 1.5336 lm 1.5305 lr 1.631e-02 mem 6.72GB
[radiance] step  19400/59000 loss 1.3723 lm 1.3691 lr 1.627e-02 mem 6.72GB
[radiance] step  19500/59000 loss 1.4261 lm 1.4230 lr 1.623e-02 mem 6.72GB
[radiance] step  19600/59000 loss 1.3390 lm 1.3358 lr 1.619e-02 mem 6.72GB
[radiance] step  19700/59000 loss 1.4583 lm 1.4551 lr 1.615e-02 mem 6.72GB
[radiance] step  19800/59000 loss 1.3692 lm 1.3659 lr 1.611e-02 mem 6.72GB
[radiance] step  19900/59000 loss 1.4347 lm 1.4315 lr 1.607e-02 mem 6.72GB
[radiance] step  20000/59000 loss 1.3420 lm 1.3387 lr 1.603e-02 mem 6.72GB
[radiance] step  20100/59000 loss 1.4594 lm 1.4564 lr 1.598e-02 mem 6.72GB
[radiance] step  20200/59000 loss 1.3702 lm 1.3669 lr 1.594e-02 mem 6.72GB
[radiance] step  20300/59000 loss 1.4270 lm 1.4238 lr 1.590e-02 mem 6.72GB
[radiance] step  20400/59000 loss 1.3700 lm 1.3667 lr 1.586e-02 mem 6.72GB
[radiance] step  20500/59000 loss 1.4168 lm 1.4134 lr 1.582e-02 mem 6.72GB
[radiance] step  20600/59000 loss 1.3845 lm 1.3811 lr 1.577e-02 mem 6.72GB
[radiance] step  20700/59000 loss 1.4187 lm 1.4155 lr 1.573e-02 mem 6.72GB
[radiance] step  20800/59000 loss 1.4717 lm 1.4685 lr 1.569e-02 mem 6.72GB
[radiance] step  20900/59000 loss 1.3824 lm 1.3792 lr 1.565e-02 mem 6.72GB
[radiance] step  21000/59000 loss 1.4370 lm 1.4337 lr 1.560e-02 mem 6.72GB
[radiance] step  21100/59000 loss 1.3959 lm 1.3928 lr 1.556e-02 mem 6.72GB
[radiance] step  21200/59000 loss 1.3595 lm 1.3562 lr 1.552e-02 mem 6.72GB
[radiance] step  21300/59000 loss 1.3651 lm 1.3617 lr 1.547e-02 mem 6.72GB
[radiance] step  21400/59000 loss 1.4998 lm 1.4968 lr 1.543e-02 mem 6.72GB
[radiance] step  21500/59000 loss 1.4383 lm 1.4351 lr 1.539e-02 mem 6.72GB
[radiance] step  21600/59000 loss 1.3836 lm 1.3804 lr 1.534e-02 mem 6.72GB
[radiance] step  21700/59000 loss 1.3800 lm 1.3766 lr 1.530e-02 mem 6.72GB
[radiance] step  21800/59000 loss 1.4453 lm 1.4423 lr 1.526e-02 mem 6.72GB
[radiance] step  21900/59000 loss 1.4387 lm 1.4356 lr 1.521e-02 mem 6.72GB
[radiance] step  22000/59000 loss 1.3331 lm 1.3300 lr 1.517e-02 mem 6.72GB
[radiance] step  22100/59000 loss 1.3899 lm 1.3866 lr 1.512e-02 mem 6.72GB
[radiance] step  22200/59000 loss 1.4640 lm 1.4608 lr 1.508e-02 mem 6.72GB
[radiance] step  22300/59000 loss 1.4169 lm 1.4137 lr 1.503e-02 mem 6.72GB
[radiance] step  22400/59000 loss 1.3601 lm 1.3568 lr 1.499e-02 mem 6.72GB
[radiance] step  22500/59000 loss 1.4010 lm 1.3978 lr 1.494e-02 mem 6.72GB
[radiance] step  22600/59000 loss 1.4762 lm 1.4732 lr 1.490e-02 mem 6.72GB
[radiance] step  22700/59000 loss 1.4401 lm 1.4370 lr 1.485e-02 mem 6.72GB
[radiance] step  22800/59000 loss 1.4405 lm 1.4373 lr 1.481e-02 mem 6.72GB
[radiance] step  22900/59000 loss 1.3565 lm 1.3534 lr 1.476e-02 mem 6.72GB
[radiance] step  23000/59000 loss 1.3959 lm 1.3928 lr 1.472e-02 mem 6.72GB
[radiance] step  23100/59000 loss 1.4305 lm 1.4274 lr 1.467e-02 mem 6.72GB
[radiance] step  23200/59000 loss 1.3954 lm 1.3921 lr 1.463e-02 mem 6.72GB
[radiance] step  23300/59000 loss 1.3914 lm 1.3882 lr 1.458e-02 mem 6.72GB
[radiance] step  23400/59000 loss 1.3710 lm 1.3677 lr 1.454e-02 mem 6.72GB
[radiance] step  23500/59000 loss 1.4337 lm 1.4304 lr 1.449e-02 mem 6.72GB
[radiance] step  23600/59000 loss 1.3974 lm 1.3941 lr 1.444e-02 mem 6.72GB
[radiance] step  23600 val/loss 1.4688
[radiance] step  23700/59000 loss 1.3484 lm 1.3449 lr 1.440e-02 mem 6.72GB
[radiance] step  23800/59000 loss 1.3472 lm 1.3438 lr 1.435e-02 mem 6.72GB
[radiance] step  23900/59000 loss 1.4014 lm 1.3981 lr 1.431e-02 mem 6.72GB
[radiance] step  24000/59000 loss 1.4483 lm 1.4451 lr 1.426e-02 mem 6.72GB
[radiance] step  24100/59000 loss 1.4484 lm 1.4450 lr 1.421e-02 mem 6.72GB
[radiance] step  24200/59000 loss 1.4051 lm 1.4017 lr 1.417e-02 mem 6.72GB
[radiance] step  24300/59000 loss 1.3882 lm 1.3849 lr 1.412e-02 mem 6.72GB
[radiance] step  24400/59000 loss 1.5256 lm 1.5227 lr 1.407e-02 mem 6.72GB
[radiance] step  24500/59000 loss 1.4615 lm 1.4582 lr 1.402e-02 mem 6.72GB
[radiance] step  24600/59000 loss 1.3976 lm 1.3942 lr 1.398e-02 mem 6.72GB
[radiance] step  24700/59000 loss 1.3499 lm 1.3464 lr 1.393e-02 mem 6.72GB
[radiance] step  24800/59000 loss 1.4006 lm 1.3972 lr 1.388e-02 mem 6.72GB
[radiance] step  24900/59000 loss 1.3630 lm 1.3597 lr 1.384e-02 mem 6.72GB
[radiance] step  25000/59000 loss 1.4166 lm 1.4133 lr 1.379e-02 mem 6.72GB
[radiance] step  25100/59000 loss 1.4319 lm 1.4286 lr 1.374e-02 mem 6.72GB
[radiance] step  25200/59000 loss 1.3897 lm 1.3863 lr 1.369e-02 mem 6.72GB
[radiance] step  25300/59000 loss 1.3699 lm 1.3663 lr 1.365e-02 mem 6.72GB
[radiance] step  25400/59000 loss 1.4801 lm 1.4768 lr 1.360e-02 mem 6.72GB
[radiance] step  25500/59000 loss 1.4212 lm 1.4179 lr 1.355e-02 mem 6.72GB
[radiance] step  25600/59000 loss 1.3919 lm 1.3885 lr 1.350e-02 mem 6.72GB
[radiance] step  25700/59000 loss 1.3429 lm 1.3393 lr 1.345e-02 mem 6.72GB
[radiance] step  25800/59000 loss 1.3118 lm 1.3081 lr 1.341e-02 mem 6.72GB
[radiance] step  25900/59000 loss 1.2971 lm 1.2936 lr 1.336e-02 mem 6.72GB
[radiance] step  26000/59000 loss 1.4278 lm 1.4244 lr 1.331e-02 mem 6.72GB
[radiance] step  26100/59000 loss 1.3489 lm 1.3453 lr 1.326e-02 mem 6.72GB
[radiance] step  26200/59000 loss 1.3848 lm 1.3814 lr 1.321e-02 mem 6.72GB
[radiance] step  26300/59000 loss 1.3258 lm 1.3223 lr 1.317e-02 mem 6.72GB
[radiance] step  26400/59000 loss 1.4844 lm 1.4811 lr 1.312e-02 mem 6.72GB
[radiance] step  26500/59000 loss 1.4833 lm 1.4800 lr 1.307e-02 mem 6.72GB
[radiance] step  26600/59000 loss 1.3966 lm 1.3931 lr 1.302e-02 mem 6.72GB
[radiance] step  26700/59000 loss 1.3863 lm 1.3829 lr 1.297e-02 mem 6.72GB
[radiance] step  26800/59000 loss 1.4358 lm 1.4327 lr 1.292e-02 mem 6.72GB
[radiance] step  26900/59000 loss 1.3763 lm 1.3730 lr 1.287e-02 mem 6.72GB
[radiance] step  27000/59000 loss 1.3844 lm 1.3807 lr 1.282e-02 mem 6.72GB
[radiance] step  27100/59000 loss 1.4247 lm 1.4211 lr 1.278e-02 mem 6.72GB
[radiance] step  27200/59000 loss 1.3530 lm 1.3495 lr 1.273e-02 mem 6.72GB
[radiance] step  27300/59000 loss 1.3967 lm 1.3932 lr 1.268e-02 mem 6.72GB
[radiance] step  27400/59000 loss 1.3092 lm 1.3055 lr 1.263e-02 mem 6.72GB
[radiance] step  27500/59000 loss 1.4369 lm 1.4335 lr 1.258e-02 mem 6.72GB
[radiance] step  27600/59000 loss 1.3657 lm 1.3620 lr 1.253e-02 mem 6.72GB
[radiance] step  27700/59000 loss 1.3687 lm 1.3651 lr 1.248e-02 mem 6.72GB
[radiance] step  27800/59000 loss 1.3981 lm 1.3947 lr 1.243e-02 mem 6.72GB
[radiance] step  27900/59000 loss 1.2794 lm 1.2758 lr 1.238e-02 mem 6.72GB
[radiance] step  28000/59000 loss 1.3408 lm 1.3371 lr 1.233e-02 mem 6.72GB
[radiance] step  28100/59000 loss 1.3731 lm 1.3693 lr 1.228e-02 mem 6.72GB
[radiance] step  28200/59000 loss 1.4768 lm 1.4735 lr 1.223e-02 mem 6.72GB
[radiance] step  28300/59000 loss 1.4486 lm 1.4450 lr 1.218e-02 mem 6.72GB
[radiance] step  28400/59000 loss 1.3544 lm 1.3507 lr 1.214e-02 mem 6.72GB
[radiance] step  28500/59000 loss 1.3782 lm 1.3746 lr 1.209e-02 mem 6.72GB
[radiance] step  28600/59000 loss 1.5112 lm 1.5076 lr 1.204e-02 mem 6.72GB
[radiance] step  28700/59000 loss 1.4525 lm 1.4490 lr 1.199e-02 mem 6.72GB
[radiance] step  28800/59000 loss 1.3787 lm 1.3752 lr 1.194e-02 mem 6.72GB
[radiance] step  28900/59000 loss 1.2952 lm 1.2917 lr 1.189e-02 mem 6.72GB
[radiance] step  29000/59000 loss 1.3717 lm 1.3680 lr 1.184e-02 mem 6.72GB
[radiance] step  29100/59000 loss 1.4012 lm 1.3978 lr 1.179e-02 mem 6.72GB
[radiance] step  29200/59000 loss 1.4402 lm 1.4368 lr 1.174e-02 mem 6.72GB
[radiance] step  29300/59000 loss 1.3372 lm 1.3335 lr 1.169e-02 mem 6.72GB
[radiance] step  29400/59000 loss 1.3434 lm 1.3398 lr 1.164e-02 mem 6.72GB
[radiance] step  29500/59000 loss 1.3195 lm 1.3156 lr 1.159e-02 mem 6.72GB
[radiance] step  29500 val/loss 1.4340
[radiance] step  29600/59000 loss 1.3002 lm 1.2965 lr 1.154e-02 mem 6.72GB
[radiance] step  29700/59000 loss 1.3392 lm 1.3356 lr 1.149e-02 mem 6.72GB
[radiance] step  29800/59000 loss 1.4261 lm 1.4226 lr 1.144e-02 mem 6.72GB
[radiance] step  29900/59000 loss 1.3338 lm 1.3302 lr 1.139e-02 mem 6.72GB
[radiance] step  30000/59000 loss 1.4326 lm 1.4290 lr 1.134e-02 mem 6.72GB
[radiance] step  30100/59000 loss 1.3144 lm 1.3108 lr 1.129e-02 mem 6.72GB
[radiance] step  30200/59000 loss 1.3850 lm 1.3816 lr 1.124e-02 mem 6.72GB
[radiance] step  30300/59000 loss 1.4020 lm 1.3983 lr 1.119e-02 mem 6.72GB
[radiance] step  30400/59000 loss 1.4809 lm 1.4773 lr 1.114e-02 mem 6.72GB
[radiance] step  30500/59000 loss 1.3179 lm 1.3142 lr 1.109e-02 mem 6.72GB
[radiance] step  30600/59000 loss 1.4368 lm 1.4332 lr 1.104e-02 mem 6.72GB
[radiance] step  30700/59000 loss 1.3214 lm 1.3175 lr 1.099e-02 mem 6.72GB
[radiance] step  30800/59000 loss 1.3768 lm 1.3731 lr 1.094e-02 mem 6.72GB
[radiance] step  30900/59000 loss 1.4535 lm 1.4500 lr 1.089e-02 mem 6.72GB
[radiance] step  31000/59000 loss 1.3009 lm 1.2971 lr 1.084e-02 mem 6.72GB
[radiance] step  31100/59000 loss 1.3682 lm 1.3645 lr 1.079e-02 mem 6.72GB
[radiance] step  31200/59000 loss 1.2723 lm 1.2684 lr 1.074e-02 mem 6.72GB
[radiance] step  31300/59000 loss 1.3460 lm 1.3424 lr 1.069e-02 mem 6.72GB
[radiance] step  31400/59000 loss 1.3916 lm 1.3878 lr 1.064e-02 mem 6.72GB
[radiance] step  31500/59000 loss 1.3455 lm 1.3417 lr 1.059e-02 mem 6.72GB
[radiance] step  31600/59000 loss 1.3105 lm 1.3064 lr 1.054e-02 mem 6.72GB
[radiance] step  31700/59000 loss 1.3684 lm 1.3646 lr 1.049e-02 mem 6.72GB
[radiance] step  31800/59000 loss 1.3347 lm 1.3308 lr 1.044e-02 mem 6.72GB
[radiance] step  31900/59000 loss 1.4791 lm 1.4754 lr 1.039e-02 mem 6.72GB
[radiance] step  32000/59000 loss 1.2836 lm 1.2795 lr 1.034e-02 mem 6.72GB
[radiance] step  32100/59000 loss 1.3645 lm 1.3606 lr 1.029e-02 mem 6.72GB
[radiance] step  32200/59000 loss 1.2423 lm 1.2384 lr 1.024e-02 mem 6.72GB
[radiance] step  32300/59000 loss 1.3990 lm 1.3954 lr 1.019e-02 mem 6.72GB
[radiance] step  32400/59000 loss 1.3985 lm 1.3949 lr 1.014e-02 mem 6.72GB
[radiance] step  32500/59000 loss 1.2739 lm 1.2701 lr 1.009e-02 mem 6.72GB
[radiance] step  32600/59000 loss 1.3703 lm 1.3666 lr 1.004e-02 mem 6.72GB
[radiance] step  32700/59000 loss 1.3534 lm 1.3494 lr 9.994e-03 mem 6.72GB
[radiance] step  32800/59000 loss 1.4091 lm 1.4054 lr 9.944e-03 mem 6.72GB
[radiance] step  32900/59000 loss 1.3018 lm 1.2978 lr 9.895e-03 mem 6.72GB
[radiance] step  33000/59000 loss 1.4164 lm 1.4126 lr 9.845e-03 mem 6.72GB
[radiance] step  33100/59000 loss 1.3550 lm 1.3509 lr 9.796e-03 mem 6.72GB
[radiance] step  33200/59000 loss 1.3263 lm 1.3222 lr 9.746e-03 mem 6.72GB
[radiance] step  33300/59000 loss 1.3162 lm 1.3123 lr 9.697e-03 mem 6.72GB
[radiance] step  33400/59000 loss 1.2612 lm 1.2573 lr 9.647e-03 mem 6.72GB
[radiance] step  33500/59000 loss 1.3413 lm 1.3374 lr 9.598e-03 mem 6.72GB
[radiance] step  33600/59000 loss 1.3135 lm 1.3096 lr 9.549e-03 mem 6.72GB
[radiance] step  33700/59000 loss 1.3193 lm 1.3154 lr 9.499e-03 mem 6.72GB
[radiance] step  33800/59000 loss 1.3579 lm 1.3538 lr 9.450e-03 mem 6.72GB
[radiance] step  33900/59000 loss 1.3311 lm 1.3271 lr 9.401e-03 mem 6.72GB
[radiance] step  34000/59000 loss 1.2779 lm 1.2738 lr 9.352e-03 mem 6.72GB
[radiance] step  34100/59000 loss 1.4048 lm 1.4011 lr 9.303e-03 mem 6.72GB
[radiance] step  34200/59000 loss 1.3621 lm 1.3579 lr 9.254e-03 mem 6.72GB
[radiance] step  34300/59000 loss 1.3763 lm 1.3724 lr 9.205e-03 mem 6.72GB
[radiance] step  34400/59000 loss 1.4368 lm 1.4329 lr 9.156e-03 mem 6.72GB
[radiance] step  34500/59000 loss 1.2983 lm 1.2943 lr 9.107e-03 mem 6.72GB
[radiance] step  34600/59000 loss 1.3135 lm 1.3095 lr 9.059e-03 mem 6.72GB
[radiance] step  34700/59000 loss 1.2891 lm 1.2848 lr 9.010e-03 mem 6.72GB
[radiance] step  34800/59000 loss 1.3816 lm 1.3775 lr 8.961e-03 mem 6.72GB
[radiance] step  34900/59000 loss 1.4284 lm 1.4246 lr 8.913e-03 mem 6.72GB
[radiance] step  35000/59000 loss 1.4077 lm 1.4038 lr 8.864e-03 mem 6.72GB
[radiance] step  35100/59000 loss 1.3244 lm 1.3202 lr 8.816e-03 mem 6.72GB
[radiance] step  35200/59000 loss 1.3499 lm 1.3458 lr 8.767e-03 mem 6.72GB
[radiance] step  35300/59000 loss 1.3371 lm 1.3327 lr 8.719e-03 mem 6.72GB
[radiance] step  35400/59000 loss 1.4068 lm 1.4029 lr 8.671e-03 mem 6.72GB
[radiance] step  35400 val/loss 1.4029
[radiance] step  35500/59000 loss 1.3023 lm 1.2982 lr 8.622e-03 mem 6.72GB
[radiance] step  35600/59000 loss 1.2322 lm 1.2281 lr 8.574e-03 mem 6.72GB
[radiance] step  35700/59000 loss 1.3788 lm 1.3748 lr 8.526e-03 mem 6.72GB
[radiance] step  35800/59000 loss 1.3313 lm 1.3268 lr 8.478e-03 mem 6.72GB
[radiance] step  35900/59000 loss 1.3386 lm 1.3344 lr 8.430e-03 mem 6.72GB
[radiance] step  36000/59000 loss 1.4698 lm 1.4658 lr 8.383e-03 mem 6.72GB
[radiance] step  36100/59000 loss 1.3767 lm 1.3726 lr 8.335e-03 mem 6.72GB
[radiance] step  36200/59000 loss 1.3322 lm 1.3278 lr 8.287e-03 mem 6.72GB
[radiance] step  36300/59000 loss 1.2319 lm 1.2276 lr 8.240e-03 mem 6.72GB
[radiance] step  36400/59000 loss 1.2878 lm 1.2837 lr 8.192e-03 mem 6.72GB
[radiance] step  36500/59000 loss 1.2908 lm 1.2862 lr 8.145e-03 mem 6.72GB
[radiance] step  36600/59000 loss 1.3821 lm 1.3779 lr 8.098e-03 mem 6.72GB
[radiance] step  36700/59000 loss 1.3699 lm 1.3656 lr 8.050e-03 mem 6.72GB
[radiance] step  36800/59000 loss 1.2681 lm 1.2638 lr 8.003e-03 mem 6.72GB
[radiance] step  36900/59000 loss 1.3005 lm 1.2961 lr 7.956e-03 mem 6.72GB
[radiance] step  37000/59000 loss 1.3064 lm 1.3023 lr 7.909e-03 mem 6.72GB
[radiance] step  37100/59000 loss 1.2764 lm 1.2719 lr 7.862e-03 mem 6.72GB
[radiance] step  37200/59000 loss 1.3021 lm 1.2979 lr 7.816e-03 mem 6.72GB
[radiance] step  37300/59000 loss 1.3123 lm 1.3079 lr 7.769e-03 mem 6.72GB
[radiance] step  37400/59000 loss 1.3852 lm 1.3810 lr 7.723e-03 mem 6.72GB
[radiance] step  37500/59000 loss 1.3413 lm 1.3369 lr 7.676e-03 mem 6.72GB
[radiance] step  37600/59000 loss 1.3126 lm 1.3083 lr 7.630e-03 mem 6.72GB
[radiance] step  37700/59000 loss 1.3873 lm 1.3831 lr 7.584e-03 mem 6.72GB
[radiance] step  37800/59000 loss 1.2934 lm 1.2887 lr 7.537e-03 mem 6.72GB
[radiance] step  37900/59000 loss 1.2775 lm 1.2729 lr 7.491e-03 mem 6.72GB
[radiance] step  38000/59000 loss 1.3337 lm 1.3293 lr 7.445e-03 mem 6.72GB
[radiance] step  38100/59000 loss 1.1734 lm 1.1689 lr 7.400e-03 mem 6.72GB
[radiance] step  38200/59000 loss 1.2794 lm 1.2748 lr 7.354e-03 mem 6.72GB
[radiance] step  38300/59000 loss 1.3558 lm 1.3513 lr 7.308e-03 mem 6.72GB
[radiance] step  38400/59000 loss 1.3797 lm 1.3755 lr 7.263e-03 mem 6.72GB
[radiance] step  38500/59000 loss 1.4657 lm 1.4615 lr 7.218e-03 mem 6.72GB
[radiance] step  38600/59000 loss 1.3164 lm 1.3120 lr 7.172e-03 mem 6.72GB
[radiance] step  38700/59000 loss 1.2773 lm 1.2727 lr 7.127e-03 mem 6.72GB
[radiance] step  38800/59000 loss 1.3526 lm 1.3481 lr 7.082e-03 mem 6.72GB
[radiance] step  38900/59000 loss 1.3068 lm 1.3022 lr 7.037e-03 mem 6.72GB
[radiance] step  39000/59000 loss 1.3607 lm 1.3562 lr 6.993e-03 mem 6.72GB
[radiance] step  39100/59000 loss 1.3119 lm 1.3072 lr 6.948e-03 mem 6.72GB
[radiance] step  39200/59000 loss 1.2275 lm 1.2227 lr 6.903e-03 mem 6.72GB
[radiance] step  39300/59000 loss 1.3266 lm 1.3221 lr 6.859e-03 mem 6.72GB
[radiance] step  39400/59000 loss 1.3583 lm 1.3536 lr 6.815e-03 mem 6.72GB
[radiance] step  39500/59000 loss 1.3569 lm 1.3525 lr 6.771e-03 mem 6.72GB
[radiance] step  39600/59000 loss 1.2828 lm 1.2780 lr 6.727e-03 mem 6.72GB
[radiance] step  39700/59000 loss 1.3221 lm 1.3175 lr 6.683e-03 mem 6.72GB
[radiance] step  39800/59000 loss 1.2369 lm 1.2321 lr 6.639e-03 mem 6.72GB
[radiance] step  39900/59000 loss 1.2613 lm 1.2566 lr 6.595e-03 mem 6.72GB
[radiance] step  40000/59000 loss 1.3077 lm 1.3030 lr 6.552e-03 mem 6.72GB
[radiance] step  40100/59000 loss 1.2986 lm 1.2939 lr 6.509e-03 mem 6.72GB
[radiance] step  40200/59000 loss 1.2203 lm 1.2153 lr 6.465e-03 mem 6.72GB
[radiance] step  40300/59000 loss 1.4111 lm 1.4068 lr 6.422e-03 mem 6.72GB
[radiance] step  40400/59000 loss 1.2830 lm 1.2782 lr 6.379e-03 mem 6.72GB
[radiance] step  40500/59000 loss 1.2705 lm 1.2659 lr 6.337e-03 mem 6.72GB
[radiance] step  40600/59000 loss 1.3149 lm 1.3101 lr 6.294e-03 mem 6.72GB
[radiance] step  40700/59000 loss 1.3163 lm 1.3116 lr 6.252e-03 mem 6.72GB
[radiance] step  40800/59000 loss 1.4045 lm 1.4000 lr 6.209e-03 mem 6.72GB
[radiance] step  40900/59000 loss 1.3884 lm 1.3836 lr 6.167e-03 mem 6.72GB
[radiance] step  41000/59000 loss 1.2992 lm 1.2944 lr 6.125e-03 mem 6.72GB
[radiance] step  41100/59000 loss 1.2553 lm 1.2505 lr 6.083e-03 mem 6.72GB
[radiance] step  41200/59000 loss 1.2431 lm 1.2381 lr 6.041e-03 mem 6.72GB
[radiance] step  41300/59000 loss 1.4146 lm 1.4098 lr 6.000e-03 mem 6.72GB
[radiance] step  41300 val/loss 1.3609
[radiance] step  41400/59000 loss 1.2348 lm 1.2299 lr 5.958e-03 mem 6.72GB
[radiance] step  41500/59000 loss 1.3392 lm 1.3346 lr 5.917e-03 mem 6.72GB
[radiance] step  41600/59000 loss 1.2954 lm 1.2903 lr 5.876e-03 mem 6.72GB
[radiance] step  41700/59000 loss 1.2793 lm 1.2743 lr 5.835e-03 mem 6.72GB
[radiance] step  41800/59000 loss 1.3514 lm 1.3465 lr 5.794e-03 mem 6.72GB
[radiance] step  41900/59000 loss 1.2665 lm 1.2613 lr 5.754e-03 mem 6.72GB
[radiance] step  42000/59000 loss 1.2535 lm 1.2484 lr 5.713e-03 mem 6.72GB
[radiance] step  42100/59000 loss 1.3241 lm 1.3194 lr 5.673e-03 mem 6.72GB
[radiance] step  42200/59000 loss 1.3340 lm 1.3290 lr 5.633e-03 mem 6.72GB
[radiance] step  42300/59000 loss 1.3774 lm 1.3727 lr 5.593e-03 mem 6.72GB
[radiance] step  42400/59000 loss 1.3049 lm 1.3000 lr 5.553e-03 mem 6.72GB
[radiance] step  42500/59000 loss 1.2975 lm 1.2926 lr 5.513e-03 mem 6.72GB
[radiance] step  42600/59000 loss 1.3279 lm 1.3229 lr 5.474e-03 mem 6.72GB
[radiance] step  42700/59000 loss 1.2353 lm 1.2301 lr 5.434e-03 mem 6.72GB
[radiance] step  42800/59000 loss 1.3087 lm 1.3036 lr 5.395e-03 mem 6.72GB
[radiance] step  42900/59000 loss 1.3384 lm 1.3333 lr 5.356e-03 mem 6.72GB
[radiance] step  43000/59000 loss 1.3486 lm 1.3436 lr 5.318e-03 mem 6.72GB
[radiance] step  43100/59000 loss 1.1859 lm 1.1807 lr 5.279e-03 mem 6.72GB
[radiance] step  43200/59000 loss 1.3883 lm 1.3834 lr 5.240e-03 mem 6.72GB
[radiance] step  43300/59000 loss 1.1427 lm 1.1371 lr 5.202e-03 mem 6.72GB
[radiance] step  43400/59000 loss 1.3168 lm 1.3115 lr 5.164e-03 mem 6.72GB
[radiance] step  43500/59000 loss 1.3963 lm 1.3912 lr 5.126e-03 mem 6.72GB
[radiance] step  43600/59000 loss 1.4199 lm 1.4151 lr 5.088e-03 mem 6.72GB
[radiance] step  43700/59000 loss 1.3654 lm 1.3603 lr 5.051e-03 mem 6.72GB
[radiance] step  43800/59000 loss 1.2898 lm 1.2848 lr 5.014e-03 mem 6.72GB
[radiance] step  43900/59000 loss 1.2844 lm 1.2793 lr 4.976e-03 mem 6.72GB
[radiance] step  44000/59000 loss 1.2474 lm 1.2419 lr 4.939e-03 mem 6.72GB
[radiance] step  44100/59000 loss 1.3398 lm 1.3346 lr 4.903e-03 mem 6.72GB
[radiance] step  44200/59000 loss 1.3231 lm 1.3179 lr 4.866e-03 mem 6.72GB
[radiance] step  44300/59000 loss 1.2321 lm 1.2267 lr 4.829e-03 mem 6.72GB
[radiance] step  44400/59000 loss 1.2443 lm 1.2387 lr 4.793e-03 mem 6.72GB
[radiance] step  44500/59000 loss 1.3814 lm 1.3762 lr 4.757e-03 mem 6.72GB
[radiance] step  44600/59000 loss 1.2522 lm 1.2468 lr 4.721e-03 mem 6.72GB
[radiance] step  44700/59000 loss 1.3747 lm 1.3695 lr 4.686e-03 mem 6.72GB
[radiance] step  44800/59000 loss 1.3765 lm 1.3714 lr 4.650e-03 mem 6.72GB
[radiance] step  44900/59000 loss 1.2675 lm 1.2622 lr 4.615e-03 mem 6.72GB
[radiance] step  45000/59000 loss 1.3280 lm 1.3227 lr 4.580e-03 mem 6.72GB
[radiance] step  45100/59000 loss 1.2201 lm 1.2146 lr 4.545e-03 mem 6.72GB
[radiance] step  45200/59000 loss 1.2161 lm 1.2105 lr 4.510e-03 mem 6.72GB
[radiance] step  45300/59000 loss 1.1821 lm 1.1766 lr 4.476e-03 mem 6.72GB
[radiance] step  45400/59000 loss 1.2690 lm 1.2635 lr 4.441e-03 mem 6.72GB
[radiance] step  45500/59000 loss 1.2993 lm 1.2940 lr 4.407e-03 mem 6.72GB
[radiance] step  45600/59000 loss 1.2388 lm 1.2333 lr 4.374e-03 mem 6.72GB
[radiance] step  45700/59000 loss 1.3246 lm 1.3193 lr 4.340e-03 mem 6.72GB
[radiance] step  45800/59000 loss 1.2237 lm 1.2182 lr 4.306e-03 mem 6.72GB
[radiance] step  45900/59000 loss 1.2784 lm 1.2728 lr 4.273e-03 mem 6.72GB
[radiance] step  46000/59000 loss 1.2807 lm 1.2751 lr 4.240e-03 mem 6.72GB
[radiance] step  46100/59000 loss 1.2136 lm 1.2079 lr 4.207e-03 mem 6.72GB
[radiance] step  46200/59000 loss 1.3834 lm 1.3780 lr 4.175e-03 mem 6.72GB
[radiance] step  46300/59000 loss 1.2162 lm 1.2105 lr 4.142e-03 mem 6.72GB
[radiance] step  46400/59000 loss 1.2964 lm 1.2908 lr 4.110e-03 mem 6.72GB
[radiance] step  46500/59000 loss 1.3052 lm 1.2996 lr 4.078e-03 mem 6.72GB
[radiance] step  46600/59000 loss 1.3184 lm 1.3129 lr 4.046e-03 mem 6.72GB
[radiance] step  46700/59000 loss 1.2172 lm 1.2115 lr 4.014e-03 mem 6.72GB
[radiance] step  46800/59000 loss 1.2831 lm 1.2774 lr 3.983e-03 mem 6.72GB
[radiance] step  46900/59000 loss 1.1804 lm 1.1746 lr 3.952e-03 mem 6.72GB
[radiance] step  47000/59000 loss 1.3140 lm 1.3083 lr 3.921e-03 mem 6.72GB
[radiance] step  47100/59000 loss 1.3028 lm 1.2971 lr 3.890e-03 mem 6.72GB
[radiance] step  47200/59000 loss 1.2032 lm 1.1973 lr 3.860e-03 mem 6.72GB
[radiance] step  47200 val/loss 1.3230
[radiance] step  47300/59000 loss 1.3388 lm 1.3330 lr 3.830e-03 mem 6.72GB
[radiance] step  47400/59000 loss 1.2941 lm 1.2885 lr 3.799e-03 mem 6.72GB
[radiance] step  47500/59000 loss 1.2251 lm 1.2192 lr 3.770e-03 mem 6.72GB
[radiance] step  47600/59000 loss 1.2468 lm 1.2407 lr 3.740e-03 mem 6.72GB
[radiance] step  47700/59000 loss 1.2944 lm 1.2886 lr 3.711e-03 mem 6.72GB
[radiance] step  47800/59000 loss 1.4127 lm 1.4072 lr 3.681e-03 mem 6.72GB
[radiance] step  47900/59000 loss 1.2882 lm 1.2824 lr 3.653e-03 mem 6.72GB
[radiance] step  48000/59000 loss 1.3022 lm 1.2964 lr 3.624e-03 mem 6.72GB
[radiance] step  48100/59000 loss 1.3227 lm 1.3168 lr 3.595e-03 mem 6.72GB
[radiance] step  48200/59000 loss 1.3297 lm 1.3239 lr 3.567e-03 mem 6.72GB
[radiance] step  48300/59000 loss 1.2663 lm 1.2606 lr 3.539e-03 mem 6.72GB
[radiance] step  48400/59000 loss 1.2330 lm 1.2270 lr 3.511e-03 mem 6.72GB
[radiance] step  48500/59000 loss 1.2853 lm 1.2793 lr 3.484e-03 mem 6.72GB
[radiance] step  48600/59000 loss 1.2304 lm 1.2243 lr 3.456e-03 mem 6.72GB
[radiance] step  48700/59000 loss 1.3338 lm 1.3280 lr 3.429e-03 mem 6.72GB
[radiance] step  48800/59000 loss 1.2436 lm 1.2376 lr 3.402e-03 mem 6.72GB
[radiance] step  48900/59000 loss 1.2759 lm 1.2698 lr 3.376e-03 mem 6.72GB
[radiance] step  49000/59000 loss 1.2631 lm 1.2570 lr 3.349e-03 mem 6.72GB
[radiance] step  49100/59000 loss 1.2740 lm 1.2680 lr 3.323e-03 mem 6.72GB
[radiance] step  49200/59000 loss 1.2175 lm 1.2113 lr 3.297e-03 mem 6.72GB
[radiance] step  49300/59000 loss 1.1573 lm 1.1512 lr 3.271e-03 mem 6.72GB
[radiance] step  49400/59000 loss 1.2568 lm 1.2507 lr 3.246e-03 mem 6.72GB
[radiance] step  49500/59000 loss 1.2204 lm 1.2143 lr 3.221e-03 mem 6.72GB
[radiance] step  49600/59000 loss 1.3482 lm 1.3422 lr 3.196e-03 mem 6.72GB
[radiance] step  49700/59000 loss 1.3060 lm 1.2999 lr 3.171e-03 mem 6.72GB
[radiance] step  49800/59000 loss 1.2926 lm 1.2865 lr 3.147e-03 mem 6.72GB
[radiance] step  49900/59000 loss 1.1809 lm 1.1748 lr 3.122e-03 mem 6.72GB
[radiance] step  50000/59000 loss 1.3194 lm 1.3133 lr 3.098e-03 mem 6.72GB
[radiance] step  50100/59000 loss 1.1444 lm 1.1381 lr 3.075e-03 mem 6.72GB
[radiance] step  50200/59000 loss 1.2545 lm 1.2482 lr 3.051e-03 mem 6.72GB
[radiance] step  50300/59000 loss 1.2786 lm 1.2725 lr 3.028e-03 mem 6.72GB
[radiance] step  50400/59000 loss 1.2754 lm 1.2691 lr 3.005e-03 mem 6.72GB
[radiance] step  50500/59000 loss 1.2379 lm 1.2319 lr 2.982e-03 mem 6.72GB
[radiance] step  50600/59000 loss 1.3054 lm 1.2992 lr 2.959e-03 mem 6.72GB
[radiance] step  50700/59000 loss 1.2261 lm 1.2199 lr 2.937e-03 mem 6.72GB
[radiance] step  50800/59000 loss 1.1737 lm 1.1674 lr 2.915e-03 mem 6.72GB
[radiance] step  50900/59000 loss 1.1976 lm 1.1913 lr 2.893e-03 mem 6.72GB
[radiance] step  51000/59000 loss 1.3518 lm 1.3455 lr 2.872e-03 mem 6.72GB
[radiance] step  51100/59000 loss 1.2656 lm 1.2594 lr 2.850e-03 mem 6.72GB
[radiance] step  51200/59000 loss 1.3483 lm 1.3421 lr 2.829e-03 mem 6.72GB
[radiance] step  51300/59000 loss 1.1914 lm 1.1848 lr 2.808e-03 mem 6.72GB
[radiance] step  51400/59000 loss 1.2599 lm 1.2537 lr 2.788e-03 mem 6.72GB
[radiance] step  51500/59000 loss 1.3411 lm 1.3348 lr 2.768e-03 mem 6.72GB
[radiance] step  51600/59000 loss 1.1946 lm 1.1883 lr 2.748e-03 mem 6.72GB
[radiance] step  51700/59000 loss 1.3126 lm 1.3061 lr 2.728e-03 mem 6.72GB
[radiance] step  51800/59000 loss 1.2715 lm 1.2651 lr 2.708e-03 mem 6.72GB
[radiance] step  51900/59000 loss 1.1125 lm 1.1059 lr 2.689e-03 mem 6.72GB
[radiance] step  52000/59000 loss 1.1708 lm 1.1642 lr 2.670e-03 mem 6.72GB
[radiance] step  52100/59000 loss 1.2440 lm 1.2377 lr 2.651e-03 mem 6.72GB
[radiance] step  52200/59000 loss 1.2523 lm 1.2460 lr 2.633e-03 mem 6.72GB
[radiance] step  52300/59000 loss 1.2292 lm 1.2227 lr 2.614e-03 mem 6.72GB
[radiance] step  52400/59000 loss 1.2726 lm 1.2661 lr 2.596e-03 mem 6.72GB
[radiance] step  52500/59000 loss 1.2189 lm 1.2124 lr 2.579e-03 mem 6.72GB
[radiance] step  52600/59000 loss 1.2767 lm 1.2704 lr 2.561e-03 mem 6.72GB
[radiance] step  52700/59000 loss 1.2687 lm 1.2624 lr 2.544e-03 mem 6.72GB
[radiance] step  52800/59000 loss 1.2191 lm 1.2125 lr 2.527e-03 mem 6.72GB
[radiance] step  52900/59000 loss 1.1894 lm 1.1828 lr 2.510e-03 mem 6.72GB
[radiance] step  53000/59000 loss 1.1857 lm 1.1791 lr 2.494e-03 mem 6.72GB
[radiance] step  53100/59000 loss 1.3249 lm 1.3184 lr 2.478e-03 mem 6.72GB
[radiance] step  53100 val/loss 1.2925
[radiance] step  53200/59000 loss 1.2047 lm 1.1980 lr 2.462e-03 mem 6.72GB
[radiance] step  53300/59000 loss 1.2965 lm 1.2900 lr 2.446e-03 mem 6.72GB
[radiance] step  53400/59000 loss 1.1942 lm 1.1877 lr 2.431e-03 mem 6.72GB
[radiance] step  53500/59000 loss 1.2695 lm 1.2629 lr 2.416e-03 mem 6.72GB
[radiance] step  53600/59000 loss 1.1886 lm 1.1821 lr 2.401e-03 mem 6.72GB
[radiance] step  53700/59000 loss 1.3082 lm 1.3018 lr 2.386e-03 mem 6.72GB
[radiance] step  53800/59000 loss 1.3357 lm 1.3290 lr 2.372e-03 mem 6.72GB
[radiance] step  53900/59000 loss 1.1464 lm 1.1395 lr 2.358e-03 mem 6.72GB
[radiance] step  54000/59000 loss 1.1740 lm 1.1672 lr 2.344e-03 mem 6.72GB
[radiance] step  54100/59000 loss 1.2122 lm 1.2054 lr 2.330e-03 mem 6.72GB
[radiance] step  54200/59000 loss 1.2798 lm 1.2733 lr 2.317e-03 mem 6.72GB
[radiance] step  54300/59000 loss 1.2787 lm 1.2720 lr 2.304e-03 mem 6.72GB
[radiance] step  54400/59000 loss 1.2011 lm 1.1944 lr 2.291e-03 mem 6.72GB
[radiance] step  54500/59000 loss 1.2341 lm 1.2273 lr 2.279e-03 mem 6.72GB
[radiance] step  54600/59000 loss 1.1510 lm 1.1439 lr 2.267e-03 mem 6.72GB
[radiance] step  54700/59000 loss 1.1777 lm 1.1709 lr 2.255e-03 mem 6.72GB
[radiance] step  54800/59000 loss 1.2453 lm 1.2385 lr 2.243e-03 mem 6.72GB
[radiance] step  54900/59000 loss 1.2004 lm 1.1937 lr 2.232e-03 mem 6.72GB
[radiance] step  55000/59000 loss 1.2100 lm 1.2031 lr 2.221e-03 mem 6.72GB
[radiance] step  55100/59000 loss 1.1700 lm 1.1632 lr 2.210e-03 mem 6.72GB
[radiance] step  55200/59000 loss 1.2288 lm 1.2220 lr 2.199e-03 mem 6.72GB
[radiance] step  55300/59000 loss 1.2015 lm 1.1947 lr 2.189e-03 mem 6.72GB
[radiance] step  55400/59000 loss 1.1484 lm 1.1415 lr 2.179e-03 mem 6.72GB
[radiance] step  55500/59000 loss 1.3015 lm 1.2948 lr 2.169e-03 mem 6.72GB
[radiance] step  55600/59000 loss 1.1872 lm 1.1804 lr 2.160e-03 mem 6.72GB
[radiance] step  55700/59000 loss 1.2063 lm 1.1993 lr 2.150e-03 mem 6.72GB
[radiance] step  55800/59000 loss 1.2873 lm 1.2805 lr 2.141e-03 mem 6.72GB
[radiance] step  55900/59000 loss 1.2553 lm 1.2485 lr 2.133e-03 mem 6.72GB
[radiance] step  56000/59000 loss 1.2233 lm 1.2164 lr 2.124e-03 mem 6.72GB
[radiance] step  56100/59000 loss 1.2361 lm 1.2293 lr 2.116e-03 mem 6.72GB
[radiance] step  56200/59000 loss 1.2506 lm 1.2437 lr 2.108e-03 mem 6.72GB
[radiance] step  56300/59000 loss 1.2328 lm 1.2259 lr 2.101e-03 mem 6.72GB
[radiance] step  56400/59000 loss 1.3041 lm 1.2975 lr 2.093e-03 mem 6.72GB
[radiance] step  56500/59000 loss 1.2175 lm 1.2108 lr 2.086e-03 mem 6.72GB
[radiance] step  56600/59000 loss 1.1563 lm 1.1492 lr 2.080e-03 mem 6.72GB
[radiance] step  56700/59000 loss 1.2161 lm 1.2092 lr 2.073e-03 mem 6.72GB
[radiance] step  56800/59000 loss 1.3254 lm 1.3187 lr 2.067e-03 mem 6.72GB
[radiance] step  56900/59000 loss 1.1872 lm 1.1803 lr 2.061e-03 mem 6.72GB
[radiance] step  57000/59000 loss 1.1733 lm 1.1664 lr 2.055e-03 mem 6.72GB
[radiance] step  57100/59000 loss 1.1636 lm 1.1567 lr 2.050e-03 mem 6.72GB
[radiance] step  57200/59000 loss 1.2290 lm 1.2222 lr 2.045e-03 mem 6.72GB
[radiance] step  57300/59000 loss 1.1431 lm 1.1361 lr 2.040e-03 mem 6.72GB
[radiance] step  57400/59000 loss 1.1988 lm 1.1917 lr 2.035e-03 mem 6.72GB
[radiance] step  57500/59000 loss 1.1501 lm 1.1431 lr 2.031e-03 mem 6.72GB
[radiance] step  57600/59000 loss 1.2810 lm 1.2742 lr 2.027e-03 mem 6.72GB
[radiance] step  57700/59000 loss 1.2448 lm 1.2378 lr 2.023e-03 mem 6.72GB
[radiance] step  57800/59000 loss 1.1275 lm 1.1205 lr 2.020e-03 mem 6.72GB
[radiance] step  57900/59000 loss 1.2240 lm 1.2170 lr 2.017e-03 mem 6.72GB
[radiance] step  58000/59000 loss 1.1642 lm 1.1570 lr 2.014e-03 mem 6.72GB
[radiance] step  58100/59000 loss 1.1160 lm 1.1090 lr 2.011e-03 mem 6.72GB
[radiance] step  58200/59000 loss 1.1646 lm 1.1576 lr 2.009e-03 mem 6.72GB
[radiance] step  58300/59000 loss 1.2025 lm 1.1955 lr 2.007e-03 mem 6.72GB
[radiance] step  58400/59000 loss 1.1035 lm 1.0963 lr 2.005e-03 mem 6.72GB
[radiance] step  58500/59000 loss 1.1896 lm 1.1826 lr 2.003e-03 mem 6.72GB
[radiance] step  58600/59000 loss 1.2453 lm 1.2383 lr 2.002e-03 mem 6.72GB
[radiance] step  58700/59000 loss 1.2061 lm 1.1990 lr 2.001e-03 mem 6.72GB
[radiance] step  58800/59000 loss 1.1508 lm 1.1438 lr 2.001e-03 mem 6.72GB
[radiance] step  58900/59000 loss 1.0655 lm 1.0584 lr 2.000e-03 mem 6.72GB
[radiance] step  59000/59000 loss 1.2287 lm 1.2219 lr 2.000e-03 mem 6.72GB
[radiance] step  59000 val/loss 1.2745
