[radiance] padding vocab 50,257 -> 50,304 (multiple of 128) for tensor-core-aligned lm_head matmuls
[radiance] doc_attention_mask on, so compiling without CUDA graphs (mode=None instead of 'reduce-overhead').
[radiance] optimizer=muon (muon_lr=0.02 over 144 tensors, adamw lr=0.1 over the rest)
[radiance] step    100/1500 loss 3.1528 lm 3.1393 lr 1.997e-02 mem 6.97GB
[radiance] step    150 val/loss 2.6765
[radiance] step    200/1500 loss 2.4920 lm 2.4776 lr 1.958e-02 mem 6.97GB
[radiance] step    300/1500 loss 2.3673 lm 2.3532 lr 1.879e-02 mem 6.97GB
[radiance] step    300 val/loss 2.3064
[radiance] step    400/1500 loss 2.1769 lm 2.1623 lr 1.764e-02 mem 6.97GB
[radiance] step    450 val/loss 2.1537
[radiance] step    500/1500 loss 2.1378 lm 2.1235 lr 1.616e-02 mem 6.97GB
[radiance] step    600/1500 loss 2.0222 lm 2.0082 lr 1.444e-02 mem 6.97GB
[radiance] step    600 val/loss 2.0532
[radiance] step    700/1500 loss 2.0056 lm 1.9919 lr 1.256e-02 mem 6.97GB
[radiance] step    750 val/loss 1.9663
[radiance] step    800/1500 loss 1.9706 lm 1.9571 lr 1.061e-02 mem 6.97GB
[radiance] step    900/1500 loss 1.9262 lm 1.9128 lr 8.671e-03 mem 6.97GB
[radiance] step    900 val/loss 1.8914
[radiance] step   1000/1500 loss 1.8262 lm 1.8130 lr 6.844e-03 mem 6.97GB
[radiance] step   1050 val/loss 1.8296
[radiance] step   1100/1500 loss 1.7895 lm 1.7762 lr 5.215e-03 mem 6.97GB
[radiance] step   1200/1500 loss 1.7032 lm 1.6898 lr 3.860e-03 mem 6.97GB
[radiance] step   1200 val/loss 1.7789
[radiance] step   1300/1500 loss 1.6957 lm 1.6825 lr 2.843e-03 mem 6.97GB
[radiance] step   1350 val/loss 1.7403
[radiance] step   1400/1500 loss 1.7123 lm 1.6995 lr 2.213e-03 mem 6.97GB
[radiance] step   1500/1500 loss 1.5730 lm 1.5601 lr 2.000e-03 mem 6.97GB
[radiance] step   1500 val/loss 1.7175
