[radiance] padding vocab 50,257 -> 50,304 (multiple of 128) for tensor-core-aligned lm_head matmuls
[radiance] doc_attention_mask on, so compiling without CUDA graphs (mode=None instead of 'reduce-overhead').
[radiance] optimizer=muon (muon_lr=0.02 over 84 tensors, adamw lr=0.003 over the rest)
[radiance] step    100/1500 loss 2.9438 lm 2.9303 lr 1.997e-02 mem 6.16GB
[radiance] step    150 val/loss 2.6057
[radiance] step    200/1500 loss 2.3388 lm 2.3236 lr 1.958e-02 mem 6.16GB
[radiance] step    300/1500 loss 2.2803 lm 2.2650 lr 1.879e-02 mem 6.16GB
[radiance] step    300 val/loss 2.2541
[radiance] step    400/1500 loss 2.0882 lm 2.0724 lr 1.764e-02 mem 6.16GB
[radiance] step    450 val/loss 2.0951
[radiance] step    500/1500 loss 1.9818 lm 1.9664 lr 1.616e-02 mem 6.16GB
[radiance] step    600/1500 loss 1.9757 lm 1.9604 lr 1.444e-02 mem 6.16GB
[radiance] step    600 val/loss 1.9867
[radiance] step    700/1500 loss 1.8160 lm 1.8008 lr 1.256e-02 mem 6.16GB
[radiance] step    750 val/loss 1.9061
[radiance] step    800/1500 loss 1.8817 lm 1.8669 lr 1.061e-02 mem 6.16GB
[radiance] step    900/1500 loss 1.8074 lm 1.7928 lr 8.671e-03 mem 6.16GB
[radiance] step    900 val/loss 1.8347
[radiance] step   1000/1500 loss 1.7570 lm 1.7426 lr 6.844e-03 mem 6.16GB
[radiance] step   1050 val/loss 1.7809
[radiance] step   1100/1500 loss 1.7089 lm 1.6946 lr 5.215e-03 mem 6.16GB
[radiance] step   1200/1500 loss 1.6296 lm 1.6153 lr 3.860e-03 mem 6.16GB
[radiance] step   1200 val/loss 1.7324
[radiance] step   1300/1500 loss 1.7001 lm 1.6861 lr 2.843e-03 mem 6.16GB
[radiance] step   1350 val/loss 1.7021
[radiance] step   1400/1500 loss 1.6454 lm 1.6316 lr 2.213e-03 mem 6.16GB
[radiance] step   1500/1500 loss 1.6623 lm 1.6488 lr 2.000e-03 mem 6.16GB
[radiance] step   1500 val/loss 1.6823
