[radiance] padding vocab 50,257 -> 50,304 (multiple of 128) for tensor-core-aligned lm_head matmuls
[radiance] doc_attention_mask on, so compiling without CUDA graphs (mode=None instead of 'reduce-overhead').
[radiance] optimizer=muon (muon_lr=0.02 over 60 tensors, adamw lr=0.1 over the rest)
[radiance] step    100/1500 loss 3.0361 lm 3.0231 lr 1.997e-02 mem 5.66GB
[radiance] step    150 val/loss 2.6504
[radiance] step    200/1500 loss 2.4196 lm 2.4060 lr 1.958e-02 mem 5.66GB
[radiance] step    300/1500 loss 2.3109 lm 2.2978 lr 1.879e-02 mem 5.66GB
[radiance] step    300 val/loss 2.3131
[radiance] step    400/1500 loss 2.1217 lm 2.1083 lr 1.764e-02 mem 5.66GB
[radiance] step    450 val/loss 2.1680
[radiance] step    500/1500 loss 2.0004 lm 1.9867 lr 1.616e-02 mem 5.66GB
[radiance] step    600/1500 loss 2.0205 lm 2.0070 lr 1.444e-02 mem 5.66GB
[radiance] step    600 val/loss 2.0685
[radiance] step    700/1500 loss 2.0183 lm 2.0055 lr 1.256e-02 mem 5.66GB
[radiance] step    750 val/loss 1.9823
[radiance] step    800/1500 loss 1.8695 lm 1.8568 lr 1.061e-02 mem 5.66GB
[radiance] step    900/1500 loss 1.8318 lm 1.8189 lr 8.671e-03 mem 5.66GB
[radiance] step    900 val/loss 1.9086
[radiance] step   1000/1500 loss 1.7723 lm 1.7596 lr 6.844e-03 mem 5.66GB
[radiance] step   1050 val/loss 1.8419
[radiance] step   1100/1500 loss 1.7898 lm 1.7774 lr 5.215e-03 mem 5.66GB
[radiance] step   1200/1500 loss 1.7670 lm 1.7547 lr 3.860e-03 mem 5.66GB
[radiance] step   1200 val/loss 1.7901
[radiance] step   1300/1500 loss 1.7096 lm 1.6973 lr 2.843e-03 mem 5.66GB
[radiance] step   1350 val/loss 1.7519
[radiance] step   1400/1500 loss 1.6806 lm 1.6686 lr 2.213e-03 mem 5.66GB
[radiance] step   1500/1500 loss 1.7335 lm 1.7220 lr 2.000e-03 mem 5.66GB
[radiance] step   1500 val/loss 1.7282
