[radiance] padding vocab 50,257 -> 50,304 (multiple of 128) for tensor-core-aligned lm_head matmuls
[radiance] doc_attention_mask on, so compiling without CUDA graphs (mode=None instead of 'reduce-overhead').
[radiance] optimizer=muon (muon_lr=0.02 over 84 tensors, adamw lr=0.03 over the rest)
[radiance] step    100/1500 loss 2.9747 lm 2.9614 lr 1.997e-02 mem 6.06GB
[radiance] step    150 val/loss 2.6067
[radiance] step    200/1500 loss 2.3342 lm 2.3197 lr 1.958e-02 mem 6.06GB
[radiance] step    300/1500 loss 2.2715 lm 2.2573 lr 1.879e-02 mem 6.06GB
[radiance] step    300 val/loss 2.2456
[radiance] step    400/1500 loss 2.0946 lm 2.0803 lr 1.764e-02 mem 6.06GB
[radiance] step    450 val/loss 2.0939
[radiance] step    500/1500 loss 1.9704 lm 1.9562 lr 1.616e-02 mem 6.06GB
[radiance] step    600/1500 loss 1.9650 lm 1.9510 lr 1.444e-02 mem 6.06GB
[radiance] step    600 val/loss 1.9875
[radiance] step    700/1500 loss 1.8168 lm 1.8029 lr 1.256e-02 mem 6.06GB
[radiance] step    750 val/loss 1.9064
[radiance] step    800/1500 loss 1.8881 lm 1.8745 lr 1.061e-02 mem 6.06GB
[radiance] step    900/1500 loss 1.8070 lm 1.7936 lr 8.671e-03 mem 6.06GB
[radiance] step    900 val/loss 1.8389
[radiance] step   1000/1500 loss 1.7629 lm 1.7495 lr 6.844e-03 mem 6.06GB
[radiance] step   1050 val/loss 1.7829
[radiance] step   1100/1500 loss 1.7042 lm 1.6909 lr 5.215e-03 mem 6.06GB
[radiance] step   1200/1500 loss 1.6167 lm 1.6036 lr 3.860e-03 mem 6.06GB
[radiance] step   1200 val/loss 1.7321
[radiance] step   1300/1500 loss 1.7040 lm 1.6912 lr 2.843e-03 mem 6.06GB
[radiance] step   1350 val/loss 1.6994
[radiance] step   1400/1500 loss 1.6284 lm 1.6159 lr 2.213e-03 mem 6.06GB
[radiance] step   1500/1500 loss 1.6541 lm 1.6417 lr 2.000e-03 mem 6.06GB
[radiance] step   1500 val/loss 1.6779
