[radiance] padding vocab 50,257 -> 50,304 (multiple of 128) for tensor-core-aligned lm_head matmuls
[radiance] doc_attention_mask on, so compiling without CUDA graphs (mode=None instead of 'reduce-overhead').
[radiance] optimizer=muon (muon_lr=0.02 over 36 tensors, adamw lr=0.1 over the rest)
[radiance] step    100/1500 loss 2.8942 lm 2.8808 lr 1.997e-02 mem 5.27GB
[radiance] step    150 val/loss 2.6101
[radiance] step    200/1500 loss 2.4094 lm 2.3962 lr 1.958e-02 mem 5.27GB
[radiance] step    300/1500 loss 2.2390 lm 2.2258 lr 1.879e-02 mem 5.27GB
[radiance] step    300 val/loss 2.2924
[radiance] step    400/1500 loss 2.1221 lm 2.1091 lr 1.764e-02 mem 5.27GB
[radiance] step    450 val/loss 2.1499
[radiance] step    500/1500 loss 2.1038 lm 2.0908 lr 1.616e-02 mem 5.27GB
[radiance] step    600/1500 loss 2.0408 lm 2.0280 lr 1.444e-02 mem 5.27GB
[radiance] step    600 val/loss 2.0574
[radiance] step    700/1500 loss 1.9671 lm 1.9546 lr 1.256e-02 mem 5.27GB
[radiance] step    750 val/loss 1.9766
[radiance] step    800/1500 loss 1.8682 lm 1.8558 lr 1.061e-02 mem 5.27GB
[radiance] step    900/1500 loss 1.8945 lm 1.8822 lr 8.671e-03 mem 5.27GB
[radiance] step    900 val/loss 1.9017
[radiance] step   1000/1500 loss 1.7637 lm 1.7515 lr 6.844e-03 mem 5.27GB
[radiance] step   1050 val/loss 1.8383
[radiance] step   1100/1500 loss 1.8007 lm 1.7888 lr 5.215e-03 mem 5.27GB
[radiance] step   1200/1500 loss 1.7817 lm 1.7702 lr 3.860e-03 mem 5.27GB
[radiance] step   1200 val/loss 1.7860
[radiance] step   1300/1500 loss 1.7517 lm 1.7403 lr 2.843e-03 mem 5.27GB
[radiance] step   1350 val/loss 1.7469
[radiance] step   1400/1500 loss 1.8260 lm 1.8151 lr 2.213e-03 mem 5.27GB
[radiance] step   1500/1500 loss 1.6047 lm 1.5937 lr 2.000e-03 mem 5.27GB
[radiance] step   1500 val/loss 1.7232
