[radiance] padding vocab 50,257 -> 50,304 (multiple of 128) for tensor-core-aligned lm_head matmuls
[radiance] doc_attention_mask on, so compiling without CUDA graphs (mode=None instead of 'reduce-overhead').
[radiance] optimizer=muon (muon_lr=0.02 over 24 tensors, adamw lr=0.1 over the rest)
[radiance] step    100/1500 loss 2.9173 lm 2.9048 lr 1.997e-02 mem 4.93GB
[radiance] step    150 val/loss 2.6338
[radiance] step    200/1500 loss 2.4570 lm 2.4440 lr 1.958e-02 mem 4.93GB
[radiance] step    300/1500 loss 2.3059 lm 2.2933 lr 1.879e-02 mem 4.93GB
[radiance] step    300 val/loss 2.3191
[radiance] step    400/1500 loss 2.1627 lm 2.1504 lr 1.764e-02 mem 4.93GB
[radiance] step    450 val/loss 2.1752
[radiance] step    500/1500 loss 2.1209 lm 2.1084 lr 1.616e-02 mem 4.93GB
[radiance] step    600/1500 loss 2.0040 lm 1.9914 lr 1.444e-02 mem 4.93GB
[radiance] step    600 val/loss 2.0748
[radiance] step    700/1500 loss 2.0764 lm 2.0641 lr 1.256e-02 mem 4.93GB
[radiance] step    750 val/loss 1.9904
[radiance] step    800/1500 loss 2.0030 lm 1.9907 lr 1.061e-02 mem 4.93GB
[radiance] step    900/1500 loss 1.8898 lm 1.8774 lr 8.671e-03 mem 4.93GB
[radiance] step    900 val/loss 1.9162
[radiance] step   1000/1500 loss 1.8141 lm 1.8019 lr 6.844e-03 mem 4.93GB
[radiance] step   1050 val/loss 1.8570
[radiance] step   1100/1500 loss 1.7842 lm 1.7720 lr 5.215e-03 mem 4.93GB
[radiance] step   1200/1500 loss 1.8311 lm 1.8195 lr 3.860e-03 mem 4.93GB
[radiance] step   1200 val/loss 1.8032
[radiance] step   1300/1500 loss 1.8120 lm 1.8006 lr 2.843e-03 mem 4.93GB
[radiance] step   1350 val/loss 1.7637
[radiance] step   1400/1500 loss 1.8227 lm 1.8117 lr 2.213e-03 mem 4.93GB
[radiance] step   1500/1500 loss 1.8243 lm 1.8134 lr 2.000e-03 mem 4.93GB
[radiance] step   1500 val/loss 1.7398
