[radiance] padding vocab 50,257 -> 50,304 (multiple of 128) for tensor-core-aligned lm_head matmuls
[radiance] grad_checkpoint on, so compiling without CUDA graphs (mode=None instead of 'reduce-overhead').
[radiance] optimizer=muon (muon_lr=0.02 over 67 tensors, adamw lr=0.01 over the rest)
[radiance] step     25/3000 loss 8.7095 lm 8.5994 lr 8.667e-04
[radiance] step     50/3000 loss 6.0089 lm 5.8995 lr 1.700e-03
[radiance] step     75/3000 loss 4.9636 lm 4.8538 lr 2.533e-03
[radiance] step    100/3000 loss 4.1765 lm 4.0658 lr 3.367e-03
[radiance] step    125/3000 loss 3.6112 lm 3.4989 lr 4.200e-03
[radiance] step    150/3000 loss 3.2552 lm 3.1421 lr 5.033e-03
[radiance] step    175/3000 loss 3.0557 lm 2.9417 lr 5.867e-03
[radiance] step    200/3000 loss 2.8464 lm 2.7316 lr 6.700e-03
[radiance] step    225/3000 loss 2.6397 lm 2.5235 lr 7.533e-03
[radiance] step    250/3000 loss 2.6670 lm 2.5500 lr 8.367e-03
W0811 15:19:41.621000 44340 torch/_dynamo/variables/tensor.py:1759] [4/3] Graph break from `Tensor.item()`, consider setting:
W0811 15:19:41.621000 44340 torch/_dynamo/variables/tensor.py:1759] [4/3]     torch._dynamo.config.capture_scalar_outputs = True
W0811 15:19:41.621000 44340 torch/_dynamo/variables/tensor.py:1759] [4/3] or:
W0811 15:19:41.621000 44340 torch/_dynamo/variables/tensor.py:1759] [4/3]     env TORCHDYNAMO_CAPTURE_SCALAR_OUTPUTS=1
W0811 15:19:41.621000 44340 torch/_dynamo/variables/tensor.py:1759] [4/3] to include these operations in the captured graph.
W0811 15:19:41.621000 44340 torch/_dynamo/variables/tensor.py:1759] [4/3] 
W0811 15:19:41.621000 44340 torch/_dynamo/variables/tensor.py:1759] [4/3] Graph break: from user code at:
W0811 15:19:41.621000 44340 torch/_dynamo/variables/tensor.py:1759] [4/3]   File "/home/james/dev/radiance/src/radiance/model.py", line 1151, in _maybe_checkpoint
W0811 15:19:41.621000 44340 torch/_dynamo/variables/tensor.py:1759] [4/3]     return fn(*args)
W0811 15:19:41.621000 44340 torch/_dynamo/variables/tensor.py:1759] [4/3]   File "/home/james/dev/radiance/src/radiance/model.py", line 961, in forward
W0811 15:19:41.621000 44340 torch/_dynamo/variables/tensor.py:1759] [4/3]     x = x + self.ffn(self.ln2(x, variant), variant)
W0811 15:19:41.621000 44340 torch/_dynamo/variables/tensor.py:1759] [4/3]             ~~~~~~~~^^^^^^^^^^^^^^^^^^^^^^^^^^^^^^^
W0811 15:19:41.621000 44340 torch/_dynamo/variables/tensor.py:1759] [4/3]   File "/home/james/dev/radiance/src/radiance/model.py", line 856, in forward
W0811 15:19:41.621000 44340 torch/_dynamo/variables/tensor.py:1759] [4/3]     capacity = _moe_capacity(self.cfg, n_tokens, assigned if full_capacity else None)
W0811 15:19:41.621000 44340 torch/_dynamo/variables/tensor.py:1759] [4/3]   File "/home/james/dev/radiance/src/radiance/model.py", line 689, in _moe_capacity
W0811 15:19:41.621000 44340 torch/_dynamo/variables/tensor.py:1759] [4/3]     return _moe_eval_capacity(assigned, n_tokens)
W0811 15:19:41.621000 44340 torch/_dynamo/variables/tensor.py:1759] [4/3]   File "/home/james/dev/radiance/src/radiance/model.py", line 671, in _moe_eval_capacity
W0811 15:19:41.621000 44340 torch/_dynamo/variables/tensor.py:1759] [4/3]     peak = max(1, int(assigned.sum(dim=0).max().item()))
W0811 15:19:41.621000 44340 torch/_dynamo/variables/tensor.py:1759] [4/3]                       ~~~~~~~~~~~~~~~~~~~~~~~~~~~~~~^^
W0811 15:19:41.621000 44340 torch/_dynamo/variables/tensor.py:1759] [4/3] 
W0811 15:19:41.621000 44340 torch/_dynamo/variables/tensor.py:1759] [4/3] 
[radiance] step    250 val/loss 2.5941
[radiance] step    275/3000 loss 2.6131 lm 2.4968 lr 9.200e-03
[radiance] step    300/3000 loss 2.5891 lm 2.4722 lr 1.003e-02
[radiance] step    325/3000 loss 2.4832 lm 2.3663 lr 1.087e-02
[radiance] step    350/3000 loss 2.4593 lm 2.3420 lr 1.170e-02
[radiance] step    375/3000 loss 2.3908 lm 2.2732 lr 1.253e-02
[radiance] step    400/3000 loss 2.4521 lm 2.3357 lr 1.337e-02
[radiance] step    425/3000 loss 2.4077 lm 2.2906 lr 1.420e-02
[radiance] step    450/3000 loss 2.3581 lm 2.2414 lr 1.503e-02
[radiance] step    475/3000 loss 2.3784 lm 2.2617 lr 1.587e-02
[radiance] step    500/3000 loss 2.2869 lm 2.1700 lr 1.670e-02
[radiance] step    500 val/loss 2.2652
[radiance] step    525/3000 loss 2.3253 lm 2.2088 lr 1.753e-02
[radiance] step    550/3000 loss 2.3139 lm 2.1977 lr 1.837e-02
[radiance] step    575/3000 loss 2.2917 lm 2.1750 lr 1.920e-02
[radiance] step    600/3000 loss 2.3360 lm 2.2193 lr 2.000e-02
[radiance] step    625/3000 loss 2.3852 lm 2.2688 lr 2.000e-02
[radiance] step    650/3000 loss 2.1287 lm 2.0119 lr 1.998e-02
[radiance] step    675/3000 loss 2.2910 lm 2.1742 lr 1.996e-02
[radiance] step    700/3000 loss 2.1482 lm 2.0321 lr 1.992e-02
[radiance] step    725/3000 loss 2.1731 lm 2.0554 lr 1.988e-02
[radiance] step    750/3000 loss 2.1715 lm 2.0554 lr 1.983e-02
[radiance] step    750 val/loss 2.0866
[radiance] step    775/3000 loss 2.1608 lm 2.0441 lr 1.976e-02
[radiance] step    800/3000 loss 2.0811 lm 1.9644 lr 1.969e-02
[radiance] step    825/3000 loss 2.1308 lm 2.0139 lr 1.961e-02
[radiance] step    850/3000 loss 2.1041 lm 1.9870 lr 1.952e-02
[radiance] step    875/3000 loss 2.1791 lm 2.0622 lr 1.942e-02
[radiance] step    900/3000 loss 2.0046 lm 1.8872 lr 1.931e-02
[radiance] step    925/3000 loss 2.0862 lm 1.9701 lr 1.920e-02
[radiance] step    950/3000 loss 2.0861 lm 1.9689 lr 1.907e-02
[radiance] step    975/3000 loss 2.1035 lm 1.9875 lr 1.894e-02
[radiance] step   1000/3000 loss 1.9710 lm 1.8531 lr 1.879e-02
[radiance] step   1000 val/loss 1.9709
[radiance] step   1025/3000 loss 1.9671 lm 1.8504 lr 1.864e-02
[radiance] step   1050/3000 loss 2.0000 lm 1.8817 lr 1.848e-02
[radiance] step   1075/3000 loss 2.1173 lm 2.0005 lr 1.832e-02
[radiance] step   1100/3000 loss 2.0551 lm 1.9378 lr 1.814e-02
[radiance] step   1125/3000 loss 1.9554 lm 1.8391 lr 1.796e-02
[radiance] step   1150/3000 loss 2.0322 lm 1.9152 lr 1.777e-02
[radiance] step   1175/3000 loss 2.0102 lm 1.8932 lr 1.757e-02
[radiance] step   1200/3000 loss 2.1586 lm 2.0422 lr 1.736e-02
[radiance] step   1225/3000 loss 2.0357 lm 1.9197 lr 1.715e-02
[radiance] step   1250/3000 loss 1.9383 lm 1.8215 lr 1.693e-02
[radiance] step   1250 val/loss 1.8855
[radiance] step   1275/3000 loss 1.9146 lm 1.7981 lr 1.671e-02
[radiance] step   1300/3000 loss 1.9802 lm 1.8635 lr 1.648e-02
[radiance] step   1325/3000 loss 1.9507 lm 1.8345 lr 1.624e-02
[radiance] step   1350/3000 loss 1.9678 lm 1.8506 lr 1.600e-02
[radiance] step   1375/3000 loss 1.8915 lm 1.7748 lr 1.575e-02
[radiance] step   1400/3000 loss 1.8302 lm 1.7135 lr 1.550e-02
[radiance] step   1425/3000 loss 1.9448 lm 1.8286 lr 1.524e-02
[radiance] step   1450/3000 loss 1.8593 lm 1.7420 lr 1.498e-02
[radiance] step   1475/3000 loss 1.8503 lm 1.7337 lr 1.471e-02
[radiance] step   1500/3000 loss 1.8756 lm 1.7584 lr 1.444e-02
[radiance] step   1500 val/loss 1.8215
[radiance] step   1525/3000 loss 1.8652 lm 1.7483 lr 1.417e-02
[radiance] step   1550/3000 loss 1.8296 lm 1.7129 lr 1.389e-02
[radiance] step   1575/3000 loss 1.8967 lm 1.7800 lr 1.361e-02
[radiance] step   1600/3000 loss 1.9208 lm 1.8044 lr 1.333e-02
[radiance] step   1625/3000 loss 1.7982 lm 1.6814 lr 1.304e-02
[radiance] step   1650/3000 loss 1.8946 lm 1.7780 lr 1.276e-02
[radiance] step   1675/3000 loss 1.7942 lm 1.6773 lr 1.247e-02
[radiance] step   1700/3000 loss 1.9561 lm 1.8393 lr 1.217e-02
[radiance] step   1725/3000 loss 1.8628 lm 1.7466 lr 1.188e-02
[radiance] step   1750/3000 loss 1.8631 lm 1.7468 lr 1.159e-02
[radiance] step   1750 val/loss 1.7599
[radiance] step   1775/3000 loss 1.9000 lm 1.7833 lr 1.129e-02
[radiance] step   1800/3000 loss 1.8023 lm 1.6854 lr 1.100e-02
[radiance] step   1825/3000 loss 1.6910 lm 1.5740 lr 1.071e-02
[radiance] step   1850/3000 loss 1.8597 lm 1.7430 lr 1.041e-02
[radiance] step   1875/3000 loss 1.7917 lm 1.6746 lr 1.012e-02
[radiance] step   1900/3000 loss 1.8464 lm 1.7298 lr 9.825e-03
[radiance] step   1925/3000 loss 1.8224 lm 1.7057 lr 9.534e-03
[radiance] step   1950/3000 loss 1.6924 lm 1.5755 lr 9.244e-03
[radiance] step   1975/3000 loss 1.9036 lm 1.7868 lr 8.956e-03
[radiance] step   2000/3000 loss 1.7526 lm 1.6360 lr 8.671e-03
[radiance] step   2000 val/loss 1.7051
[radiance] step   2025/3000 loss 1.7617 lm 1.6449 lr 8.387e-03
[radiance] step   2050/3000 loss 1.9354 lm 1.8190 lr 8.107e-03
[radiance] step   2075/3000 loss 1.8157 lm 1.6989 lr 7.830e-03
[radiance] step   2100/3000 loss 1.9011 lm 1.7847 lr 7.556e-03
[radiance] step   2125/3000 loss 1.8911 lm 1.7744 lr 7.286e-03
[radiance] step   2150/3000 loss 1.7707 lm 1.6539 lr 7.019e-03
[radiance] step   2175/3000 loss 1.7127 lm 1.5960 lr 6.757e-03
[radiance] step   2200/3000 loss 1.7934 lm 1.6763 lr 6.500e-03
[radiance] step   2225/3000 loss 1.8575 lm 1.7407 lr 6.247e-03
[radiance] step   2250/3000 loss 1.7744 lm 1.6578 lr 6.000e-03
[radiance] step   2250 val/loss 1.6603
[radiance] step   2275/3000 loss 1.6369 lm 1.5200 lr 5.758e-03
[radiance] step   2300/3000 loss 1.6628 lm 1.5455 lr 5.521e-03
[radiance] step   2325/3000 loss 1.7411 lm 1.6245 lr 5.290e-03
[radiance] step   2350/3000 loss 1.6508 lm 1.5340 lr 5.066e-03
[radiance] step   2375/3000 loss 1.7487 lm 1.6320 lr 4.848e-03
[radiance] step   2400/3000 loss 1.6946 lm 1.5778 lr 4.636e-03
[radiance] step   2425/3000 loss 1.7863 lm 1.6699 lr 4.431e-03
[radiance] step   2450/3000 loss 1.6188 lm 1.5018 lr 4.233e-03
[radiance] step   2475/3000 loss 1.6855 lm 1.5689 lr 4.043e-03
[radiance] step   2500/3000 loss 1.7774 lm 1.6609 lr 3.860e-03
[radiance] step   2500 val/loss 1.6212
[radiance] step   2525/3000 loss 1.6910 lm 1.5745 lr 3.684e-03
[radiance] step   2550/3000 loss 1.6857 lm 1.5690 lr 3.517e-03
[radiance] step   2575/3000 loss 1.6430 lm 1.5267 lr 3.357e-03
[radiance] step   2600/3000 loss 1.7383 lm 1.6217 lr 3.206e-03
[radiance] step   2625/3000 loss 1.6354 lm 1.5187 lr 3.063e-03
[radiance] step   2650/3000 loss 1.6468 lm 1.5297 lr 2.928e-03
[radiance] step   2675/3000 loss 1.7364 lm 1.6199 lr 2.802e-03
[radiance] step   2700/3000 loss 1.6432 lm 1.5258 lr 2.685e-03
[radiance] step   2725/3000 loss 1.7025 lm 1.5860 lr 2.577e-03
[radiance] step   2750/3000 loss 1.6504 lm 1.5335 lr 2.478e-03
[radiance] step   2750 val/loss 1.5933
[radiance] step   2775/3000 loss 1.6656 lm 1.5488 lr 2.388e-03
[radiance] step   2800/3000 loss 1.6264 lm 1.5094 lr 2.307e-03
[radiance] step   2825/3000 loss 1.7692 lm 1.6530 lr 2.235e-03
[radiance] step   2850/3000 loss 1.6801 lm 1.5634 lr 2.173e-03
[radiance] step   2875/3000 loss 1.5624 lm 1.4458 lr 2.120e-03
[radiance] step   2900/3000 loss 1.5549 lm 1.4377 lr 2.077e-03
[radiance] step   2925/3000 loss 1.7134 lm 1.5965 lr 2.043e-03
[radiance] step   2950/3000 loss 1.7235 lm 1.6070 lr 2.019e-03
[radiance] step   2975/3000 loss 1.5981 lm 1.4814 lr 2.005e-03
[radiance] step   3000/3000 loss 1.6547 lm 1.5379 lr 2.000e-03
[radiance] step   3000 val/loss 1.5752
