[radiance] padding vocab 50,257 -> 50,304 (multiple of 128) for tensor-core-aligned lm_head matmuls
[radiance] optimizer=muon (muon_lr=0.02 over 42 tensors, adamw lr=0.03 over the rest)
[radiance] step     25/3000 loss 6.2120 lm 6.2032 lr 8.667e-04
[radiance] step     50/3000 loss 5.3354 lm 5.3260 lr 1.700e-03
[radiance] step     75/3000 loss 4.2757 lm 4.2645 lr 2.533e-03
[radiance] step    100/3000 loss 3.5104 lm 3.4975 lr 3.367e-03
[radiance] step    125/3000 loss 3.1860 lm 3.1720 lr 4.200e-03
[radiance] step    150/3000 loss 2.9080 lm 2.8929 lr 5.033e-03
[radiance] step    175/3000 loss 2.7837 lm 2.7673 lr 5.867e-03
[radiance] step    200/3000 loss 2.7176 lm 2.7014 lr 6.700e-03
[radiance] step    225/3000 loss 2.5476 lm 2.5318 lr 7.533e-03
[radiance] step    250/3000 loss 2.4824 lm 2.4672 lr 8.367e-03
[radiance] step    250 val/loss 2.6005
[radiance] step    275/3000 loss 2.4698 lm 2.4547 lr 9.200e-03
[radiance] step    300/3000 loss 2.4734 lm 2.4579 lr 1.003e-02
[radiance] step    325/3000 loss 2.5009 lm 2.4858 lr 1.087e-02
[radiance] step    350/3000 loss 2.3334 lm 2.3179 lr 1.170e-02
[radiance] step    375/3000 loss 2.3257 lm 2.3101 lr 1.253e-02
[radiance] step    400/3000 loss 2.3102 lm 2.2947 lr 1.337e-02
[radiance] step    425/3000 loss 2.2909 lm 2.2753 lr 1.420e-02
[radiance] step    450/3000 loss 2.2772 lm 2.2620 lr 1.503e-02
[radiance] step    475/3000 loss 2.1726 lm 2.1570 lr 1.587e-02
[radiance] step    500/3000 loss 2.3481 lm 2.3330 lr 1.670e-02
[radiance] step    500 val/loss 2.2746
[radiance] step    525/3000 loss 2.2299 lm 2.2143 lr 1.753e-02
[radiance] step    550/3000 loss 2.2731 lm 2.2576 lr 1.837e-02
[radiance] step    575/3000 loss 2.2059 lm 2.1906 lr 1.920e-02
[radiance] step    600/3000 loss 2.0965 lm 2.0811 lr 2.000e-02
[radiance] step    625/3000 loss 2.1299 lm 2.1142 lr 2.000e-02
[radiance] step    650/3000 loss 2.2010 lm 2.1852 lr 1.998e-02
[radiance] step    675/3000 loss 2.1495 lm 2.1343 lr 1.996e-02
[radiance] step    700/3000 loss 2.1843 lm 2.1689 lr 1.992e-02
[radiance] step    725/3000 loss 2.1074 lm 2.0919 lr 1.988e-02
[radiance] step    750/3000 loss 2.0567 lm 2.0410 lr 1.983e-02
[radiance] step    750 val/loss 2.1158
[radiance] step    775/3000 loss 2.0559 lm 2.0404 lr 1.976e-02
[radiance] step    800/3000 loss 2.0781 lm 2.0624 lr 1.969e-02
[radiance] step    825/3000 loss 2.0353 lm 2.0191 lr 1.961e-02
[radiance] step    850/3000 loss 2.0233 lm 2.0072 lr 1.952e-02
[radiance] step    875/3000 loss 1.9738 lm 1.9579 lr 1.942e-02
[radiance] step    900/3000 loss 2.0409 lm 2.0248 lr 1.931e-02
[radiance] step    925/3000 loss 2.0373 lm 2.0211 lr 1.920e-02
[radiance] step    950/3000 loss 1.8481 lm 1.8320 lr 1.907e-02
[radiance] step    975/3000 loss 2.0131 lm 1.9969 lr 1.894e-02
[radiance] step   1000/3000 loss 1.9094 lm 1.8934 lr 1.879e-02
[radiance] step   1000 val/loss 2.0109
[radiance] step   1025/3000 loss 1.8914 lm 1.8752 lr 1.864e-02
[radiance] step   1050/3000 loss 1.9997 lm 1.9836 lr 1.848e-02
[radiance] step   1075/3000 loss 1.9333 lm 1.9168 lr 1.832e-02
[radiance] step   1100/3000 loss 1.8877 lm 1.8716 lr 1.814e-02
[radiance] step   1125/3000 loss 1.9489 lm 1.9327 lr 1.796e-02
[radiance] step   1150/3000 loss 1.9365 lm 1.9201 lr 1.777e-02
[radiance] step   1175/3000 loss 1.9137 lm 1.8972 lr 1.757e-02
[radiance] step   1200/3000 loss 1.9582 lm 1.9422 lr 1.736e-02
[radiance] step   1225/3000 loss 1.8620 lm 1.8455 lr 1.715e-02
[radiance] step   1250/3000 loss 1.8331 lm 1.8165 lr 1.693e-02
[radiance] step   1250 val/loss 1.9338
[radiance] step   1275/3000 loss 1.9051 lm 1.8891 lr 1.671e-02
[radiance] step   1300/3000 loss 1.9224 lm 1.9063 lr 1.648e-02
[radiance] step   1325/3000 loss 1.8703 lm 1.8543 lr 1.624e-02
[radiance] step   1350/3000 loss 1.9008 lm 1.8847 lr 1.600e-02
[radiance] step   1375/3000 loss 1.8782 lm 1.8619 lr 1.575e-02
[radiance] step   1400/3000 loss 1.8400 lm 1.8235 lr 1.550e-02
[radiance] step   1425/3000 loss 1.8752 lm 1.8590 lr 1.524e-02
[radiance] step   1450/3000 loss 1.8284 lm 1.8120 lr 1.498e-02
[radiance] step   1475/3000 loss 1.8988 lm 1.8826 lr 1.471e-02
[radiance] step   1500/3000 loss 1.9591 lm 1.9431 lr 1.444e-02
[radiance] step   1500 val/loss 1.8712
[radiance] step   1525/3000 loss 1.8065 lm 1.7899 lr 1.417e-02
[radiance] step   1550/3000 loss 1.7644 lm 1.7480 lr 1.389e-02
[radiance] step   1575/3000 loss 1.8043 lm 1.7877 lr 1.361e-02
[radiance] step   1600/3000 loss 1.8741 lm 1.8578 lr 1.333e-02
[radiance] step   1625/3000 loss 1.8362 lm 1.8196 lr 1.304e-02
[radiance] step   1650/3000 loss 1.8372 lm 1.8205 lr 1.276e-02
[radiance] step   1675/3000 loss 1.8487 lm 1.8323 lr 1.247e-02
[radiance] step   1700/3000 loss 1.8476 lm 1.8314 lr 1.217e-02
[radiance] step   1725/3000 loss 1.7047 lm 1.6879 lr 1.188e-02
[radiance] step   1750/3000 loss 1.8161 lm 1.7998 lr 1.159e-02
[radiance] step   1750 val/loss 1.8149
[radiance] step   1775/3000 loss 1.8686 lm 1.8525 lr 1.129e-02
[radiance] step   1800/3000 loss 1.7622 lm 1.7456 lr 1.100e-02
[radiance] step   1825/3000 loss 1.7698 lm 1.7531 lr 1.071e-02
[radiance] step   1850/3000 loss 1.7855 lm 1.7691 lr 1.041e-02
[radiance] step   1875/3000 loss 1.8045 lm 1.7880 lr 1.012e-02
[radiance] step   1900/3000 loss 1.7777 lm 1.7611 lr 9.825e-03
[radiance] step   1925/3000 loss 1.7569 lm 1.7404 lr 9.534e-03
[radiance] step   1950/3000 loss 1.7635 lm 1.7472 lr 9.244e-03
[radiance] step   1975/3000 loss 1.7583 lm 1.7417 lr 8.956e-03
[radiance] step   2000/3000 loss 1.7033 lm 1.6868 lr 8.671e-03
[radiance] step   2000 val/loss 1.7589
[radiance] step   2025/3000 loss 1.7448 lm 1.7282 lr 8.387e-03
[radiance] step   2050/3000 loss 1.5555 lm 1.5383 lr 8.107e-03
[radiance] step   2075/3000 loss 1.7790 lm 1.7627 lr 7.830e-03
[radiance] step   2100/3000 loss 1.7123 lm 1.6957 lr 7.556e-03
[radiance] step   2125/3000 loss 1.6657 lm 1.6491 lr 7.286e-03
[radiance] step   2150/3000 loss 1.7176 lm 1.7011 lr 7.019e-03
[radiance] step   2175/3000 loss 1.6196 lm 1.6026 lr 6.757e-03
[radiance] step   2200/3000 loss 1.6978 lm 1.6815 lr 6.500e-03
[radiance] step   2225/3000 loss 1.6563 lm 1.6395 lr 6.247e-03
[radiance] step   2250/3000 loss 1.6298 lm 1.6131 lr 6.000e-03
[radiance] step   2250 val/loss 1.7104
[radiance] step   2275/3000 loss 1.8000 lm 1.7836 lr 5.758e-03
[radiance] step   2300/3000 loss 1.5686 lm 1.5513 lr 5.521e-03
[radiance] step   2325/3000 loss 1.7168 lm 1.7004 lr 5.290e-03
[radiance] step   2350/3000 loss 1.7440 lm 1.7273 lr 5.066e-03
[radiance] step   2375/3000 loss 1.5852 lm 1.5681 lr 4.848e-03
[radiance] step   2400/3000 loss 1.6433 lm 1.6266 lr 4.636e-03
[radiance] step   2425/3000 loss 1.6676 lm 1.6509 lr 4.431e-03
[radiance] step   2450/3000 loss 1.6454 lm 1.6284 lr 4.233e-03
[radiance] step   2475/3000 loss 1.7021 lm 1.6856 lr 4.043e-03
[radiance] step   2500/3000 loss 1.6867 lm 1.6698 lr 3.860e-03
[radiance] step   2500 val/loss 1.6707
[radiance] step   2525/3000 loss 1.5389 lm 1.5215 lr 3.684e-03
[radiance] step   2550/3000 loss 1.5410 lm 1.5238 lr 3.517e-03
[radiance] step   2575/3000 loss 1.6187 lm 1.6016 lr 3.357e-03
[radiance] step   2600/3000 loss 1.6355 lm 1.6187 lr 3.206e-03
[radiance] step   2625/3000 loss 1.6295 lm 1.6126 lr 3.063e-03
[radiance] step   2650/3000 loss 1.5000 lm 1.4827 lr 2.928e-03
[radiance] step   2675/3000 loss 1.7279 lm 1.7114 lr 2.802e-03
[radiance] step   2700/3000 loss 1.6278 lm 1.6111 lr 2.685e-03
[radiance] step   2725/3000 loss 1.6501 lm 1.6331 lr 2.577e-03
[radiance] step   2750/3000 loss 1.6267 lm 1.6098 lr 2.478e-03
[radiance] step   2750 val/loss 1.6410
[radiance] step   2775/3000 loss 1.6212 lm 1.6042 lr 2.388e-03
[radiance] step   2800/3000 loss 1.5576 lm 1.5402 lr 2.307e-03
[radiance] step   2825/3000 loss 1.7232 lm 1.7066 lr 2.235e-03
[radiance] step   2850/3000 loss 1.5189 lm 1.5016 lr 2.173e-03
[radiance] step   2875/3000 loss 1.5286 lm 1.5113 lr 2.120e-03
[radiance] step   2900/3000 loss 1.6113 lm 1.5940 lr 2.077e-03
[radiance] step   2925/3000 loss 1.6009 lm 1.5840 lr 2.043e-03
[radiance] step   2950/3000 loss 1.5404 lm 1.5232 lr 2.019e-03
[radiance] step   2975/3000 loss 1.6073 lm 1.5902 lr 2.005e-03
[radiance] step   3000/3000 loss 1.5601 lm 1.5429 lr 2.000e-03
[radiance] step   3000 val/loss 1.6240
