[radiance] padding vocab 50,257 -> 50,304 (multiple of 128) for tensor-core-aligned lm_head matmuls
[radiance] optimizer=muon (muon_lr=0.02 over 53 tensors, adamw lr=0.01 over the rest)
[radiance] step     25/400 loss 5.9638 lm 5.9549 lr 6.500e-03
[radiance] step     50/400 loss 4.3135 lm 4.3021 lr 1.275e-02
[radiance] step     75/400 loss 3.4139 lm 3.4003 lr 1.900e-02
[radiance] step    100/400 loss 3.1343 lm 3.1197 lr 1.983e-02
[radiance] step    100 val/loss 3.0933
[radiance] step    125/400 loss 2.8281 lm 2.8128 lr 1.914e-02
[radiance] step    150/400 loss 2.7186 lm 2.7034 lr 1.796e-02
[radiance] step    175/400 loss 2.5817 lm 2.5659 lr 1.636e-02
[radiance] step    200/400 loss 2.4551 lm 2.4391 lr 1.444e-02
[radiance] step    200 val/loss 2.4982
[radiance] step    225/400 loss 2.4174 lm 2.4014 lr 1.232e-02
[radiance] step    250/400 loss 2.3616 lm 2.3451 lr 1.012e-02
[radiance] step    275/400 loss 2.2902 lm 2.2737 lr 7.968e-03
[radiance] step    300/400 loss 2.2090 lm 2.1919 lr 6.000e-03
[radiance] step    300 val/loss 2.2247
[radiance] step    325/400 loss 2.1653 lm 2.1481 lr 4.331e-03
[radiance] step    350/400 loss 2.1337 lm 2.1164 lr 3.063e-03
[radiance] step    375/400 loss 2.1467 lm 2.1294 lr 2.270e-03
[radiance] step    400/400 loss 1.9844 lm 1.9666 lr 2.000e-03
[radiance] step    400 val/loss 2.0983
