[radiance] padding vocab 50,257 -> 50,304 (multiple of 128) for tensor-core-aligned lm_head matmuls
[radiance] optimizer=muon (muon_lr=0.02 over 147 tensors, adamw lr=0.03 over the rest)
[radiance] step     25/400 loss 5.9240 lm 5.9146 lr 6.500e-03
[radiance] step     50/400 loss 4.4822 lm 4.4697 lr 1.275e-02
[radiance] step     75/400 loss 3.5563 lm 3.5427 lr 1.900e-02
[radiance] step    100/400 loss 3.0928 lm 3.0784 lr 1.983e-02
[radiance] step    100 val/loss 3.0909
[radiance] step    125/400 loss 2.8392 lm 2.8241 lr 1.914e-02
[radiance] step    150/400 loss 2.7296 lm 2.7142 lr 1.796e-02
[radiance] step    175/400 loss 2.4942 lm 2.4785 lr 1.636e-02
[radiance] step    200/400 loss 2.4274 lm 2.4115 lr 1.444e-02
[radiance] step    200 val/loss 2.4486
[radiance] step    225/400 loss 2.3303 lm 2.3142 lr 1.232e-02
[radiance] step    250/400 loss 2.2708 lm 2.2544 lr 1.012e-02
[radiance] step    275/400 loss 2.2141 lm 2.1976 lr 7.968e-03
[radiance] step    300/400 loss 2.1440 lm 2.1267 lr 6.000e-03
[radiance] step    300 val/loss 2.1746
[radiance] step    325/400 loss 2.1178 lm 2.1006 lr 4.331e-03
[radiance] step    350/400 loss 1.9986 lm 1.9810 lr 3.063e-03
[radiance] step    375/400 loss 2.0168 lm 1.9992 lr 2.270e-03
[radiance] step    400/400 loss 1.9610 lm 1.9434 lr 2.000e-03
[radiance] step    400 val/loss 2.0400
