[radiance] padding vocab 50,257 -> 50,304 (multiple of 128) for tensor-core-aligned lm_head matmuls
[radiance] optimizer=muon (muon_lr=0.02 over 147 tensors, adamw lr=0.01 over the rest)
[radiance] step     25/400 loss 5.8661 lm 5.8575 lr 6.500e-03
[radiance] step     50/400 loss 4.1898 lm 4.1786 lr 1.275e-02
[radiance] step     75/400 loss 3.4027 lm 3.3883 lr 1.900e-02
[radiance] step    100/400 loss 3.0307 lm 3.0159 lr 1.983e-02
[radiance] step    100 val/loss 3.0333
[radiance] step    125/400 loss 2.7990 lm 2.7839 lr 1.914e-02
[radiance] step    150/400 loss 2.7184 lm 2.7030 lr 1.796e-02
[radiance] step    175/400 loss 2.4919 lm 2.4764 lr 1.636e-02
[radiance] step    200/400 loss 2.4321 lm 2.4165 lr 1.444e-02
[radiance] step    200 val/loss 2.4409
[radiance] step    225/400 loss 2.3152 lm 2.2992 lr 1.232e-02
[radiance] step    250/400 loss 2.2636 lm 2.2476 lr 1.012e-02
[radiance] step    275/400 loss 2.1983 lm 2.1820 lr 7.968e-03
[radiance] step    300/400 loss 2.1271 lm 2.1104 lr 6.000e-03
[radiance] step    300 val/loss 2.1674
[radiance] step    325/400 loss 2.1151 lm 2.0984 lr 4.331e-03
[radiance] step    350/400 loss 1.9913 lm 1.9743 lr 3.063e-03
[radiance] step    375/400 loss 2.0158 lm 1.9986 lr 2.270e-03
[radiance] step    400/400 loss 1.9577 lm 1.9405 lr 2.000e-03
[radiance] step    400 val/loss 2.0365
