[radiance] doc_attention_mask on, so compiling without CUDA graphs (mode=None instead of 'reduce-overhead').
[radiance] optimizer=muon (muon_lr=0.02 over 180 tensors, adamw lr=0.01 over the rest)
[radiance] step    100/54000 loss 4.8750 lm 4.8673 lr 9.352e-04 mem 5.53GB
[radiance] step    200/54000 loss 3.1712 lm 3.1604 lr 1.861e-03 mem 5.53GB
[radiance] step    300/54000 loss 2.7493 lm 2.7365 lr 2.787e-03 mem 5.53GB
[radiance] step    400/54000 loss 2.4496 lm 2.4356 lr 3.713e-03 mem 5.53GB
[radiance] step    500/54000 loss 2.1597 lm 2.1451 lr 4.639e-03 mem 5.53GB
[radiance] step    600/54000 loss 2.1546 lm 2.1400 lr 5.565e-03 mem 5.53GB
[radiance] step    700/54000 loss 2.1202 lm 2.1062 lr 6.491e-03 mem 5.53GB
[radiance] step    800/54000 loss 2.0972 lm 2.0837 lr 7.417e-03 mem 5.53GB
[radiance] step    900/54000 loss 2.0504 lm 2.0374 lr 8.343e-03 mem 5.53GB
[radiance] step   1000/54000 loss 2.0235 lm 2.0109 lr 9.269e-03 mem 5.53GB
[radiance] step   1100/54000 loss 1.9550 lm 1.9427 lr 1.019e-02 mem 5.53GB
[radiance] step   1200/54000 loss 1.9839 lm 1.9722 lr 1.112e-02 mem 5.53GB
[radiance] step   1300/54000 loss 1.9567 lm 1.9453 lr 1.205e-02 mem 5.53GB
[radiance] step   1400/54000 loss 1.9960 lm 1.9850 lr 1.297e-02 mem 5.53GB
[radiance] step   1500/54000 loss 1.7781 lm 1.7670 lr 1.390e-02 mem 5.53GB
[radiance] step   1600/54000 loss 1.9267 lm 1.9164 lr 1.482e-02 mem 5.53GB
[radiance] step   1700/54000 loss 1.7914 lm 1.7810 lr 1.575e-02 mem 5.53GB
[radiance] step   1800/54000 loss 1.8382 lm 1.8280 lr 1.668e-02 mem 5.53GB
[radiance] step   1900/54000 loss 1.8338 lm 1.8240 lr 1.760e-02 mem 5.53GB
[radiance] step   2000/54000 loss 1.8796 lm 1.8701 lr 1.853e-02 mem 5.53GB
[radiance] step   2100/54000 loss 1.7690 lm 1.7596 lr 1.945e-02 mem 5.53GB
[radiance] step   2200/54000 loss 1.7467 lm 1.7377 lr 2.000e-02 mem 5.53GB
[radiance] step   2300/54000 loss 1.8014 lm 1.7930 lr 2.000e-02 mem 5.53GB
[radiance] step   2400/54000 loss 1.7877 lm 1.7795 lr 2.000e-02 mem 5.53GB
[radiance] step   2500/54000 loss 1.7305 lm 1.7225 lr 2.000e-02 mem 5.53GB
[radiance] step   2600/54000 loss 1.7498 lm 1.7425 lr 2.000e-02 mem 5.53GB
[radiance] step   2700/54000 loss 1.6384 lm 1.6314 lr 2.000e-02 mem 5.53GB
[radiance] step   2800/54000 loss 1.6851 lm 1.6785 lr 1.999e-02 mem 5.53GB
[radiance] step   2900/54000 loss 1.7143 lm 1.7082 lr 1.999e-02 mem 5.53GB
[radiance] step   3000/54000 loss 1.6595 lm 1.6537 lr 1.999e-02 mem 5.53GB
[radiance] step   3100/54000 loss 1.5752 lm 1.5697 lr 1.999e-02 mem 5.53GB
[radiance] step   3200/54000 loss 1.6971 lm 1.6920 lr 1.998e-02 mem 5.53GB
[radiance] step   3300/54000 loss 1.6127 lm 1.6077 lr 1.998e-02 mem 5.53GB
[radiance] step   3400/54000 loss 1.5792 lm 1.5748 lr 1.997e-02 mem 5.53GB
[radiance] step   3500/54000 loss 1.6617 lm 1.6575 lr 1.997e-02 mem 5.53GB
[radiance] step   3600/54000 loss 1.6643 lm 1.6603 lr 1.997e-02 mem 5.53GB
[radiance] step   3700/54000 loss 1.6854 lm 1.6815 lr 1.996e-02 mem 5.53GB
[radiance] step   3800/54000 loss 1.5463 lm 1.5428 lr 1.996e-02 mem 5.53GB
[radiance] step   3900/54000 loss 1.6348 lm 1.6315 lr 1.995e-02 mem 5.53GB
[radiance] step   4000/54000 loss 1.6655 lm 1.6622 lr 1.994e-02 mem 5.53GB
[radiance] step   4100/54000 loss 1.5306 lm 1.5274 lr 1.994e-02 mem 5.53GB
[radiance] step   4200/54000 loss 1.6359 lm 1.6329 lr 1.993e-02 mem 5.53GB
[radiance] step   4300/54000 loss 1.5395 lm 1.5367 lr 1.992e-02 mem 5.53GB
[radiance] step   4400/54000 loss 1.6303 lm 1.6275 lr 1.992e-02 mem 5.53GB
[radiance] step   4500/54000 loss 1.5639 lm 1.5612 lr 1.991e-02 mem 5.53GB
[radiance] step   4600/54000 loss 1.6028 lm 1.6001 lr 1.990e-02 mem 5.53GB
[radiance] step   4700/54000 loss 1.5761 lm 1.5735 lr 1.989e-02 mem 5.53GB
[radiance] step   4800/54000 loss 1.6618 lm 1.6592 lr 1.989e-02 mem 5.53GB
[radiance] step   4900/54000 loss 1.5787 lm 1.5760 lr 1.988e-02 mem 5.53GB
[radiance] step   5000/54000 loss 1.6334 lm 1.6308 lr 1.987e-02 mem 5.53GB
[radiance] step   5100/54000 loss 1.7408 lm 1.7382 lr 1.986e-02 mem 5.53GB
[radiance] step   5200/54000 loss 1.4429 lm 1.4402 lr 1.985e-02 mem 5.53GB
[radiance] step   5300/54000 loss 1.4619 lm 1.4593 lr 1.984e-02 mem 5.53GB
[radiance] step   5400/54000 loss 1.4999 lm 1.4971 lr 1.983e-02 mem 5.53GB
[radiance] step   5500/54000 loss 1.6001 lm 1.5976 lr 1.982e-02 mem 5.53GB
[radiance] step   5600/54000 loss 1.5857 lm 1.5829 lr 1.981e-02 mem 5.53GB
[radiance] step   5700/54000 loss 1.6045 lm 1.6019 lr 1.979e-02 mem 5.53GB
[radiance] step   5800/54000 loss 1.5234 lm 1.5206 lr 1.978e-02 mem 5.53GB
[radiance] step   5900/54000 loss 1.6278 lm 1.6252 lr 1.977e-02 mem 5.53GB
[radiance] step   6000/54000 loss 1.5560 lm 1.5533 lr 1.976e-02 mem 5.53GB
[radiance] step   6000 val/loss 1.6142
[radiance] step   6100/54000 loss 1.4763 lm 1.4734 lr 1.974e-02 mem 5.53GB
[radiance] step   6200/54000 loss 1.5373 lm 1.5347 lr 1.973e-02 mem 5.53GB
[radiance] step   6300/54000 loss 1.6061 lm 1.6032 lr 1.972e-02 mem 5.53GB
[radiance] step   6400/54000 loss 1.5435 lm 1.5407 lr 1.970e-02 mem 5.53GB
[radiance] step   6500/54000 loss 1.6314 lm 1.6286 lr 1.969e-02 mem 5.53GB
[radiance] step   6600/54000 loss 1.6058 lm 1.6031 lr 1.968e-02 mem 5.53GB
[radiance] step   6700/54000 loss 1.5504 lm 1.5476 lr 1.966e-02 mem 5.53GB
[radiance] step   6800/54000 loss 1.5062 lm 1.5036 lr 1.965e-02 mem 5.53GB
[radiance] step   6900/54000 loss 1.5881 lm 1.5852 lr 1.963e-02 mem 5.53GB
[radiance] step   7000/54000 loss 1.5170 lm 1.5142 lr 1.962e-02 mem 5.53GB
[radiance] step   7100/54000 loss 1.5923 lm 1.5895 lr 1.960e-02 mem 5.53GB
[radiance] step   7200/54000 loss 1.5856 lm 1.5827 lr 1.958e-02 mem 5.53GB
[radiance] step   7300/54000 loss 1.5624 lm 1.5598 lr 1.957e-02 mem 5.53GB
[radiance] step   7400/54000 loss 1.5033 lm 1.5005 lr 1.955e-02 mem 5.53GB
[radiance] step   7500/54000 loss 1.4436 lm 1.4406 lr 1.953e-02 mem 5.53GB
[radiance] step   7600/54000 loss 1.5296 lm 1.5267 lr 1.952e-02 mem 5.53GB
[radiance] step   7700/54000 loss 1.5308 lm 1.5281 lr 1.950e-02 mem 5.53GB
[radiance] step   7800/54000 loss 1.6331 lm 1.6304 lr 1.948e-02 mem 5.53GB
[radiance] step   7900/54000 loss 1.5231 lm 1.5203 lr 1.946e-02 mem 5.53GB
[radiance] step   8000/54000 loss 1.5522 lm 1.5493 lr 1.944e-02 mem 5.53GB
[radiance] step   8100/54000 loss 1.6197 lm 1.6171 lr 1.942e-02 mem 5.53GB
[radiance] step   8200/54000 loss 1.5496 lm 1.5468 lr 1.940e-02 mem 5.53GB
[radiance] step   8300/54000 loss 1.5863 lm 1.5835 lr 1.938e-02 mem 5.53GB
[radiance] step   8400/54000 loss 1.5690 lm 1.5663 lr 1.936e-02 mem 5.53GB
[radiance] step   8500/54000 loss 1.5667 lm 1.5638 lr 1.934e-02 mem 5.53GB
[radiance] step   8600/54000 loss 1.5222 lm 1.5191 lr 1.932e-02 mem 5.53GB
[radiance] step   8700/54000 loss 1.4741 lm 1.4715 lr 1.930e-02 mem 5.53GB
[radiance] step   8800/54000 loss 1.5012 lm 1.4984 lr 1.928e-02 mem 5.53GB
[radiance] step   8900/54000 loss 1.4577 lm 1.4549 lr 1.926e-02 mem 5.53GB
[radiance] step   9000/54000 loss 1.4922 lm 1.4892 lr 1.924e-02 mem 5.53GB
[radiance] step   9100/54000 loss 1.6484 lm 1.6458 lr 1.922e-02 mem 5.53GB
[radiance] step   9200/54000 loss 1.5401 lm 1.5373 lr 1.919e-02 mem 5.53GB
[radiance] step   9300/54000 loss 1.5162 lm 1.5134 lr 1.917e-02 mem 5.53GB
[radiance] step   9400/54000 loss 1.4485 lm 1.4455 lr 1.915e-02 mem 5.53GB
[radiance] step   9500/54000 loss 1.4956 lm 1.4927 lr 1.912e-02 mem 5.53GB
[radiance] step   9600/54000 loss 1.6588 lm 1.6559 lr 1.910e-02 mem 5.53GB
[radiance] step   9700/54000 loss 1.3641 lm 1.3613 lr 1.908e-02 mem 5.53GB
[radiance] step   9800/54000 loss 1.4951 lm 1.4920 lr 1.905e-02 mem 5.53GB
[radiance] step   9900/54000 loss 1.4875 lm 1.4845 lr 1.903e-02 mem 5.53GB
[radiance] step  10000/54000 loss 1.4350 lm 1.4321 lr 1.900e-02 mem 5.53GB
[radiance] step  10100/54000 loss 1.4227 lm 1.4197 lr 1.898e-02 mem 5.53GB
[radiance] step  10200/54000 loss 1.4529 lm 1.4498 lr 1.895e-02 mem 5.53GB
[radiance] step  10300/54000 loss 1.5498 lm 1.5469 lr 1.893e-02 mem 5.53GB
[radiance] step  10400/54000 loss 1.4109 lm 1.4079 lr 1.890e-02 mem 5.53GB
[radiance] step  10500/54000 loss 1.5395 lm 1.5367 lr 1.887e-02 mem 5.53GB
[radiance] step  10600/54000 loss 1.4518 lm 1.4488 lr 1.885e-02 mem 5.53GB
[radiance] step  10700/54000 loss 1.4404 lm 1.4374 lr 1.882e-02 mem 5.53GB
[radiance] step  10800/54000 loss 1.5541 lm 1.5512 lr 1.879e-02 mem 5.53GB
[radiance] step  10900/54000 loss 1.4876 lm 1.4846 lr 1.877e-02 mem 5.53GB
[radiance] step  11000/54000 loss 1.5682 lm 1.5654 lr 1.874e-02 mem 5.53GB
[radiance] step  11100/54000 loss 1.4392 lm 1.4360 lr 1.871e-02 mem 5.53GB
[radiance] step  11200/54000 loss 1.5348 lm 1.5323 lr 1.868e-02 mem 5.53GB
[radiance] step  11300/54000 loss 1.5258 lm 1.5230 lr 1.865e-02 mem 5.53GB
[radiance] step  11400/54000 loss 1.5681 lm 1.5650 lr 1.863e-02 mem 5.53GB
[radiance] step  11500/54000 loss 1.5438 lm 1.5409 lr 1.860e-02 mem 5.53GB
[radiance] step  11600/54000 loss 1.5537 lm 1.5505 lr 1.857e-02 mem 5.53GB
[radiance] step  11700/54000 loss 1.4398 lm 1.4368 lr 1.854e-02 mem 5.53GB
[radiance] step  11800/54000 loss 1.5679 lm 1.5652 lr 1.851e-02 mem 5.53GB
[radiance] step  11900/54000 loss 1.4691 lm 1.4661 lr 1.848e-02 mem 5.53GB
[radiance] step  12000/54000 loss 1.5073 lm 1.5044 lr 1.845e-02 mem 5.53GB
[radiance] step  12000 val/loss 1.5380
[radiance] step  12100/54000 loss 1.5108 lm 1.5080 lr 1.842e-02 mem 5.53GB
[radiance] step  12200/54000 loss 1.4727 lm 1.4696 lr 1.838e-02 mem 5.53GB
[radiance] step  12300/54000 loss 1.5394 lm 1.5364 lr 1.835e-02 mem 5.53GB
[radiance] step  12400/54000 loss 1.4537 lm 1.4507 lr 1.832e-02 mem 5.53GB
[radiance] step  12500/54000 loss 1.4960 lm 1.4932 lr 1.829e-02 mem 5.53GB
[radiance] step  12600/54000 loss 1.5621 lm 1.5592 lr 1.826e-02 mem 5.53GB
[radiance] step  12700/54000 loss 1.6340 lm 1.6313 lr 1.823e-02 mem 5.53GB
[radiance] step  12800/54000 loss 1.6178 lm 1.6147 lr 1.819e-02 mem 5.53GB
[radiance] step  12900/54000 loss 1.5139 lm 1.5110 lr 1.816e-02 mem 5.53GB
[radiance] step  13000/54000 loss 1.4734 lm 1.4704 lr 1.813e-02 mem 5.53GB
[radiance] step  13100/54000 loss 1.3550 lm 1.3517 lr 1.809e-02 mem 5.53GB
[radiance] step  13200/54000 loss 1.4714 lm 1.4685 lr 1.806e-02 mem 5.53GB
[radiance] step  13300/54000 loss 1.5315 lm 1.5286 lr 1.803e-02 mem 5.53GB
[radiance] step  13400/54000 loss 1.4822 lm 1.4794 lr 1.799e-02 mem 5.53GB
[radiance] step  13500/54000 loss 1.4205 lm 1.4176 lr 1.796e-02 mem 5.53GB
[radiance] step  13600/54000 loss 1.4217 lm 1.4186 lr 1.792e-02 mem 5.53GB
[radiance] step  13700/54000 loss 1.5827 lm 1.5798 lr 1.789e-02 mem 5.53GB
[radiance] step  13800/54000 loss 1.4318 lm 1.4288 lr 1.785e-02 mem 5.53GB
[radiance] step  13900/54000 loss 1.4798 lm 1.4767 lr 1.782e-02 mem 5.53GB
[radiance] step  14000/54000 loss 1.4820 lm 1.4791 lr 1.778e-02 mem 5.53GB
[radiance] step  14100/54000 loss 1.4574 lm 1.4543 lr 1.774e-02 mem 5.53GB
[radiance] step  14200/54000 loss 1.5046 lm 1.5016 lr 1.771e-02 mem 5.53GB
[radiance] step  14300/54000 loss 1.5749 lm 1.5721 lr 1.767e-02 mem 5.53GB
[radiance] step  14400/54000 loss 1.5216 lm 1.5185 lr 1.764e-02 mem 5.53GB
[radiance] step  14500/54000 loss 1.4970 lm 1.4937 lr 1.760e-02 mem 5.53GB
[radiance] step  14600/54000 loss 1.4438 lm 1.4408 lr 1.756e-02 mem 5.53GB
[radiance] step  14700/54000 loss 1.4383 lm 1.4354 lr 1.752e-02 mem 5.53GB
[radiance] step  14800/54000 loss 1.4405 lm 1.4376 lr 1.749e-02 mem 5.53GB
[radiance] step  14900/54000 loss 1.5041 lm 1.5012 lr 1.745e-02 mem 5.53GB
[radiance] step  15000/54000 loss 1.5377 lm 1.5347 lr 1.741e-02 mem 5.53GB
[radiance] step  15100/54000 loss 1.3876 lm 1.3844 lr 1.737e-02 mem 5.53GB
[radiance] step  15200/54000 loss 1.4187 lm 1.4156 lr 1.733e-02 mem 5.53GB
[radiance] step  15300/54000 loss 1.4558 lm 1.4526 lr 1.729e-02 mem 5.53GB
[radiance] step  15400/54000 loss 1.5003 lm 1.4975 lr 1.726e-02 mem 5.53GB
[radiance] step  15500/54000 loss 1.4542 lm 1.4509 lr 1.722e-02 mem 5.53GB
[radiance] step  15600/54000 loss 1.4167 lm 1.4137 lr 1.718e-02 mem 5.53GB
[radiance] step  15700/54000 loss 1.4282 lm 1.4250 lr 1.714e-02 mem 5.53GB
[radiance] step  15800/54000 loss 1.5369 lm 1.5338 lr 1.710e-02 mem 5.53GB
[radiance] step  15900/54000 loss 1.5133 lm 1.5102 lr 1.706e-02 mem 5.53GB
[radiance] step  16000/54000 loss 1.5649 lm 1.5620 lr 1.702e-02 mem 5.53GB
[radiance] step  16100/54000 loss 1.5331 lm 1.5301 lr 1.698e-02 mem 5.53GB
[radiance] step  16200/54000 loss 1.5339 lm 1.5310 lr 1.693e-02 mem 5.53GB
[radiance] step  16300/54000 loss 1.4623 lm 1.4593 lr 1.689e-02 mem 5.53GB
[radiance] step  16400/54000 loss 1.3714 lm 1.3681 lr 1.685e-02 mem 5.53GB
[radiance] step  16500/54000 loss 1.4653 lm 1.4624 lr 1.681e-02 mem 5.53GB
[radiance] step  16600/54000 loss 1.4694 lm 1.4664 lr 1.677e-02 mem 5.53GB
[radiance] step  16700/54000 loss 1.3894 lm 1.3861 lr 1.673e-02 mem 5.53GB
[radiance] step  16800/54000 loss 1.4418 lm 1.4387 lr 1.668e-02 mem 5.53GB
[radiance] step  16900/54000 loss 1.3697 lm 1.3664 lr 1.664e-02 mem 5.53GB
[radiance] step  17000/54000 loss 1.4605 lm 1.4575 lr 1.660e-02 mem 5.53GB
[radiance] step  17100/54000 loss 1.4309 lm 1.4278 lr 1.656e-02 mem 5.53GB
[radiance] step  17200/54000 loss 1.3093 lm 1.3060 lr 1.651e-02 mem 5.53GB
[radiance] step  17300/54000 loss 1.3980 lm 1.3949 lr 1.647e-02 mem 5.53GB
[radiance] step  17400/54000 loss 1.4714 lm 1.4684 lr 1.643e-02 mem 5.53GB
[radiance] step  17500/54000 loss 1.5073 lm 1.5043 lr 1.638e-02 mem 5.53GB
[radiance] step  17600/54000 loss 1.3858 lm 1.3823 lr 1.634e-02 mem 5.53GB
[radiance] step  17700/54000 loss 1.4246 lm 1.4215 lr 1.630e-02 mem 5.53GB
[radiance] step  17800/54000 loss 1.4133 lm 1.4101 lr 1.625e-02 mem 5.53GB
[radiance] step  17900/54000 loss 1.4684 lm 1.4653 lr 1.621e-02 mem 5.53GB
[radiance] step  18000/54000 loss 1.3903 lm 1.3870 lr 1.616e-02 mem 5.53GB
[radiance] step  18000 val/loss 1.4980
[radiance] step  18100/54000 loss 1.5064 lm 1.5035 lr 1.612e-02 mem 5.53GB
[radiance] step  18200/54000 loss 1.4733 lm 1.4701 lr 1.607e-02 mem 5.53GB
[radiance] step  18300/54000 loss 1.3639 lm 1.3606 lr 1.603e-02 mem 5.53GB
[radiance] step  18400/54000 loss 1.3080 lm 1.3050 lr 1.598e-02 mem 5.53GB
[radiance] step  18500/54000 loss 1.4041 lm 1.4007 lr 1.594e-02 mem 5.53GB
[radiance] step  18600/54000 loss 1.4913 lm 1.4881 lr 1.589e-02 mem 5.53GB
[radiance] step  18700/54000 loss 1.4155 lm 1.4124 lr 1.584e-02 mem 5.53GB
[radiance] step  18800/54000 loss 1.4286 lm 1.4254 lr 1.580e-02 mem 5.53GB
[radiance] step  18900/54000 loss 1.5216 lm 1.5184 lr 1.575e-02 mem 5.53GB
[radiance] step  19000/54000 loss 1.3573 lm 1.3539 lr 1.571e-02 mem 5.53GB
[radiance] step  19100/54000 loss 1.4996 lm 1.4965 lr 1.566e-02 mem 5.53GB
[radiance] step  19200/54000 loss 1.4112 lm 1.4079 lr 1.561e-02 mem 5.53GB
[radiance] step  19300/54000 loss 1.4109 lm 1.4079 lr 1.557e-02 mem 5.53GB
[radiance] step  19400/54000 loss 1.4892 lm 1.4861 lr 1.552e-02 mem 5.53GB
[radiance] step  19500/54000 loss 1.5267 lm 1.5235 lr 1.547e-02 mem 5.53GB
[radiance] step  19600/54000 loss 1.5160 lm 1.5130 lr 1.542e-02 mem 5.53GB
[radiance] step  19700/54000 loss 1.4505 lm 1.4473 lr 1.538e-02 mem 5.53GB
[radiance] step  19800/54000 loss 1.4320 lm 1.4287 lr 1.533e-02 mem 5.53GB
[radiance] step  19900/54000 loss 1.4901 lm 1.4871 lr 1.528e-02 mem 5.53GB
[radiance] step  20000/54000 loss 1.4921 lm 1.4890 lr 1.523e-02 mem 5.53GB
[radiance] step  20100/54000 loss 1.4614 lm 1.4583 lr 1.518e-02 mem 5.53GB
[radiance] step  20200/54000 loss 1.4553 lm 1.4521 lr 1.514e-02 mem 5.53GB
[radiance] step  20300/54000 loss 1.5121 lm 1.5090 lr 1.509e-02 mem 5.53GB
[radiance] step  20400/54000 loss 1.4603 lm 1.4570 lr 1.504e-02 mem 5.53GB
[radiance] step  20500/54000 loss 1.5109 lm 1.5078 lr 1.499e-02 mem 5.53GB
[radiance] step  20600/54000 loss 1.4322 lm 1.4290 lr 1.494e-02 mem 5.53GB
[radiance] step  20700/54000 loss 1.5322 lm 1.5294 lr 1.489e-02 mem 5.53GB
[radiance] step  20800/54000 loss 1.3633 lm 1.3599 lr 1.484e-02 mem 5.53GB
[radiance] step  20900/54000 loss 1.4420 lm 1.4388 lr 1.479e-02 mem 5.53GB
[radiance] step  21000/54000 loss 1.4714 lm 1.4686 lr 1.474e-02 mem 5.53GB
[radiance] step  21100/54000 loss 1.4934 lm 1.4903 lr 1.469e-02 mem 5.53GB
[radiance] step  21200/54000 loss 1.4909 lm 1.4878 lr 1.464e-02 mem 5.53GB
[radiance] step  21300/54000 loss 1.3739 lm 1.3707 lr 1.459e-02 mem 5.53GB
[radiance] step  21400/54000 loss 1.3182 lm 1.3146 lr 1.454e-02 mem 5.53GB
[radiance] step  21500/54000 loss 1.4079 lm 1.4049 lr 1.449e-02 mem 5.53GB
[radiance] step  21600/54000 loss 1.3315 lm 1.3281 lr 1.444e-02 mem 5.53GB
[radiance] step  21700/54000 loss 1.3710 lm 1.3675 lr 1.439e-02 mem 5.53GB
[radiance] step  21800/54000 loss 1.4386 lm 1.4355 lr 1.434e-02 mem 5.53GB
[radiance] step  21900/54000 loss 1.4687 lm 1.4657 lr 1.429e-02 mem 5.53GB
[radiance] step  22000/54000 loss 1.4484 lm 1.4452 lr 1.424e-02 mem 5.53GB
[radiance] step  22100/54000 loss 1.5151 lm 1.5119 lr 1.419e-02 mem 5.53GB
[radiance] step  22200/54000 loss 1.3849 lm 1.3818 lr 1.414e-02 mem 5.53GB
[radiance] step  22300/54000 loss 1.3435 lm 1.3401 lr 1.409e-02 mem 5.53GB
[radiance] step  22400/54000 loss 1.3953 lm 1.3920 lr 1.404e-02 mem 5.53GB
[radiance] step  22500/54000 loss 1.4807 lm 1.4775 lr 1.399e-02 mem 5.53GB
[radiance] step  22600/54000 loss 1.3257 lm 1.3221 lr 1.393e-02 mem 5.53GB
[radiance] step  22700/54000 loss 1.3908 lm 1.3873 lr 1.388e-02 mem 5.53GB
[radiance] step  22800/54000 loss 1.5006 lm 1.4973 lr 1.383e-02 mem 5.53GB
[radiance] step  22900/54000 loss 1.4412 lm 1.4380 lr 1.378e-02 mem 5.53GB
[radiance] step  23000/54000 loss 1.3555 lm 1.3521 lr 1.373e-02 mem 5.53GB
[radiance] step  23100/54000 loss 1.4568 lm 1.4535 lr 1.368e-02 mem 5.53GB
[radiance] step  23200/54000 loss 1.4289 lm 1.4254 lr 1.362e-02 mem 5.53GB
[radiance] step  23300/54000 loss 1.3502 lm 1.3468 lr 1.357e-02 mem 5.53GB
[radiance] step  23400/54000 loss 1.4575 lm 1.4544 lr 1.352e-02 mem 5.53GB
[radiance] step  23500/54000 loss 1.4759 lm 1.4727 lr 1.347e-02 mem 5.53GB
[radiance] step  23600/54000 loss 1.3837 lm 1.3801 lr 1.341e-02 mem 5.53GB
[radiance] step  23700/54000 loss 1.4314 lm 1.4281 lr 1.336e-02 mem 5.53GB
[radiance] step  23800/54000 loss 1.4037 lm 1.4003 lr 1.331e-02 mem 5.53GB
[radiance] step  23900/54000 loss 1.3243 lm 1.3209 lr 1.326e-02 mem 5.53GB
[radiance] step  24000/54000 loss 1.4160 lm 1.4127 lr 1.320e-02 mem 5.53GB
[radiance] step  24000 val/loss 1.4636
[radiance] step  24100/54000 loss 1.3759 lm 1.3726 lr 1.315e-02 mem 5.53GB
[radiance] step  24200/54000 loss 1.3807 lm 1.3775 lr 1.310e-02 mem 5.53GB
[radiance] step  24300/54000 loss 1.3122 lm 1.3084 lr 1.304e-02 mem 5.53GB
[radiance] step  24400/54000 loss 1.5011 lm 1.4977 lr 1.299e-02 mem 5.53GB
[radiance] step  24500/54000 loss 1.4313 lm 1.4282 lr 1.294e-02 mem 5.53GB
[radiance] step  24600/54000 loss 1.4597 lm 1.4564 lr 1.288e-02 mem 5.53GB
[radiance] step  24700/54000 loss 1.4933 lm 1.4899 lr 1.283e-02 mem 5.53GB
[radiance] step  24800/54000 loss 1.3199 lm 1.3163 lr 1.278e-02 mem 5.53GB
[radiance] step  24900/54000 loss 1.4307 lm 1.4274 lr 1.272e-02 mem 5.53GB
[radiance] step  25000/54000 loss 1.3979 lm 1.3945 lr 1.267e-02 mem 5.53GB
[radiance] step  25100/54000 loss 1.3420 lm 1.3385 lr 1.262e-02 mem 5.53GB
[radiance] step  25200/54000 loss 1.4154 lm 1.4121 lr 1.256e-02 mem 5.53GB
[radiance] step  25300/54000 loss 1.3504 lm 1.3466 lr 1.251e-02 mem 5.53GB
[radiance] step  25400/54000 loss 1.3114 lm 1.3079 lr 1.246e-02 mem 5.53GB
[radiance] step  25500/54000 loss 1.3999 lm 1.3962 lr 1.240e-02 mem 5.53GB
[radiance] step  25600/54000 loss 1.3383 lm 1.3347 lr 1.235e-02 mem 5.53GB
[radiance] step  25700/54000 loss 1.3968 lm 1.3933 lr 1.229e-02 mem 5.53GB
[radiance] step  25800/54000 loss 1.4231 lm 1.4194 lr 1.224e-02 mem 5.53GB
[radiance] step  25900/54000 loss 1.3390 lm 1.3355 lr 1.219e-02 mem 5.53GB
[radiance] step  26000/54000 loss 1.3430 lm 1.3394 lr 1.213e-02 mem 5.53GB
[radiance] step  26100/54000 loss 1.4011 lm 1.3978 lr 1.208e-02 mem 5.53GB
[radiance] step  26200/54000 loss 1.5448 lm 1.5417 lr 1.202e-02 mem 5.53GB
[radiance] step  26300/54000 loss 1.3966 lm 1.3931 lr 1.197e-02 mem 5.53GB
[radiance] step  26400/54000 loss 1.3603 lm 1.3568 lr 1.191e-02 mem 5.53GB
[radiance] step  26500/54000 loss 1.4149 lm 1.4117 lr 1.186e-02 mem 5.53GB
[radiance] step  26600/54000 loss 1.3388 lm 1.3351 lr 1.181e-02 mem 5.53GB
[radiance] step  26700/54000 loss 1.2962 lm 1.2925 lr 1.175e-02 mem 5.53GB
[radiance] step  26800/54000 loss 1.3895 lm 1.3859 lr 1.170e-02 mem 5.53GB
[radiance] step  26900/54000 loss 1.3489 lm 1.3452 lr 1.164e-02 mem 5.53GB
[radiance] step  27000/54000 loss 1.3873 lm 1.3838 lr 1.159e-02 mem 5.53GB
[radiance] step  27100/54000 loss 1.4008 lm 1.3973 lr 1.153e-02 mem 5.53GB
[radiance] step  27200/54000 loss 1.5043 lm 1.5010 lr 1.148e-02 mem 5.53GB
[radiance] step  27300/54000 loss 1.3961 lm 1.3925 lr 1.143e-02 mem 5.53GB
[radiance] step  27400/54000 loss 1.3873 lm 1.3836 lr 1.137e-02 mem 5.53GB
[radiance] step  27500/54000 loss 1.4252 lm 1.4219 lr 1.132e-02 mem 5.53GB
[radiance] step  27600/54000 loss 1.3439 lm 1.3402 lr 1.126e-02 mem 5.53GB
[radiance] step  27700/54000 loss 1.3578 lm 1.3542 lr 1.121e-02 mem 5.53GB
[radiance] step  27800/54000 loss 1.3932 lm 1.3895 lr 1.115e-02 mem 5.53GB
[radiance] step  27900/54000 loss 1.4309 lm 1.4272 lr 1.110e-02 mem 5.53GB
[radiance] step  28000/54000 loss 1.4658 lm 1.4621 lr 1.104e-02 mem 5.53GB
[radiance] step  28100/54000 loss 1.4261 lm 1.4225 lr 1.099e-02 mem 5.53GB
[radiance] step  28200/54000 loss 1.3373 lm 1.3336 lr 1.093e-02 mem 5.53GB
[radiance] step  28300/54000 loss 1.4221 lm 1.4185 lr 1.088e-02 mem 5.53GB
[radiance] step  28400/54000 loss 1.3122 lm 1.3084 lr 1.083e-02 mem 5.53GB
[radiance] step  28500/54000 loss 1.4117 lm 1.4080 lr 1.077e-02 mem 5.53GB
[radiance] step  28600/54000 loss 1.4714 lm 1.4678 lr 1.072e-02 mem 5.53GB
[radiance] step  28700/54000 loss 1.3805 lm 1.3769 lr 1.066e-02 mem 5.53GB
[radiance] step  28800/54000 loss 1.3310 lm 1.3272 lr 1.061e-02 mem 5.53GB
[radiance] step  28900/54000 loss 1.3009 lm 1.2970 lr 1.055e-02 mem 5.53GB
[radiance] step  29000/54000 loss 1.2689 lm 1.2650 lr 1.050e-02 mem 5.53GB
[radiance] step  29100/54000 loss 1.4397 lm 1.4363 lr 1.044e-02 mem 5.53GB
[radiance] step  29200/54000 loss 1.2791 lm 1.2753 lr 1.039e-02 mem 5.53GB
[radiance] step  29300/54000 loss 1.2844 lm 1.2802 lr 1.034e-02 mem 5.53GB
[radiance] step  29400/54000 loss 1.2682 lm 1.2642 lr 1.028e-02 mem 5.53GB
[radiance] step  29500/54000 loss 1.3559 lm 1.3521 lr 1.023e-02 mem 5.53GB
[radiance] step  29600/54000 loss 1.2750 lm 1.2709 lr 1.017e-02 mem 5.53GB
[radiance] step  29700/54000 loss 1.3076 lm 1.3039 lr 1.012e-02 mem 5.53GB
[radiance] step  29800/54000 loss 1.3186 lm 1.3148 lr 1.006e-02 mem 5.53GB
[radiance] step  29900/54000 loss 1.2954 lm 1.2915 lr 1.001e-02 mem 5.53GB
[radiance] step  30000/54000 loss 1.3809 lm 1.3772 lr 9.955e-03 mem 5.53GB
[radiance] step  30000 val/loss 1.4237
[radiance] step  30100/54000 loss 1.4321 lm 1.4285 lr 9.901e-03 mem 5.53GB
[radiance] step  30200/54000 loss 1.3508 lm 1.3472 lr 9.847e-03 mem 5.53GB
[radiance] step  30300/54000 loss 1.3012 lm 1.2971 lr 9.793e-03 mem 5.53GB
[radiance] step  30400/54000 loss 1.3840 lm 1.3801 lr 9.739e-03 mem 5.53GB
[radiance] step  30500/54000 loss 1.3890 lm 1.3851 lr 9.685e-03 mem 5.53GB
[radiance] step  30600/54000 loss 1.2367 lm 1.2327 lr 9.631e-03 mem 5.53GB
[radiance] step  30700/54000 loss 1.4125 lm 1.4086 lr 9.577e-03 mem 5.53GB
[radiance] step  30800/54000 loss 1.2529 lm 1.2489 lr 9.523e-03 mem 5.53GB
[radiance] step  30900/54000 loss 1.3493 lm 1.3454 lr 9.469e-03 mem 5.53GB
[radiance] step  31000/54000 loss 1.4533 lm 1.4496 lr 9.416e-03 mem 5.53GB
[radiance] step  31100/54000 loss 1.2820 lm 1.2777 lr 9.362e-03 mem 5.53GB
[radiance] step  31200/54000 loss 1.3232 lm 1.3193 lr 9.308e-03 mem 5.53GB
[radiance] step  31300/54000 loss 1.2591 lm 1.2549 lr 9.255e-03 mem 5.53GB
[radiance] step  31400/54000 loss 1.3696 lm 1.3657 lr 9.201e-03 mem 5.53GB
[radiance] step  31500/54000 loss 1.3736 lm 1.3694 lr 9.148e-03 mem 5.53GB
[radiance] step  31600/54000 loss 1.3748 lm 1.3709 lr 9.095e-03 mem 5.53GB
[radiance] step  31700/54000 loss 1.3304 lm 1.3264 lr 9.041e-03 mem 5.53GB
[radiance] step  31800/54000 loss 1.3847 lm 1.3807 lr 8.988e-03 mem 5.53GB
[radiance] step  31900/54000 loss 1.3869 lm 1.3828 lr 8.935e-03 mem 5.53GB
[radiance] step  32000/54000 loss 1.3543 lm 1.3502 lr 8.882e-03 mem 5.53GB
[radiance] step  32100/54000 loss 1.3259 lm 1.3217 lr 8.829e-03 mem 5.53GB
[radiance] step  32200/54000 loss 1.3871 lm 1.3831 lr 8.776e-03 mem 5.53GB
[radiance] step  32300/54000 loss 1.2997 lm 1.2956 lr 8.723e-03 mem 5.53GB
[radiance] step  32400/54000 loss 1.2628 lm 1.2586 lr 8.671e-03 mem 5.53GB
[radiance] step  32500/54000 loss 1.3552 lm 1.3510 lr 8.618e-03 mem 5.53GB
[radiance] step  32600/54000 loss 1.3216 lm 1.3174 lr 8.565e-03 mem 5.53GB
[radiance] step  32700/54000 loss 1.2490 lm 1.2448 lr 8.513e-03 mem 5.53GB
[radiance] step  32800/54000 loss 1.3506 lm 1.3465 lr 8.461e-03 mem 5.53GB
[radiance] step  32900/54000 loss 1.1704 lm 1.1659 lr 8.408e-03 mem 5.53GB
[radiance] step  33000/54000 loss 1.4047 lm 1.4006 lr 8.356e-03 mem 5.53GB
[radiance] step  33100/54000 loss 1.4149 lm 1.4107 lr 8.304e-03 mem 5.53GB
[radiance] step  33200/54000 loss 1.3182 lm 1.3139 lr 8.252e-03 mem 5.53GB
[radiance] step  33300/54000 loss 1.2465 lm 1.2421 lr 8.200e-03 mem 5.53GB
[radiance] step  33400/54000 loss 1.3838 lm 1.3798 lr 8.148e-03 mem 5.53GB
[radiance] step  33500/54000 loss 1.3517 lm 1.3475 lr 8.097e-03 mem 5.53GB
[radiance] step  33600/54000 loss 1.1969 lm 1.1925 lr 8.045e-03 mem 5.53GB
[radiance] step  33700/54000 loss 1.3215 lm 1.3175 lr 7.994e-03 mem 5.53GB
[radiance] step  33800/54000 loss 1.3680 lm 1.3639 lr 7.942e-03 mem 5.53GB
[radiance] step  33900/54000 loss 1.3112 lm 1.3071 lr 7.891e-03 mem 5.53GB
[radiance] step  34000/54000 loss 1.3935 lm 1.3894 lr 7.840e-03 mem 5.53GB
[radiance] step  34100/54000 loss 1.2619 lm 1.2575 lr 7.789e-03 mem 5.53GB
[radiance] step  34200/54000 loss 1.2658 lm 1.2614 lr 7.738e-03 mem 5.53GB
[radiance] step  34300/54000 loss 1.3240 lm 1.3197 lr 7.687e-03 mem 5.53GB
[radiance] step  34400/54000 loss 1.3551 lm 1.3506 lr 7.637e-03 mem 5.53GB
[radiance] step  34500/54000 loss 1.3646 lm 1.3602 lr 7.586e-03 mem 5.53GB
[radiance] step  34600/54000 loss 1.3244 lm 1.3201 lr 7.536e-03 mem 5.53GB
[radiance] step  34700/54000 loss 1.3573 lm 1.3530 lr 7.485e-03 mem 5.53GB
[radiance] step  34800/54000 loss 1.3407 lm 1.3363 lr 7.435e-03 mem 5.53GB
[radiance] step  34900/54000 loss 1.3800 lm 1.3758 lr 7.385e-03 mem 5.53GB
[radiance] step  35000/54000 loss 1.3076 lm 1.3032 lr 7.335e-03 mem 5.53GB
[radiance] step  35100/54000 loss 1.3322 lm 1.3279 lr 7.286e-03 mem 5.53GB
[radiance] step  35200/54000 loss 1.3302 lm 1.3257 lr 7.236e-03 mem 5.53GB
[radiance] step  35300/54000 loss 1.4121 lm 1.4078 lr 7.187e-03 mem 5.53GB
[radiance] step  35400/54000 loss 1.2713 lm 1.2670 lr 7.137e-03 mem 5.53GB
[radiance] step  35500/54000 loss 1.2785 lm 1.2739 lr 7.088e-03 mem 5.53GB
[radiance] step  35600/54000 loss 1.3686 lm 1.3642 lr 7.039e-03 mem 5.53GB
[radiance] step  35700/54000 loss 1.2717 lm 1.2671 lr 6.990e-03 mem 5.53GB
[radiance] step  35800/54000 loss 1.2611 lm 1.2566 lr 6.941e-03 mem 5.53GB
[radiance] step  35900/54000 loss 1.2611 lm 1.2567 lr 6.893e-03 mem 5.53GB
[radiance] step  36000/54000 loss 1.2226 lm 1.2183 lr 6.844e-03 mem 5.53GB
[radiance] step  36000 val/loss 1.3794
[radiance] step  36100/54000 loss 1.3431 lm 1.3387 lr 6.796e-03 mem 5.53GB
[radiance] step  36200/54000 loss 1.4165 lm 1.4121 lr 6.748e-03 mem 5.53GB
[radiance] step  36300/54000 loss 1.3248 lm 1.3201 lr 6.700e-03 mem 5.53GB
[radiance] step  36400/54000 loss 1.3504 lm 1.3459 lr 6.652e-03 mem 5.53GB
[radiance] step  36500/54000 loss 1.2724 lm 1.2677 lr 6.604e-03 mem 5.53GB
[radiance] step  36600/54000 loss 1.2023 lm 1.1974 lr 6.557e-03 mem 5.53GB
[radiance] step  36700/54000 loss 1.2086 lm 1.2039 lr 6.509e-03 mem 5.53GB
[radiance] step  36800/54000 loss 1.2565 lm 1.2516 lr 6.462e-03 mem 5.53GB
[radiance] step  36900/54000 loss 1.4189 lm 1.4144 lr 6.415e-03 mem 5.53GB
[radiance] step  37000/54000 loss 1.3334 lm 1.3286 lr 6.368e-03 mem 5.53GB
[radiance] step  37100/54000 loss 1.2129 lm 1.2081 lr 6.322e-03 mem 5.53GB
[radiance] step  37200/54000 loss 1.3924 lm 1.3878 lr 6.275e-03 mem 5.53GB
[radiance] step  37300/54000 loss 1.2656 lm 1.2610 lr 6.229e-03 mem 5.53GB
[radiance] step  37400/54000 loss 1.3269 lm 1.3222 lr 6.183e-03 mem 5.53GB
[radiance] step  37500/54000 loss 1.3262 lm 1.3214 lr 6.137e-03 mem 5.53GB
[radiance] step  37600/54000 loss 1.3067 lm 1.3019 lr 6.091e-03 mem 5.53GB
[radiance] step  37700/54000 loss 1.3152 lm 1.3105 lr 6.045e-03 mem 5.53GB
[radiance] step  37800/54000 loss 1.2688 lm 1.2639 lr 6.000e-03 mem 5.53GB
[radiance] step  37900/54000 loss 1.2020 lm 1.1969 lr 5.955e-03 mem 5.53GB
[radiance] step  38000/54000 loss 1.2624 lm 1.2575 lr 5.910e-03 mem 5.53GB
[radiance] step  38100/54000 loss 1.1641 lm 1.1592 lr 5.865e-03 mem 5.53GB
[radiance] step  38200/54000 loss 1.2445 lm 1.2395 lr 5.820e-03 mem 5.53GB
[radiance] step  38300/54000 loss 1.2250 lm 1.2200 lr 5.775e-03 mem 5.53GB
[radiance] step  38400/54000 loss 1.2424 lm 1.2376 lr 5.731e-03 mem 5.53GB
[radiance] step  38500/54000 loss 1.3417 lm 1.3369 lr 5.687e-03 mem 5.53GB
[radiance] step  38600/54000 loss 1.2959 lm 1.2910 lr 5.643e-03 mem 5.53GB
[radiance] step  38700/54000 loss 1.3989 lm 1.3943 lr 5.599e-03 mem 5.53GB
[radiance] step  38800/54000 loss 1.2951 lm 1.2903 lr 5.556e-03 mem 5.53GB
[radiance] step  38900/54000 loss 1.3320 lm 1.3268 lr 5.512e-03 mem 5.53GB
[radiance] step  39000/54000 loss 1.3811 lm 1.3763 lr 5.469e-03 mem 5.53GB
[radiance] step  39100/54000 loss 1.2553 lm 1.2503 lr 5.426e-03 mem 5.53GB
[radiance] step  39200/54000 loss 1.3595 lm 1.3545 lr 5.384e-03 mem 5.53GB
[radiance] step  39300/54000 loss 1.3256 lm 1.3206 lr 5.341e-03 mem 5.53GB
[radiance] step  39400/54000 loss 1.2987 lm 1.2937 lr 5.299e-03 mem 5.53GB
[radiance] step  39500/54000 loss 1.2534 lm 1.2481 lr 5.257e-03 mem 5.53GB
[radiance] step  39600/54000 loss 1.3221 lm 1.3171 lr 5.215e-03 mem 5.53GB
[radiance] step  39700/54000 loss 1.3298 lm 1.3247 lr 5.173e-03 mem 5.53GB
[radiance] step  39800/54000 loss 1.2773 lm 1.2722 lr 5.132e-03 mem 5.53GB
[radiance] step  39900/54000 loss 1.3282 lm 1.3234 lr 5.091e-03 mem 5.53GB
[radiance] step  40000/54000 loss 1.2139 lm 1.2087 lr 5.050e-03 mem 5.53GB
[radiance] step  40100/54000 loss 1.3349 lm 1.3297 lr 5.009e-03 mem 5.53GB
[radiance] step  40200/54000 loss 1.3054 lm 1.3002 lr 4.968e-03 mem 5.53GB
[radiance] step  40300/54000 loss 1.2333 lm 1.2279 lr 4.928e-03 mem 5.53GB
[radiance] step  40400/54000 loss 1.2471 lm 1.2418 lr 4.888e-03 mem 5.53GB
[radiance] step  40500/54000 loss 1.2684 lm 1.2631 lr 4.848e-03 mem 5.53GB
[radiance] step  40600/54000 loss 1.3362 lm 1.3311 lr 4.808e-03 mem 5.53GB
[radiance] step  40700/54000 loss 1.3494 lm 1.3443 lr 4.769e-03 mem 5.53GB
[radiance] step  40800/54000 loss 1.2112 lm 1.2058 lr 4.729e-03 mem 5.53GB
[radiance] step  40900/54000 loss 1.2563 lm 1.2510 lr 4.690e-03 mem 5.53GB
[radiance] step  41000/54000 loss 1.2089 lm 1.2035 lr 4.651e-03 mem 5.53GB
[radiance] step  41100/54000 loss 1.3369 lm 1.3317 lr 4.613e-03 mem 5.53GB
[radiance] step  41200/54000 loss 1.1867 lm 1.1809 lr 4.575e-03 mem 5.53GB
[radiance] step  41300/54000 loss 1.2713 lm 1.2658 lr 4.537e-03 mem 5.53GB
[radiance] step  41400/54000 loss 1.2557 lm 1.2502 lr 4.499e-03 mem 5.53GB
[radiance] step  41500/54000 loss 1.3561 lm 1.3508 lr 4.461e-03 mem 5.53GB
[radiance] step  41600/54000 loss 1.2979 lm 1.2926 lr 4.424e-03 mem 5.53GB
[radiance] step  41700/54000 loss 1.3666 lm 1.3613 lr 4.387e-03 mem 5.53GB
[radiance] step  41800/54000 loss 1.3513 lm 1.3458 lr 4.350e-03 mem 5.53GB
[radiance] step  41900/54000 loss 1.4231 lm 1.4179 lr 4.313e-03 mem 5.53GB
[radiance] step  42000/54000 loss 1.1928 lm 1.1873 lr 4.277e-03 mem 5.53GB
[radiance] step  42000 val/loss 1.3337
[radiance] step  42100/54000 loss 1.2768 lm 1.2712 lr 4.241e-03 mem 5.53GB
[radiance] step  42200/54000 loss 1.3382 lm 1.3328 lr 4.205e-03 mem 5.53GB
[radiance] step  42300/54000 loss 1.2509 lm 1.2455 lr 4.169e-03 mem 5.53GB
[radiance] step  42400/54000 loss 1.2331 lm 1.2276 lr 4.134e-03 mem 5.53GB
[radiance] step  42500/54000 loss 1.2765 lm 1.2710 lr 4.099e-03 mem 5.53GB
[radiance] step  42600/54000 loss 1.2439 lm 1.2384 lr 4.064e-03 mem 5.53GB
[radiance] step  42700/54000 loss 1.1921 lm 1.1863 lr 4.029e-03 mem 5.53GB
[radiance] step  42800/54000 loss 1.2031 lm 1.1974 lr 3.995e-03 mem 5.53GB
[radiance] step  42900/54000 loss 1.2317 lm 1.2260 lr 3.961e-03 mem 5.53GB
[radiance] step  43000/54000 loss 1.2416 lm 1.2356 lr 3.927e-03 mem 5.53GB
[radiance] step  43100/54000 loss 1.2430 lm 1.2371 lr 3.893e-03 mem 5.53GB
[radiance] step  43200/54000 loss 1.2414 lm 1.2358 lr 3.860e-03 mem 5.53GB
[radiance] step  43300/54000 loss 1.2547 lm 1.2491 lr 3.827e-03 mem 5.53GB
[radiance] step  43400/54000 loss 1.2636 lm 1.2580 lr 3.794e-03 mem 5.53GB
[radiance] step  43500/54000 loss 1.2891 lm 1.2833 lr 3.761e-03 mem 5.53GB
[radiance] step  43600/54000 loss 1.3096 lm 1.3038 lr 3.729e-03 mem 5.53GB
[radiance] step  43700/54000 loss 1.2446 lm 1.2388 lr 3.697e-03 mem 5.53GB
[radiance] step  43800/54000 loss 1.2686 lm 1.2627 lr 3.665e-03 mem 5.53GB
[radiance] step  43900/54000 loss 1.3221 lm 1.3165 lr 3.634e-03 mem 5.53GB
[radiance] step  44000/54000 loss 1.2669 lm 1.2610 lr 3.603e-03 mem 5.53GB
[radiance] step  44100/54000 loss 1.2453 lm 1.2394 lr 3.572e-03 mem 5.53GB
[radiance] step  44200/54000 loss 1.1540 lm 1.1478 lr 3.541e-03 mem 5.53GB
[radiance] step  44300/54000 loss 1.3504 lm 1.3448 lr 3.511e-03 mem 5.53GB
[radiance] step  44400/54000 loss 1.2325 lm 1.2266 lr 3.481e-03 mem 5.53GB
[radiance] step  44500/54000 loss 1.2470 lm 1.2411 lr 3.451e-03 mem 5.53GB
[radiance] step  44600/54000 loss 1.1361 lm 1.1296 lr 3.421e-03 mem 5.53GB
[radiance] step  44700/54000 loss 1.2730 lm 1.2670 lr 3.392e-03 mem 5.53GB
[radiance] step  44800/54000 loss 1.2858 lm 1.2799 lr 3.363e-03 mem 5.53GB
[radiance] step  44900/54000 loss 1.3013 lm 1.2952 lr 3.334e-03 mem 5.53GB
[radiance] step  45000/54000 loss 1.3354 lm 1.3297 lr 3.306e-03 mem 5.53GB
[radiance] step  45100/54000 loss 1.3068 lm 1.3009 lr 3.278e-03 mem 5.53GB
[radiance] step  45200/54000 loss 1.2373 lm 1.2311 lr 3.250e-03 mem 5.53GB
[radiance] step  45300/54000 loss 1.2345 lm 1.2284 lr 3.222e-03 mem 5.53GB
[radiance] step  45400/54000 loss 1.2071 lm 1.2010 lr 3.195e-03 mem 5.53GB
[radiance] step  45500/54000 loss 1.1867 lm 1.1804 lr 3.168e-03 mem 5.53GB
[radiance] step  45600/54000 loss 1.3119 lm 1.3058 lr 3.141e-03 mem 5.53GB
[radiance] step  45700/54000 loss 1.2320 lm 1.2256 lr 3.115e-03 mem 5.53GB
[radiance] step  45800/54000 loss 1.2886 lm 1.2824 lr 3.089e-03 mem 5.53GB
[radiance] step  45900/54000 loss 1.1311 lm 1.1246 lr 3.063e-03 mem 5.53GB
[radiance] step  46000/54000 loss 1.2602 lm 1.2538 lr 3.037e-03 mem 5.53GB
[radiance] step  46100/54000 loss 1.2380 lm 1.2318 lr 3.012e-03 mem 5.53GB
[radiance] step  46200/54000 loss 1.2685 lm 1.2622 lr 2.987e-03 mem 5.53GB
[radiance] step  46300/54000 loss 1.3574 lm 1.3513 lr 2.962e-03 mem 5.53GB
[radiance] step  46400/54000 loss 1.1432 lm 1.1368 lr 2.938e-03 mem 5.53GB
[radiance] step  46500/54000 loss 1.2426 lm 1.2361 lr 2.914e-03 mem 5.53GB
[radiance] step  46600/54000 loss 1.2183 lm 1.2120 lr 2.890e-03 mem 5.53GB
[radiance] step  46700/54000 loss 1.2124 lm 1.2060 lr 2.866e-03 mem 5.53GB
[radiance] step  46800/54000 loss 1.2561 lm 1.2499 lr 2.843e-03 mem 5.53GB
[radiance] step  46900/54000 loss 1.1809 lm 1.1746 lr 2.820e-03 mem 5.53GB
[radiance] step  47000/54000 loss 1.3060 lm 1.2998 lr 2.798e-03 mem 5.53GB
[radiance] step  47100/54000 loss 1.2410 lm 1.2345 lr 2.775e-03 mem 5.53GB
[radiance] step  47200/54000 loss 1.1951 lm 1.1887 lr 2.753e-03 mem 5.53GB
[radiance] step  47300/54000 loss 1.1968 lm 1.1902 lr 2.732e-03 mem 5.53GB
[radiance] step  47400/54000 loss 1.3098 lm 1.3037 lr 2.710e-03 mem 5.53GB
[radiance] step  47500/54000 loss 1.3259 lm 1.3198 lr 2.689e-03 mem 5.53GB
[radiance] step  47600/54000 loss 1.2483 lm 1.2417 lr 2.668e-03 mem 5.53GB
[radiance] step  47700/54000 loss 1.2247 lm 1.2182 lr 2.648e-03 mem 5.53GB
[radiance] step  47800/54000 loss 1.2264 lm 1.2200 lr 2.628e-03 mem 5.53GB
[radiance] step  47900/54000 loss 1.1640 lm 1.1574 lr 2.608e-03 mem 5.53GB
[radiance] step  48000/54000 loss 1.1039 lm 1.0973 lr 2.588e-03 mem 5.53GB
[radiance] step  48000 val/loss 1.2985
[radiance] step  48100/54000 loss 1.2188 lm 1.2124 lr 2.569e-03 mem 5.53GB
[radiance] step  48200/54000 loss 1.2502 lm 1.2434 lr 2.550e-03 mem 5.53GB
[radiance] step  48300/54000 loss 1.1853 lm 1.1788 lr 2.532e-03 mem 5.53GB
[radiance] step  48400/54000 loss 1.2707 lm 1.2643 lr 2.513e-03 mem 5.53GB
[radiance] step  48500/54000 loss 1.3108 lm 1.3043 lr 2.495e-03 mem 5.53GB
[radiance] step  48600/54000 loss 1.2561 lm 1.2497 lr 2.478e-03 mem 5.53GB
[radiance] step  48700/54000 loss 1.2702 lm 1.2636 lr 2.460e-03 mem 5.53GB
[radiance] step  48800/54000 loss 1.2537 lm 1.2470 lr 2.443e-03 mem 5.53GB
[radiance] step  48900/54000 loss 1.2626 lm 1.2559 lr 2.426e-03 mem 5.53GB
[radiance] step  49000/54000 loss 1.2019 lm 1.1952 lr 2.410e-03 mem 5.53GB
[radiance] step  49100/54000 loss 1.2678 lm 1.2609 lr 2.394e-03 mem 5.53GB
[radiance] step  49200/54000 loss 1.2603 lm 1.2537 lr 2.378e-03 mem 5.53GB
[radiance] step  49300/54000 loss 1.1609 lm 1.1540 lr 2.363e-03 mem 5.53GB
[radiance] step  49400/54000 loss 1.1918 lm 1.1851 lr 2.347e-03 mem 5.53GB
[radiance] step  49500/54000 loss 1.1389 lm 1.1322 lr 2.333e-03 mem 5.53GB
[radiance] step  49600/54000 loss 1.2475 lm 1.2409 lr 2.318e-03 mem 5.53GB
[radiance] step  49700/54000 loss 1.2494 lm 1.2426 lr 2.304e-03 mem 5.53GB
[radiance] step  49800/54000 loss 1.2352 lm 1.2285 lr 2.290e-03 mem 5.53GB
[radiance] step  49900/54000 loss 1.1929 lm 1.1862 lr 2.276e-03 mem 5.53GB
[radiance] step  50000/54000 loss 1.2702 lm 1.2635 lr 2.263e-03 mem 5.53GB
[radiance] step  50100/54000 loss 1.3068 lm 1.3001 lr 2.250e-03 mem 5.53GB
[radiance] step  50200/54000 loss 1.2052 lm 1.1985 lr 2.238e-03 mem 5.53GB
[radiance] step  50300/54000 loss 1.2491 lm 1.2426 lr 2.225e-03 mem 5.53GB
[radiance] step  50400/54000 loss 1.3527 lm 1.3462 lr 2.213e-03 mem 5.53GB
[radiance] step  50500/54000 loss 1.2499 lm 1.2431 lr 2.202e-03 mem 5.53GB
[radiance] step  50600/54000 loss 1.2187 lm 1.2120 lr 2.190e-03 mem 5.53GB
[radiance] step  50700/54000 loss 1.1833 lm 1.1762 lr 2.179e-03 mem 5.53GB
[radiance] step  50800/54000 loss 1.0895 lm 1.0824 lr 2.169e-03 mem 5.53GB
[radiance] step  50900/54000 loss 1.2176 lm 1.2106 lr 2.158e-03 mem 5.53GB
[radiance] step  51000/54000 loss 1.2205 lm 1.2137 lr 2.148e-03 mem 5.53GB
[radiance] step  51100/54000 loss 1.2435 lm 1.2367 lr 2.139e-03 mem 5.53GB
[radiance] step  51200/54000 loss 1.2206 lm 1.2138 lr 2.129e-03 mem 5.53GB
[radiance] step  51300/54000 loss 1.2560 lm 1.2493 lr 2.120e-03 mem 5.53GB
[radiance] step  51400/54000 loss 1.2547 lm 1.2478 lr 2.111e-03 mem 5.53GB
[radiance] step  51500/54000 loss 1.2498 lm 1.2429 lr 2.103e-03 mem 5.53GB
[radiance] step  51600/54000 loss 1.1823 lm 1.1754 lr 2.095e-03 mem 5.53GB
[radiance] step  51700/54000 loss 1.3439 lm 1.3371 lr 2.087e-03 mem 5.53GB
[radiance] step  51800/54000 loss 1.1575 lm 1.1507 lr 2.080e-03 mem 5.53GB
[radiance] step  51900/54000 loss 1.1758 lm 1.1688 lr 2.073e-03 mem 5.53GB
[radiance] step  52000/54000 loss 1.1859 lm 1.1788 lr 2.066e-03 mem 5.53GB
[radiance] step  52100/54000 loss 1.2172 lm 1.2103 lr 2.060e-03 mem 5.53GB
[radiance] step  52200/54000 loss 1.2903 lm 1.2834 lr 2.053e-03 mem 5.53GB
[radiance] step  52300/54000 loss 1.1679 lm 1.1610 lr 2.048e-03 mem 5.53GB
[radiance] step  52400/54000 loss 1.3172 lm 1.3104 lr 2.042e-03 mem 5.53GB
[radiance] step  52500/54000 loss 1.1556 lm 1.1487 lr 2.037e-03 mem 5.53GB
[radiance] step  52600/54000 loss 1.2796 lm 1.2729 lr 2.032e-03 mem 5.53GB
[radiance] step  52700/54000 loss 1.3213 lm 1.3145 lr 2.028e-03 mem 5.53GB
[radiance] step  52800/54000 loss 1.2182 lm 1.2114 lr 2.024e-03 mem 5.53GB
[radiance] step  52900/54000 loss 1.2081 lm 1.2013 lr 2.020e-03 mem 5.53GB
[radiance] step  53000/54000 loss 1.2180 lm 1.2111 lr 2.017e-03 mem 5.53GB
[radiance] step  53100/54000 loss 1.2032 lm 1.1962 lr 2.013e-03 mem 5.53GB
[radiance] step  53200/54000 loss 1.2412 lm 1.2343 lr 2.011e-03 mem 5.53GB
[radiance] step  53300/54000 loss 1.2709 lm 1.2642 lr 2.008e-03 mem 5.53GB
[radiance] step  53400/54000 loss 1.3169 lm 1.3100 lr 2.006e-03 mem 5.53GB
[radiance] step  53500/54000 loss 1.2885 lm 1.2817 lr 2.004e-03 mem 5.53GB
[radiance] step  53600/54000 loss 1.2100 lm 1.2030 lr 2.003e-03 mem 5.53GB
[radiance] step  53700/54000 loss 1.2877 lm 1.2809 lr 2.001e-03 mem 5.53GB
[radiance] step  53800/54000 loss 1.0960 lm 1.0890 lr 2.001e-03 mem 5.53GB
[radiance] step  53900/54000 loss 1.1164 lm 1.1094 lr 2.000e-03 mem 5.53GB
[radiance] step  54000/54000 loss 1.1599 lm 1.1528 lr 2.000e-03 mem 5.53GB
[radiance] step  54000 val/loss 1.2798
